Input #0, mov,mp4,m4a,3gp,3g2,mj2, from 'E:\Projects\AreaBattle\analysis\targets\wxcf1394487200e48f\43\evidence\original-reference\video-20260928\original.mp4':
  Metadata:
    major_brand     : mp42
    minor_version   : 0
    compatible_brands: mp42isom
  Duration: 00:01:30.52, start: 0.000000, bitrate: 10128 kb/s
  Stream #0:0[0x1](und): Video: h264 (High) (avc1 / 0x31637661), yuv420p(tv, smpte170m, progressive), 720x1334 [SAR 1:1 DAR 360:667], 9929 kb/s, 59.92 fps, 60 tbr, 100k tbn (default)
      Metadata:
        vendor_id       : [0][0][0][0]
        encoder         : JVT/AVC Coding
  Stream #0:1[0x2](und): Audio: aac (LC) (mp4a / 0x6134706D), 48000 Hz, stereo, fltp, 197 kb/s (default)
      Metadata:
        vendor_id       : [0][0][0][0]
Stream mapping:
  Stream #0:0 -> #0:0 (h264 (native) -> png (native))
Press [q] to stop, [?] for help
[Parsed_showinfo_2 @ 0000018185b83800] config in time_base: 1/100000, frame_rate: 60/1
[Parsed_showinfo_2 @ 0000018185b83800] config out time_base: 0/0, frame_rate: 0/0
[Parsed_showinfo_2 @ 0000018185b83800] n:   0 pts:5231007 pts_time:52.31007 duration:   1674 duration_time:0.01674 fmt:yuv420p cl:left sar:1/1 s:300x300 i:P iskey:0 type:P checksum:D5625119 plane_checksum:[54BE3F9E BBD7F899 182918D3] mean:[180 128 128] stdev:[56.8 10.1 11.3]
[Parsed_showinfo_2 @ 0000018185b83800] color_range:tv color_space:smpte170m color_primaries:smpte170m color_trc:smpte170m
Output #0, image2, to 'E:\Projects\AreaBattle\analysis\targets\wxcf1394487200e48f\43\generated\video-20260928\fire-detail\%03d.png':
  Metadata:
    major_brand     : mp42
    minor_version   : 0
    compatible_brands: mp42isom
    encoder         : Lavf61.7.100
  Stream #0:0(und): Video: png, rgb24(pc, gbr/smpte170m/smpte170m, progressive), 300x300 [SAR 1:1 DAR 1:1], q=2-31, 200 kb/s, 60 fps, 60 tbn (default)
      Metadata:
        vendor_id       : [0][0][0][0]
        encoder         : Lavc61.19.100 png
[Parsed_showinfo_2 @ 0000018185b83800] n:   1 pts:5241019 pts_time:52.41019 duration:   1637 duration_time:0.01637 fmt:yuv420p cl:left sar:1/1 s:300x300 i:P iskey:0 type:P checksum:2735E47A plane_checksum:[4A48D134 8468FA6A DA4B18CD] mean:[180 128 128] stdev:[56.5 10.1 11.3]
[Parsed_showinfo_2 @ 0000018185b83800] color_range:tv color_space:smpte170m color_primaries:smpte170m color_trc:smpte170m
[Parsed_showinfo_2 @ 0000018185b83800] n:   2 pts:5252683 pts_time:52.52683 duration:   1633 duration_time:0.01633 fmt:yuv420p cl:left sar:1/1 s:300x300 i:P iskey:0 type:P checksum:68F2758C plane_checksum:[1A4E66E8 BE74F87D A46F1618] mean:[182 128 128] stdev:[55.7 10.1 11.3]
[Parsed_showinfo_2 @ 0000018185b83800] color_range:tv color_space:smpte170m color_primaries:smpte170m color_trc:smpte170m
[Parsed_showinfo_2 @ 0000018185b83800] n:   3 pts:5262683 pts_time:52.62683 duration:   1693 duration_time:0.01693 fmt:yuv420p cl:left sar:1/1 s:300x300 i:P iskey:0 type:P checksum:172C6C83 plane_checksum:[00565ACE 470CF1AA 871D1FFC] mean:[182 128 128] stdev:[55.7 10.1 11.4]
[Parsed_showinfo_2 @ 0000018185b83800] color_range:tv color_space:smpte170m color_primaries:smpte170m color_trc:smpte170m
[Parsed_showinfo_2 @ 0000018185b83800] n:   4 pts:5274325 pts_time:52.74325 duration:   1717 duration_time:0.01717 fmt:yuv420p cl:left sar:1/1 s:300x300 i:P iskey:0 type:P checksum:FE01AC9C plane_checksum:[F6C2915F 6212D8E2 F3D0424C] mean:[180 128 129] stdev:[55.6 10.3 12.2]
[Parsed_showinfo_2 @ 0000018185b83800] color_range:tv color_space:smpte170m color_primaries:smpte170m color_trc:smpte170m
[Parsed_showinfo_2 @ 0000018185b83800] n:   5 pts:5284373 pts_time:52.84373 duration:   1632 duration_time:0.01632 fmt:yuv420p cl:left sar:1/1 s:300x300 i:P iskey:0 type:P checksum:2B97D83B plane_checksum:[4358C90F AD47E2D0 8D4B2C4D] mean:[175 128 129] stdev:[56.1 10.1 11.5]
[Parsed_showinfo_2 @ 0000018185b83800] color_range:tv color_space:smpte170m color_primaries:smpte170m color_trc:smpte170m
[Parsed_showinfo_2 @ 0000018185b83800] n:   6 pts:5294384 pts_time:52.94384 duration:   1669 duration_time:0.01669 fmt:yuv420p cl:left sar:1/1 s:300x300 i:P iskey:0 type:P checksum:1FADF4FC plane_checksum:[C74BE32D 3FAFDDB3 F7A9340D] mean:[174 128 129] stdev:[56.9 10.2 11.7]
[Parsed_showinfo_2 @ 0000018185b83800] color_range:tv color_space:smpte170m color_primaries:smpte170m color_trc:smpte170m
[Parsed_showinfo_2 @ 0000018185b83800] n:   7 pts:5306020 pts_time:53.0602 duration:   1731 duration_time:0.01731 fmt:yuv420p cl:left sar:1/1 s:300x300 i:P iskey:0 type:P checksum:0E3D10FC plane_checksum:[347900C0 F12BEAB0 7D26257D] mean:[178 128 129] stdev:[56.0 10.1 11.4]
[Parsed_showinfo_2 @ 0000018185b83800] color_range:tv color_space:smpte170m color_primaries:smpte170m color_trc:smpte170m
[Parsed_showinfo_2 @ 0000018185b83800] n:   8 pts:5317702 pts_time:53.17702 duration:   1650 duration_time:0.0165  fmt:yuv420p cl:left sar:1/1 s:300x300 i:P iskey:0 type:P checksum:543B7BBF plane_checksum:[942F66F8 B3D2E530 E2482F88] mean:[177 128 129] stdev:[56.3 10.2 11.6]
[Parsed_showinfo_2 @ 0000018185b83800] color_range:tv color_space:smpte170m color_primaries:smpte170m color_trc:smpte170m
[Parsed_showinfo_2 @ 0000018185b83800] n:   9 pts:5327716 pts_time:53.27716 duration:   1659 duration_time:0.01659 fmt:yuv420p cl:left sar:1/1 s:300x300 i:P iskey:0 type:P checksum:8524A750 plane_checksum:[93A79574 263EEBCC A49E2601] mean:[177 128 129] stdev:[55.9 10.1 11.5]
[Parsed_showinfo_2 @ 0000018185b83800] color_range:tv color_space:smpte170m color_primaries:smpte170m color_trc:smpte170m
[Parsed_showinfo_2 @ 0000018185b83800] n:  10 pts:5337758 pts_time:53.37758 duration:   1641 duration_time:0.01641 fmt:yuv420p cl:left sar:1/1 s:300x300 i:P iskey:0 type:P checksum:6DA12AF7 plane_checksum:[76701575 2561E691 F27F2EE2] mean:[177 128 129] stdev:[56.3 10.2 11.6]
[Parsed_showinfo_2 @ 0000018185b83800] color_range:tv color_space:smpte170m color_primaries:smpte170m color_trc:smpte170m
[Parsed_showinfo_2 @ 0000018185b83800] n:  11 pts:5349431 pts_time:53.49431 duration:   1666 duration_time:0.01666 fmt:yuv420p cl:left sar:1/1 s:300x300 i:P iskey:0 type:P checksum:4390AFC8 plane_checksum:[8FDA9DE0 CA29EB14 335626C5] mean:[178 128 129] stdev:[56.0 10.1 11.5]
[Parsed_showinfo_2 @ 0000018185b83800] color_range:tv color_space:smpte170m color_primaries:smpte170m color_trc:smpte170m
[Parsed_showinfo_2 @ 0000018185b83800] n:  12 pts:5361107 pts_time:53.61107 duration:   1647 duration_time:0.01647 fmt:yuv420p cl:left sar:1/1 s:300x300 i:P iskey:0 type:P checksum:FD95A8A9 plane_checksum:[75CA9397 F883E3D2 3D423131] mean:[177 128 129] stdev:[56.2 10.2 11.7]
[Parsed_showinfo_2 @ 0000018185b83800] color_range:tv color_space:smpte170m color_primaries:smpte170m color_trc:smpte170m
[Parsed_showinfo_2 @ 0000018185b83800] n:  13 pts:5372733 pts_time:53.72733 duration:   1656 duration_time:0.01656 fmt:yuv420p cl:left sar:1/1 s:300x300 i:P iskey:0 type:P checksum:A713085A plane_checksum:[A89CF87D 1DCBEF70 2AF7204F] mean:[177 128 128] stdev:[56.0 10.1 11.3]
[Parsed_showinfo_2 @ 0000018185b83800] color_range:tv color_space:smpte170m color_primaries:smpte170m color_trc:smpte170m
[Parsed_showinfo_2 @ 0000018185b83800] n:  14 pts:5382735 pts_time:53.82735 duration:   1655 duration_time:0.01655 fmt:yuv420p cl:left sar:1/1 s:300x300 i:P iskey:0 type:P checksum:89E08D80 plane_checksum:[75997838 E37BEA4E 401C2AEB] mean:[179 128 129] stdev:[55.6 10.2 11.6]
[Parsed_showinfo_2 @ 0000018185b83800] color_range:tv color_space:smpte170m color_primaries:smpte170m color_trc:smpte170m
[Parsed_showinfo_2 @ 0000018185b83800] n:  15 pts:5392742 pts_time:53.92742 duration:   1677 duration_time:0.01677 fmt:yuv420p cl:left sar:1/1 s:300x300 i:P iskey:0 type:P checksum:AC39FAD5 plane_checksum:[2D94EAAD A938F0D7 608B1F42] mean:[177 128 128] stdev:[56.1 10.1 11.3]
[Parsed_showinfo_2 @ 0000018185b83800] color_range:tv color_space:smpte170m color_primaries:smpte170m color_trc:smpte170m
[Parsed_showinfo_2 @ 0000018185b83800] n:  16 pts:5404449 pts_time:54.04449 duration:   1623 duration_time:0.01623 fmt:yuv420p cl:left sar:1/1 s:300x300 i:P iskey:0 type:P checksum:44905052 plane_checksum:[751238B7 DD13EAF7 52CC2C95] mean:[177 128 129] stdev:[55.8 10.3 11.6]
[Parsed_showinfo_2 @ 0000018185b83800] color_range:tv color_space:smpte170m color_primaries:smpte170m color_trc:smpte170m
[Parsed_showinfo_2 @ 0000018185b83800] n:  17 pts:5416106 pts_time:54.16106 duration:   1648 duration_time:0.01648 fmt:yuv420p cl:left sar:1/1 s:300x300 i:P iskey:0 type:P checksum:CD99A54D plane_checksum:[0DD88BA3 9270F061 26D8293A] mean:[177 128 129] stdev:[55.9 10.1 11.5]
[Parsed_showinfo_2 @ 0000018185b83800] color_range:tv color_space:smpte170m color_primaries:smpte170m color_trc:smpte170m
[Parsed_showinfo_2 @ 0000018185b83800] n:  18 pts:5426106 pts_time:54.26106 duration:   1632 duration_time:0.01632 fmt:yuv420p cl:left sar:1/1 s:300x300 i:P iskey:0 type:P checksum:55D5C8B0 plane_checksum:[3A46AF56 7656ECCF CC7C2C7C] mean:[178 128 129] stdev:[55.2 10.2 11.6]
[Parsed_showinfo_2 @ 0000018185b83800] color_range:tv color_space:smpte170m color_primaries:smpte170m color_trc:smpte170m
[Parsed_showinfo_2 @ 0000018185b83800] n:  19 pts:5436138 pts_time:54.36138 duration:   1613 duration_time:0.01613 fmt:yuv420p cl:left sar:1/1 s:300x300 i:P iskey:0 type:P checksum:F6095B18 plane_checksum:[218D43FB 59F9F504 8B6F220A] mean:[176 128 129] stdev:[56.3 10.1 11.4]
[Parsed_showinfo_2 @ 0000018185b83800] color_range:tv color_space:smpte170m color_primaries:smpte170m color_trc:smpte170m
[Parsed_showinfo_2 @ 0000018185b83800] n:  20 pts:5447759 pts_time:54.47759 duration:   1674 duration_time:0.01674 fmt:yuv420p cl:left sar:1/1 s:300x300 i:P iskey:0 type:P checksum:024E226B plane_checksum:[C4860674 349DF204 A9C729E4] mean:[180 128 129] stdev:[55.0 10.2 11.6]
[Parsed_showinfo_2 @ 0000018185b83800] color_range:tv color_space:smpte170m color_primaries:smpte170m color_trc:smpte170m
[Parsed_showinfo_2 @ 0000018185b83800] n:  21 pts:5457773 pts_time:54.57773 duration:   1707 duration_time:0.01707 fmt:yuv420p cl:left sar:1/1 s:300x300 i:P iskey:0 type:P checksum:28F34DA9 plane_checksum:[C06836DC ADE9F700 51331FBE] mean:[178 128 128] stdev:[55.6 10.1 11.3]
[Parsed_showinfo_2 @ 0000018185b83800] color_range:tv color_space:smpte170m color_primaries:smpte170m color_trc:smpte170m
[Parsed_showinfo_2 @ 0000018185b83800] n:  22 pts:5467782 pts_time:54.67782 duration:   1652 duration_time:0.01652 fmt:yuv420p cl:left sar:1/1 s:300x300 i:P iskey:0 type:P checksum:41D87B4F plane_checksum:[40195FC7 7164F16B 9D472A0E] mean:[179 128 129] stdev:[55.1 10.2 11.6]
[Parsed_showinfo_2 @ 0000018185b83800] color_range:tv color_space:smpte170m color_primaries:smpte170m color_trc:smpte170m
[Parsed_showinfo_2 @ 0000018185b83800] n:  23 pts:5477823 pts_time:54.77823 duration:   1671 duration_time:0.01671 fmt:yuv420p cl:left sar:1/1 s:300x300 i:P iskey:0 type:P checksum:1E1C3B9E plane_checksum:[FE96247D B7E9FA2D D72C1CE5] mean:[177 128 128] stdev:[56.0 10.1 11.2]
[Parsed_showinfo_2 @ 0000018185b83800] color_range:tv color_space:smpte170m color_primaries:smpte170m color_trc:smpte170m
[Parsed_showinfo_2 @ 0000018185b83800] n:  24 pts:5489493 pts_time:54.89493 duration:   1618 duration_time:0.01618 fmt:yuv420p cl:left sar:1/1 s:300x300 i:P iskey:0 type:P checksum:957E320F plane_checksum:[27EC1570 F6F7ECF1 980F2F9F] mean:[178 128 129] stdev:[55.0 10.2 11.6]
[Parsed_showinfo_2 @ 0000018185b83800] color_range:tv color_space:smpte170m color_primaries:smpte170m color_trc:smpte170m
[Parsed_showinfo_2 @ 0000018185b83800] n:  25 pts:5499500 pts_time:54.995  duration:   1612 duration_time:0.01612 fmt:yuv420p cl:left sar:1/1 s:300x300 i:P iskey:0 type:P checksum:F8D6B71F plane_checksum:[FF85A192 FE87F58B 94891FF3] mean:[177 128 128] stdev:[55.8 10.1 11.3]
[Parsed_showinfo_2 @ 0000018185b83800] color_range:tv color_space:smpte170m color_primaries:smpte170m color_trc:smpte170m
[Parsed_showinfo_2 @ 0000018185b83800] n:  26 pts:5509509 pts_time:55.09509 duration:   1630 duration_time:0.0163  fmt:yuv420p cl:left sar:1/1 s:300x300 i:P iskey:0 type:P checksum:FE740100 plane_checksum:[DC20E6A8 3DAFEEBD E8082B7D] mean:[178 128 129] stdev:[56.0 10.2 11.6]
[Parsed_showinfo_2 @ 0000018185b83800] color_range:tv color_space:smpte170m color_primaries:smpte170m color_trc:smpte170m
[Parsed_showinfo_2 @ 0000018185b83800] n:  27 pts:5521205 pts_time:55.21205 duration:   1650 duration_time:0.0165  fmt:yuv420p cl:left sar:1/1 s:300x300 i:P iskey:0 type:P checksum:B5B3ABB1 plane_checksum:[AB9D98D5 8BAEF637 68391C96] mean:[176 128 128] stdev:[56.1 10.1 11.2]
[Parsed_showinfo_2 @ 0000018185b83800] color_range:tv color_space:smpte170m color_primaries:smpte170m color_trc:smpte170m
[Parsed_showinfo_2 @ 0000018185b83800] n:  28 pts:5532802 pts_time:55.32802 duration:   1673 duration_time:0.01673 fmt:yuv420p cl:left sar:1/1 s:300x300 i:P iskey:0 type:P checksum:3FC57D88 plane_checksum:[F42C6557 C9D2EE98 D44A298A] mean:[179 128 129] stdev:[55.1 10.2 11.6]
[Parsed_showinfo_2 @ 0000018185b83800] color_range:tv color_space:smpte170m color_primaries:smpte170m color_trc:smpte170m
[Parsed_showinfo_2 @ 0000018185b83800] n:  29 pts:5542824 pts_time:55.42824 duration:   1673 duration_time:0.01673 fmt:yuv420p cl:left sar:1/1 s:300x300 i:P iskey:0 type:P checksum:89938069 plane_checksum:[BBD36C3F 3992F52E A8D91EED] mean:[176 128 128] stdev:[55.6 10.1 11.3]
[Parsed_showinfo_2 @ 0000018185b83800] color_range:tv color_space:smpte170m color_primaries:smpte170m color_trc:smpte170m
[Parsed_showinfo_2 @ 0000018185b83800] n:  30 pts:5552829 pts_time:55.52829 duration:   1700 duration_time:0.017   fmt:yuv420p cl:left sar:1/1 s:300x300 i:P iskey:0 type:P checksum:6C366E26 plane_checksum:[82D35621 C0C3EF88 7982286E] mean:[178 128 129] stdev:[55.9 10.2 11.6]
[Parsed_showinfo_2 @ 0000018185b83800] color_range:tv color_space:smpte170m color_primaries:smpte170m color_trc:smpte170m
[Parsed_showinfo_2 @ 0000018185b83800] n:  31 pts:5562937 pts_time:55.62937 duration:   1595 duration_time:0.01595 fmt:yuv420p cl:left sar:1/1 s:300x300 i:P iskey:0 type:P checksum:FB2338BE plane_checksum:[D4CB23C9 473CF726 117F1DC0] mean:[176 128 128] stdev:[55.9 10.1 11.3]
[Parsed_showinfo_2 @ 0000018185b83800] color_range:tv color_space:smpte170m color_primaries:smpte170m color_trc:smpte170m
[Parsed_showinfo_2 @ 0000018185b83800] n:  32 pts:5574538 pts_time:55.74538 duration:   1667 duration_time:0.01667 fmt:yuv420p cl:left sar:1/1 s:300x300 i:P iskey:0 type:P checksum:1B987F00 plane_checksum:[E04C66BA FFBBF053 9CFC27E4] mean:[179 128 129] stdev:[55.1 10.2 11.6]
[Parsed_showinfo_2 @ 0000018185b83800] color_range:tv color_space:smpte170m color_primaries:smpte170m color_trc:smpte170m
[Parsed_showinfo_2 @ 0000018185b83800] n:  33 pts:5584541 pts_time:55.84541 duration:   1624 duration_time:0.01624 fmt:yuv420p cl:left sar:1/1 s:300x300 i:P iskey:0 type:P checksum:D15940B0 plane_checksum:[06422BF8 43B6F710 6DCB1D99] mean:[176 128 128] stdev:[56.2 10.2 11.4]
[Parsed_showinfo_2 @ 0000018185b83800] color_range:tv color_space:smpte170m color_primaries:smpte170m color_trc:smpte170m
[Parsed_showinfo_2 @ 0000018185b83800] n:  34 pts:5596167 pts_time:55.96167 duration:   1667 duration_time:0.01667 fmt:yuv420p cl:left sar:1/1 s:300x300 i:P iskey:0 type:P checksum:EC8F483D plane_checksum:[BDA02BCE F7D3F39A 36E228C6] mean:[178 128 129] stdev:[55.2 10.3 11.7]
[Parsed_showinfo_2 @ 0000018185b83800] color_range:tv color_space:smpte170m color_primaries:smpte170m color_trc:smpte170m
[Parsed_showinfo_2 @ 0000018185b83800] n:  35 pts:5606236 pts_time:56.06236 duration:   1653 duration_time:0.01653 fmt:yuv420p cl:left sar:1/1 s:300x300 i:P iskey:0 type:P checksum:45CA7450 plane_checksum:[886A5B9F 1537FB4B 58CE1D57] mean:[178 128 128] stdev:[55.7 10.2 11.5]
[Parsed_showinfo_2 @ 0000018185b83800] color_range:tv color_space:smpte170m color_primaries:smpte170m color_trc:smpte170m
[Parsed_showinfo_2 @ 0000018185b83800] n:  36 pts:5617843 pts_time:56.17843 duration:   1668 duration_time:0.01668 fmt:yuv420p cl:left sar:1/1 s:300x300 i:P iskey:0 type:P checksum:2E0332F6 plane_checksum:[EA8719E1 610BF540 B4A923C6] mean:[180 128 129] stdev:[55.1 10.2 11.6]
[Parsed_showinfo_2 @ 0000018185b83800] color_range:tv color_space:smpte170m color_primaries:smpte170m color_trc:smpte170m
[Parsed_showinfo_2 @ 0000018185b83800] n:  37 pts:5627863 pts_time:56.27863 duration:   1695 duration_time:0.01695 fmt:yuv420p cl:left sar:1/1 s:300x300 i:P iskey:0 type:P checksum:65A82B68 plane_checksum:[B75013A8 FDAAFC97 56411B1A] mean:[178 128 128] stdev:[55.5 10.1 11.4]
[Parsed_showinfo_2 @ 0000018185b83800] color_range:tv color_space:smpte170m color_primaries:smpte170m color_trc:smpte170m
[Parsed_showinfo_2 @ 0000018185b83800] n:  38 pts:5637892 pts_time:56.37892 duration:   1647 duration_time:0.01647 fmt:yuv420p cl:left sar:1/1 s:300x300 i:P iskey:0 type:P checksum:7F472007 plane_checksum:[4DEE05EE BE21F93A 30B920D0] mean:[179 128 129] stdev:[55.5 10.3 11.6]
[Parsed_showinfo_2 @ 0000018185b83800] color_range:tv color_space:smpte170m color_primaries:smpte170m color_trc:smpte170m
[Parsed_showinfo_2 @ 0000018185b83800] n:  39 pts:5649521 pts_time:56.49521 duration:   1717 duration_time:0.01717 fmt:yuv420p cl:left sar:1/1 s:300x300 i:P iskey:0 type:P checksum:AB060509 plane_checksum:[4A53EC56 EC06FE39 9D681A5C] mean:[180 128 128] stdev:[55.1 10.2 11.4]
[Parsed_showinfo_2 @ 0000018185b83800] color_range:tv color_space:smpte170m color_primaries:smpte170m color_trc:smpte170m
[Parsed_showinfo_2 @ 0000018185b83800] n:  40 pts:5659532 pts_time:56.59532 duration:   1757 duration_time:0.01757 fmt:yuv420p cl:left sar:1/1 s:300x300 i:P iskey:0 type:P checksum:60B279C7 plane_checksum:[45ED605D 8D4DF614 E7A12347] mean:[179 128 129] stdev:[55.4 10.3 11.6]
[Parsed_showinfo_2 @ 0000018185b83800] color_range:tv color_space:smpte170m color_primaries:smpte170m color_trc:smpte170m
[Parsed_showinfo_2 @ 0000018185b83800] n:  41 pts:5669533 pts_time:56.69533 duration:   1684 duration_time:0.01684 fmt:yuv420p cl:left sar:1/1 s:300x300 i:P iskey:0 type:P checksum:103E59AB plane_checksum:[A8B1427D CA0BFF6E 881517B1] mean:[178 128 128] stdev:[55.3 10.2 11.4]
[Parsed_showinfo_2 @ 0000018185b83800] color_range:tv color_space:smpte170m color_primaries:smpte170m color_trc:smpte170m
[Parsed_showinfo_2 @ 0000018185b83800] n:  42 pts:5679604 pts_time:56.79604 duration:   1616 duration_time:0.01616 fmt:yuv420p cl:left sar:1/1 s:300x300 i:P iskey:0 type:P checksum:AD16C552 plane_checksum:[D0FCAAD2 2FA9FBAE 71291EC3] mean:[180 128 128] stdev:[55.2 10.3 11.7]
[Parsed_showinfo_2 @ 0000018185b83800] color_range:tv color_space:smpte170m color_primaries:smpte170m color_trc:smpte170m
[Parsed_showinfo_2 @ 0000018185b83800] n:  43 pts:5691239 pts_time:56.91239 duration:   1694 duration_time:0.01694 fmt:yuv420p cl:left sar:1/1 s:300x300 i:P iskey:0 type:P checksum:55AC2620 plane_checksum:[4ADA0F24 24CF0140 F66815BC] mean:[180 128 128] stdev:[54.9 10.2 11.4]
[Parsed_showinfo_2 @ 0000018185b83800] color_range:tv color_space:smpte170m color_primaries:smpte170m color_trc:smpte170m
[Parsed_showinfo_2 @ 0000018185b83800] n:  44 pts:5701263 pts_time:57.01263 duration:   1703 duration_time:0.01703 fmt:yuv420p cl:left sar:1/1 s:300x300 i:P iskey:0 type:P checksum:44DFBCFE plane_checksum:[B926A65A FAD3F9C7 45E21CCE] mean:[179 128 128] stdev:[55.5 10.3 11.6]
[Parsed_showinfo_2 @ 0000018185b83800] color_range:tv color_space:smpte170m color_primaries:smpte170m color_trc:smpte170m
[Parsed_showinfo_2 @ 0000018185b83800] n:  45 pts:5712886 pts_time:57.12886 duration:   1685 duration_time:0.01685 fmt:yuv420p cl:left sar:1/1 s:300x300 i:P iskey:0 type:P checksum:7CC07F2B plane_checksum:[26696C5B E11503C6 830A0F0A] mean:[178 128 128] stdev:[55.3 10.2 11.3]
[Parsed_showinfo_2 @ 0000018185b83800] color_range:tv color_space:smpte170m color_primaries:smpte170m color_trc:smpte170m
[Parsed_showinfo_2 @ 0000018185b83800] n:  46 pts:5722905 pts_time:57.22905 duration:   1697 duration_time:0.01697 fmt:yuv420p cl:left sar:1/1 s:300x300 i:P iskey:0 type:P checksum:E6D52C3B plane_checksum:[208110AB A9EA0132 71661A5E] mean:[181 128 128] stdev:[54.9 10.3 11.6]
[Parsed_showinfo_2 @ 0000018185b83800] color_range:tv color_space:smpte170m color_primaries:smpte170m color_trc:smpte170m
[Parsed_showinfo_2 @ 0000018185b83800] n:  47 pts:5732922 pts_time:57.32922 duration:   1686 duration_time:0.01686 fmt:yuv420p cl:left sar:1/1 s:300x300 i:P iskey:0 type:P checksum:E0A7233B plane_checksum:[75F10E35 D7FF0774 76310D92] mean:[180 128 128] stdev:[55.0 10.2 11.3]
[Parsed_showinfo_2 @ 0000018185b83800] color_range:tv color_space:smpte170m color_primaries:smpte170m color_trc:smpte170m
[Parsed_showinfo_2 @ 0000018185b83800] n:  48 pts:5743005 pts_time:57.43005 duration:   1598 duration_time:0.01598 fmt:yuv420p cl:left sar:1/1 s:300x300 i:P iskey:0 type:P checksum:618A268E plane_checksum:[F705122A 3D16E133 1D033322] mean:[176 128 129] stdev:[56.3 10.1 11.5]
[Parsed_showinfo_2 @ 0000018185b83800] color_range:tv color_space:smpte170m color_primaries:smpte170m color_trc:smpte170m
[Parsed_showinfo_2 @ 0000018185b83800] n:  49 pts:5754606 pts_time:57.54606 duration:   1734 duration_time:0.01734 fmt:yuv420p cl:left sar:1/1 s:300x300 i:P iskey:0 type:P checksum:74237F91 plane_checksum:[F8C76FC8 8E42EAE7 F07024D3] mean:[176 128 129] stdev:[56.2 10.0 11.3]
[Parsed_showinfo_2 @ 0000018185b83800] color_range:tv color_space:smpte170m color_primaries:smpte170m color_trc:smpte170m
[Parsed_showinfo_2 @ 0000018185b83800] n:  50 pts:5764610 pts_time:57.6461 duration:   1737 duration_time:0.01737 fmt:yuv420p cl:left sar:1/1 s:300x300 i:P iskey:0 type:P checksum:E9D67150 plane_checksum:[D4725CD0 1FB0E2BC 23AF31B5] mean:[178 128 129] stdev:[56.2 10.1 11.5]
[Parsed_showinfo_2 @ 0000018185b83800] color_range:tv color_space:smpte170m color_primaries:smpte170m color_trc:smpte170m
[Parsed_showinfo_2 @ 0000018185b83800] n:  51 pts:5774676 pts_time:57.74676 duration:   1612 duration_time:0.01612 fmt:yuv420p cl:left sar:1/1 s:300x300 i:P iskey:0 type:P checksum:7473A2A3 plane_checksum:[FB698EB9 6650E9A4 D7352A37] mean:[177 128 129] stdev:[56.0 10.0 11.4]
[Parsed_showinfo_2 @ 0000018185b83800] color_range:tv color_space:smpte170m color_primaries:smpte170m color_trc:smpte170m
[Parsed_showinfo_2 @ 0000018185b83800] n:  52 pts:5786350 pts_time:57.8635 duration:   1601 duration_time:0.01601 fmt:yuv420p cl:left sar:1/1 s:300x300 i:P iskey:0 type:P checksum:817236BD plane_checksum:[A4F024A3 63C1F0D7 89DC2134] mean:[176 128 129] stdev:[56.1 10.0 11.2]
[Parsed_showinfo_2 @ 0000018185b83800] color_range:tv color_space:smpte170m color_primaries:smpte170m color_trc:smpte170m
[Parsed_showinfo_2 @ 0000018185b83800] n:  53 pts:5798001 pts_time:57.98001 duration:   1635 duration_time:0.01635 fmt:yuv420p cl:left sar:1/1 s:300x300 i:P iskey:0 type:P checksum:8B96F2B4 plane_checksum:[9428DE38 B51BFA5C 25AC1A11] mean:[181 128 128] stdev:[55.7 10.0 11.3]
[Parsed_showinfo_2 @ 0000018185b83800] color_range:tv color_space:smpte170m color_primaries:smpte170m color_trc:smpte170m
[out#0/image2 @ 0000018181f608c0] video:4500KiB audio:0KiB subtitle:0KiB other streams:0KiB global headers:0KiB muxing overhead: unknown
frame=   54 fps= 35 q=-0.0 Lsize=N/A time=00:00:58.00 bitrate=N/A speed=37.7x    
