Input #0, mov,mp4,m4a,3gp,3g2,mj2, from 'analysis\targets\wxcf1394487200e48f\43\evidence\original-reference\video-20260928\original.mp4':
  Metadata:
    major_brand     : mp42
    minor_version   : 0
    compatible_brands: mp42isom
  Duration: 00:01:30.52, start: 0.000000, bitrate: 10128 kb/s
  Stream #0:0[0x1](und): Video: h264 (High) (avc1 / 0x31637661), yuv420p(tv, smpte170m, progressive), 720x1334 [SAR 1:1 DAR 360:667], 9929 kb/s, 59.92 fps, 60 tbr, 100k tbn (default)
      Metadata:
        vendor_id       : [0][0][0][0]
        encoder         : JVT/AVC Coding
  Stream #0:1[0x2](und): Audio: aac (LC) (mp4a / 0x6134706D), 48000 Hz, stereo, fltp, 197 kb/s (default)
      Metadata:
        vendor_id       : [0][0][0][0]
Stream mapping:
  Stream #0:0 -> #0:0 (h264 (native) -> png (native))
Press [q] to stop, [?] for help
[Parsed_showinfo_1 @ 0000018a76987800] config in time_base: 1/100000, frame_rate: 60/1
[Parsed_showinfo_1 @ 0000018a76987800] config out time_base: 0/0, frame_rate: 0/0
[Parsed_showinfo_1 @ 0000018a76987800] n:   0 pts:      0 pts_time:0       duration:   1666 duration_time:0.01666 fmt:yuv420p cl:left sar:1/1 s:720x1334 i:P iskey:1 type:I checksum:D3E1E507 plane_checksum:[78B6F2AE 1FECE695 D43C0BB5] mean:[125 129 125] stdev:[74.4 12.6 12.7]
[Parsed_showinfo_1 @ 0000018a76987800] color_range:tv color_space:smpte170m color_primaries:smpte170m color_trc:smpte170m
Output #0, image2, to 'E:\Projects\AreaBattle\analysis\targets\wxcf1394487200e48f\43\generated\video-20260928\half-second\%03d.png':
  Metadata:
    major_brand     : mp42
    minor_version   : 0
    compatible_brands: mp42isom
    encoder         : Lavf61.7.100
  Stream #0:0(und): Video: png, rgb24(pc, gbr/smpte170m/smpte170m, progressive), 720x1334 [SAR 1:1 DAR 360:667], q=2-31, 200 kb/s, 60 fps, 60 tbn (default)
      Metadata:
        vendor_id       : [0][0][0][0]
        encoder         : Lavc61.19.100 png
[Parsed_showinfo_1 @ 0000018a76987800] n:   1 pts:  50059 pts_time:0.50059 duration:   1625 duration_time:0.01625 fmt:yuv420p cl:left sar:1/1 s:720x1334 i:P iskey:0 type:P checksum:C6E79C34 plane_checksum:[D875D614 90BAC190 1A7F0481] mean:[125 129 125] stdev:[74.4 12.7 12.8]
[Parsed_showinfo_1 @ 0000018a76987800] color_range:tv color_space:smpte170m color_primaries:smpte170m color_trc:smpte170m
[Parsed_showinfo_1 @ 0000018a76987800] n:   2 pts: 101706 pts_time:1.01706 duration:   1805 duration_time:0.01805 fmt:yuv420p cl:left sar:1/1 s:720x1334 i:P iskey:0 type:P checksum:5B31A124 plane_checksum:[539B8816 F3B30F4D FAB309C1] mean:[204 130 127] stdev:[39.9 6.6 7.8]
[Parsed_showinfo_1 @ 0000018a76987800] color_range:tv color_space:smpte170m color_primaries:smpte170m color_trc:smpte170m
[Parsed_showinfo_1 @ 0000018a76987800] n:   3 pts: 151708 pts_time:1.51708 duration:   1719 duration_time:0.01719 fmt:yuv420p cl:left sar:1/1 s:720x1334 i:P iskey:0 type:P checksum:6CDBF807 plane_checksum:[E0D6C669 87CBEB4F 1E004640] mean:[204 130 127] stdev:[40.2 6.6 8.0]
[Parsed_showinfo_1 @ 0000018a76987800] color_range:tv color_space:smpte170m color_primaries:smpte170m color_trc:smpte170m
[Parsed_showinfo_1 @ 0000018a76987800] n:   4 pts: 201756 pts_time:2.01756 duration:   1680 duration_time:0.0168  fmt:yuv420p cl:left sar:1/1 s:720x1334 i:P iskey:0 type:P checksum:7EAD4A0F plane_checksum:[38CA20D8 A96C0980 F0B41FB7] mean:[204 130 127] stdev:[40.0 6.6 7.9]
[Parsed_showinfo_1 @ 0000018a76987800] color_range:tv color_space:smpte170m color_primaries:smpte170m color_trc:smpte170m
[Parsed_showinfo_1 @ 0000018a76987800] n:   5 pts: 251782 pts_time:2.51782 duration:   1717 duration_time:0.01717 fmt:yuv420p cl:left sar:1/1 s:720x1334 i:P iskey:0 type:P checksum:11C30863 plane_checksum:[5381EA24 6ED20C71 410711BF] mean:[204 130 127] stdev:[40.0 6.6 7.7]
[Parsed_showinfo_1 @ 0000018a76987800] color_range:tv color_space:smpte170m color_primaries:smpte170m color_trc:smpte170m
[Parsed_showinfo_1 @ 0000018a76987800] n:   6 pts: 301805 pts_time:3.01805 duration:   1829 duration_time:0.01829 fmt:yuv420p cl:left sar:1/1 s:720x1334 i:P iskey:0 type:P checksum:59D831E8 plane_checksum:[D4F2241F A65CFE2D EC040F8D] mean:[204 130 127] stdev:[40.1 6.6 7.9]
[Parsed_showinfo_1 @ 0000018a76987800] color_range:tv color_space:smpte170m color_primaries:smpte170m color_trc:smpte170m
[Parsed_showinfo_1 @ 0000018a76987800] n:   7 pts: 351824 pts_time:3.51824 duration:   1684 duration_time:0.01684 fmt:yuv420p cl:left sar:1/1 s:720x1334 i:P iskey:0 type:P checksum:040094FC plane_checksum:[55727CBE 8A790B46 77C50CF8] mean:[204 130 127] stdev:[39.9 6.6 7.7]
[Parsed_showinfo_1 @ 0000018a76987800] color_range:tv color_space:smpte170m color_primaries:smpte170m color_trc:smpte170m
[Parsed_showinfo_1 @ 0000018a76987800] n:   8 pts: 401876 pts_time:4.01876 duration:   1646 duration_time:0.01646 fmt:yuv420p cl:left sar:1/1 s:720x1334 i:P iskey:0 type:P checksum:C138EB53 plane_checksum:[5EC4BF6D 5C8D56D9 F948D4FE] mean:[203 130 127] stdev:[40.4 7.8 8.8]
[Parsed_showinfo_1 @ 0000018a76987800] color_range:tv color_space:smpte170m color_primaries:smpte170m color_trc:smpte170m
[Parsed_showinfo_1 @ 0000018a76987800] n:   9 pts: 451876 pts_time:4.51876 duration:   1769 duration_time:0.01769 fmt:yuv420p cl:left sar:1/1 s:720x1334 i:P iskey:0 type:P checksum:9FB863CD plane_checksum:[050A1185 3ED5363E 2A2B1C0A] mean:[204 130 127] stdev:[40.2 6.9 8.3]
[Parsed_showinfo_1 @ 0000018a76987800] color_range:tv color_space:smpte170m color_primaries:smpte170m color_trc:smpte170m
[Parsed_showinfo_1 @ 0000018a76987800] n:  10 pts: 501954 pts_time:5.01954 duration:   1659 duration_time:0.01659 fmt:yuv420p cl:left sar:1/1 s:720x1334 i:P iskey:0 type:P checksum:407FACF9 plane_checksum:[97743B0D DB4D3CEE A43C34FE] mean:[204 130 127] stdev:[40.2 6.9 8.4]
[Parsed_showinfo_1 @ 0000018a76987800] color_range:tv color_space:smpte170m color_primaries:smpte170m color_trc:smpte170m
[Parsed_showinfo_1 @ 0000018a76987800] n:  11 pts: 551960 pts_time:5.5196  duration:   1665 duration_time:0.01665 fmt:yuv420p cl:left sar:1/1 s:720x1334 i:P iskey:0 type:P checksum:A39777CB plane_checksum:[B221F480 383AF5D9 CA238D54] mean:[203 130 126] stdev:[40.6 8.3 9.2]
[Parsed_showinfo_1 @ 0000018a76987800] color_range:tv color_space:smpte170m color_primaries:smpte170m color_trc:smpte170m
[Parsed_showinfo_1 @ 0000018a76987800] n:  12 pts: 603688 pts_time:6.03688 duration:   1613 duration_time:0.01613 fmt:yuv420p cl:left sar:1/1 s:720x1334 i:P iskey:0 type:P checksum:20E9456B plane_checksum:[1B2F72C6 D6600ECD 3FDEC3C9] mean:[203 130 127] stdev:[40.7 7.7 8.9]
[Parsed_showinfo_1 @ 0000018a76987800] color_range:tv color_space:smpte170m color_primaries:smpte170m color_trc:smpte170m
[Parsed_showinfo_1 @ 0000018a76987800] n:  13 pts: 655326 pts_time:6.55326 duration:   1643 duration_time:0.01643 fmt:yuv420p cl:left sar:1/1 s:720x1334 i:P iskey:0 type:P checksum:DA72E3D2 plane_checksum:[723CFBCC 31DB8062 3D596795] mean:[203 130 127] stdev:[40.6 7.4 8.9]
[Parsed_showinfo_1 @ 0000018a76987800] color_range:tv color_space:smpte170m color_primaries:smpte170m color_trc:smpte170m
[Parsed_showinfo_1 @ 0000018a76987800] n:  14 pts: 705399 pts_time:7.05399 duration:   1625 duration_time:0.01625 fmt:yuv420p cl:left sar:1/1 s:720x1334 i:P iskey:0 type:P checksum:198D3ED6 plane_checksum:[3B8AF26C 0F1433C1 BFFB189A] mean:[202 130 127] stdev:[41.0 8.6 9.8]
[Parsed_showinfo_1 @ 0000018a76987800] color_range:tv color_space:smpte170m color_primaries:smpte170m color_trc:smpte170m
[Parsed_showinfo_1 @ 0000018a76987800] n:  15 pts: 757030 pts_time:7.5703  duration:   1708 duration_time:0.01708 fmt:yuv420p cl:left sar:1/1 s:720x1334 i:P iskey:0 type:P checksum:337D79FB plane_checksum:[10242FE3 D261783B 04DCD1CE] mean:[202 130 127] stdev:[41.0 8.8 10.0]
[Parsed_showinfo_1 @ 0000018a76987800] color_range:tv color_space:smpte170m color_primaries:smpte170m color_trc:smpte170m
[Parsed_showinfo_1 @ 0000018a76987800] n:  16 pts: 807098 pts_time:8.07098 duration:   1621 duration_time:0.01621 fmt:yuv420p cl:left sar:1/1 s:720x1334 i:P iskey:1 type:I checksum:5AF0DB78 plane_checksum:[966DA653 2E528C79 30DCA89D] mean:[203 130 127] stdev:[40.9 8.3 9.4]
[Parsed_showinfo_1 @ 0000018a76987800] color_range:tv color_space:smpte170m color_primaries:smpte170m color_trc:smpte170m
[Parsed_showinfo_1 @ 0000018a76987800] n:  17 pts: 857134 pts_time:8.57134 duration:   1638 duration_time:0.01638 fmt:yuv420p cl:left sar:1/1 s:720x1334 i:P iskey:0 type:P checksum:D139B617 plane_checksum:[BE1B5C50 4B3F8F7B A627CA3D] mean:[202 130 127] stdev:[41.2 8.3 9.5]
[Parsed_showinfo_1 @ 0000018a76987800] color_range:tv color_space:smpte170m color_primaries:smpte170m color_trc:smpte170m
[Parsed_showinfo_1 @ 0000018a76987800] n:  18 pts: 908817 pts_time:9.08817 duration:   1672 duration_time:0.01672 fmt:yuv420p cl:left sar:1/1 s:720x1334 i:P iskey:0 type:P checksum:CC70B6EE plane_checksum:[B8C77E55 2CBAA5E0 776A92AA] mean:[203 130 127] stdev:[40.9 8.3 9.3]
[Parsed_showinfo_1 @ 0000018a76987800] color_range:tv color_space:smpte170m color_primaries:smpte170m color_trc:smpte170m
[Parsed_showinfo_1 @ 0000018a76987800] n:  19 pts: 958821 pts_time:9.58821 duration:   1710 duration_time:0.0171  fmt:yuv420p cl:left sar:1/1 s:720x1334 i:P iskey:0 type:P checksum:B8247BE2 plane_checksum:[0A592AC4 9BF7869B 6F9DCA74] mean:[202 130 127] stdev:[41.2 8.3 9.5]
[Parsed_showinfo_1 @ 0000018a76987800] color_range:tv color_space:smpte170m color_primaries:smpte170m color_trc:smpte170m
[Parsed_showinfo_1 @ 0000018a76987800] n:  20 pts:1008839 pts_time:10.08839 duration:   1691 duration_time:0.01691 fmt:yuv420p cl:left sar:1/1 s:720x1334 i:P iskey:0 type:P checksum:BDB21B16 plane_checksum:[13CEE31B 64A7A3FB 4DBE93E2] mean:[203 130 127] stdev:[40.9 8.3 9.3]
[Parsed_showinfo_1 @ 0000018a76987800] color_range:tv color_space:smpte170m color_primaries:smpte170m color_trc:smpte170m
[Parsed_showinfo_1 @ 0000018a76987800] n:  21 pts:1058917 pts_time:10.58917 duration:   1614 duration_time:0.01614 fmt:yuv420p cl:left sar:1/1 s:720x1334 i:P iskey:0 type:P checksum:826675FE plane_checksum:[DFD73E80 FA85917E 5A77A5F1] mean:[202 130 127] stdev:[41.3 8.3 9.4]
[Parsed_showinfo_1 @ 0000018a76987800] color_range:tv color_space:smpte170m color_primaries:smpte170m color_trc:smpte170m
[Parsed_showinfo_1 @ 0000018a76987800] n:  22 pts:1110601 pts_time:11.10601 duration:   1663 duration_time:0.01663 fmt:yuv420p cl:left sar:1/1 s:720x1334 i:P iskey:0 type:P checksum:E4305129 plane_checksum:[30762509 E9DE9691 54439580] mean:[203 130 127] stdev:[41.0 8.3 9.3]
[Parsed_showinfo_1 @ 0000018a76987800] color_range:tv color_space:smpte170m color_primaries:smpte170m color_trc:smpte170m
[Parsed_showinfo_1 @ 0000018a76987800] n:  23 pts:1160676 pts_time:11.60676 duration:   1596 duration_time:0.01596 fmt:yuv420p cl:left sar:1/1 s:720x1334 i:P iskey:0 type:P checksum:FD3A42BD plane_checksum:[6FC300C9 0F4E9466 49E3AD7F] mean:[202 130 127] stdev:[41.2 8.3 9.4]
[Parsed_showinfo_1 @ 0000018a76987800] color_range:tv color_space:smpte170m color_primaries:smpte170m color_trc:smpte170m
[Parsed_showinfo_1 @ 0000018a76987800] n:  24 pts:1212267 pts_time:12.12267 duration:   1692 duration_time:0.01692 fmt:yuv420p cl:left sar:1/1 s:720x1334 i:P iskey:0 type:P checksum:A22CBC89 plane_checksum:[D1F2AC53 55008D0B D367831C] mean:[203 130 127] stdev:[41.1 8.3 9.4]
[Parsed_showinfo_1 @ 0000018a76987800] color_range:tv color_space:smpte170m color_primaries:smpte170m color_trc:smpte170m
[Parsed_showinfo_1 @ 0000018a76987800] n:  25 pts:1262310 pts_time:12.6231 duration:   1683 duration_time:0.01683 fmt:yuv420p cl:left sar:1/1 s:720x1334 i:P iskey:0 type:P checksum:7AA81C40 plane_checksum:[BA0FD3F3 95EFABDC 06DD9C53] mean:[202 130 127] stdev:[41.1 8.3 9.3]
[Parsed_showinfo_1 @ 0000018a76987800] color_range:tv color_space:smpte170m color_primaries:smpte170m color_trc:smpte170m
[Parsed_showinfo_1 @ 0000018a76987800] n:  26 pts:1312373 pts_time:13.12373 duration:   1669 duration_time:0.01669 fmt:yuv420p cl:left sar:1/1 s:720x1334 i:P iskey:0 type:P checksum:B2E94F7D plane_checksum:[132B64C1 E8C37FA7 17C06B06] mean:[203 130 127] stdev:[40.9 7.4 9.0]
[Parsed_showinfo_1 @ 0000018a76987800] color_range:tv color_space:smpte170m color_primaries:smpte170m color_trc:smpte170m
[Parsed_showinfo_1 @ 0000018a76987800] n:  27 pts:1364040 pts_time:13.6404 duration:   1669 duration_time:0.01669 fmt:yuv420p cl:left sar:1/1 s:720x1334 i:P iskey:0 type:P checksum:2E90C02D plane_checksum:[8247DFBC 46B98274 A3865DEE] mean:[203 130 127] stdev:[40.7 7.4 8.9]
[Parsed_showinfo_1 @ 0000018a76987800] color_range:tv color_space:smpte170m color_primaries:smpte170m color_trc:smpte170m
[Parsed_showinfo_1 @ 0000018a76987800] n:  28 pts:1414079 pts_time:14.14079 duration:   1686 duration_time:0.01686 fmt:yuv420p cl:left sar:1/1 s:720x1334 i:P iskey:0 type:P checksum:8D1D94CA plane_checksum:[FFE38E46 D07C84D0 109781A5] mean:[203 130 127] stdev:[41.0 7.4 9.1]
[Parsed_showinfo_1 @ 0000018a76987800] color_range:tv color_space:smpte170m color_primaries:smpte170m color_trc:smpte170m
[Parsed_showinfo_1 @ 0000018a76987800] n:  29 pts:1464106 pts_time:14.64106 duration:   1690 duration_time:0.0169  fmt:yuv420p cl:left sar:1/1 s:720x1334 i:P iskey:0 type:P checksum:0368147A plane_checksum:[B8C1DE87 16124985 7034EC50] mean:[202 130 127] stdev:[41.0 8.6 9.8]
[Parsed_showinfo_1 @ 0000018a76987800] color_range:tv color_space:smpte170m color_primaries:smpte170m color_trc:smpte170m
[Parsed_showinfo_1 @ 0000018a76987800] n:  30 pts:1515760 pts_time:15.1576 duration:   1683 duration_time:0.01683 fmt:yuv420p cl:left sar:1/1 s:720x1334 i:P iskey:0 type:P checksum:089B7272 plane_checksum:[17352548 E7747D49 44B1CFD2] mean:[202 130 127] stdev:[41.3 8.8 10.0]
[Parsed_showinfo_1 @ 0000018a76987800] color_range:tv color_space:smpte170m color_primaries:smpte170m color_trc:smpte170m
[Parsed_showinfo_1 @ 0000018a76987800] n:  31 pts:1565795 pts_time:15.65795 duration:   1684 duration_time:0.01684 fmt:yuv420p cl:left sar:1/1 s:720x1334 i:P iskey:0 type:P checksum:24AD27B5 plane_checksum:[5BE8F7F6 EFD190F9 2EFA9EA8] mean:[203 130 127] stdev:[40.9 8.3 9.3]
[Parsed_showinfo_1 @ 0000018a76987800] color_range:tv color_space:smpte170m color_primaries:smpte170m color_trc:smpte170m
[Parsed_showinfo_1 @ 0000018a76987800] n:  32 pts:1615853 pts_time:16.15853 duration:   1632 duration_time:0.01632 fmt:yuv420p cl:left sar:1/1 s:720x1334 i:P iskey:0 type:P checksum:2C9C047A plane_checksum:[616CBBD9 CC258C62 05ECBC21] mean:[202 130 127] stdev:[41.2 8.3 9.5]
[Parsed_showinfo_1 @ 0000018a76987800] color_range:tv color_space:smpte170m color_primaries:smpte170m color_trc:smpte170m
[Parsed_showinfo_1 @ 0000018a76987800] n:  33 pts:1667504 pts_time:16.67504 duration:   1668 duration_time:0.01668 fmt:yuv420p cl:left sar:1/1 s:720x1334 i:P iskey:0 type:P checksum:14C36A6C plane_checksum:[92EF250E 22AEA384 856FA1CB] mean:[202 130 127] stdev:[41.2 8.3 9.3]
[Parsed_showinfo_1 @ 0000018a76987800] color_range:tv color_space:smpte170m color_primaries:smpte170m color_trc:smpte170m
[Parsed_showinfo_1 @ 0000018a76987800] n:  34 pts:1717529 pts_time:17.17529 duration:   1670 duration_time:0.0167  fmt:yuv420p cl:left sar:1/1 s:720x1334 i:P iskey:0 type:P checksum:F3D1BE6C plane_checksum:[0A9462FF 919E96E9 ED0EC475] mean:[202 130 127] stdev:[41.1 8.3 9.5]
[Parsed_showinfo_1 @ 0000018a76987800] color_range:tv color_space:smpte170m color_primaries:smpte170m color_trc:smpte170m
[Parsed_showinfo_1 @ 0000018a76987800] n:  35 pts:1767616 pts_time:17.67616 duration:   1598 duration_time:0.01598 fmt:yuv420p cl:left sar:1/1 s:720x1334 i:P iskey:0 type:P checksum:576D32DF plane_checksum:[CC6AE388 FCE293C9 D739BB70] mean:[202 130 127] stdev:[41.2 8.3 9.4]
[Parsed_showinfo_1 @ 0000018a76987800] color_range:tv color_space:smpte170m color_primaries:smpte170m color_trc:smpte170m
[Parsed_showinfo_1 @ 0000018a76987800] n:  36 pts:1819242 pts_time:18.19242 duration:   1695 duration_time:0.01695 fmt:yuv420p cl:left sar:1/1 s:720x1334 i:P iskey:0 type:P checksum:D0DA01F5 plane_checksum:[2FB0A585 18869D77 3CCEBEDB] mean:[203 130 127] stdev:[40.9 8.3 9.3]
[Parsed_showinfo_1 @ 0000018a76987800] color_range:tv color_space:smpte170m color_primaries:smpte170m color_trc:smpte170m
[Parsed_showinfo_1 @ 0000018a76987800] n:  37 pts:1869290 pts_time:18.6929 duration:   1668 duration_time:0.01668 fmt:yuv420p cl:left sar:1/1 s:720x1334 i:P iskey:0 type:P checksum:0C4556BF plane_checksum:[E9140497 2B279F96 D8B9B283] mean:[202 130 127] stdev:[41.3 8.3 9.4]
[Parsed_showinfo_1 @ 0000018a76987800] color_range:tv color_space:smpte170m color_primaries:smpte170m color_trc:smpte170m
[Parsed_showinfo_1 @ 0000018a76987800] n:  38 pts:1920959 pts_time:19.20959 duration:   1696 duration_time:0.01696 fmt:yuv420p cl:left sar:1/1 s:720x1334 i:P iskey:0 type:P checksum:06E7F03B plane_checksum:[D1C2BFBB 5145AF42 2FD6812F] mean:[203 130 127] stdev:[41.0 8.3 9.2]
[Parsed_showinfo_1 @ 0000018a76987800] color_range:tv color_space:smpte170m color_primaries:smpte170m color_trc:smpte170m
[Parsed_showinfo_1 @ 0000018a76987800] n:  39 pts:1970976 pts_time:19.70976 duration:   1665 duration_time:0.01665 fmt:yuv420p cl:left sar:1/1 s:720x1334 i:P iskey:0 type:P checksum:C1264002 plane_checksum:[4AC7159F EDFB9248 C615980C] mean:[202 130 127] stdev:[41.1 8.3 9.4]
[Parsed_showinfo_1 @ 0000018a76987800] color_range:tv color_space:smpte170m color_primaries:smpte170m color_trc:smpte170m
[Parsed_showinfo_1 @ 0000018a76987800] n:  40 pts:2021043 pts_time:20.21043 duration:   1625 duration_time:0.01625 fmt:yuv420p cl:left sar:1/1 s:720x1334 i:P iskey:0 type:P checksum:F9884C7C plane_checksum:[2E672E1F 1A508ADD 5B6C9371] mean:[202 130 127] stdev:[41.1 8.3 9.3]
[Parsed_showinfo_1 @ 0000018a76987800] color_range:tv color_space:smpte170m color_primaries:smpte170m color_trc:smpte170m
[Parsed_showinfo_1 @ 0000018a76987800] n:  41 pts:2072710 pts_time:20.7271 duration:   1689 duration_time:0.01689 fmt:yuv420p cl:left sar:1/1 s:720x1334 i:P iskey:0 type:P checksum:0A55DE4C plane_checksum:[A3889850 A7799595 365FB058] mean:[202 130 127] stdev:[41.2 8.4 9.5]
[Parsed_showinfo_1 @ 0000018a76987800] color_range:tv color_space:smpte170m color_primaries:smpte170m color_trc:smpte170m
[Parsed_showinfo_1 @ 0000018a76987800] n:  42 pts:2122781 pts_time:21.22781 duration:   1654 duration_time:0.01654 fmt:yuv420p cl:left sar:1/1 s:720x1334 i:P iskey:0 type:P checksum:BB1F51D1 plane_checksum:[E38B3748 A15B91D1 C19588A9] mean:[202 130 127] stdev:[41.2 8.3 9.4]
[Parsed_showinfo_1 @ 0000018a76987800] color_range:tv color_space:smpte170m color_primaries:smpte170m color_trc:smpte170m
[Parsed_showinfo_1 @ 0000018a76987800] n:  43 pts:2174428 pts_time:21.74428 duration:   1687 duration_time:0.01687 fmt:yuv420p cl:left sar:1/1 s:720x1334 i:P iskey:0 type:P checksum:BEB47113 plane_checksum:[11C23B3E 0F0594DF 21D1A0E7] mean:[203 130 127] stdev:[41.0 8.3 9.4]
[Parsed_showinfo_1 @ 0000018a76987800] color_range:tv color_space:smpte170m color_primaries:smpte170m color_trc:smpte170m
[Parsed_showinfo_1 @ 0000018a76987800] n:  44 pts:2224453 pts_time:22.24453 duration:   1691 duration_time:0.01691 fmt:yuv420p cl:left sar:1/1 s:720x1334 i:P iskey:0 type:P checksum:5FB4473E plane_checksum:[938009CE A7E49B00 8289A261] mean:[202 130 127] stdev:[41.3 8.3 9.4]
[Parsed_showinfo_1 @ 0000018a76987800] color_range:tv color_space:smpte170m color_primaries:smpte170m color_trc:smpte170m
[Parsed_showinfo_1 @ 0000018a76987800] n:  45 pts:2274510 pts_time:22.7451 duration:   1743 duration_time:0.01743 fmt:yuv420p cl:left sar:1/1 s:720x1334 i:P iskey:0 type:P checksum:692C34EE plane_checksum:[5912EAB9 F968B046 6C1E99D1] mean:[202 130 127] stdev:[41.2 8.3 9.3]
[Parsed_showinfo_1 @ 0000018a76987800] color_range:tv color_space:smpte170m color_primaries:smpte170m color_trc:smpte170m
[Parsed_showinfo_1 @ 0000018a76987800] n:  46 pts:2324547 pts_time:23.24547 duration:   1619 duration_time:0.01619 fmt:yuv420p cl:left sar:1/1 s:720x1334 i:P iskey:0 type:P checksum:AECE9E08 plane_checksum:[409D5EA8 0376B474 6A378ADD] mean:[202 130 127] stdev:[41.2 8.3 9.3]
[Parsed_showinfo_1 @ 0000018a76987800] color_range:tv color_space:smpte170m color_primaries:smpte170m color_trc:smpte170m
[Parsed_showinfo_1 @ 0000018a76987800] n:  47 pts:2376232 pts_time:23.76232 duration:   1643 duration_time:0.01643 fmt:yuv420p cl:left sar:1/1 s:720x1334 i:P iskey:0 type:P checksum:FC4ED64E plane_checksum:[D749F624 65443C5A C599A3C1] mean:[203 130 127] stdev:[40.9 7.7 8.7]
[Parsed_showinfo_1 @ 0000018a76987800] color_range:tv color_space:smpte170m color_primaries:smpte170m color_trc:smpte170m
[Parsed_showinfo_1 @ 0000018a76987800] n:  48 pts:2426298 pts_time:24.26298 duration:   1608 duration_time:0.01608 fmt:yuv420p cl:left sar:1/1 s:720x1334 i:P iskey:0 type:P checksum:50F1ED02 plane_checksum:[75E63D5C B5393540 2C367A66] mean:[203 130 127] stdev:[40.6 7.6 8.6]
[Parsed_showinfo_1 @ 0000018a76987800] color_range:tv color_space:smpte170m color_primaries:smpte170m color_trc:smpte170m
[Parsed_showinfo_1 @ 0000018a76987800] n:  49 pts:2477893 pts_time:24.77893 duration:   1707 duration_time:0.01707 fmt:yuv420p cl:left sar:1/1 s:720x1334 i:P iskey:0 type:P checksum:93CDE037 plane_checksum:[661ECE33 5A032CF0 CDC6E505] mean:[202 130 126] stdev:[41.2 9.0 9.5]
[Parsed_showinfo_1 @ 0000018a76987800] color_range:tv color_space:smpte170m color_primaries:smpte170m color_trc:smpte170m
[Parsed_showinfo_1 @ 0000018a76987800] n:  50 pts:2527993 pts_time:25.27993 duration:   1669 duration_time:0.01669 fmt:yuv420p cl:left sar:1/1 s:720x1334 i:P iskey:0 type:P checksum:EB7AB1D8 plane_checksum:[7A77B930 ECAA41A6 8788B6F3] mean:[203 130 127] stdev:[41.0 8.5 9.1]
[Parsed_showinfo_1 @ 0000018a76987800] color_range:tv color_space:smpte170m color_primaries:smpte170m color_trc:smpte170m
frame=   47 fps=0.0 q=-0.0 size=N/A time=00:00:23.26 bitrate=N/A speed=45.8x    
[Parsed_showinfo_1 @ 0000018a76987800] n:  51 pts:2577993 pts_time:25.77993 duration:   1670 duration_time:0.0167  fmt:yuv420p cl:left sar:1/1 s:720x1334 i:P iskey:0 type:P checksum:DBE467C4 plane_checksum:[D4B854B9 E9445360 4671BF9C] mean:[203 130 127] stdev:[41.0 8.5 9.1]
[Parsed_showinfo_1 @ 0000018a76987800] color_range:tv color_space:smpte170m color_primaries:smpte170m color_trc:smpte170m
[Parsed_showinfo_1 @ 0000018a76987800] n:  52 pts:2628014 pts_time:26.28014 duration:   1686 duration_time:0.01686 fmt:yuv420p cl:left sar:1/1 s:720x1334 i:P iskey:0 type:P checksum:9B3B5E07 plane_checksum:[B0264503 C87341C5 F007D730] mean:[202 130 127] stdev:[41.2 8.5 9.2]
[Parsed_showinfo_1 @ 0000018a76987800] color_range:tv color_space:smpte170m color_primaries:smpte170m color_trc:smpte170m
[Parsed_showinfo_1 @ 0000018a76987800] n:  53 pts:2678055 pts_time:26.78055 duration:   1678 duration_time:0.01678 fmt:yuv420p cl:left sar:1/1 s:720x1334 i:P iskey:0 type:P checksum:C3F3E810 plane_checksum:[472ED2D0 0EEA54A6 0D5CC08B] mean:[203 130 127] stdev:[41.0 8.5 9.0]
[Parsed_showinfo_1 @ 0000018a76987800] color_range:tv color_space:smpte170m color_primaries:smpte170m color_trc:smpte170m
[Parsed_showinfo_1 @ 0000018a76987800] n:  54 pts:2728095 pts_time:27.28095 duration:   1656 duration_time:0.01656 fmt:yuv420p cl:left sar:1/1 s:720x1334 i:P iskey:0 type:P checksum:C09972EB plane_checksum:[6C3544D5 327F4F4F F846DEB8] mean:[202 130 127] stdev:[41.3 8.6 9.2]
[Parsed_showinfo_1 @ 0000018a76987800] color_range:tv color_space:smpte170m color_primaries:smpte170m color_trc:smpte170m
[Parsed_showinfo_1 @ 0000018a76987800] n:  55 pts:2779740 pts_time:27.7974 duration:   1708 duration_time:0.01708 fmt:yuv420p cl:left sar:1/1 s:720x1334 i:P iskey:0 type:P checksum:36C5742C plane_checksum:[0A8C7AAA 39DC42C9 6BD9B6AA] mean:[203 130 127] stdev:[41.0 8.5 9.1]
[Parsed_showinfo_1 @ 0000018a76987800] color_range:tv color_space:smpte170m color_primaries:smpte170m color_trc:smpte170m
[Parsed_showinfo_1 @ 0000018a76987800] n:  56 pts:2829748 pts_time:28.29748 duration:   1681 duration_time:0.01681 fmt:yuv420p cl:left sar:1/1 s:720x1334 i:P iskey:0 type:P checksum:34B119B9 plane_checksum:[30BC2C6E D4C85106 EF649C36] mean:[203 130 127] stdev:[41.0 8.5 8.8]
[Parsed_showinfo_1 @ 0000018a76987800] color_range:tv color_space:smpte170m color_primaries:smpte170m color_trc:smpte170m
[Parsed_showinfo_1 @ 0000018a76987800] n:  57 pts:2879782 pts_time:28.79782 duration:   1732 duration_time:0.01732 fmt:yuv420p cl:left sar:1/1 s:720x1334 i:P iskey:0 type:P checksum:68ABCC9B plane_checksum:[503FCEDF B8784F63 FAC3AE4A] mean:[202 130 127] stdev:[41.2 8.6 8.9]
[Parsed_showinfo_1 @ 0000018a76987800] color_range:tv color_space:smpte170m color_primaries:smpte170m color_trc:smpte170m
[Parsed_showinfo_1 @ 0000018a76987800] n:  58 pts:2929872 pts_time:29.29872 duration:   1609 duration_time:0.01609 fmt:yuv420p cl:left sar:1/1 s:720x1334 i:P iskey:0 type:P checksum:86BD68C6 plane_checksum:[207B8C98 3C3F4EFA 307F8D25] mean:[203 130 126] stdev:[41.0 8.5 8.9]
[Parsed_showinfo_1 @ 0000018a76987800] color_range:tv color_space:smpte170m color_primaries:smpte170m color_trc:smpte170m
[Parsed_showinfo_1 @ 0000018a76987800] n:  59 pts:2981556 pts_time:29.81556 duration:   1617 duration_time:0.01617 fmt:yuv420p cl:left sar:1/1 s:720x1334 i:P iskey:0 type:P checksum:72660429 plane_checksum:[56BD16CD 5AAD4942 D9E5A40B] mean:[202 130 127] stdev:[41.1 8.5 9.0]
[Parsed_showinfo_1 @ 0000018a76987800] color_range:tv color_space:smpte170m color_primaries:smpte170m color_trc:smpte170m
[Parsed_showinfo_1 @ 0000018a76987800] n:  60 pts:3033233 pts_time:30.33233 duration:   1650 duration_time:0.0165  fmt:yuv420p cl:left sar:1/1 s:720x1334 i:P iskey:0 type:P checksum:EE221B01 plane_checksum:[BEB32535 EECC4DD8 7CC2A7E5] mean:[203 130 127] stdev:[41.1 8.6 8.9]
[Parsed_showinfo_1 @ 0000018a76987800] color_range:tv color_space:smpte170m color_primaries:smpte170m color_trc:smpte170m
[Parsed_showinfo_1 @ 0000018a76987800] n:  61 pts:3084933 pts_time:30.84933 duration:   1619 duration_time:0.01619 fmt:yuv420p cl:left sar:1/1 s:720x1334 i:P iskey:0 type:P checksum:F6FE01A9 plane_checksum:[4C18F6F3 042145D3 5DC8C4C5] mean:[202 130 127] stdev:[41.2 8.6 9.1]
[Parsed_showinfo_1 @ 0000018a76987800] color_range:tv color_space:smpte170m color_primaries:smpte170m color_trc:smpte170m
[Parsed_showinfo_1 @ 0000018a76987800] n:  62 pts:3134941 pts_time:31.34941 duration:   1654 duration_time:0.01654 fmt:yuv420p cl:left sar:1/1 s:720x1334 i:P iskey:0 type:P checksum:BD3AE0EC plane_checksum:[E23DF295 7B1D43E4 99E4AA64] mean:[203 130 127] stdev:[41.1 8.6 9.0]
[Parsed_showinfo_1 @ 0000018a76987800] color_range:tv color_space:smpte170m color_primaries:smpte170m color_trc:smpte170m
[Parsed_showinfo_1 @ 0000018a76987800] n:  63 pts:3184951 pts_time:31.84951 duration:   1676 duration_time:0.01676 fmt:yuv420p cl:left sar:1/1 s:720x1334 i:P iskey:0 type:P checksum:D1D8D33E plane_checksum:[8161D67F 571D32A5 B9F6CA0B] mean:[202 130 127] stdev:[41.2 8.5 9.1]
[Parsed_showinfo_1 @ 0000018a76987800] color_range:tv color_space:smpte170m color_primaries:smpte170m color_trc:smpte170m
[Parsed_showinfo_1 @ 0000018a76987800] n:  64 pts:3234976 pts_time:32.34976 duration:   1712 duration_time:0.01712 fmt:yuv420p cl:left sar:1/1 s:720x1334 i:P iskey:0 type:P checksum:E48F24C4 plane_checksum:[80AB2630 07F84A87 45CAB3FE] mean:[203 130 127] stdev:[41.0 8.5 9.0]
[Parsed_showinfo_1 @ 0000018a76987800] color_range:tv color_space:smpte170m color_primaries:smpte170m color_trc:smpte170m
[Parsed_showinfo_1 @ 0000018a76987800] n:  65 pts:3285044 pts_time:32.85044 duration:   1625 duration_time:0.01625 fmt:yuv420p cl:left sar:1/1 s:720x1334 i:P iskey:0 type:P checksum:76047265 plane_checksum:[D2CC3B5A 537956CF 9C70E02D] mean:[202 130 127] stdev:[41.3 8.5 9.1]
[Parsed_showinfo_1 @ 0000018a76987800] color_range:tv color_space:smpte170m color_primaries:smpte170m color_trc:smpte170m
[Parsed_showinfo_1 @ 0000018a76987800] n:  66 pts:3336701 pts_time:33.36701 duration:   1667 duration_time:0.01667 fmt:yuv420p cl:left sar:1/1 s:720x1334 i:P iskey:0 type:P checksum:B93340F9 plane_checksum:[8CC55C3C 9B1D8DE2 EBF456CC] mean:[203 130 126] stdev:[40.9 8.6 8.8]
[Parsed_showinfo_1 @ 0000018a76987800] color_range:tv color_space:smpte170m color_primaries:smpte170m color_trc:smpte170m
[Parsed_showinfo_1 @ 0000018a76987800] n:  67 pts:3386755 pts_time:33.86755 duration:   1629 duration_time:0.01629 fmt:yuv420p cl:left sar:1/1 s:720x1334 i:P iskey:0 type:P checksum:A9A9DBFC plane_checksum:[B6F0C5E3 8AA5AC73 4BA66997] mean:[202 130 126] stdev:[41.3 8.6 8.8]
[Parsed_showinfo_1 @ 0000018a76987800] color_range:tv color_space:smpte170m color_primaries:smpte170m color_trc:smpte170m
[Parsed_showinfo_1 @ 0000018a76987800] n:  68 pts:3438391 pts_time:34.38391 duration:   1681 duration_time:0.01681 fmt:yuv420p cl:left sar:1/1 s:720x1334 i:P iskey:0 type:P checksum:C013465A plane_checksum:[41395C72 1C869F03 E2A04AD6] mean:[203 130 126] stdev:[41.1 8.7 8.9]
[Parsed_showinfo_1 @ 0000018a76987800] color_range:tv color_space:smpte170m color_primaries:smpte170m color_trc:smpte170m
[Parsed_showinfo_1 @ 0000018a76987800] n:  69 pts:3488420 pts_time:34.8842 duration:   1754 duration_time:0.01754 fmt:yuv420p cl:left sar:1/1 s:720x1334 i:P iskey:0 type:P checksum:D695B459 plane_checksum:[411EBFAA 36C0AFE6 3EE844BA] mean:[203 130 126] stdev:[41.0 8.7 8.8]
[Parsed_showinfo_1 @ 0000018a76987800] color_range:tv color_space:smpte170m color_primaries:smpte170m color_trc:smpte170m
[Parsed_showinfo_1 @ 0000018a76987800] n:  70 pts:3538442 pts_time:35.38442 duration:   1706 duration_time:0.01706 fmt:yuv420p cl:left sar:1/1 s:720x1334 i:P iskey:0 type:P checksum:384AFA01 plane_checksum:[236D131A 7FBAB3FB 56A432EC] mean:[202 130 126] stdev:[41.1 8.7 8.9]
[Parsed_showinfo_1 @ 0000018a76987800] color_range:tv color_space:smpte170m color_primaries:smpte170m color_trc:smpte170m
[Parsed_showinfo_1 @ 0000018a76987800] n:  71 pts:3588490 pts_time:35.8849 duration:   1742 duration_time:0.01742 fmt:yuv420p cl:left sar:1/1 s:720x1334 i:P iskey:0 type:P checksum:F5018CBC plane_checksum:[C4DFE2B3 3116A0DC 764B091E] mean:[203 130 126] stdev:[40.9 8.6 8.6]
[Parsed_showinfo_1 @ 0000018a76987800] color_range:tv color_space:smpte170m color_primaries:smpte170m color_trc:smpte170m
[Parsed_showinfo_1 @ 0000018a76987800] n:  72 pts:3638504 pts_time:36.38504 duration:   1714 duration_time:0.01714 fmt:yuv420p cl:left sar:1/1 s:720x1334 i:P iskey:0 type:P checksum:1FC0E842 plane_checksum:[B3AEC0D1 193F6F2F 6075B833] mean:[203 131 125] stdev:[40.2 9.1 9.6]
[Parsed_showinfo_1 @ 0000018a76987800] color_range:tv color_space:smpte170m color_primaries:smpte170m color_trc:smpte170m
[Parsed_showinfo_1 @ 0000018a76987800] n:  73 pts:3688535 pts_time:36.88535 duration:   1674 duration_time:0.01674 fmt:yuv420p cl:left sar:1/1 s:720x1334 i:P iskey:0 type:P checksum:8F36781E plane_checksum:[1778542A BD88A1D4 962A8211] mean:[203 131 125] stdev:[40.0 9.6 10.7]
[Parsed_showinfo_1 @ 0000018a76987800] color_range:tv color_space:smpte170m color_primaries:smpte170m color_trc:smpte170m
[Parsed_showinfo_1 @ 0000018a76987800] n:  74 pts:3738570 pts_time:37.3857 duration:   1669 duration_time:0.01669 fmt:yuv420p cl:left sar:1/1 s:720x1334 i:P iskey:0 type:P checksum:FCD40A13 plane_checksum:[E744D420 2A30D495 A0426140] mean:[203 131 125] stdev:[40.2 9.2 10.4]
[Parsed_showinfo_1 @ 0000018a76987800] color_range:tv color_space:smpte170m color_primaries:smpte170m color_trc:smpte170m
[Parsed_showinfo_1 @ 0000018a76987800] n:  75 pts:3788588 pts_time:37.88588 duration:   1721 duration_time:0.01721 fmt:yuv420p cl:left sar:1/1 s:720x1334 i:P iskey:0 type:P checksum:C4BEB8AA plane_checksum:[56C596E1 32B19058 1D259162] mean:[203 131 125] stdev:[40.4 9.5 10.9]
[Parsed_showinfo_1 @ 0000018a76987800] color_range:tv color_space:smpte170m color_primaries:smpte170m color_trc:smpte170m
[Parsed_showinfo_1 @ 0000018a76987800] n:  76 pts:3838666 pts_time:38.38666 duration:   1638 duration_time:0.01638 fmt:yuv420p cl:left sar:1/1 s:720x1334 i:P iskey:0 type:P checksum:4B66873A plane_checksum:[695C0708 9DCCB60D 066DCA16] mean:[203 131 125] stdev:[40.6 9.7 10.7]
[Parsed_showinfo_1 @ 0000018a76987800] color_range:tv color_space:smpte170m color_primaries:smpte170m color_trc:smpte170m
[Parsed_showinfo_1 @ 0000018a76987800] n:  77 pts:3890314 pts_time:38.90314 duration:   1662 duration_time:0.01662 fmt:yuv420p cl:left sar:1/1 s:720x1334 i:P iskey:0 type:P checksum:3CDB101C plane_checksum:[06079EFA 68F2B278 0019BE8C] mean:[203 131 125] stdev:[40.5 9.7 10.8]
[Parsed_showinfo_1 @ 0000018a76987800] color_range:tv color_space:smpte170m color_primaries:smpte170m color_trc:smpte170m
[Parsed_showinfo_1 @ 0000018a76987800] n:  78 pts:3940378 pts_time:39.40378 duration:   1652 duration_time:0.01652 fmt:yuv420p cl:left sar:1/1 s:720x1334 i:P iskey:0 type:P checksum:7F8D00E5 plane_checksum:[FA90DC8D 28258806 38429C34] mean:[203 131 125] stdev:[40.2 9.5 10.7]
[Parsed_showinfo_1 @ 0000018a76987800] color_range:tv color_space:smpte170m color_primaries:smpte170m color_trc:smpte170m
[Parsed_showinfo_1 @ 0000018a76987800] n:  79 pts:3992005 pts_time:39.92005 duration:   1694 duration_time:0.01694 fmt:yuv420p cl:left sar:1/1 s:720x1334 i:P iskey:0 type:P checksum:3F603DFE plane_checksum:[D95C7329 747C4AEC C3AF7FDA] mean:[203 131 125] stdev:[40.2 9.4 10.8]
[Parsed_showinfo_1 @ 0000018a76987800] color_range:tv color_space:smpte170m color_primaries:smpte170m color_trc:smpte170m
[Parsed_showinfo_1 @ 0000018a76987800] n:  80 pts:4042039 pts_time:40.42039 duration:   1667 duration_time:0.01667 fmt:yuv420p cl:left sar:1/1 s:720x1334 i:P iskey:0 type:P checksum:5BF726DF plane_checksum:[A1A05A82 DD5A47DA 0B528474] mean:[203 131 125] stdev:[40.2 9.3 10.8]
[Parsed_showinfo_1 @ 0000018a76987800] color_range:tv color_space:smpte170m color_primaries:smpte170m color_trc:smpte170m
[Parsed_showinfo_1 @ 0000018a76987800] n:  81 pts:4092111 pts_time:40.92111 duration:   1624 duration_time:0.01624 fmt:yuv420p cl:left sar:1/1 s:720x1334 i:P iskey:0 type:P checksum:39B44F98 plane_checksum:[750E22E0 4B6083C2 2C12A8E7] mean:[203 131 125] stdev:[40.3 9.5 10.7]
[Parsed_showinfo_1 @ 0000018a76987800] color_range:tv color_space:smpte170m color_primaries:smpte170m color_trc:smpte170m
[Parsed_showinfo_1 @ 0000018a76987800] n:  82 pts:4143775 pts_time:41.43775 duration:   1661 duration_time:0.01661 fmt:yuv420p cl:left sar:1/1 s:720x1334 i:P iskey:0 type:P checksum:AB3ADE22 plane_checksum:[C002A144 12BA9086 DA16AC49] mean:[203 131 125] stdev:[40.3 9.6 10.6]
[Parsed_showinfo_1 @ 0000018a76987800] color_range:tv color_space:smpte170m color_primaries:smpte170m color_trc:smpte170m
[Parsed_showinfo_1 @ 0000018a76987800] n:  83 pts:4193791 pts_time:41.93791 duration:   1718 duration_time:0.01718 fmt:yuv420p cl:left sar:1/1 s:720x1334 i:P iskey:0 type:P checksum:2FCFD956 plane_checksum:[2AEDA094 DDE191B1 644FA702] mean:[203 131 125] stdev:[40.4 9.5 10.7]
[Parsed_showinfo_1 @ 0000018a76987800] color_range:tv color_space:smpte170m color_primaries:smpte170m color_trc:smpte170m
[Parsed_showinfo_1 @ 0000018a76987800] n:  84 pts:4243858 pts_time:42.43858 duration:   1625 duration_time:0.01625 fmt:yuv420p cl:left sar:1/1 s:720x1334 i:P iskey:0 type:P checksum:806CC565 plane_checksum:[C167E1BC 36995D70 7D33862A] mean:[203 131 125] stdev:[40.3 9.4 10.8]
[Parsed_showinfo_1 @ 0000018a76987800] color_range:tv color_space:smpte170m color_primaries:smpte170m color_trc:smpte170m
[Parsed_showinfo_1 @ 0000018a76987800] n:  85 pts:4293899 pts_time:42.93899 duration:   1653 duration_time:0.01653 fmt:yuv420p cl:left sar:1/1 s:720x1334 i:P iskey:0 type:P checksum:C78FF4A0 plane_checksum:[DF45E8FA B21C8072 6A368B25] mean:[203 131 125] stdev:[40.3 9.5 10.8]
[Parsed_showinfo_1 @ 0000018a76987800] color_range:tv color_space:smpte170m color_primaries:smpte170m color_trc:smpte170m
[Parsed_showinfo_1 @ 0000018a76987800] n:  86 pts:4345583 pts_time:43.45583 duration:   1694 duration_time:0.01694 fmt:yuv420p cl:left sar:1/1 s:720x1334 i:P iskey:0 type:P checksum:5D8C67FA plane_checksum:[B8C297BB DEB854EB 192E7B45] mean:[203 131 125] stdev:[40.2 9.4 10.8]
[Parsed_showinfo_1 @ 0000018a76987800] color_range:tv color_space:smpte170m color_primaries:smpte170m color_trc:smpte170m
[Parsed_showinfo_1 @ 0000018a76987800] n:  87 pts:4395588 pts_time:43.95588 duration:   1670 duration_time:0.0167  fmt:yuv420p cl:left sar:1/1 s:720x1334 i:P iskey:0 type:P checksum:F65FEB63 plane_checksum:[FE85D9F0 9420A0D3 09B87091] mean:[203 131 125] stdev:[40.3 9.6 10.9]
[Parsed_showinfo_1 @ 0000018a76987800] color_range:tv color_space:smpte170m color_primaries:smpte170m color_trc:smpte170m
[Parsed_showinfo_1 @ 0000018a76987800] n:  88 pts:4445631 pts_time:44.45631 duration:   1672 duration_time:0.01672 fmt:yuv420p cl:left sar:1/1 s:720x1334 i:P iskey:0 type:P checksum:3AFFBD16 plane_checksum:[FE45095F AF172876 28AC8B41] mean:[203 131 125] stdev:[40.2 9.3 10.8]
[Parsed_showinfo_1 @ 0000018a76987800] color_range:tv color_space:smpte170m color_primaries:smpte170m color_trc:smpte170m
[Parsed_showinfo_1 @ 0000018a76987800] n:  89 pts:4495658 pts_time:44.95658 duration:   1660 duration_time:0.0166  fmt:yuv420p cl:left sar:1/1 s:720x1334 i:P iskey:0 type:P checksum:05782618 plane_checksum:[76A132B0 38C26E2C 8D4C852D] mean:[203 131 125] stdev:[40.3 9.4 10.8]
[Parsed_showinfo_1 @ 0000018a76987800] color_range:tv color_space:smpte170m color_primaries:smpte170m color_trc:smpte170m
[Parsed_showinfo_1 @ 0000018a76987800] n:  90 pts:4545716 pts_time:45.45716 duration:   1611 duration_time:0.01611 fmt:yuv420p cl:left sar:1/1 s:720x1334 i:P iskey:0 type:P checksum:7A0ACB2B plane_checksum:[043BCE7D 29E76DAF 2BAF8EF0] mean:[203 131 125] stdev:[40.2 9.5 10.7]
[Parsed_showinfo_1 @ 0000018a76987800] color_range:tv color_space:smpte170m color_primaries:smpte170m color_trc:smpte170m
[Parsed_showinfo_1 @ 0000018a76987800] n:  91 pts:4597363 pts_time:45.97363 duration:   1651 duration_time:0.01651 fmt:yuv420p cl:left sar:1/1 s:720x1334 i:P iskey:0 type:P checksum:5DA668DA plane_checksum:[777E5B3E 07CC7E5C C3658F31] mean:[203 131 125] stdev:[40.3 9.5 10.7]
[Parsed_showinfo_1 @ 0000018a76987800] color_range:tv color_space:smpte170m color_primaries:smpte170m color_trc:smpte170m
[Parsed_showinfo_1 @ 0000018a76987800] n:  92 pts:4647374 pts_time:46.47374 duration:   1629 duration_time:0.01629 fmt:yuv420p cl:left sar:1/1 s:720x1334 i:P iskey:0 type:P checksum:0904E4D0 plane_checksum:[D90AA217 580695D1 8975ACD9] mean:[203 131 125] stdev:[40.4 9.5 10.7]
[Parsed_showinfo_1 @ 0000018a76987800] color_range:tv color_space:smpte170m color_primaries:smpte170m color_trc:smpte170m
[Parsed_showinfo_1 @ 0000018a76987800] n:  93 pts:4697454 pts_time:46.97454 duration:   1665 duration_time:0.01665 fmt:yuv420p cl:left sar:1/1 s:720x1334 i:P iskey:0 type:P checksum:79FC22F3 plane_checksum:[97DB0887 F6437814 2E6FA249] mean:[203 131 125] stdev:[40.3 9.4 10.7]
[Parsed_showinfo_1 @ 0000018a76987800] color_range:tv color_space:smpte170m color_primaries:smpte170m color_trc:smpte170m
[Parsed_showinfo_1 @ 0000018a76987800] n:  94 pts:4749116 pts_time:47.49116 duration:   1611 duration_time:0.01611 fmt:yuv420p cl:left sar:1/1 s:720x1334 i:P iskey:0 type:P checksum:C72C2115 plane_checksum:[9CEF4DCD 1F815628 DAEA7D11] mean:[203 131 125] stdev:[40.2 9.3 10.8]
[Parsed_showinfo_1 @ 0000018a76987800] color_range:tv color_space:smpte170m color_primaries:smpte170m color_trc:smpte170m
[Parsed_showinfo_1 @ 0000018a76987800] n:  95 pts:4799149 pts_time:47.99149 duration:   1624 duration_time:0.01624 fmt:yuv420p cl:left sar:1/1 s:720x1334 i:P iskey:0 type:P checksum:547E7F7F plane_checksum:[434B573C B6A19F1C DDC18918] mean:[203 131 125] stdev:[40.3 9.5 10.8]
[Parsed_showinfo_1 @ 0000018a76987800] color_range:tv color_space:smpte170m color_primaries:smpte170m color_trc:smpte170m
[Parsed_showinfo_1 @ 0000018a76987800] n:  96 pts:4850790 pts_time:48.5079 duration:   1663 duration_time:0.01663 fmt:yuv420p cl:left sar:1/1 s:720x1334 i:P iskey:0 type:P checksum:0F8A546D plane_checksum:[7AC16F22 87046EF2 0E3B764A] mean:[203 131 125] stdev:[40.3 9.4 10.8]
[Parsed_showinfo_1 @ 0000018a76987800] color_range:tv color_space:smpte170m color_primaries:smpte170m color_trc:smpte170m
[Parsed_showinfo_1 @ 0000018a76987800] n:  97 pts:4900821 pts_time:49.00821 duration:   1676 duration_time:0.01676 fmt:yuv420p cl:left sar:1/1 s:720x1334 i:P iskey:0 type:P checksum:C3E5B461 plane_checksum:[BA9BF4C2 7420562A 68786966] mean:[203 131 125] stdev:[40.3 9.4 10.9]
[Parsed_showinfo_1 @ 0000018a76987800] color_range:tv color_space:smpte170m color_primaries:smpte170m color_trc:smpte170m
[Parsed_showinfo_1 @ 0000018a76987800] n:  98 pts:4950855 pts_time:49.50855 duration:   1673 duration_time:0.01673 fmt:yuv420p cl:left sar:1/1 s:720x1334 i:P iskey:0 type:P checksum:A77C8D6D plane_checksum:[A846B117 06976C3A 109D700D] mean:[203 131 125] stdev:[40.2 9.4 10.8]
[Parsed_showinfo_1 @ 0000018a76987800] color_range:tv color_space:smpte170m color_primaries:smpte170m color_trc:smpte170m
[Parsed_showinfo_1 @ 0000018a76987800] n:  99 pts:5000859 pts_time:50.00859 duration:   1669 duration_time:0.01669 fmt:yuv420p cl:left sar:1/1 s:720x1334 i:P iskey:0 type:P checksum:662C322F plane_checksum:[2CE19072 66E34CE1 E38854CD] mean:[203 131 125] stdev:[40.2 9.3 11.0]
[Parsed_showinfo_1 @ 0000018a76987800] color_range:tv color_space:smpte170m color_primaries:smpte170m color_trc:smpte170m
[Parsed_showinfo_1 @ 0000018a76987800] n: 100 pts:5050913 pts_time:50.50913 duration:   1660 duration_time:0.0166  fmt:yuv420p cl:left sar:1/1 s:720x1334 i:P iskey:0 type:P checksum:DF1D6886 plane_checksum:[F5AD5A75 DA48311D 3451DCE5] mean:[203 131 125] stdev:[40.4 9.3 10.5]
[Parsed_showinfo_1 @ 0000018a76987800] color_range:tv color_space:smpte170m color_primaries:smpte170m color_trc:smpte170m
[Parsed_showinfo_1 @ 0000018a76987800] n: 101 pts:5100958 pts_time:51.00958 duration:   1658 duration_time:0.01658 fmt:yuv420p cl:left sar:1/1 s:720x1334 i:P iskey:0 type:P checksum:5FA7BCB2 plane_checksum:[7A9EAD97 E188A19E 30636D6E] mean:[203 131 126] stdev:[40.5 9.0 9.1]
[Parsed_showinfo_1 @ 0000018a76987800] color_range:tv color_space:smpte170m color_primaries:smpte170m color_trc:smpte170m
[Parsed_showinfo_1 @ 0000018a76987800] n: 102 pts:5150964 pts_time:51.50964 duration:   1687 duration_time:0.01687 fmt:yuv420p cl:left sar:1/1 s:720x1334 i:P iskey:0 type:P checksum:00D254C1 plane_checksum:[D83EDB94 FFD97324 FC4E05FA] mean:[202 131 126] stdev:[41.0 8.7 8.7]
[Parsed_showinfo_1 @ 0000018a76987800] color_range:tv color_space:smpte170m color_primaries:smpte170m color_trc:smpte170m
[Parsed_showinfo_1 @ 0000018a76987800] n: 103 pts:5200987 pts_time:52.00987 duration:   1676 duration_time:0.01676 fmt:yuv420p cl:left sar:1/1 s:720x1334 i:P iskey:0 type:P checksum:8BA8AF60 plane_checksum:[1588D662 366CCC60 2C060C8F] mean:[202 130 126] stdev:[41.5 8.7 8.8]
[Parsed_showinfo_1 @ 0000018a76987800] color_range:tv color_space:smpte170m color_primaries:smpte170m color_trc:smpte170m
[Parsed_showinfo_1 @ 0000018a76987800] n: 104 pts:5251009 pts_time:52.51009 duration:   1674 duration_time:0.01674 fmt:yuv420p cl:left sar:1/1 s:720x1334 i:P iskey:0 type:P checksum:33948CB0 plane_checksum:[2CA79164 99ECCF79 D7182BC4] mean:[202 130 126] stdev:[41.2 8.7 8.9]
[Parsed_showinfo_1 @ 0000018a76987800] color_range:tv color_space:smpte170m color_primaries:smpte170m color_trc:smpte170m
[Parsed_showinfo_1 @ 0000018a76987800] n: 105 pts:5301038 pts_time:53.01038 duration:   1698 duration_time:0.01698 fmt:yuv420p cl:left sar:1/1 s:720x1334 i:P iskey:0 type:P checksum:C3703CA7 plane_checksum:[57C6EDEB 7DDEB0B8 E6259DE6] mean:[201 130 127] stdev:[42.1 8.8 8.6]
[Parsed_showinfo_1 @ 0000018a76987800] color_range:tv color_space:smpte170m color_primaries:smpte170m color_trc:smpte170m
[Parsed_showinfo_1 @ 0000018a76987800] n: 106 pts:5351097 pts_time:53.51097 duration:   1626 duration_time:0.01626 fmt:yuv420p cl:left sar:1/1 s:720x1334 i:P iskey:0 type:P checksum:FFECDB87 plane_checksum:[AA444C09 A1D6A4D0 7B41EA9F] mean:[201 130 127] stdev:[42.2 8.7 8.7]
[Parsed_showinfo_1 @ 0000018a76987800] color_range:tv color_space:smpte170m color_primaries:smpte170m color_trc:smpte170m
[Parsed_showinfo_1 @ 0000018a76987800] n: 107 pts:5401119 pts_time:54.01119 duration:   1613 duration_time:0.01613 fmt:yuv420p cl:left sar:1/1 s:720x1334 i:P iskey:0 type:P checksum:3CC56757 plane_checksum:[04F9668E C5BF7D9B 3DC5831F] mean:[201 130 126] stdev:[42.1 8.6 8.6]
[Parsed_showinfo_1 @ 0000018a76987800] color_range:tv color_space:smpte170m color_primaries:smpte170m color_trc:smpte170m
[Parsed_showinfo_1 @ 0000018a76987800] n: 108 pts:5451119 pts_time:54.51119 duration:   1632 duration_time:0.01632 fmt:yuv420p cl:left sar:1/1 s:720x1334 i:P iskey:0 type:P checksum:8A928A16 plane_checksum:[E517D713 3C994048 A49D72AC] mean:[201 130 126] stdev:[42.2 8.6 8.9]
[Parsed_showinfo_1 @ 0000018a76987800] color_range:tv color_space:smpte170m color_primaries:smpte170m color_trc:smpte170m
[Parsed_showinfo_1 @ 0000018a76987800] n: 109 pts:5502841 pts_time:55.02841 duration:   1672 duration_time:0.01672 fmt:yuv420p cl:left sar:1/1 s:720x1334 i:P iskey:0 type:P checksum:CE5AC115 plane_checksum:[ECF7849E AEC83E6E 2F9DFDFA] mean:[201 130 127] stdev:[42.1 8.4 8.7]
[Parsed_showinfo_1 @ 0000018a76987800] color_range:tv color_space:smpte170m color_primaries:smpte170m color_trc:smpte170m
[Parsed_showinfo_1 @ 0000018a76987800] n: 110 pts:5554529 pts_time:55.54529 duration:   1615 duration_time:0.01615 fmt:yuv420p cl:left sar:1/1 s:720x1334 i:P iskey:0 type:P checksum:41940D6B plane_checksum:[D8675A28 5D1F7CF9 8E35363B] mean:[201 130 126] stdev:[41.9 8.7 8.9]
[Parsed_showinfo_1 @ 0000018a76987800] color_range:tv color_space:smpte170m color_primaries:smpte170m color_trc:smpte170m
[Parsed_showinfo_1 @ 0000018a76987800] n: 111 pts:5604533 pts_time:56.04533 duration:   1703 duration_time:0.01703 fmt:yuv420p cl:left sar:1/1 s:720x1334 i:P iskey:0 type:P checksum:EF0F5446 plane_checksum:[BDCEC118 515CC372 9394CF9E] mean:[202 130 126] stdev:[42.0 8.5 9.3]
[Parsed_showinfo_1 @ 0000018a76987800] color_range:tv color_space:smpte170m color_primaries:smpte170m color_trc:smpte170m
frame=  107 fps=105 q=-0.0 size=N/A time=00:00:53.53 bitrate=N/A speed=52.5x    
[Parsed_showinfo_1 @ 0000018a76987800] n: 112 pts:5654573 pts_time:56.54573 duration:   1617 duration_time:0.01617 fmt:yuv420p cl:left sar:1/1 s:720x1334 i:P iskey:0 type:P checksum:CC968570 plane_checksum:[133D9383 3CE795B5 B4B15C29] mean:[201 130 126] stdev:[41.9 8.3 8.9]
[Parsed_showinfo_1 @ 0000018a76987800] color_range:tv color_space:smpte170m color_primaries:smpte170m color_trc:smpte170m
[Parsed_showinfo_1 @ 0000018a76987800] n: 113 pts:5704583 pts_time:57.04583 duration:   1663 duration_time:0.01663 fmt:yuv420p cl:left sar:1/1 s:720x1334 i:P iskey:0 type:P checksum:13F2197F plane_checksum:[D2AE816A 0557F99E 3D559E59] mean:[201 130 127] stdev:[42.1 8.4 9.0]
[Parsed_showinfo_1 @ 0000018a76987800] color_range:tv color_space:smpte170m color_primaries:smpte170m color_trc:smpte170m
[Parsed_showinfo_1 @ 0000018a76987800] n: 114 pts:5754606 pts_time:57.54606 duration:   1734 duration_time:0.01734 fmt:yuv420p cl:left sar:1/1 s:720x1334 i:P iskey:0 type:P checksum:3352F6BC plane_checksum:[989F018D 0904864F A13C6EE0] mean:[201 130 126] stdev:[42.1 8.6 9.3]
[Parsed_showinfo_1 @ 0000018a76987800] color_range:tv color_space:smpte170m color_primaries:smpte170m color_trc:smpte170m
[Parsed_showinfo_1 @ 0000018a76987800] n: 115 pts:5804633 pts_time:58.04633 duration:   1698 duration_time:0.01698 fmt:yuv420p cl:left sar:1/1 s:720x1334 i:P iskey:0 type:P checksum:08A8E4EA plane_checksum:[2F576127 20CDFE61 2F108553] mean:[202 130 126] stdev:[41.9 8.8 9.4]
[Parsed_showinfo_1 @ 0000018a76987800] color_range:tv color_space:smpte170m color_primaries:smpte170m color_trc:smpte170m
[Parsed_showinfo_1 @ 0000018a76987800] n: 116 pts:5854646 pts_time:58.54646 duration:   1662 duration_time:0.01662 fmt:yuv420p cl:left sar:1/1 s:720x1334 i:P iskey:0 type:P checksum:42E786A5 plane_checksum:[E248EE38 8B351E73 160479EB] mean:[202 130 126] stdev:[41.7 8.7 9.3]
[Parsed_showinfo_1 @ 0000018a76987800] color_range:tv color_space:smpte170m color_primaries:smpte170m color_trc:smpte170m
[Parsed_showinfo_1 @ 0000018a76987800] n: 117 pts:5904699 pts_time:59.04699 duration:   1666 duration_time:0.01666 fmt:yuv420p cl:left sar:1/1 s:720x1334 i:P iskey:0 type:P checksum:C65F3636 plane_checksum:[0FB600D6 0536A233 8A28931E] mean:[202 130 126] stdev:[41.2 8.8 9.0]
[Parsed_showinfo_1 @ 0000018a76987800] color_range:tv color_space:smpte170m color_primaries:smpte170m color_trc:smpte170m
[Parsed_showinfo_1 @ 0000018a76987800] n: 118 pts:5954726 pts_time:59.54726 duration:   1681 duration_time:0.01681 fmt:yuv420p cl:left sar:1/1 s:720x1334 i:P iskey:0 type:P checksum:6CE675D0 plane_checksum:[FD8B863F 3EBEC200 A87D2D82] mean:[202 130 126] stdev:[41.7 8.8 8.8]
[Parsed_showinfo_1 @ 0000018a76987800] color_range:tv color_space:smpte170m color_primaries:smpte170m color_trc:smpte170m
[Parsed_showinfo_1 @ 0000018a76987800] n: 119 pts:6004739 pts_time:60.04739 duration:   1687 duration_time:0.01687 fmt:yuv420p cl:left sar:1/1 s:720x1334 i:P iskey:0 type:P checksum:63710BFF plane_checksum:[AA752DC0 80ABD1F9 8D8F0C37] mean:[202 130 126] stdev:[41.3 8.8 8.8]
[Parsed_showinfo_1 @ 0000018a76987800] color_range:tv color_space:smpte170m color_primaries:smpte170m color_trc:smpte170m
[Parsed_showinfo_1 @ 0000018a76987800] n: 120 pts:6054750 pts_time:60.5475 duration:   1671 duration_time:0.01671 fmt:yuv420p cl:left sar:1/1 s:720x1334 i:P iskey:0 type:P checksum:396C4DC4 plane_checksum:[45926358 C104B1FE 897A385F] mean:[202 130 126] stdev:[41.6 8.7 8.9]
[Parsed_showinfo_1 @ 0000018a76987800] color_range:tv color_space:smpte170m color_primaries:smpte170m color_trc:smpte170m
[Parsed_showinfo_1 @ 0000018a76987800] n: 121 pts:6104827 pts_time:61.04827 duration:   1605 duration_time:0.01605 fmt:yuv420p cl:left sar:1/1 s:720x1334 i:P iskey:0 type:P checksum:E2321696 plane_checksum:[CFA72836 61F1DBF9 80841258] mean:[202 130 126] stdev:[41.4 8.8 8.7]
[Parsed_showinfo_1 @ 0000018a76987800] color_range:tv color_space:smpte170m color_primaries:smpte170m color_trc:smpte170m
[Parsed_showinfo_1 @ 0000018a76987800] n: 122 pts:6156484 pts_time:61.56484 duration:   1676 duration_time:0.01676 fmt:yuv420p cl:left sar:1/1 s:720x1334 i:P iskey:0 type:P checksum:193C9B92 plane_checksum:[3B6675EE F6D47524 21EEB071] mean:[201 130 127] stdev:[42.5 8.8 9.2]
[Parsed_showinfo_1 @ 0000018a76987800] color_range:tv color_space:smpte170m color_primaries:smpte170m color_trc:smpte170m
[Parsed_showinfo_1 @ 0000018a76987800] n: 123 pts:6208168 pts_time:62.08168 duration:   1711 duration_time:0.01711 fmt:yuv420p cl:left sar:1/1 s:720x1334 i:P iskey:0 type:P checksum:F0FC9D04 plane_checksum:[279C7FD6 A180B56D 5AA667B2] mean:[201 130 127] stdev:[43.0 9.3 11.0]
[Parsed_showinfo_1 @ 0000018a76987800] color_range:tv color_space:smpte170m color_primaries:smpte170m color_trc:smpte170m
[Parsed_showinfo_1 @ 0000018a76987800] n: 124 pts:6258206 pts_time:62.58206 duration:   1714 duration_time:0.01714 fmt:yuv420p cl:left sar:1/1 s:720x1334 i:P iskey:0 type:P checksum:F31AC3B8 plane_checksum:[DDB98DCF 22FFB8F0 AD897CEA] mean:[203 129 127] stdev:[40.8 10.3 8.0]
[Parsed_showinfo_1 @ 0000018a76987800] color_range:tv color_space:smpte170m color_primaries:smpte170m color_trc:smpte170m
[Parsed_showinfo_1 @ 0000018a76987800] n: 125 pts:6308278 pts_time:63.08278 duration:   1612 duration_time:0.01612 fmt:yuv420p cl:left sar:1/1 s:720x1334 i:P iskey:0 type:P checksum:6F8B3C5C plane_checksum:[BED85F75 09DD2004 B364BCD4] mean:[203 130 127] stdev:[41.2 8.7 8.1]
[Parsed_showinfo_1 @ 0000018a76987800] color_range:tv color_space:smpte170m color_primaries:smpte170m color_trc:smpte170m
[Parsed_showinfo_1 @ 0000018a76987800] n: 126 pts:6359938 pts_time:63.59938 duration:   1655 duration_time:0.01655 fmt:yuv420p cl:left sar:1/1 s:720x1334 i:P iskey:0 type:P checksum:24D676A8 plane_checksum:[9AEA369D 07516F35 5A6BD0C7] mean:[203 131 127] stdev:[41.3 8.7 7.5]
[Parsed_showinfo_1 @ 0000018a76987800] color_range:tv color_space:smpte170m color_primaries:smpte170m color_trc:smpte170m
[Parsed_showinfo_1 @ 0000018a76987800] n: 127 pts:6411600 pts_time:64.116  duration:   1668 duration_time:0.01668 fmt:yuv420p cl:left sar:1/1 s:720x1334 i:P iskey:0 type:P checksum:87AC1261 plane_checksum:[0E794D5B 4B90A125 CB5623D2] mean:[203 131 126] stdev:[41.0 8.6 6.8]
[Parsed_showinfo_1 @ 0000018a76987800] color_range:tv color_space:smpte170m color_primaries:smpte170m color_trc:smpte170m
[Parsed_showinfo_1 @ 0000018a76987800] n: 128 pts:6461625 pts_time:64.61625 duration:   1727 duration_time:0.01727 fmt:yuv420p cl:left sar:1/1 s:720x1334 i:P iskey:0 type:P checksum:2F6B785D plane_checksum:[8A75CD3B 29946C1B 0B693EF8] mean:[203 131 126] stdev:[41.0 9.1 7.4]
[Parsed_showinfo_1 @ 0000018a76987800] color_range:tv color_space:smpte170m color_primaries:smpte170m color_trc:smpte170m
[Parsed_showinfo_1 @ 0000018a76987800] n: 129 pts:6511639 pts_time:65.11639 duration:   1751 duration_time:0.01751 fmt:yuv420p cl:left sar:1/1 s:720x1334 i:P iskey:0 type:P checksum:98F835F8 plane_checksum:[A78E9AAB C8B76DC8 55FD2D76] mean:[203 131 126] stdev:[40.8 8.5 6.6]
[Parsed_showinfo_1 @ 0000018a76987800] color_range:tv color_space:smpte170m color_primaries:smpte170m color_trc:smpte170m
[Parsed_showinfo_1 @ 0000018a76987800] n: 130 pts:6561685 pts_time:65.61685 duration:   1754 duration_time:0.01754 fmt:yuv420p cl:left sar:1/1 s:720x1334 i:P iskey:0 type:P checksum:F5883007 plane_checksum:[198D8AFA B7DBEB1D B67FB9D2] mean:[203 131 126] stdev:[40.7 9.3 7.4]
[Parsed_showinfo_1 @ 0000018a76987800] color_range:tv color_space:smpte170m color_primaries:smpte170m color_trc:smpte170m
[Parsed_showinfo_1 @ 0000018a76987800] n: 131 pts:6611704 pts_time:66.11704 duration:   1682 duration_time:0.01682 fmt:yuv420p cl:left sar:1/1 s:720x1334 i:P iskey:0 type:P checksum:E5B509D5 plane_checksum:[98D5642D FF0AAFF6 21C1F594] mean:[203 131 126] stdev:[40.7 8.7 6.9]
[Parsed_showinfo_1 @ 0000018a76987800] color_range:tv color_space:smpte170m color_primaries:smpte170m color_trc:smpte170m
[Parsed_showinfo_1 @ 0000018a76987800] n: 132 pts:6661723 pts_time:66.61723 duration:   1676 duration_time:0.01676 fmt:yuv420p cl:left sar:1/1 s:720x1334 i:P iskey:0 type:P checksum:77FF1818 plane_checksum:[80D75E47 D802B492 24AA0530] mean:[203 131 126] stdev:[41.0 9.3 7.7]
[Parsed_showinfo_1 @ 0000018a76987800] color_range:tv color_space:smpte170m color_primaries:smpte170m color_trc:smpte170m
[Parsed_showinfo_1 @ 0000018a76987800] n: 133 pts:6711742 pts_time:67.11742 duration:   1733 duration_time:0.01733 fmt:yuv420p cl:left sar:1/1 s:720x1334 i:P iskey:0 type:P checksum:3BD7EA06 plane_checksum:[0809ECF0 BC5BF012 C4280CF5] mean:[203 131 126] stdev:[41.0 8.9 7.3]
[Parsed_showinfo_1 @ 0000018a76987800] color_range:tv color_space:smpte170m color_primaries:smpte170m color_trc:smpte170m
[Parsed_showinfo_1 @ 0000018a76987800] n: 134 pts:6761812 pts_time:67.61812 duration:   1682 duration_time:0.01682 fmt:yuv420p cl:left sar:1/1 s:720x1334 i:P iskey:0 type:P checksum:5BC00DC5 plane_checksum:[AE2619BA 3DDFDFDA 202A1422] mean:[203 131 126] stdev:[40.9 8.9 7.4]
[Parsed_showinfo_1 @ 0000018a76987800] color_range:tv color_space:smpte170m color_primaries:smpte170m color_trc:smpte170m
[Parsed_showinfo_1 @ 0000018a76987800] n: 135 pts:6811824 pts_time:68.11824 duration:   1634 duration_time:0.01634 fmt:yuv420p cl:left sar:1/1 s:720x1334 i:P iskey:0 type:P checksum:F23D3CAA plane_checksum:[8DCE4CF4 73DCED9B 1C99020C] mean:[203 131 126] stdev:[40.9 8.9 7.3]
[Parsed_showinfo_1 @ 0000018a76987800] color_range:tv color_space:smpte170m color_primaries:smpte170m color_trc:smpte170m
[Parsed_showinfo_1 @ 0000018a76987800] n: 136 pts:6861881 pts_time:68.61881 duration:   1677 duration_time:0.01677 fmt:yuv420p cl:left sar:1/1 s:720x1334 i:P iskey:0 type:P checksum:49419627 plane_checksum:[37A19032 F503F8F6 C0350CF0] mean:[203 131 126] stdev:[41.3 8.9 7.3]
[Parsed_showinfo_1 @ 0000018a76987800] color_range:tv color_space:smpte170m color_primaries:smpte170m color_trc:smpte170m
[Parsed_showinfo_1 @ 0000018a76987800] n: 137 pts:6911888 pts_time:69.11888 duration:   1670 duration_time:0.0167  fmt:yuv420p cl:left sar:1/1 s:720x1334 i:P iskey:0 type:P checksum:091BB296 plane_checksum:[9D10BF26 E638EAD6 B5ED088B] mean:[203 131 126] stdev:[41.0 8.9 7.3]
[Parsed_showinfo_1 @ 0000018a76987800] color_range:tv color_space:smpte170m color_primaries:smpte170m color_trc:smpte170m
[Parsed_showinfo_1 @ 0000018a76987800] n: 138 pts:6961913 pts_time:69.61913 duration:   1683 duration_time:0.01683 fmt:yuv420p cl:left sar:1/1 s:720x1334 i:P iskey:0 type:P checksum:7C1E2FAF plane_checksum:[487A3BDD 8FBDE080 F6EC1343] mean:[203 131 126] stdev:[41.2 8.9 7.3]
[Parsed_showinfo_1 @ 0000018a76987800] color_range:tv color_space:smpte170m color_primaries:smpte170m color_trc:smpte170m
[Parsed_showinfo_1 @ 0000018a76987800] n: 139 pts:7011926 pts_time:70.11926 duration:   1654 duration_time:0.01654 fmt:yuv420p cl:left sar:1/1 s:720x1334 i:P iskey:0 type:P checksum:E6A6730A plane_checksum:[B7237BB7 D95CD352 A9D023F2] mean:[203 131 126] stdev:[41.2 8.9 7.5]
[Parsed_showinfo_1 @ 0000018a76987800] color_range:tv color_space:smpte170m color_primaries:smpte170m color_trc:smpte170m
[Parsed_showinfo_1 @ 0000018a76987800] n: 140 pts:7061939 pts_time:70.61939 duration:   1725 duration_time:0.01725 fmt:yuv420p cl:left sar:1/1 s:720x1334 i:P iskey:0 type:P checksum:3652082C plane_checksum:[00811298 5DFFDF8B D2D015FA] mean:[203 131 126] stdev:[41.1 8.9 7.4]
[Parsed_showinfo_1 @ 0000018a76987800] color_range:tv color_space:smpte170m color_primaries:smpte170m color_trc:smpte170m
[Parsed_showinfo_1 @ 0000018a76987800] n: 141 pts:7111982 pts_time:71.11982 duration:   1657 duration_time:0.01657 fmt:yuv420p cl:left sar:1/1 s:720x1334 i:P iskey:0 type:P checksum:8582A46D plane_checksum:[D80F8533 096DEC2C 796632FF] mean:[202 131 126] stdev:[41.5 8.9 7.4]
[Parsed_showinfo_1 @ 0000018a76987800] color_range:tv color_space:smpte170m color_primaries:smpte170m color_trc:smpte170m
[Parsed_showinfo_1 @ 0000018a76987800] n: 142 pts:7162036 pts_time:71.62036 duration:   1630 duration_time:0.0163  fmt:yuv420p cl:left sar:1/1 s:720x1334 i:P iskey:0 type:P checksum:21EF50FD plane_checksum:[8AA8533E E6A4E84C B5171564] mean:[202 131 126] stdev:[41.3 8.9 7.3]
[Parsed_showinfo_1 @ 0000018a76987800] color_range:tv color_space:smpte170m color_primaries:smpte170m color_trc:smpte170m
[Parsed_showinfo_1 @ 0000018a76987800] n: 143 pts:7212045 pts_time:72.12045 duration:   1634 duration_time:0.01634 fmt:yuv420p cl:left sar:1/1 s:720x1334 i:P iskey:0 type:P checksum:BF027DA2 plane_checksum:[E3547A49 19A3EBC7 85421783] mean:[202 131 126] stdev:[41.4 8.9 7.3]
[Parsed_showinfo_1 @ 0000018a76987800] color_range:tv color_space:smpte170m color_primaries:smpte170m color_trc:smpte170m
[Parsed_showinfo_1 @ 0000018a76987800] n: 144 pts:7262073 pts_time:72.62073 duration:   1666 duration_time:0.01666 fmt:yuv420p cl:left sar:1/1 s:720x1334 i:P iskey:0 type:P checksum:E08C48E1 plane_checksum:[2794479C 3791FA85 C0D606B1] mean:[202 131 126] stdev:[41.3 8.9 7.3]
[Parsed_showinfo_1 @ 0000018a76987800] color_range:tv color_space:smpte170m color_primaries:smpte170m color_trc:smpte170m
[Parsed_showinfo_1 @ 0000018a76987800] n: 145 pts:7313755 pts_time:73.13755 duration:   1675 duration_time:0.01675 fmt:yuv420p cl:left sar:1/1 s:720x1334 i:P iskey:0 type:P checksum:16D15510 plane_checksum:[6AFE47B3 A7A0FC1D 74431131] mean:[202 131 126] stdev:[41.5 8.9 7.3]
[Parsed_showinfo_1 @ 0000018a76987800] color_range:tv color_space:smpte170m color_primaries:smpte170m color_trc:smpte170m
[Parsed_showinfo_1 @ 0000018a76987800] n: 146 pts:7363778 pts_time:73.63778 duration:   1653 duration_time:0.01653 fmt:yuv420p cl:left sar:1/1 s:720x1334 i:P iskey:0 type:P checksum:82A1196E plane_checksum:[C13421DC 0E4A843A 4F557349] mean:[202 131 126] stdev:[41.6 9.8 7.9]
[Parsed_showinfo_1 @ 0000018a76987800] color_range:tv color_space:smpte170m color_primaries:smpte170m color_trc:smpte170m
[Parsed_showinfo_1 @ 0000018a76987800] n: 147 pts:7413780 pts_time:74.1378 duration:   1689 duration_time:0.01689 fmt:yuv420p cl:left sar:1/1 s:720x1334 i:P iskey:0 type:P checksum:7B042C57 plane_checksum:[D4EE3952 0F87AD5A 130D459C] mean:[202 131 126] stdev:[41.5 9.2 7.2]
[Parsed_showinfo_1 @ 0000018a76987800] color_range:tv color_space:smpte170m color_primaries:smpte170m color_trc:smpte170m
[Parsed_showinfo_1 @ 0000018a76987800] n: 148 pts:7463875 pts_time:74.63875 duration:   1659 duration_time:0.01659 fmt:yuv420p cl:left sar:1/1 s:720x1334 i:P iskey:0 type:P checksum:3805DC42 plane_checksum:[0611AADE C9DA3A77 1C07F6DE] mean:[202 131 126] stdev:[41.7 10.2 8.3]
[Parsed_showinfo_1 @ 0000018a76987800] color_range:tv color_space:smpte170m color_primaries:smpte170m color_trc:smpte170m
[Parsed_showinfo_1 @ 0000018a76987800] n: 149 pts:7515494 pts_time:75.15494 duration:   1696 duration_time:0.01696 fmt:yuv420p cl:left sar:1/1 s:720x1334 i:P iskey:0 type:P checksum:F44C20EA plane_checksum:[C213E324 D5A45A59 8460E34F] mean:[202 131 126] stdev:[41.7 9.6 7.5]
[Parsed_showinfo_1 @ 0000018a76987800] color_range:tv color_space:smpte170m color_primaries:smpte170m color_trc:smpte170m
[Parsed_showinfo_1 @ 0000018a76987800] n: 150 pts:7565586 pts_time:75.65586 duration:   1605 duration_time:0.01605 fmt:yuv420p cl:left sar:1/1 s:720x1334 i:P iskey:0 type:P checksum:8F08C722 plane_checksum:[C0E17F7D 37B6D095 92417701] mean:[202 131 126] stdev:[41.6 10.0 7.8]
[Parsed_showinfo_1 @ 0000018a76987800] color_range:tv color_space:smpte170m color_primaries:smpte170m color_trc:smpte170m
[Parsed_showinfo_1 @ 0000018a76987800] n: 151 pts:7615600 pts_time:76.156  duration:   1632 duration_time:0.01632 fmt:yuv420p cl:left sar:1/1 s:720x1334 i:P iskey:0 type:P checksum:6A940578 plane_checksum:[FE42B582 98204D5A 9B4D028D] mean:[202 131 126] stdev:[41.9 10.0 7.5]
[Parsed_showinfo_1 @ 0000018a76987800] color_range:tv color_space:smpte170m color_primaries:smpte170m color_trc:smpte170m
[Parsed_showinfo_1 @ 0000018a76987800] n: 152 pts:7665618 pts_time:76.65618 duration:   1686 duration_time:0.01686 fmt:yuv420p cl:left sar:1/1 s:720x1334 i:P iskey:0 type:P checksum:0EE06C50 plane_checksum:[5EEEF6A8 0343AA57 01CBCB33] mean:[202 131 126] stdev:[42.0 10.2 7.6]
[Parsed_showinfo_1 @ 0000018a76987800] color_range:tv color_space:smpte170m color_primaries:smpte170m color_trc:smpte170m
[Parsed_showinfo_1 @ 0000018a76987800] n: 153 pts:7715620 pts_time:77.1562 duration:   1686 duration_time:0.01686 fmt:yuv420p cl:left sar:1/1 s:720x1334 i:P iskey:0 type:P checksum:5A0808AA plane_checksum:[356671B2 9C2B4691 2AE25058] mean:[201 132 126] stdev:[42.2 10.6 8.3]
[Parsed_showinfo_1 @ 0000018a76987800] color_range:tv color_space:smpte170m color_primaries:smpte170m color_trc:smpte170m
[Parsed_showinfo_1 @ 0000018a76987800] n: 154 pts:7765684 pts_time:77.65684 duration:   1629 duration_time:0.01629 fmt:yuv420p cl:left sar:1/1 s:720x1334 i:P iskey:0 type:P checksum:4ED4E861 plane_checksum:[E7823E24 C509F961 D8B5B0CD] mean:[201 132 126] stdev:[42.2 10.5 8.0]
[Parsed_showinfo_1 @ 0000018a76987800] color_range:tv color_space:smpte170m color_primaries:smpte170m color_trc:smpte170m
[Parsed_showinfo_1 @ 0000018a76987800] n: 155 pts:7815689 pts_time:78.15689 duration:   1643 duration_time:0.01643 fmt:yuv420p cl:left sar:1/1 s:720x1334 i:P iskey:0 type:P checksum:3A1C766F plane_checksum:[5C16D88A F303BFC5 2ACADE02] mean:[201 131 126] stdev:[42.3 10.4 8.1]
[Parsed_showinfo_1 @ 0000018a76987800] color_range:tv color_space:smpte170m color_primaries:smpte170m color_trc:smpte170m
[Parsed_showinfo_1 @ 0000018a76987800] n: 156 pts:7867337 pts_time:78.67337 duration:   1678 duration_time:0.01678 fmt:yuv420p cl:left sar:1/1 s:720x1334 i:P iskey:0 type:P checksum:365CCE76 plane_checksum:[C02BF773 54350E74 E8C7C880] mean:[200 132 125] stdev:[42.6 11.1 8.9]
[Parsed_showinfo_1 @ 0000018a76987800] color_range:tv color_space:smpte170m color_primaries:smpte170m color_trc:smpte170m
[Parsed_showinfo_1 @ 0000018a76987800] n: 157 pts:7917381 pts_time:79.17381 duration:   1659 duration_time:0.01659 fmt:yuv420p cl:left sar:1/1 s:720x1334 i:P iskey:0 type:P checksum:3DA67FFE plane_checksum:[D7078B51 90D02F28 EAD3C576] mean:[201 132 126] stdev:[42.6 10.6 8.3]
[Parsed_showinfo_1 @ 0000018a76987800] color_range:tv color_space:smpte170m color_primaries:smpte170m color_trc:smpte170m
[Parsed_showinfo_1 @ 0000018a76987800] n: 158 pts:7967392 pts_time:79.67392 duration:   1671 duration_time:0.01671 fmt:yuv420p cl:left sar:1/1 s:720x1334 i:P iskey:0 type:P checksum:BB0B9DFD plane_checksum:[541BE660 739DBE18 1816F967] mean:[201 131 126] stdev:[42.4 10.4 8.1]
[Parsed_showinfo_1 @ 0000018a76987800] color_range:tv color_space:smpte170m color_primaries:smpte170m color_trc:smpte170m
[Parsed_showinfo_1 @ 0000018a76987800] n: 159 pts:8017411 pts_time:80.17411 duration:   1702 duration_time:0.01702 fmt:yuv420p cl:left sar:1/1 s:720x1334 i:P iskey:0 type:P checksum:5B2237B7 plane_checksum:[4D23BE67 46BFF317 3BD8861B] mean:[201 131 126] stdev:[42.3 10.0 7.8]
[Parsed_showinfo_1 @ 0000018a76987800] color_range:tv color_space:smpte170m color_primaries:smpte170m color_trc:smpte170m
[Parsed_showinfo_1 @ 0000018a76987800] n: 160 pts:8067505 pts_time:80.67505 duration:   1688 duration_time:0.01688 fmt:yuv420p cl:left sar:1/1 s:720x1334 i:P iskey:0 type:P checksum:B9526792 plane_checksum:[3DB9EFAE E1E2E73D 9DAF9089] mean:[201 131 126] stdev:[42.1 10.0 7.8]
[Parsed_showinfo_1 @ 0000018a76987800] color_range:tv color_space:smpte170m color_primaries:smpte170m color_trc:smpte170m
[Parsed_showinfo_1 @ 0000018a76987800] n: 161 pts:8119170 pts_time:81.1917 duration:   1694 duration_time:0.01694 fmt:yuv420p cl:left sar:1/1 s:720x1334 i:P iskey:0 type:P checksum:CC7D2A6A plane_checksum:[C6D4AE5D 1666DE76 419A9D79] mean:[201 131 126] stdev:[42.3 10.5 8.4]
[Parsed_showinfo_1 @ 0000018a76987800] color_range:tv color_space:smpte170m color_primaries:smpte170m color_trc:smpte170m
[Parsed_showinfo_1 @ 0000018a76987800] n: 162 pts:8169245 pts_time:81.69245 duration:   1648 duration_time:0.01648 fmt:yuv420p cl:left sar:1/1 s:720x1334 i:P iskey:0 type:P checksum:ADAE51D7 plane_checksum:[07A0AE23 F540D6D1 1980CCC5] mean:[201 132 125] stdev:[42.4 10.9 8.6]
[Parsed_showinfo_1 @ 0000018a76987800] color_range:tv color_space:smpte170m color_primaries:smpte170m color_trc:smpte170m
[Parsed_showinfo_1 @ 0000018a76987800] n: 163 pts:8219280 pts_time:82.1928 duration:   1634 duration_time:0.01634 fmt:yuv420p cl:left sar:1/1 s:720x1334 i:P iskey:0 type:P checksum:56AAAEBC plane_checksum:[EC6703FC AB76D912 D037D19F] mean:[201 131 126] stdev:[42.6 10.5 8.2]
[Parsed_showinfo_1 @ 0000018a76987800] color_range:tv color_space:smpte170m color_primaries:smpte170m color_trc:smpte170m
[Parsed_showinfo_1 @ 0000018a76987800] n: 164 pts:8270916 pts_time:82.70916 duration:   1693 duration_time:0.01693 fmt:yuv420p cl:left sar:1/1 s:720x1334 i:P iskey:0 type:P checksum:11A314FC plane_checksum:[3B7B6E2A 3B6ADEB1 FF49C803] mean:[201 131 126] stdev:[42.2 10.6 8.2]
[Parsed_showinfo_1 @ 0000018a76987800] color_range:tv color_space:smpte170m color_primaries:smpte170m color_trc:smpte170m
[Parsed_showinfo_1 @ 0000018a76987800] n: 165 pts:8320934 pts_time:83.20934 duration:   1686 duration_time:0.01686 fmt:yuv420p cl:left sar:1/1 s:720x1334 i:P iskey:0 type:P checksum:5F12497A plane_checksum:[93248AC5 9E21E5F9 1111D89E] mean:[201 131 126] stdev:[42.5 10.5 8.1]
[Parsed_showinfo_1 @ 0000018a76987800] color_range:tv color_space:smpte170m color_primaries:smpte170m color_trc:smpte170m
[Parsed_showinfo_1 @ 0000018a76987800] n: 166 pts:8370971 pts_time:83.70971 duration:   1683 duration_time:0.01683 fmt:yuv420p cl:left sar:1/1 s:720x1334 i:P iskey:0 type:P checksum:C00A3D29 plane_checksum:[377F8310 0EDB20FF BD56990B] mean:[200 132 125] stdev:[42.6 11.2 8.8]
[Parsed_showinfo_1 @ 0000018a76987800] color_range:tv color_space:smpte170m color_primaries:smpte170m color_trc:smpte170m
[Parsed_showinfo_1 @ 0000018a76987800] n: 167 pts:8420977 pts_time:84.20977 duration:   1671 duration_time:0.01671 fmt:yuv420p cl:left sar:1/1 s:720x1334 i:P iskey:0 type:P checksum:3A288607 plane_checksum:[4D8DBD0F 9C2C418A 5917875F] mean:[201 132 126] stdev:[42.5 10.7 8.3]
[Parsed_showinfo_1 @ 0000018a76987800] color_range:tv color_space:smpte170m color_primaries:smpte170m color_trc:smpte170m
[Parsed_showinfo_1 @ 0000018a76987800] n: 168 pts:8471032 pts_time:84.71032 duration:   1646 duration_time:0.01646 fmt:yuv420p cl:left sar:1/1 s:720x1334 i:P iskey:0 type:P checksum:E5707157 plane_checksum:[3C6D8DFA 90B25E20 7154852E] mean:[200 132 126] stdev:[42.9 10.8 8.3]
[Parsed_showinfo_1 @ 0000018a76987800] color_range:tv color_space:smpte170m color_primaries:smpte170m color_trc:smpte170m
[Parsed_showinfo_1 @ 0000018a76987800] n: 169 pts:8522701 pts_time:85.22701 duration:   1662 duration_time:0.01662 fmt:yuv420p cl:left sar:1/1 s:720x1334 i:P iskey:0 type:P checksum:BEA0B100 plane_checksum:[68B4E30D 0CF53A2A 22FE93BA] mean:[201 132 126] stdev:[42.4 10.7 8.2]
[Parsed_showinfo_1 @ 0000018a76987800] color_range:tv color_space:smpte170m color_primaries:smpte170m color_trc:smpte170m
[Parsed_showinfo_1 @ 0000018a76987800] n: 170 pts:8572725 pts_time:85.72725 duration:   1666 duration_time:0.01666 fmt:yuv420p cl:left sar:1/1 s:720x1334 i:P iskey:0 type:P checksum:196299FD plane_checksum:[B19DC1A6 083654AB C07E839D] mean:[200 132 126] stdev:[42.9 10.7 8.2]
[Parsed_showinfo_1 @ 0000018a76987800] color_range:tv color_space:smpte170m color_primaries:smpte170m color_trc:smpte170m
[Parsed_showinfo_1 @ 0000018a76987800] n: 171 pts:8622771 pts_time:86.22771 duration:   1679 duration_time:0.01679 fmt:yuv420p cl:left sar:1/1 s:720x1334 i:P iskey:0 type:P checksum:58D8148E plane_checksum:[A935E602 136EDF5F 7A544F0F] mean:[129 129 127] stdev:[34.7 5.5 3.7]
[Parsed_showinfo_1 @ 0000018a76987800] color_range:tv color_space:smpte170m color_primaries:smpte170m color_trc:smpte170m
[Parsed_showinfo_1 @ 0000018a76987800] n: 172 pts:8672823 pts_time:86.72823 duration:   1706 duration_time:0.01706 fmt:yuv420p cl:left sar:1/1 s:720x1334 i:P iskey:0 type:P checksum:59EDD4E7 plane_checksum:[9EF220A3 B8BDBD72 159CF6C3] mean:[111 124 131] stdev:[65.9 13.3 10.3]
[Parsed_showinfo_1 @ 0000018a76987800] color_range:tv color_space:smpte170m color_primaries:smpte170m color_trc:smpte170m
frame=  168 fps=109 q=-0.0 size=N/A time=00:01:24.23 bitrate=N/A speed=54.5x    
[Parsed_showinfo_1 @ 0000018a76987800] n: 173 pts:8722852 pts_time:87.22852 duration:   1660 duration_time:0.0166  fmt:yuv420p cl:left sar:1/1 s:720x1334 i:P iskey:0 type:P checksum:2D2C6C0F plane_checksum:[CF8E4307 8ECAC235 15BF66C4] mean:[78 125 127] stdev:[73.7 9.1 10.4]
[Parsed_showinfo_1 @ 0000018a76987800] color_range:tv color_space:smpte170m color_primaries:smpte170m color_trc:smpte170m
[Parsed_showinfo_1 @ 0000018a76987800] n: 174 pts:8772858 pts_time:87.72858 duration:   1658 duration_time:0.01658 fmt:yuv420p cl:left sar:1/1 s:720x1334 i:P iskey:0 type:P checksum:14ADAAFB plane_checksum:[132D6884 74F84B8A 61BCF6DE] mean:[77 125 127] stdev:[73.7 9.0 10.3]
[Parsed_showinfo_1 @ 0000018a76987800] color_range:tv color_space:smpte170m color_primaries:smpte170m color_trc:smpte170m
[Parsed_showinfo_1 @ 0000018a76987800] n: 175 pts:8822887 pts_time:88.22887 duration:   1669 duration_time:0.01669 fmt:yuv420p cl:left sar:1/1 s:720x1334 i:P iskey:0 type:P checksum:81B8C1EB plane_checksum:[D58B9081 A24B3C44 77D6F517] mean:[77 125 127] stdev:[73.7 9.0 10.3]
[Parsed_showinfo_1 @ 0000018a76987800] color_range:tv color_space:smpte170m color_primaries:smpte170m color_trc:smpte170m
[Parsed_showinfo_1 @ 0000018a76987800] n: 176 pts:8872909 pts_time:88.72909 duration:   1630 duration_time:0.0163  fmt:yuv420p cl:left sar:1/1 s:720x1334 i:P iskey:0 type:P checksum:246255C2 plane_checksum:[934F3562 12B4A01B 70EE8036] mean:[83 125 128] stdev:[69.6 8.6 9.3]
[Parsed_showinfo_1 @ 0000018a76987800] color_range:tv color_space:smpte170m color_primaries:smpte170m color_trc:smpte170m
[Parsed_showinfo_1 @ 0000018a76987800] n: 177 pts:8922942 pts_time:89.22942 duration:   1682 duration_time:0.01682 fmt:yuv420p cl:left sar:1/1 s:720x1334 i:P iskey:0 type:P checksum:3041585A plane_checksum:[C23A3AF9 C7089E3F 6FB77F13] mean:[134 123 131] stdev:[75.3 13.7 13.4]
[Parsed_showinfo_1 @ 0000018a76987800] color_range:tv color_space:smpte170m color_primaries:smpte170m color_trc:smpte170m
[Parsed_showinfo_1 @ 0000018a76987800] n: 178 pts:8972963 pts_time:89.72963 duration:   1743 duration_time:0.01743 fmt:yuv420p cl:left sar:1/1 s:720x1334 i:P iskey:0 type:P checksum:ECADAE99 plane_checksum:[380C3B28 700CC806 BFC7AB5C] mean:[134 123 131] stdev:[75.4 13.7 13.6]
[Parsed_showinfo_1 @ 0000018a76987800] color_range:tv color_space:smpte170m color_primaries:smpte170m color_trc:smpte170m
[Parsed_showinfo_1 @ 0000018a76987800] n: 179 pts:9022984 pts_time:90.22984 duration:   1693 duration_time:0.01693 fmt:yuv420p cl:left sar:1/1 s:720x1334 i:P iskey:0 type:P checksum:CBE5AB93 plane_checksum:[FA675A59 FEF6AB05 C3C7A626] mean:[134 123 131] stdev:[75.4 13.8 13.6]
[Parsed_showinfo_1 @ 0000018a76987800] color_range:tv color_space:smpte170m color_primaries:smpte170m color_trc:smpte170m
[out#0/image2 @ 0000018a75f83e80] video:113961KiB audio:0KiB subtitle:0KiB other streams:0KiB global headers:0KiB muxing overhead: unknown
frame=  180 fps=110 q=-0.0 Lsize=N/A time=00:01:30.25 bitrate=N/A speed=  55x    
