Input #0, mov,mp4,m4a,3gp,3g2,mj2, from 'analysis\targets\wxcf1394487200e48f\43\evidence\original-reference\video-20260928\original.mp4':
  Metadata:
    major_brand     : mp42
    minor_version   : 0
    compatible_brands: mp42isom
  Duration: 00:01:30.52, start: 0.000000, bitrate: 10128 kb/s
  Stream #0:0[0x1](und): Video: h264 (High) (avc1 / 0x31637661), yuv420p(tv, smpte170m, progressive), 720x1334 [SAR 1:1 DAR 360:667], 9929 kb/s, 59.92 fps, 60 tbr, 100k tbn (default)
      Metadata:
        vendor_id       : [0][0][0][0]
        encoder         : JVT/AVC Coding
  Stream #0:1[0x2](und): Audio: aac (LC) (mp4a / 0x6134706D), 48000 Hz, stereo, fltp, 197 kb/s (default)
      Metadata:
        vendor_id       : [0][0][0][0]
Stream mapping:
  Stream #0:0 -> #0:0 (h264 (native) -> png (native))
Press [q] to stop, [?] for help
[Parsed_showinfo_1 @ 000001fd09cfd040] config in time_base: 1/100000, frame_rate: 60/1
[Parsed_showinfo_1 @ 000001fd09cfd040] config out time_base: 0/0, frame_rate: 0/0
[Parsed_showinfo_1 @ 000001fd09cfd040] n:   0 pts:3606814 pts_time:36.06814 duration:   1708 duration_time:0.01708 fmt:yuv420p cl:left sar:1/1 s:720x1334 i:P iskey:0 type:P checksum:F262F21F plane_checksum:[2F5C2B51 BC5DA27C 652F2452] mean:[202 130 126] stdev:[41.4 8.6 8.6]
[Parsed_showinfo_1 @ 000001fd09cfd040] color_range:tv color_space:smpte170m color_primaries:smpte170m color_trc:smpte170m
Output #0, image2, to 'E:\Projects\AreaBattle\analysis\targets\wxcf1394487200e48f\43\generated\video-20260928\keyframes\%03d.png':
  Metadata:
    major_brand     : mp42
    minor_version   : 0
    compatible_brands: mp42isom
    encoder         : Lavf61.7.100
  Stream #0:0(und): Video: png, rgb24(pc, gbr/smpte170m/smpte170m, progressive), 720x1334 [SAR 1:1 DAR 360:667], q=2-31, 200 kb/s, 60 fps, 60 tbn (default)
      Metadata:
        vendor_id       : [0][0][0][0]
        encoder         : Lavc61.19.100 png
[Parsed_showinfo_1 @ 000001fd09cfd040] n:   1 pts:3608522 pts_time:36.08522 duration:   1656 duration_time:0.01656 fmt:yuv420p cl:left sar:1/1 s:720x1334 i:P iskey:1 type:I checksum:44DAA1F3 plane_checksum:[00FACC1E 3292B983 4A091C43] mean:[203 130 126] stdev:[41.1 8.6 8.4]
[Parsed_showinfo_1 @ 000001fd09cfd040] color_range:tv color_space:smpte170m color_primaries:smpte170m color_trc:smpte170m
[Parsed_showinfo_1 @ 000001fd09cfd040] n:   2 pts:5005872 pts_time:50.05872 duration:   1711 duration_time:0.01711 fmt:yuv420p cl:left sar:1/1 s:720x1334 i:P iskey:0 type:P checksum:A35272B7 plane_checksum:[7409E3CF 70483707 7B2057D2] mean:[203 131 125] stdev:[40.2 9.3 11.0]
[Parsed_showinfo_1 @ 000001fd09cfd040] color_range:tv color_space:smpte170m color_primaries:smpte170m color_trc:smpte170m
[Parsed_showinfo_1 @ 000001fd09cfd040] n:   3 pts:5009187 pts_time:50.09187 duration:   1687 duration_time:0.01687 fmt:yuv420p cl:left sar:1/1 s:720x1334 i:P iskey:1 type:I checksum:6D31CBC5 plane_checksum:[9EAC3759 DE5E2267 B6917205] mean:[203 131 125] stdev:[40.4 9.2 10.9]
[Parsed_showinfo_1 @ 000001fd09cfd040] color_range:tv color_space:smpte170m color_primaries:smpte170m color_trc:smpte170m
[Parsed_showinfo_1 @ 000001fd09cfd040] n:   4 pts:5235983 pts_time:52.35983 duration:   1711 duration_time:0.01711 fmt:yuv420p cl:left sar:1/1 s:720x1334 i:P iskey:0 type:P checksum:96020FE7 plane_checksum:[480630D3 D731C558 AA7119AD] mean:[202 130 126] stdev:[41.6 8.7 8.8]
[Parsed_showinfo_1 @ 000001fd09cfd040] color_range:tv color_space:smpte170m color_primaries:smpte170m color_trc:smpte170m
[Parsed_showinfo_1 @ 000001fd09cfd040] n:   5 pts:5237694 pts_time:52.37694 duration:   1645 duration_time:0.01645 fmt:yuv420p cl:left sar:1/1 s:720x1334 i:P iskey:0 type:P checksum:6D608E88 plane_checksum:[C7A29F09 CE44D393 171B1BDD] mean:[202 130 126] stdev:[41.4 8.7 8.8]
[Parsed_showinfo_1 @ 000001fd09cfd040] color_range:tv color_space:smpte170m color_primaries:smpte170m color_trc:smpte170m
[Parsed_showinfo_1 @ 000001fd09cfd040] n:   6 pts:6228220 pts_time:62.2822 duration:   1638 duration_time:0.01638 fmt:yuv420p cl:left sar:1/1 s:720x1334 i:P iskey:0 type:P checksum:CA741CE2 plane_checksum:[84D2CBF6 F085D2A6 E1BB7E28] mean:[201 130 127] stdev:[43.1 9.3 11.0]
[Parsed_showinfo_1 @ 000001fd09cfd040] color_range:tv color_space:smpte170m color_primaries:smpte170m color_trc:smpte170m
[Parsed_showinfo_1 @ 000001fd09cfd040] n:   7 pts:6229858 pts_time:62.29858 duration:   1639 duration_time:0.01639 fmt:yuv420p cl:left sar:1/1 s:720x1334 i:P iskey:0 type:P checksum:F7D2F166 plane_checksum:[EE4B7FCF 462E9611 1DAFDB77] mean:[202 130 127] stdev:[42.3 8.8 9.0]
[Parsed_showinfo_1 @ 000001fd09cfd040] color_range:tv color_space:smpte170m color_primaries:smpte170m color_trc:smpte170m
[Parsed_showinfo_1 @ 000001fd09cfd040] n:   8 pts:6231497 pts_time:62.31497 duration:   1708 duration_time:0.01708 fmt:yuv420p cl:left sar:1/1 s:720x1334 i:P iskey:0 type:P checksum:8AD63103 plane_checksum:[10A80AD5 1E0FF228 800733F7] mean:[202 130 126] stdev:[41.5 8.7 8.6]
[Parsed_showinfo_1 @ 000001fd09cfd040] color_range:tv color_space:smpte170m color_primaries:smpte170m color_trc:smpte170m
[Parsed_showinfo_1 @ 000001fd09cfd040] n:   9 pts:6248236 pts_time:62.48236 duration:   1600 duration_time:0.016   fmt:yuv420p cl:left sar:1/1 s:720x1334 i:P iskey:0 type:P checksum:A565FBB6 plane_checksum:[74C7B7C3 8DCB596C 174EEA78] mean:[202 130 127] stdev:[41.4 9.1 8.9]
[Parsed_showinfo_1 @ 000001fd09cfd040] color_range:tv color_space:smpte170m color_primaries:smpte170m color_trc:smpte170m
[Parsed_showinfo_1 @ 000001fd09cfd040] n:  10 pts:8602741 pts_time:86.02741 duration:   1679 duration_time:0.01679 fmt:yuv420p cl:left sar:1/1 s:720x1334 i:P iskey:0 type:P checksum:605E1946 plane_checksum:[AF685388 EF7E4CA3 2C6C790C] mean:[201 132 126] stdev:[42.6 10.7 8.2]
[Parsed_showinfo_1 @ 000001fd09cfd040] color_range:tv color_space:smpte170m color_primaries:smpte170m color_trc:smpte170m
[Parsed_showinfo_1 @ 000001fd09cfd040] n:  11 pts:8604420 pts_time:86.0442 duration:   1665 duration_time:0.01665 fmt:yuv420p cl:left sar:1/1 s:720x1334 i:P iskey:0 type:P checksum:E64F50C8 plane_checksum:[D2D69A09 744D7574 8F90413C] mean:[201 132 125] stdev:[41.5 10.1 7.8]
[Parsed_showinfo_1 @ 000001fd09cfd040] color_range:tv color_space:smpte170m color_primaries:smpte170m color_trc:smpte170m
[Parsed_showinfo_1 @ 000001fd09cfd040] n:  12 pts:8614440 pts_time:86.1444 duration:   1649 duration_time:0.01649 fmt:yuv420p cl:left sar:1/1 s:720x1334 i:P iskey:0 type:P checksum:A0AE47C3 plane_checksum:[BFA4B236 B3A44119 83D65465] mean:[193 131 126] stdev:[34.7 7.9 5.9]
[Parsed_showinfo_1 @ 000001fd09cfd040] color_range:tv color_space:smpte170m color_primaries:smpte170m color_trc:smpte170m
[Parsed_showinfo_1 @ 000001fd09cfd040] n:  13 pts:8677794 pts_time:86.77794 duration:   1670 duration_time:0.0167  fmt:yuv420p cl:left sar:1/1 s:720x1334 i:P iskey:0 type:P checksum:8FD1D230 plane_checksum:[17531BDB A8DDB581 C33100D4] mean:[111 124 131] stdev:[65.9 13.3 10.3]
[Parsed_showinfo_1 @ 000001fd09cfd040] color_range:tv color_space:smpte170m color_primaries:smpte170m color_trc:smpte170m
[out#0/image2 @ 000001fd0947f640] video:9193KiB audio:0KiB subtitle:0KiB other streams:0KiB global headers:0KiB muxing overhead: unknown
frame=   14 fps=9.0 q=-0.0 Lsize=N/A time=00:01:26.80 bitrate=N/A speed=  56x    
