Input #0, mov,mp4,m4a,3gp,3g2,mj2, from 'E:\Projects\AreaBattle\analysis\targets\wxcf1394487200e48f\43\evidence\original-reference\video-20260928\original.mp4':
  Metadata:
    major_brand     : mp42
    minor_version   : 0
    compatible_brands: mp42isom
  Duration: 00:01:30.52, start: 0.000000, bitrate: 10128 kb/s
  Stream #0:0[0x1](und): Video: h264 (High) (avc1 / 0x31637661), yuv420p(tv, smpte170m, progressive), 720x1334 [SAR 1:1 DAR 360:667], 9929 kb/s, 59.92 fps, 60 tbr, 100k tbn (default)
      Metadata:
        vendor_id       : [0][0][0][0]
        encoder         : JVT/AVC Coding
  Stream #0:1[0x2](und): Audio: aac (LC) (mp4a / 0x6134706D), 48000 Hz, stereo, fltp, 197 kb/s (default)
      Metadata:
        vendor_id       : [0][0][0][0]
Stream mapping:
  Stream #0:0 -> #0:0 (h264 (native) -> png (native))
Press [q] to stop, [?] for help
[Parsed_showinfo_1 @ 000001e19e1bcf40] config in time_base: 1/100000, frame_rate: 60/1
[Parsed_showinfo_1 @ 000001e19e1bcf40] config out time_base: 0/0, frame_rate: 0/0
[Parsed_showinfo_1 @ 000001e19e1bcf40] n:   0 pts:      0 pts_time:0       duration:   1666 duration_time:0.01666 fmt:yuv420p cl:left sar:1/1 s:720x1334 i:P iskey:1 type:I checksum:D3E1E507 plane_checksum:[78B6F2AE 1FECE695 D43C0BB5] mean:[125 129 125] stdev:[74.4 12.6 12.7]
[Parsed_showinfo_1 @ 000001e19e1bcf40] color_range:tv color_space:smpte170m color_primaries:smpte170m color_trc:smpte170m
Output #0, image2, to 'E:\Projects\AreaBattle\analysis\targets\wxcf1394487200e48f\43\generated\video-20260928\overview\%03d.png':
  Metadata:
    major_brand     : mp42
    minor_version   : 0
    compatible_brands: mp42isom
    encoder         : Lavf61.7.100
  Stream #0:0(und): Video: png, rgb24(pc, gbr/smpte170m/smpte170m, progressive), 720x1334 [SAR 1:1 DAR 360:667], q=2-31, 200 kb/s, 60 fps, 60 tbn (default)
      Metadata:
        vendor_id       : [0][0][0][0]
        encoder         : Lavc61.19.100 png
[Parsed_showinfo_1 @ 000001e19e1bcf40] n:   1 pts: 500239 pts_time:5.00239 duration:   1715 duration_time:0.01715 fmt:yuv420p cl:left sar:1/1 s:720x1334 i:P iskey:0 type:P checksum:1074AE92 plane_checksum:[E71E3DCC 69D83DC6 50643300] mean:[204 130 127] stdev:[40.2 6.9 8.4]
[Parsed_showinfo_1 @ 000001e19e1bcf40] color_range:tv color_space:smpte170m color_primaries:smpte170m color_trc:smpte170m
[Parsed_showinfo_1 @ 000001e19e1bcf40] n:   2 pts:1000493 pts_time:10.00493 duration:   1675 duration_time:0.01675 fmt:yuv420p cl:left sar:1/1 s:720x1334 i:P iskey:0 type:P checksum:E23F5905 plane_checksum:[36B30279 9DA59E71 5556B80C] mean:[203 130 127] stdev:[41.0 8.3 9.3]
[Parsed_showinfo_1 @ 000001e19e1bcf40] color_range:tv color_space:smpte170m color_primaries:smpte170m color_trc:smpte170m
[Parsed_showinfo_1 @ 000001e19e1bcf40] n:   3 pts:1500794 pts_time:15.00794 duration:   1635 duration_time:0.01635 fmt:yuv420p cl:left sar:1/1 s:720x1334 i:P iskey:0 type:P checksum:6C7D0017 plane_checksum:[7B95A306 58908A5C 525BD297] mean:[202 130 127] stdev:[41.3 8.8 10.0]
[Parsed_showinfo_1 @ 000001e19e1bcf40] color_range:tv color_space:smpte170m color_primaries:smpte170m color_trc:smpte170m
[Parsed_showinfo_1 @ 000001e19e1bcf40] n:   4 pts:2000982 pts_time:20.00982 duration:   1679 duration_time:0.01679 fmt:yuv420p cl:left sar:1/1 s:720x1334 i:P iskey:0 type:P checksum:8C5DD0AC plane_checksum:[B06CC2DD D80F96D7 8A7A76E9] mean:[202 130 127] stdev:[41.2 8.3 9.2]
[Parsed_showinfo_1 @ 000001e19e1bcf40] color_range:tv color_space:smpte170m color_primaries:smpte170m color_trc:smpte170m
[Parsed_showinfo_1 @ 000001e19e1bcf40] n:   5 pts:2501247 pts_time:25.01247 duration:   1711 duration_time:0.01711 fmt:yuv420p cl:left sar:1/1 s:720x1334 i:P iskey:0 type:P checksum:14920052 plane_checksum:[78E8E0F6 62584F23 307DD01B] mean:[202 130 127] stdev:[41.2 8.6 9.2]
[Parsed_showinfo_1 @ 000001e19e1bcf40] color_range:tv color_space:smpte170m color_primaries:smpte170m color_trc:smpte170m
frame=    5 fps=0.0 q=-0.0 size=N/A time=00:00:20.03 bitrate=N/A speed=39.6x    
[Parsed_showinfo_1 @ 000001e19e1bcf40] n:   6 pts:3001537 pts_time:30.01537 duration:   1673 duration_time:0.01673 fmt:yuv420p cl:left sar:1/1 s:720x1334 i:P iskey:0 type:P checksum:B4E4C73F plane_checksum:[D2E6D4BD 861A4F70 532BA303] mean:[202 130 127] stdev:[41.1 8.6 9.0]
[Parsed_showinfo_1 @ 000001e19e1bcf40] color_range:tv color_space:smpte170m color_primaries:smpte170m color_trc:smpte170m
[Parsed_showinfo_1 @ 000001e19e1bcf40] n:   7 pts:3501810 pts_time:35.0181 duration:   1688 duration_time:0.01688 fmt:yuv420p cl:left sar:1/1 s:720x1334 i:P iskey:0 type:P checksum:F69A5B79 plane_checksum:[5F8A6C1B 0C1AA5EE 852C4961] mean:[202 130 126] stdev:[41.1 8.7 8.8]
[Parsed_showinfo_1 @ 000001e19e1bcf40] color_range:tv color_space:smpte170m color_primaries:smpte170m color_trc:smpte170m
[Parsed_showinfo_1 @ 000001e19e1bcf40] n:   8 pts:4002021 pts_time:40.02021 duration:   1692 duration_time:0.01692 fmt:yuv420p cl:left sar:1/1 s:720x1334 i:P iskey:0 type:P checksum:4B3303A4 plane_checksum:[D88842A6 0ABD4046 33AC80A9] mean:[203 131 125] stdev:[40.2 9.4 10.8]
[Parsed_showinfo_1 @ 000001e19e1bcf40] color_range:tv color_space:smpte170m color_primaries:smpte170m color_trc:smpte170m
[Parsed_showinfo_1 @ 000001e19e1bcf40] n:   9 pts:4502324 pts_time:45.02324 duration:   1722 duration_time:0.01722 fmt:yuv420p cl:left sar:1/1 s:720x1334 i:P iskey:0 type:P checksum:4DA72292 plane_checksum:[C9CC3CB1 382E5EC5 BC8D870D] mean:[203 131 125] stdev:[40.3 9.4 10.8]
[Parsed_showinfo_1 @ 000001e19e1bcf40] color_range:tv color_space:smpte170m color_primaries:smpte170m color_trc:smpte170m
[Parsed_showinfo_1 @ 000001e19e1bcf40] n:  10 pts:5002528 pts_time:50.02528 duration:   1682 duration_time:0.01682 fmt:yuv420p cl:left sar:1/1 s:720x1334 i:P iskey:0 type:P checksum:FC394961 plane_checksum:[F526AEEE B44547EA 7354527A] mean:[203 131 125] stdev:[40.2 9.3 11.0]
[Parsed_showinfo_1 @ 000001e19e1bcf40] color_range:tv color_space:smpte170m color_primaries:smpte170m color_trc:smpte170m
[Parsed_showinfo_1 @ 000001e19e1bcf40] n:  11 pts:5502841 pts_time:55.02841 duration:   1672 duration_time:0.01672 fmt:yuv420p cl:left sar:1/1 s:720x1334 i:P iskey:0 type:P checksum:CE5AC115 plane_checksum:[ECF7849E AEC83E6E 2F9DFDFA] mean:[201 130 127] stdev:[42.1 8.4 8.7]
[Parsed_showinfo_1 @ 000001e19e1bcf40] color_range:tv color_space:smpte170m color_primaries:smpte170m color_trc:smpte170m
[Parsed_showinfo_1 @ 000001e19e1bcf40] n:  12 pts:6003071 pts_time:60.03071 duration:   1668 duration_time:0.01668 fmt:yuv420p cl:left sar:1/1 s:720x1334 i:P iskey:0 type:P checksum:A931D7BC plane_checksum:[148EF450 4328D33E 7B87101F] mean:[202 130 126] stdev:[41.3 8.8 8.7]
[Parsed_showinfo_1 @ 000001e19e1bcf40] color_range:tv color_space:smpte170m color_primaries:smpte170m color_trc:smpte170m
frame=   12 fps= 12 q=-0.0 size=N/A time=00:00:55.05 bitrate=N/A speed=53.3x    
[Parsed_showinfo_1 @ 000001e19e1bcf40] n:  13 pts:6503333 pts_time:65.03333 duration:   1640 duration_time:0.0164  fmt:yuv420p cl:left sar:1/1 s:720x1334 i:P iskey:0 type:P checksum:63E4F6A6 plane_checksum:[ED7C4E2F E45B7BE7 53372C90] mean:[203 131 126] stdev:[40.8 8.5 6.6]
[Parsed_showinfo_1 @ 000001e19e1bcf40] color_range:tv color_space:smpte170m color_primaries:smpte170m color_trc:smpte170m
[Parsed_showinfo_1 @ 000001e19e1bcf40] n:  14 pts:7003633 pts_time:70.03633 duration:   1623 duration_time:0.01623 fmt:yuv420p cl:left sar:1/1 s:720x1334 i:P iskey:0 type:P checksum:7C7501BA plane_checksum:[A6B1FEEF D2D2DC4D 7BA32660] mean:[203 131 126] stdev:[41.2 8.9 7.5]
[Parsed_showinfo_1 @ 000001e19e1bcf40] color_range:tv color_space:smpte170m color_primaries:smpte170m color_trc:smpte170m
[Parsed_showinfo_1 @ 000001e19e1bcf40] n:  15 pts:7503888 pts_time:75.03888 duration:   1617 duration_time:0.01617 fmt:yuv420p cl:left sar:1/1 s:720x1334 i:P iskey:0 type:P checksum:273F905E plane_checksum:[4FA4510D FE2B5EF0 0BCFE052] mean:[202 131 126] stdev:[41.7 9.6 7.5]
[Parsed_showinfo_1 @ 000001e19e1bcf40] color_range:tv color_space:smpte170m color_primaries:smpte170m color_trc:smpte170m
[Parsed_showinfo_1 @ 000001e19e1bcf40] n:  16 pts:8004132 pts_time:80.04132 duration:   1647 duration_time:0.01647 fmt:yuv420p cl:left sar:1/1 s:720x1334 i:P iskey:0 type:P checksum:232C0342 plane_checksum:[E0497492 8E4FFA37 9672945B] mean:[201 131 126] stdev:[42.3 10.0 7.8]
[Parsed_showinfo_1 @ 000001e19e1bcf40] color_range:tv color_space:smpte170m color_primaries:smpte170m color_trc:smpte170m
[Parsed_showinfo_1 @ 000001e19e1bcf40] n:  17 pts:8504336 pts_time:85.04336 duration:   1709 duration_time:0.01709 fmt:yuv420p cl:left sar:1/1 s:720x1334 i:P iskey:0 type:P checksum:72482B81 plane_checksum:[18AA5DF2 770F4F48 A5007E38] mean:[201 132 126] stdev:[42.5 10.8 8.3]
[Parsed_showinfo_1 @ 000001e19e1bcf40] color_range:tv color_space:smpte170m color_primaries:smpte170m color_trc:smpte170m
[Parsed_showinfo_1 @ 000001e19e1bcf40] n:  18 pts:9004628 pts_time:90.04628 duration:   1686 duration_time:0.01686 fmt:yuv420p cl:left sar:1/1 s:720x1334 i:P iskey:0 type:P checksum:39A00C21 plane_checksum:[35B47CA0 D2A3DC94 349BB2CF] mean:[134 123 131] stdev:[75.4 13.7 13.6]
[Parsed_showinfo_1 @ 000001e19e1bcf40] color_range:tv color_space:smpte170m color_primaries:smpte170m color_trc:smpte170m
frame=   18 fps= 12 q=-0.0 size=N/A time=00:01:25.06 bitrate=N/A speed=55.1x    
[out#0/image2 @ 000001e19db75840] video:12010KiB audio:0KiB subtitle:0KiB other streams:0KiB global headers:0KiB muxing overhead: unknown
frame=   19 fps= 12 q=-0.0 Lsize=N/A time=00:01:30.06 bitrate=N/A speed=57.6x    
