ConfigMgr-100663651.txt 50
ConfigMgr-100663652.txt 50
ConfigMgr-100663683.txt 3379
ConfigMgr-100663692.txt 215
Bullet-100664284.txt 9
Bullet-100664285.txt 595
Bullet-100664286.txt 623
Bullet-100664287.txt 9
Bullet-100664288.txt 623
Bullet-100664289.txt 1134
Bullet-100664290.txt 289
Bullet-100664291.txt 300
Bullet-100664292.txt 1207
Bullet-100664293.txt 623
Bullet-100664294.txt 300
EffectID-100664494.txt 86
LevelControl-100664742.txt 612
LevelControl-100664759.txt 621
LevelControl-100664768.txt 801
LineRendererEntity-100665481.txt 543
LineRendererEntity-100665482.txt 217
LineRendererEntity-100665483.txt 599
LineRendererEntity-100665484.txt 2789
LineRendererEntity-100665485.txt 606
LineRendererEntity-100665486.txt 679
LineRendererEntity-100665487.txt 191
LineRendererEntity-100665488.txt 527
LineRendererEntity-100665489.txt 671
LineRendererEntity-100665490.txt 245
LineRendererEntity-100665491.txt 2938
LineRendererEntity-100665492.txt 2937
LineRendererEntity-100665493.txt 286
WayLineCircle-100665544.txt 249
WayLineCircle-100665545.txt 1678
WayLineCircle-100665546.txt 144
WayLineCircle-100665547.txt 9
Type4166-100665105.txt 16
Type4166-100665106.txt 725
Type4166-100665107.txt 627
Type4167-100665112.txt 3
Type4167-100665113.txt 1484
Type4168-100665114.txt 3
Type4168-100665115.txt 752
Type4169-100665116.txt 9
Type4169-100665117.txt 3
Type4169-100665118.txt 762
Type4169-100665119.txt 8
Type4169-100665120.txt 48
Type4169-100665121.txt 8
Type4170-100665108.txt 39
Type4170-100665109.txt 62
Type4170-100665110.txt 65
Type4170-100665111.txt 132
Type4171-100665122.txt 53
Type4171-100665123.txt 16
Type4171-100665124.txt 1058
Type4172-100665103.txt 3
Type4172-100665104.txt 204
Type4173-100665128.txt 160
Type4173-100665129.txt 16
Type4173-100665130.txt 53
Type4174-100665131.txt 16
Type4174-100665132.txt 160
Type4174-100665133.txt 53
Type4175-100665134.txt 293
Type4175-100665135.txt 53
Type4175-100665136.txt 16
Type4176-100665125.txt 3
Type4176-100665126.txt 153
Type4176-100665127.txt 209
Type4177-100665144.txt 3
Type4177-100665145.txt 21
Type4178-100665146.txt 3
Type4178-100665147.txt 160
Type4179-100665139.txt 65
Type4179-100665140.txt 1011
Type4179-100665141.txt 652
Type4179-100665142.txt 742
Type4179-100665143.txt 23
Type4180-100665148.txt 16
Type4180-100665149.txt 1137
Type4180-100665150.txt 1188
Type4181-100665156.txt 3
Type4181-100665157.txt 20
Type4182-100665151.txt 929
Type4182-100665152.txt 1794
Type4182-100665153.txt 199
Type4182-100665154.txt 169
Type4182-100665155.txt 17
Type4183-100665137.txt 195
Type4183-100665138.txt 3
Type4184-100665168.txt 3
Type4184-100665169.txt 518
Type4185-100665170.txt 3
Type4185-100665171.txt 270
Type4186-100665172.txt 9
Type4186-100665173.txt 3
Type4186-100665174.txt 584
Type4186-100665175.txt 8
Type4186-100665176.txt 48
Type4186-100665177.txt 8
Type4187-100665178.txt 9
Type4187-100665179.txt 3
Type4187-100665180.txt 913
Type4187-100665181.txt 8
Type4187-100665182.txt 48
Type4187-100665183.txt 8
Type4188-100665162.txt 62
Type4188-100665163.txt 182
Type4188-100665164.txt 65
Type4188-100665165.txt 939
Type4188-100665166.txt 62
Type4188-100665167.txt 78
Type4189-100665184.txt 1164
Type4189-100665185.txt 516
Type4189-100665186.txt 16
Type4190-100665194.txt 2914
Type4190-100665195.txt 14
Type4191-100665187.txt 177
Type4191-100665188.txt 16
Type4191-100665189.txt 151
Type4191-100665190.txt 25
Type4191-100665191.txt 27
Type4191-100665192.txt 17
Type4191-100665193.txt 71
Type4192-100665158.txt 204
Type4192-100665159.txt 110
Type4192-100665160.txt 3
Type4192-100665161.txt 110
Type4193-100665198.txt 16
Type4193-100665199.txt 154
Type4193-100665200.txt 116
Type4193-100665201.txt 170
Type4194-100665207.txt 9
Type4194-100665208.txt 3
Type4194-100665209.txt 1144
Type4194-100665210.txt 8
Type4194-100665211.txt 48
Type4194-100665212.txt 8
Type4195-100665202.txt 62
Type4195-100665203.txt 114
Type4195-100665204.txt 750
Type4195-100665205.txt 523
Type4195-100665206.txt 62
Type4196-100665216.txt 2953
Type4196-100665217.txt 14
Type4197-100665213.txt 173
Type4197-100665214.txt 16
Type4197-100665215.txt 25
Type4198-100665218.txt 32
Type4198-100665219.txt 426
Type4198-100665220.txt 615
Type4198-100665221.txt 48
Type4199-100665196.txt 204
Type4199-100665197.txt 3
Type4200-100665224.txt 154
Type4200-100665225.txt 95
Type4200-100665226.txt 16
Type4200-100665227.txt 116
Type4201-100665232.txt 9
Type4201-100665233.txt 3
Type4201-100665234.txt 1239
Type4201-100665235.txt 8
Type4201-100665236.txt 48
Type4201-100665237.txt 8
Type4202-100665228.txt 62
Type4202-100665229.txt 62
Type4202-100665230.txt 87
Type4202-100665231.txt 154
Type4203-100665247.txt 3
Type4203-100665248.txt 578
Type4203-100665249.txt 493
Type4204-100665250.txt 3
Type4204-100665251.txt 208
Type4205-100665238.txt 284
Type4205-100665239.txt 527
Type4205-100665240.txt 717
Type4205-100665241.txt 182
Type4205-100665242.txt 946
Type4205-100665243.txt 331
Type4205-100665244.txt 1362
Type4205-100665245.txt 328
Type4205-100665246.txt 523
Type4206-100665222.txt 3
Type4206-100665223.txt 195
Type4207-100665262.txt 3
Type4207-100665263.txt 420
Type4208-100665264.txt 3
Type4208-100665265.txt 92
Type4209-100665266.txt 3
Type4209-100665267.txt 371
Type4210-100665268.txt 3
Type4210-100665269.txt 154
Type4211-100665252.txt 537
Type4211-100665253.txt 252
Type4211-100665254.txt 222
Type4211-100665255.txt 5
Type4211-100665256.txt 566
Type4211-100665257.txt 187
Type4211-100665258.txt 22
Type4211-100665259.txt 696
Type4211-100665260.txt 22
Type4211-100665261.txt 9
Type4212-100665289.txt 9
Type4212-100665290.txt 3
Type4212-100665291.txt 1386
Type4212-100665292.txt 8
Type4212-100665293.txt 48
Type4212-100665294.txt 8
Type4213-100665295.txt 3
Type4213-100665296.txt 669
Type4214-100665297.txt 9
Type4214-100665298.txt 3
Type4214-100665299.txt 1901
Type4214-100665300.txt 8
Type4214-100665301.txt 48
Type4214-100665302.txt 8
Type4215-100665303.txt 9
Type4215-100665304.txt 3
Type4215-100665305.txt 1276
Type4215-100665306.txt 8
Type4215-100665307.txt 48
Type4215-100665308.txt 8
Type3406-100667240.txt 3227
Type3406-100667241.txt 69
Type3407-100667242.txt 3
Type3407-100667243.txt 222
Type3407-100667244.txt 145
Type3408-100667230.txt 97
Type3408-100667231.txt 25
Type3408-100667232.txt 216
Type3408-100667233.txt 300
Type3408-100667234.txt 120
Type3408-100667235.txt 3
Type3408-100667236.txt 200
Type3408-100667237.txt 219
Type3408-100667238.txt 37
Type3408-100667239.txt 3
Type3409-100667252.txt 3048
Type3409-100667253.txt 69
Type3470-100667714.txt 1024
Type3470-100667715.txt 14
Type3471-100667716.txt 1484
Type3471-100667717.txt 14
Type3472-100667718.txt 2695
Type3472-100667719.txt 14
Type3473-100667720.txt 1174
Type3473-100667721.txt 55
Type4224-100665434.txt 1249
Type4224-100665435.txt 14
Type4233-100665536.txt 1237
Type4233-100665537.txt 14
Type4234-100665538.txt 73
Type4234-100665539.txt 3
Type4234-100665540.txt 6
Type4234-100665541.txt 6
Type4234-100665542.txt 53
Type4234-100665543.txt 53
Type4272-100665857.txt 706
Raw-1545.txt 37
Raw-1899.txt 48
Raw-2673.txt 44
Raw-4876.txt 105
Raw-5582.txt 281
Raw-7935.txt 275
Raw-10954.txt 225
Raw-14831.txt 38
Raw-21405.txt 16
Raw-9709.txt 145
Raw-1246.txt 48
Raw-1108.txt 409
Raw-1114.txt 403
Raw-1621.txt 104
Raw-4700.txt 171
Raw-5798.txt 48
Raw-5995.txt 10
Raw-15991.txt 54
Raw-11853.txt 135
Raw-5015.txt 269
Raw-14594.txt 28
Raw-15141.txt 70
Raw-8244.txt 189
Raw-20638.txt 73
Raw-17743.txt 663
Raw-1201.txt 251
Raw-3798.txt 234
Raw-10401.txt 392
Raw-2596.txt 264
Raw-2462.txt 151
Raw-7933.txt 558
Raw-12437.txt 1117
Raw-15567.txt 147
Raw-15572.txt 510
Raw-15569.txt 154
Raw-5194.txt 678
Raw-20505.txt 28
Raw-20506.txt 177
Raw-20508.txt 177
Raw-13085.txt 177
Raw-9807.txt 16
Raw-1735.txt 59
Raw-9809.txt 252
Raw-15064.txt 99
Raw-15065.txt 99
Raw-6271.txt 551
Raw-20547.txt 254
Raw-20552.txt 128
Raw-20544.txt 180
Raw-20545.txt 135
Raw-13117.txt 202
Raw-20555.txt 181
Raw-5062.txt 162
Raw-4443.txt 323
Raw-6274.txt 31
Raw-6276.txt 366
Raw-4522.txt 177
Raw-20581.txt 221
Raw-20580.txt 113
Raw-20551.txt 128
Raw-20595.txt 216
Raw-20592.txt 120
Raw-20594.txt 200
Raw-20593.txt 219
Raw-13131.txt 300
Raw-14986.txt 222
Raw-14985.txt 145
Raw-7022.txt 16
Raw-10104.txt 252
Raw-10093.txt 260
Raw-1044848.txt 13
Raw-1020732.txt 93
Raw-1023540.txt 185
Raw-1042501.txt 103
