[Licensing::Module] Trying to connect to existing licensing client channel...
Built from '6000.0/staging' branch; Version is '6000.0.68f1 (e1e9baaf294b) revision 14805434'; Using compiler version '193933523'; Build Type 'Release'
[Licensing::IpcConnector] Channel LicenseClient-jiachengwei doesn't exist
OS: 'Windows 10  (10.0.19045) 64bit Professional' Language: 'zh' Physical Memory: 65325 MB
BatchMode: 1, IsHumanControllingUs: 0, StartBugReporterOnCrash: 0, Is64bit: 1
System  architecture: x64
Process architecture: x64
Date: 2026-09-30T04:19:17Z
[Licensing::Module] Successfully launched the LicensingClient (PId: 67940)

COMMAND LINE ARGUMENTS:
C:\Program Files\Unity\Hub\Editor\6000.0.68f1\Editor\Unity.exe
-batchmode
-accept-apiupdate
-projectPath
E:/Projects/AreaBattle/UnityProject
-executeMethod
AreaBattle.EditorTools.OutgameFirstPackAtlasImport.Run
-logFile
E:/Projects/AreaBattle/analysis/firstpack-atlas-import-fixed.log
Successfully changed project path to: E:/Projects/AreaBattle/UnityProject
E:/Projects/AreaBattle/UnityProject
[UnityMemory] Configuration Parameters - Can be set up in boot.config
    "memorysetup-bucket-allocator-granularity=16"
    "memorysetup-bucket-allocator-bucket-count=8"
    "memorysetup-bucket-allocator-block-size=33554432"
    "memorysetup-bucket-allocator-block-count=8"
    "memorysetup-main-allocator-block-size=16777216"
    "memorysetup-thread-allocator-block-size=16777216"
    "memorysetup-gfx-main-allocator-block-size=16777216"
    "memorysetup-gfx-thread-allocator-block-size=16777216"
    "memorysetup-cache-allocator-block-size=4194304"
    "memorysetup-typetree-allocator-block-size=2097152"
    "memorysetup-profiler-bucket-allocator-granularity=16"
    "memorysetup-profiler-bucket-allocator-bucket-count=8"
    "memorysetup-profiler-bucket-allocator-block-size=33554432"
    "memorysetup-profiler-bucket-allocator-block-count=8"
    "memorysetup-profiler-allocator-block-size=16777216"
    "memorysetup-profiler-editor-allocator-block-size=1048576"
    "memorysetup-temp-allocator-size-main=16777216"
    "memorysetup-job-temp-allocator-block-size=2097152"
    "memorysetup-job-temp-allocator-block-size-background=1048576"
    "memorysetup-job-temp-allocator-reduction-small-platforms=262144"
    "memorysetup-allocator-temp-initial-block-size-main=262144"
    "memorysetup-allocator-temp-initial-block-size-worker=262144"
    "memorysetup-temp-allocator-size-background-worker=32768"
    "memorysetup-temp-allocator-size-job-worker=262144"
    "memorysetup-temp-allocator-size-preload-manager=33554432"
    "memorysetup-temp-allocator-size-nav-mesh-worker=65536"
    "memorysetup-temp-allocator-size-audio-worker=65536"
    "memorysetup-temp-allocator-size-cloud-worker=32768"
    "memorysetup-temp-allocator-size-gi-baking-worker=262144"
    "memorysetup-temp-allocator-size-gi-baking-worker=262144"
    "memorysetup-temp-allocator-size-gi-baking-worker=262144"
    "memorysetup-temp-allocator-size-gi-baking-worker=262144"
    "memorysetup-temp-allocator-size-gi-baking-worker=262144"
    "memorysetup-temp-allocator-size-gfx=262144"
Player connection [65924]  Target information:

Player connection [65924]  * "[IP] 192.168.12.13 [Port] 55506 [Flags] 2 [Guid] 3816615880 [EditorId] 3816615880 [Version] 1048832 [Id] WindowsEditor(7,DESKTOP-H2NB5JD) [Debug] 1 [PackageName] WindowsEditor [ProjectName] Editor" 

Player connection [65924] Host joined multi-casting on [225.0.0.222:54997]...
Player connection [65924] Host joined alternative multi-casting on [225.0.0.222:34997]...
Input System module state changed to: Initialized.
[Physics::Module] Initialized fallback backend.
[Physics::Module] Id: 0xdecafbad
[Licensing::IpcConnector] Successfully connected to: "LicenseClient-jiachengwei" at "2026-09-30T04:19:17.4203534Z"
[Package Manager] Connected to IPC stream "Upm-63604" after 0.2 seconds.
Library Redirect Path: Library/
[Physics::Module] Selected backend.
[Physics::Module] Name: PhysX
[Physics::Module] Id: 0xf2b8ea05
[Physics::Module] SDK Version: 4.1.2
[Physics::Module] Integration Version: 1.0.0
[Physics::Module] Threading Mode: Multi-Threaded
Artifact Garbage Collection - Removed 52 unused hashed content filesRefreshing native plugins compatible for Editor in 0.00 ms, found 0 plugins.
Preloading 0 native plugins for Editor in 0.00 ms.
Initialize engine version: 6000.0.68f1 (e1e9baaf294b)
[Subsystems] Discovering subsystems at path C:/Program Files/Unity/Hub/Editor/6000.0.68f1/Editor/Data/Resources/UnitySubsystems
[Subsystems] Discovering subsystems at path E:/Projects/AreaBattle/UnityProject/Assets
GfxDevice: creating device client; kGfxThreadingModeNonThreaded
Direct3D:
    Version:  Direct3D 11.0 [level 11.1]
    Renderer: NVIDIA GeForce RTX 3070 (ID=0x2488)
    Vendor:   NVIDIA
    VRAM:     8018 MB
    Driver:   32.0.15.8180
Initialize mono
Mono path[0] = 'C:/Program Files/Unity/Hub/Editor/6000.0.68f1/Editor/Data/Managed'
Mono path[1] = 'C:/Program Files/Unity/Hub/Editor/6000.0.68f1/Editor/Data/MonoBleedingEdge/lib/mono/unityjit-win32'
Mono config path = 'C:/Program Files/Unity/Hub/Editor/6000.0.68f1/Editor/Data/MonoBleedingEdge/etc'
Using monoOptions --debugger-agent=transport=dt_socket,embedding=1,server=y,suspend=n,address=127.0.0.1:56604
Using cacheserver namespaces - metadata:defaultmetadata, artifacts:defaultartifacts
Using cacheserver namespaces - metadata:defaultmetadata, artifacts:defaultartifacts
ImportWorker Server TCP listen port: 0
AcceleratorClientConnectionCallback - disconnected - :0
Begin MonoManager ReloadAssembly
Registering precompiled unity dll's ...
Register platform support module: C:/Program Files/Unity/Hub/Editor/6000.0.68f1/Editor/Data/PlaybackEngines/WindowsStandaloneSupport/UnityEditor.WindowsStandalone.Extensions.dll
[Licensing::Module] Licensing is not yet initialized.
[Licensing::Client] Code 3 while verifying Licensing Client signature (process Id: 67940, path: "C:/Program Files/Unity/Hub/Editor/6000.0.68f1/Editor/Data/Resources/Licensing/Client/Unity.Licensing.Client.exe")
[Licensing::Module] LicensingClient has failed validation; ignoring
[Licensing::Client] Handshaking with LicensingClient:
  Version:                 1.17.4+4293ba1
  Session Id:              4629defa57fb4991b78e8c8d7dcd82a5
  Correlation Id:          f221481b900783dc0cac0b46ae32a98b
  External correlation Id: 4840452663462813979
  Machine Id:              3p6oMs+43/WdnrC1KMiUwDuKzu8=
[Licensing::Module] Successfully connected to LicensingClient on channel: "LicenseClient-jiachengwei" (connect: 0.25s, validation: 0.11s, handshake: 0.63s)
[Licensing::IpcConnector] Successfully connected to: "LicenseClient-jiachengwei-notifications" at "2026-09-30T04:19:18.1651685Z"
[Licensing::Module] Connected to LicensingClient (PId: 67940, launch time: 0.00, total connection time: 0.99s)
[Licensing::Module] Error: Access token is unavailable; failed to update
[Licensing::Client] Successfully resolved entitlement details
[Licensing::Module] License group:
  Id: 00-0000-0000-0000-0000-XXXX
  Product: Unity Pro
  Type: ULF
  Expiration: Unlimited
[Licensing::Client] Successfully updated license, isAsync: True, time: 0.01
[Licensing::Client] Successfully resolved entitlement details
[Licensing::Module] Licensing Background thread has ended after 1.01s
[Licensing::Module] Licensing is initialized (took 0.33s).
[Licensing::Client] Successfully resolved entitlement details
Register platform support module: C:/Program Files/Unity/Hub/Editor/6000.0.68f1/Editor/Data/PlaybackEngines/AndroidPlayer/UnityEditor.Android.Extensions.dll
Registered in 0.337660 seconds.
- Loaded All Assemblies, in  0.596 seconds
Native extension for Android target not found
Android Extension - Scanning For ADB Devices 168 ms
Native extension for WindowsStandalone target not found
Mono: successfully reloaded assembly
- Finished resetting the current domain, in  0.390 seconds
Domain Reload Profiling: 985ms
	BeginReloadAssembly (88ms)
		ExecutionOrderSort (0ms)
		DisableScriptedObjects (0ms)
		BackupInstance (0ms)
		ReleaseScriptingObjects (0ms)
		CreateAndSetChildDomain (0ms)
	RebuildCommonClasses (24ms)
	RebuildNativeTypeToScriptingClass (8ms)
	initialDomainReloadingComplete (367ms)
	LoadAllAssembliesAndSetupDomain (107ms)
		LoadAssemblies (86ms)
		RebuildTransferFunctionScriptingTraits (0ms)
		AnalyzeDomain (105ms)
			TypeCache.Refresh (104ms)
				TypeCache.ScanAssembly (95ms)
			BuildScriptInfoCaches (0ms)
			ResolveRequiredComponents (0ms)
	FinalizeReload (391ms)
		ReleaseScriptCaches (0ms)
		RebuildScriptCaches (0ms)
		SetupLoadedEditorAssemblies (367ms)
			LogAssemblyErrors (0ms)
			InitializePlatformSupportModulesInManaged (223ms)
			SetLoadedEditorAssemblies (3ms)
			BeforeProcessingInitializeOnLoad (35ms)
			ProcessInitializeOnLoadAttributes (70ms)
			ProcessInitializeOnLoadMethodAttributes (36ms)
			AfterProcessingInitializeOnLoad (0ms)
			EditorAssembliesLoaded (0ms)
		ExecutionOrderSort2 (0ms)
		AwakeInstancesAfterBackupRestoration (0ms)
[Licensing::Client] Successfully resolved entitlement details
Application.AssetDatabase Initial Refresh Start
Package Manager log level set to [2]
[Package Manager] Restoring resolved packages state from cache
[Licensing::Client] Successfully resolved entitlement details
[Package Manager] Registered 36 packages:
  Built-in packages:
    com.unity.ugui@2.0.0 (location: E:\Projects\AreaBattle\UnityProject\Library\PackageCache\com.unity.ugui@cec3688a7c38)
    com.unity.multiplayer.center@1.0.0 (location: E:\Projects\AreaBattle\UnityProject\Library\PackageCache\com.unity.multiplayer.center@f3fb577b3546)
    com.unity.modules.accessibility@1.0.0 (location: E:\Projects\AreaBattle\UnityProject\Library\PackageCache\com.unity.modules.accessibility)
    com.unity.modules.ai@1.0.0 (location: E:\Projects\AreaBattle\UnityProject\Library\PackageCache\com.unity.modules.ai)
    com.unity.modules.androidjni@1.0.0 (location: E:\Projects\AreaBattle\UnityProject\Library\PackageCache\com.unity.modules.androidjni)
    com.unity.modules.animation@1.0.0 (location: E:\Projects\AreaBattle\UnityProject\Library\PackageCache\com.unity.modules.animation)
    com.unity.modules.assetbundle@1.0.0 (location: E:\Projects\AreaBattle\UnityProject\Library\PackageCache\com.unity.modules.assetbundle)
    com.unity.modules.audio@1.0.0 (location: E:\Projects\AreaBattle\UnityProject\Library\PackageCache\com.unity.modules.audio)
    com.unity.modules.cloth@1.0.0 (location: E:\Projects\AreaBattle\UnityProject\Library\PackageCache\com.unity.modules.cloth)
    com.unity.modules.director@1.0.0 (location: E:\Projects\AreaBattle\UnityProject\Library\PackageCache\com.unity.modules.director)
    com.unity.modules.imageconversion@1.0.0 (location: E:\Projects\AreaBattle\UnityProject\Library\PackageCache\com.unity.modules.imageconversion)
    com.unity.modules.imgui@1.0.0 (location: E:\Projects\AreaBattle\UnityProject\Library\PackageCache\com.unity.modules.imgui)
    com.unity.modules.jsonserialize@1.0.0 (location: E:\Projects\AreaBattle\UnityProject\Library\PackageCache\com.unity.modules.jsonserialize)
    com.unity.modules.particlesystem@1.0.0 (location: E:\Projects\AreaBattle\UnityProject\Library\PackageCache\com.unity.modules.particlesystem)
    com.unity.modules.physics@1.0.0 (location: E:\Projects\AreaBattle\UnityProject\Library\PackageCache\com.unity.modules.physics)
    com.unity.modules.physics2d@1.0.0 (location: E:\Projects\AreaBattle\UnityProject\Library\PackageCache\com.unity.modules.physics2d)
    com.unity.modules.screencapture@1.0.0 (location: E:\Projects\AreaBattle\UnityProject\Library\PackageCache\com.unity.modules.screencapture)
    com.unity.modules.terrain@1.0.0 (location: E:\Projects\AreaBattle\UnityProject\Library\PackageCache\com.unity.modules.terrain)
    com.unity.modules.terrainphysics@1.0.0 (location: E:\Projects\AreaBattle\UnityProject\Library\PackageCache\com.unity.modules.terrainphysics)
    com.unity.modules.tilemap@1.0.0 (location: E:\Projects\AreaBattle\UnityProject\Library\PackageCache\com.unity.modules.tilemap)
    com.unity.modules.ui@1.0.0 (location: E:\Projects\AreaBattle\UnityProject\Library\PackageCache\com.unity.modules.ui)
    com.unity.modules.uielements@1.0.0 (location: E:\Projects\AreaBattle\UnityProject\Library\PackageCache\com.unity.modules.uielements)
    com.unity.modules.umbra@1.0.0 (location: E:\Projects\AreaBattle\UnityProject\Library\PackageCache\com.unity.modules.umbra)
    com.unity.modules.unityanalytics@1.0.0 (location: E:\Projects\AreaBattle\UnityProject\Library\PackageCache\com.unity.modules.unityanalytics)
    com.unity.modules.unitywebrequest@1.0.0 (location: E:\Projects\AreaBattle\UnityProject\Library\PackageCache\com.unity.modules.unitywebrequest)
    com.unity.modules.unitywebrequestassetbundle@1.0.0 (location: E:\Projects\AreaBattle\UnityProject\Library\PackageCache\com.unity.modules.unitywebrequestassetbundle)
    com.unity.modules.unitywebrequestaudio@1.0.0 (location: E:\Projects\AreaBattle\UnityProject\Library\PackageCache\com.unity.modules.unitywebrequestaudio)
    com.unity.modules.unitywebrequesttexture@1.0.0 (location: E:\Projects\AreaBattle\UnityProject\Library\PackageCache\com.unity.modules.unitywebrequesttexture)
    com.unity.modules.unitywebrequestwww@1.0.0 (location: E:\Projects\AreaBattle\UnityProject\Library\PackageCache\com.unity.modules.unitywebrequestwww)
    com.unity.modules.vehicles@1.0.0 (location: E:\Projects\AreaBattle\UnityProject\Library\PackageCache\com.unity.modules.vehicles)
    com.unity.modules.video@1.0.0 (location: E:\Projects\AreaBattle\UnityProject\Library\PackageCache\com.unity.modules.video)
    com.unity.modules.vr@1.0.0 (location: E:\Projects\AreaBattle\UnityProject\Library\PackageCache\com.unity.modules.vr)
    com.unity.modules.wind@1.0.0 (location: E:\Projects\AreaBattle\UnityProject\Library\PackageCache\com.unity.modules.wind)
    com.unity.modules.xr@1.0.0 (location: E:\Projects\AreaBattle\UnityProject\Library\PackageCache\com.unity.modules.xr)
    com.unity.modules.subsystems@1.0.0 (location: E:\Projects\AreaBattle\UnityProject\Library\PackageCache\com.unity.modules.subsystems)
    com.unity.modules.hierarchycore@1.0.0 (location: E:\Projects\AreaBattle\UnityProject\Library\PackageCache\com.unity.modules.hierarchycore)
[Subsystems] No new subsystems found in resolved package list.
[Package Manager] Done registering packages in 0.01 seconds
[ScriptCompilation] Requested script compilation because: Assetdatabase observed changes in script compilation related files
Starting: C:\Program Files\Unity\Hub\Editor\6000.0.68f1\Editor\Data\bee_backend.exe --ipc --defer-dag-verification --dagfile="Library/Bee/1900b0aEDbg.dag" --continue-on-failure --profile="Library/Bee/backend1.traceevents" ScriptAssemblies
WorkingDir: E:/Projects/AreaBattle/UnityProject
DisplayProgressbar: Compiling Scripts
ExitCode: 0 Duration: 0s775ms
[210/213    0s] Csc Library/Bee/artifacts/1900b0aEDbg.dag/Assembly-CSharp-Editor.dll (+2 others)
[211/213    0s] CopyFiles Library/ScriptAssemblies/Assembly-CSharp-Editor.pdb
[212/213    0s] CopyFiles Library/ScriptAssemblies/Assembly-CSharp-Editor.dll
*** Tundra build success (0.76 seconds), 3 items updated, 213 evaluated
AssetDatabase: script compilation time: 1.109203s
Begin MonoManager ReloadAssembly
- Loaded All Assemblies, in  0.319 seconds
Refreshing native plugins compatible for Editor in 0.00 ms, found 0 plugins.
Native extension for Android target not found
Native extension for WindowsStandalone target not found
Mono: successfully reloaded assembly
- Finished resetting the current domain, in  0.263 seconds
Domain Reload Profiling: 581ms
	BeginReloadAssembly (229ms)
		ExecutionOrderSort (0ms)
		DisableScriptedObjects (8ms)
		BackupInstance (0ms)
		ReleaseScriptingObjects (0ms)
		CreateAndSetChildDomain (127ms)
	RebuildCommonClasses (25ms)
	RebuildNativeTypeToScriptingClass (9ms)
	initialDomainReloadingComplete (16ms)
	LoadAllAssembliesAndSetupDomain (38ms)
		LoadAssemblies (70ms)
		RebuildTransferFunctionScriptingTraits (0ms)
		AnalyzeDomain (32ms)
			TypeCache.Refresh (21ms)
				TypeCache.ScanAssembly (17ms)
			BuildScriptInfoCaches (6ms)
			ResolveRequiredComponents (4ms)
	FinalizeReload (264ms)
		ReleaseScriptCaches (0ms)
		RebuildScriptCaches (0ms)
		SetupLoadedEditorAssemblies (176ms)
			LogAssemblyErrors (0ms)
			InitializePlatformSupportModulesInManaged (17ms)
			SetLoadedEditorAssemblies (3ms)
			BeforeProcessingInitializeOnLoad (67ms)
			ProcessInitializeOnLoadAttributes (72ms)
			ProcessInitializeOnLoadMethodAttributes (14ms)
			AfterProcessingInitializeOnLoad (3ms)
			EditorAssembliesLoaded (0ms)
		ExecutionOrderSort2 (0ms)
		AwakeInstancesAfterBackupRestoration (6ms)
Start importing Assets/AreaBattle/Resources/Recovered/FirstPack/Atlases/PublicBtn.spriteatlas using Guid(521b8f57195f85c4a81fa05b93ea5489) (NativeFormatImporter) -> (artifact id: 'b3a072501060685b06de8c48fb7bd8e8') in 0.0077782 seconds
Start importing Assets/AreaBattle/Resources/Recovered/FirstPack/Atlases/PublicUI.spriteatlas using Guid(888dcf1673882b942b3017224aa8bd9e) (NativeFormatImporter) -> (artifact id: '091550fa984c80146027c869667be87b') in 0.0012165 seconds
Refreshing native plugins compatible for Editor in 0.00 ms, found 0 plugins.
Preloading 0 native plugins for Editor in 0.00 ms.
Asset Pipeline Refresh (id=afbe855b81b135542ac6d89c5da981d3): Total: 1.901 seconds - Initiated by InitialRefreshV2(ForceSynchronousImport)
	Summary:
		Imports: total=2 (actual=2, local cache=0, cache server=0)
		Asset DB Process Time: managed=1 ms, native=392 ms
		Asset DB Callback time: managed=53 ms, native=12 ms
		Scripting: domain reloads=1, domain reload time=319 ms, compile time=1111 ms, other=11 ms
		Project Asset Count: scripts=343, non-scripts=2114
		Asset File Changes: new=0, changed=3, moved=0, deleted=0
		Scan Filter Count: 0
	InvokeCustomDependenciesCallbacks: 0.000ms
	InvokePackagesCallback: 11.016ms
	ApplyChangesToAssetFolders: 0.267ms
	Scan: 46.348ms
	OnSourceAssetsModified: 0.794ms
	CategorizeAssetsWithTransientArtifact: 2.812ms
	ProcessAssetsWithTransientArtifactChanges: 9.874ms
	CategorizeAssets: 11.599ms
	ImportOutOfDateAssets: 274.579ms (-846.742ms without children)
		ImportManagerImport: 10.061ms (0.741ms without children)
			ImportInProcess: 9.305ms
			UpdateCategorizedAssets: 0.016ms
		CompileScripts: 1110.827ms
		ReloadNativeAssets: 0.000ms
		UnloadImportedAssets: 0.069ms
		ReloadImportedAssets: 0.000ms
		EnsureUptoDateAssetsAreRegisteredWithGuidPM: 0.171ms
		InitializingProgressBar: 0.005ms
		PostProcessAllAssetNotificationsAddChangedAssets: 0.001ms
		OnDemandSchedulerStart: 0.186ms
	PostProcessAllAssets: 54.068ms
	Hotreload: 0.570ms
	GatherAllCurrentPrimaryArtifactRevisions: 0.001ms
	UnloadStreamsBegin: 0.239ms
	PersistCurrentRevisions: 0.096ms
	UnloadStreamsEnd: 0.001ms
	GenerateScriptTypeHashes: 0.966ms
	Untracked: 1489.087ms

Application.AssetDatabase Initial Refresh End
Scanning for USB devices : 4.385ms
Initializing Unity extensions:
[MODES] ModeService[none].Initialize
[MODES] ModeService[none].LoadModes
[MODES] Loading mode Default (0) for mode-current-id-AreaBattle
Unloading 23 Unused Serialized files (Serialized files now loaded: 0)
Unloading 850 unused Assets / (2.5 MB). Loaded Objects now: 1385.
Memory consumption went from 106.3 MB to 103.8 MB.
Total: 3.677800 ms (FindLiveObjects: 0.105900 ms CreateObjectMapping: 0.034000 ms MarkObjects: 2.707600 ms  DeleteObjects: 0.829500 ms)

Asset Pipeline Refresh (id=8b8272110f301e64db210af1547d0a4b): Total: 0.007 seconds - Initiated by RefreshV2(NoUpdateAssetOptions)
Start importing Assets/AreaBattle/Resources/Recovered/FirstPack/Atlases/PublicUI/Com_Title_Xbq.png using Guid(be3cc13d12834df43b5ff6207fe8f574) (TextureImporter) -> (artifact id: '09f3d8ad29bda6e518fe4450a8e37e93') in 0.0032901 seconds
Refreshing native plugins compatible for Editor in 0.00 ms, found 0 plugins.
Preloading 0 native plugins for Editor in 0.00 ms.
Asset Pipeline Refresh (id=6f6c1761fc5e4da43a482b1440500510): Total: 0.018 seconds - Initiated by StopAssetImportingV2(NoUpdateAssetOptions)
Start importing Assets/AreaBattle/Resources/Recovered/FirstPack/Atlases/PublicUI/Public_title.png using Guid(f10dcbaef9fe8d549af9aaa1b360af6a) (TextureImporter) -> (artifact id: 'bb2d84c3ebfbb62300edabf4a1181889') in 0.001757 seconds
Refreshing native plugins compatible for Editor in 0.00 ms, found 0 plugins.
Preloading 0 native plugins for Editor in 0.00 ms.
Asset Pipeline Refresh (id=7a860bec1bebc1940a6d7ae08644f569): Total: 0.007 seconds - Initiated by StopAssetImportingV2(NoUpdateAssetOptions)
Start importing Assets/AreaBattle/Resources/Recovered/FirstPack/Atlases/PublicUI/Task_bx02_on.png using Guid(55fe9d78e8106fa4db12b9ccfd2b430c) (TextureImporter) -> (artifact id: 'e7a3851ef6d8f6910156254c8ce44f87') in 0.002088 seconds
Refreshing native plugins compatible for Editor in 0.00 ms, found 0 plugins.
Preloading 0 native plugins for Editor in 0.00 ms.
Asset Pipeline Refresh (id=b2bf72066a0de4145b7313e06e1c615f): Total: 0.007 seconds - Initiated by StopAssetImportingV2(NoUpdateAssetOptions)
Start importing Assets/AreaBattle/Resources/Recovered/FirstPack/Atlases/PublicUI/Public_bg02.png using Guid(855da89a4c7c75f409aaa7404ebbe2e6) (TextureImporter) -> (artifact id: '3e9e079ad2804ac07881bc5d10016b33') in 0.0014744 seconds
Refreshing native plugins compatible for Editor in 0.00 ms, found 0 plugins.
Preloading 0 native plugins for Editor in 0.00 ms.
Asset Pipeline Refresh (id=954d8517cc39eb144b502418bd6c3fe4): Total: 0.006 seconds - Initiated by StopAssetImportingV2(NoUpdateAssetOptions)
Start importing Assets/AreaBattle/Resources/Recovered/FirstPack/Atlases/PublicUI/zhg_frame07.png using Guid(493da2ff8703de64797f5477a18e6f84) (TextureImporter) -> (artifact id: 'a35db00dd2e7fc89d3aa35911be6e218') in 0.0013971 seconds
Refreshing native plugins compatible for Editor in 0.00 ms, found 0 plugins.
Preloading 0 native plugins for Editor in 0.00 ms.
Asset Pipeline Refresh (id=f894ba7a66882454782bed40c98f4517): Total: 0.006 seconds - Initiated by StopAssetImportingV2(NoUpdateAssetOptions)
Start importing Assets/AreaBattle/Resources/Recovered/FirstPack/Atlases/PublicUI/yx_tittle.png using Guid(f2aeae0f206bbbe4780501435b32a8e9) (TextureImporter) -> (artifact id: 'f7bc4e339413872a0915166455af9d9d') in 0.0014555 seconds
Refreshing native plugins compatible for Editor in 0.00 ms, found 0 plugins.
Preloading 0 native plugins for Editor in 0.00 ms.
Asset Pipeline Refresh (id=0f293bae4547dfd40aa1c8fb095b80f1): Total: 0.006 seconds - Initiated by StopAssetImportingV2(NoUpdateAssetOptions)
Start importing Assets/AreaBattle/Resources/Recovered/FirstPack/Atlases/PublicUI/Pulbic_redpoint.png using Guid(e4bdd299ae763c54399f3f9ab1bc59df) (TextureImporter) -> (artifact id: '338e633387e7e102c14ff20c26d75e89') in 0.0012742 seconds
Refreshing native plugins compatible for Editor in 0.00 ms, found 0 plugins.
Preloading 0 native plugins for Editor in 0.00 ms.
Asset Pipeline Refresh (id=87094b7afc7e88b439ac0720b536c54b): Total: 0.006 seconds - Initiated by StopAssetImportingV2(NoUpdateAssetOptions)
Start importing Assets/AreaBattle/Resources/Recovered/FirstPack/Atlases/PublicUI/Shop_frame_C.png using Guid(e778a1dbaa78a554aa3d5d56a84ca65c) (TextureImporter) -> (artifact id: '40df7decbd69796981b12a6380b01ef7') in 0.0017198 seconds
Refreshing native plugins compatible for Editor in 0.00 ms, found 0 plugins.
Preloading 0 native plugins for Editor in 0.00 ms.
Asset Pipeline Refresh (id=3d926e075b804a1408ca98f0b3a75b2b): Total: 0.007 seconds - Initiated by StopAssetImportingV2(NoUpdateAssetOptions)
Start importing Assets/AreaBattle/Resources/Recovered/FirstPack/Atlases/PublicUI/zhg_frame02.png using Guid(513ee1c254a18fb4abeb633febe2b73f) (TextureImporter) -> (artifact id: 'd527aeec9691a52ff3092d33593886e4') in 0.0013182 seconds
Refreshing native plugins compatible for Editor in 0.00 ms, found 0 plugins.
Preloading 0 native plugins for Editor in 0.00 ms.
Asset Pipeline Refresh (id=01c90a0e66f51f24084585327ee557cb): Total: 0.006 seconds - Initiated by StopAssetImportingV2(NoUpdateAssetOptions)
Start importing Assets/AreaBattle/Resources/Recovered/FirstPack/Atlases/PublicUI/Public_frame02.png using Guid(a1b1559719c7c124ea0dff343aadd846) (TextureImporter) -> (artifact id: 'bcc3a50f8a6edb2a40b66bc9a7f7036b') in 0.0016571 seconds
Refreshing native plugins compatible for Editor in 0.00 ms, found 0 plugins.
Preloading 0 native plugins for Editor in 0.00 ms.
Asset Pipeline Refresh (id=f07366da6ae7b7642a6c1e5c321f291c): Total: 0.007 seconds - Initiated by StopAssetImportingV2(NoUpdateAssetOptions)
Start importing Assets/AreaBattle/Resources/Recovered/FirstPack/Atlases/PublicUI/Shop_frame_A.png using Guid(76ba857db11f22040a68318233d6b1bb) (TextureImporter) -> (artifact id: 'e16ef014274a40772d524d2b88aa5bc2') in 0.0016872 seconds
Refreshing native plugins compatible for Editor in 0.00 ms, found 0 plugins.
Preloading 0 native plugins for Editor in 0.00 ms.
Asset Pipeline Refresh (id=932f0c95bacb3df4fb065aabf0b9c9bc): Total: 0.007 seconds - Initiated by StopAssetImportingV2(NoUpdateAssetOptions)
Start importing Assets/AreaBattle/Resources/Recovered/FirstPack/Atlases/PublicUI/Tx_name_bg.png using Guid(ad08c37974eabe542b08f01429add085) (TextureImporter) -> (artifact id: '745b52f68fc9ba93da34ebf0c580b535') in 0.0012268 seconds
Refreshing native plugins compatible for Editor in 0.00 ms, found 0 plugins.
Preloading 0 native plugins for Editor in 0.00 ms.
Asset Pipeline Refresh (id=369d3f9275f771c46a05aa6f3c70e70c): Total: 0.006 seconds - Initiated by StopAssetImportingV2(NoUpdateAssetOptions)
Start importing Assets/AreaBattle/Resources/Recovered/FirstPack/Atlases/PublicUI/Task_bx03_on.png using Guid(c4d699a888482c840aac63ab9817b600) (TextureImporter) -> (artifact id: '7c59562b74acec881aa9cb4bd3ad5b1d') in 0.0019485 seconds
Refreshing native plugins compatible for Editor in 0.00 ms, found 0 plugins.
Preloading 0 native plugins for Editor in 0.00 ms.
Asset Pipeline Refresh (id=6bed6162322bfd94da94ddc4100e05f9): Total: 0.007 seconds - Initiated by StopAssetImportingV2(NoUpdateAssetOptions)
Start importing Assets/AreaBattle/Resources/Recovered/FirstPack/Atlases/PublicUI/Tx_bg.png using Guid(2aaa8604f90d4ee489570d4692bdae3d) (TextureImporter) -> (artifact id: '176d4e16b58951f1179b1794a9672541') in 0.0017458 seconds
Refreshing native plugins compatible for Editor in 0.00 ms, found 0 plugins.
Preloading 0 native plugins for Editor in 0.00 ms.
Asset Pipeline Refresh (id=05ddc78fbf3f6c2448e03f477e180518): Total: 0.007 seconds - Initiated by StopAssetImportingV2(NoUpdateAssetOptions)
Start importing Assets/AreaBattle/Resources/Recovered/FirstPack/Atlases/PublicUI/Public_bg00.png using Guid(b0ffc94eada6f8b48aa20302ad664f77) (TextureImporter) -> (artifact id: '43b610690fe71f1d8a0bfbda8ee8551f') in 0.001483 seconds
Refreshing native plugins compatible for Editor in 0.00 ms, found 0 plugins.
Preloading 0 native plugins for Editor in 0.00 ms.
Asset Pipeline Refresh (id=f27a1039218bb324facd0e1ad48ec0d8): Total: 0.007 seconds - Initiated by StopAssetImportingV2(NoUpdateAssetOptions)
Start importing Assets/AreaBattle/Resources/Recovered/FirstPack/Atlases/PublicUI/Public_time_bg.png using Guid(4d636c1f64139054b96005420a1bfaec) (TextureImporter) -> (artifact id: '12ff29c9fff3ed0d213704c44baec9d8') in 0.0013393 seconds
Refreshing native plugins compatible for Editor in 0.00 ms, found 0 plugins.
Preloading 0 native plugins for Editor in 0.00 ms.
Asset Pipeline Refresh (id=9a9090827c55b9f4a82e5d6606eeba8d): Total: 0.006 seconds - Initiated by StopAssetImportingV2(NoUpdateAssetOptions)
Start importing Assets/AreaBattle/Resources/Recovered/FirstPack/Atlases/PublicUI/Public_bg01.png using Guid(a30a062051c62694ca02086771b1f1eb) (TextureImporter) -> (artifact id: '4a3fa0e1ed117875322a854b98a387bc') in 0.0020927 seconds
Refreshing native plugins compatible for Editor in 0.00 ms, found 0 plugins.
Preloading 0 native plugins for Editor in 0.00 ms.
Asset Pipeline Refresh (id=3c846b8201e67eb46892261abad7b9e7): Total: 0.007 seconds - Initiated by StopAssetImportingV2(NoUpdateAssetOptions)
Start importing Assets/AreaBattle/Resources/Recovered/FirstPack/Atlases/PublicUI/icon_hg.png using Guid(a3061970f1276c244a88f522c9ba8483) (TextureImporter) -> (artifact id: '32264a7e58b4ba0e40ea428f29fd4189') in 0.0014322 seconds
Refreshing native plugins compatible for Editor in 0.00 ms, found 0 plugins.
Preloading 0 native plugins for Editor in 0.00 ms.
Asset Pipeline Refresh (id=a40e212fb7aed4145ba33d8118a10701): Total: 0.007 seconds - Initiated by StopAssetImportingV2(NoUpdateAssetOptions)
Start importing Assets/AreaBattle/Resources/Recovered/FirstPack/Atlases/PublicUI/JS_blueman.png using Guid(ef53a93549424e24883ba34e2fd4db58) (TextureImporter) -> (artifact id: '11b3106ec761feea413a02b86aa3c210') in 0.0013081 seconds
Refreshing native plugins compatible for Editor in 0.00 ms, found 0 plugins.
Preloading 0 native plugins for Editor in 0.00 ms.
Asset Pipeline Refresh (id=0b58ee12d4d43a540bade73c9ee99c90): Total: 0.006 seconds - Initiated by StopAssetImportingV2(NoUpdateAssetOptions)
Start importing Assets/AreaBattle/Resources/Recovered/FirstPack/Atlases/PublicUI/Task_bx02_off.png using Guid(5bccc9e76947abe438ba9323ae4d890e) (TextureImporter) -> (artifact id: 'de4d395ff32fc32f13d035123b4bd41a') in 0.0019768 seconds
Refreshing native plugins compatible for Editor in 0.00 ms, found 0 plugins.
Preloading 0 native plugins for Editor in 0.00 ms.
Asset Pipeline Refresh (id=33d15214b54d5e04d8dbb4907b808ff3): Total: 0.007 seconds - Initiated by StopAssetImportingV2(NoUpdateAssetOptions)
Start importing Assets/AreaBattle/Resources/Recovered/FirstPack/Atlases/PublicUI/Sd_mask.png using Guid(fef06f907e795fb45859a1d8ea6f587f) (TextureImporter) -> (artifact id: 'e9f80a7a717ab0f9e982a2644ec9e92f') in 0.0012605 seconds
Refreshing native plugins compatible for Editor in 0.00 ms, found 0 plugins.
Preloading 0 native plugins for Editor in 0.00 ms.
Asset Pipeline Refresh (id=b344baede98f67748a95ff3deda41db4): Total: 0.006 seconds - Initiated by StopAssetImportingV2(NoUpdateAssetOptions)
Start importing Assets/AreaBattle/Resources/Recovered/FirstPack/Atlases/PublicUI/timer_clock.png using Guid(cb4688ebc1094b1448a0e46c46223b15) (TextureImporter) -> (artifact id: '6ed079be441d72b84bbb707dbabb60e5') in 0.0015724 seconds
Refreshing native plugins compatible for Editor in 0.00 ms, found 0 plugins.
Preloading 0 native plugins for Editor in 0.00 ms.
Asset Pipeline Refresh (id=8884f3cd1f9d2984d9aa84ace5407874): Total: 0.006 seconds - Initiated by StopAssetImportingV2(NoUpdateAssetOptions)
Start importing Assets/AreaBattle/Resources/Recovered/FirstPack/Atlases/PublicUI/Public_frame.png using Guid(c4d368ee06b0a734797156a3a9d840f2) (TextureImporter) -> (artifact id: '6fc3b3a753f1cf82c05f3fb373b5f10b') in 0.0031508 seconds
Refreshing native plugins compatible for Editor in 0.00 ms, found 0 plugins.
Preloading 0 native plugins for Editor in 0.00 ms.
Asset Pipeline Refresh (id=d2cd28826cac5eb45ad1711db27a2713): Total: 0.008 seconds - Initiated by StopAssetImportingV2(NoUpdateAssetOptions)
Start importing Assets/AreaBattle/Resources/Recovered/FirstPack/Atlases/PublicUI/Task_bx01_on.png using Guid(d83282cf5df8cdf488c69694b5cad5c3) (TextureImporter) -> (artifact id: '21c6de1306c13ab4c6d5c83396d4dc79') in 0.0020971 seconds
Refreshing native plugins compatible for Editor in 0.00 ms, found 0 plugins.
Preloading 0 native plugins for Editor in 0.00 ms.
Asset Pipeline Refresh (id=a10a68ae8914516449192630702f4591): Total: 0.007 seconds - Initiated by StopAssetImportingV2(NoUpdateAssetOptions)
Start importing Assets/AreaBattle/Resources/Recovered/FirstPack/Atlases/PublicUI/Public_lock.png using Guid(57f4c54b36b1eba4cae2641a8c7dfd52) (TextureImporter) -> (artifact id: '2bfbbc099bbe4b7dfd8637bbd02c0d5c') in 0.0014882 seconds
Refreshing native plugins compatible for Editor in 0.00 ms, found 0 plugins.
Preloading 0 native plugins for Editor in 0.00 ms.
Asset Pipeline Refresh (id=4fd63883afaf62e41951503b21f7c40a): Total: 0.007 seconds - Initiated by StopAssetImportingV2(NoUpdateAssetOptions)
Start importing Assets/AreaBattle/Resources/Recovered/FirstPack/Atlases/PublicUI/zhg_xz.png using Guid(d61cd0eef8c76c547a8f7183b32082ab) (TextureImporter) -> (artifact id: '0a72c26ec3b503bafab8f6e540d4d7be') in 0.0014312 seconds
Refreshing native plugins compatible for Editor in 0.00 ms, found 0 plugins.
Preloading 0 native plugins for Editor in 0.00 ms.
Asset Pipeline Refresh (id=89e3162f5e6b47d41bc1787d38712d0b): Total: 0.006 seconds - Initiated by StopAssetImportingV2(NoUpdateAssetOptions)
Start importing Assets/AreaBattle/Resources/Recovered/FirstPack/Atlases/PublicUI/zhg_title.png using Guid(3bf60edf0c4a09644b7553dbef5b844c) (TextureImporter) -> (artifact id: 'e77979e3625a657cda3d788492520534') in 0.0022431 seconds
Refreshing native plugins compatible for Editor in 0.00 ms, found 0 plugins.
Preloading 0 native plugins for Editor in 0.00 ms.
Asset Pipeline Refresh (id=1ce2ee80c1fc07a4e8da98352ac891a1): Total: 0.009 seconds - Initiated by StopAssetImportingV2(NoUpdateAssetOptions)
Start importing Assets/AreaBattle/Resources/Recovered/FirstPack/Atlases/PublicUI/Sd_frame.png using Guid(611b8bf565614c5469c76587756174d8) (TextureImporter) -> (artifact id: '9fb533ba3d46876ed1abbc772895cd3b') in 0.0015407 seconds
Refreshing native plugins compatible for Editor in 0.00 ms, found 0 plugins.
Preloading 0 native plugins for Editor in 0.00 ms.
Asset Pipeline Refresh (id=afcb011047cbee84cb637fc7e316fef9): Total: 0.006 seconds - Initiated by StopAssetImportingV2(NoUpdateAssetOptions)
Start importing Assets/AreaBattle/Resources/Recovered/FirstPack/Atlases/PublicUI/Pulbic_redpoint02.png using Guid(d0bd46a396404b04e82a6043a5898e36) (TextureImporter) -> (artifact id: '5c1dab42d7957a4e06519001708e1b0d') in 0.0015278 seconds
Refreshing native plugins compatible for Editor in 0.00 ms, found 0 plugins.
Preloading 0 native plugins for Editor in 0.00 ms.
Asset Pipeline Refresh (id=39224db3ed6d9b64d9ce0ecc36b4ff82): Total: 0.007 seconds - Initiated by StopAssetImportingV2(NoUpdateAssetOptions)
Start importing Assets/AreaBattle/Resources/Recovered/FirstPack/Atlases/PublicUI/JS_line.png using Guid(5b7da98308ec1374b833320cbe35c6c8) (TextureImporter) -> (artifact id: '33051ef81d06413d0e1765c6c8593ad3') in 0.0012267 seconds
Refreshing native plugins compatible for Editor in 0.00 ms, found 0 plugins.
Preloading 0 native plugins for Editor in 0.00 ms.
Asset Pipeline Refresh (id=ea8dc335ba7674041aa9fde2a9a3a354): Total: 0.006 seconds - Initiated by StopAssetImportingV2(NoUpdateAssetOptions)
Start importing Assets/AreaBattle/Resources/Recovered/FirstPack/Atlases/PublicUI/reddot.png using Guid(edf8c8c0ade84e449b6876469f582cc2) (TextureImporter) -> (artifact id: '44373744c0ccf9f8710f61f932eed936') in 0.0019345 seconds
Refreshing native plugins compatible for Editor in 0.00 ms, found 0 plugins.
Preloading 0 native plugins for Editor in 0.00 ms.
Asset Pipeline Refresh (id=e3664dc11c1e7ea43a1888292b6227c8): Total: 0.007 seconds - Initiated by StopAssetImportingV2(NoUpdateAssetOptions)
Start importing Assets/AreaBattle/Resources/Recovered/FirstPack/Atlases/PublicUI/JS_redman.png using Guid(92d3e4fc6f006b94e8aa4de19eeb9e2c) (TextureImporter) -> (artifact id: '400f4826f5b8f72d79ca544d8e8d7df3') in 0.0014577 seconds
Refreshing native plugins compatible for Editor in 0.00 ms, found 0 plugins.
Preloading 0 native plugins for Editor in 0.00 ms.
Asset Pipeline Refresh (id=13785580ac8ed0f49afc168940438065): Total: 0.006 seconds - Initiated by StopAssetImportingV2(NoUpdateAssetOptions)
Start importing Assets/AreaBattle/Resources/Recovered/FirstPack/Atlases/PublicUI/Task_frame.png using Guid(5ab2ef81d2b3752459a9f3b673f23d8b) (TextureImporter) -> (artifact id: 'f0e851c670cabfd537e83b20710c9cea') in 0.0017104 seconds
Refreshing native plugins compatible for Editor in 0.00 ms, found 0 plugins.
Preloading 0 native plugins for Editor in 0.00 ms.
Asset Pipeline Refresh (id=85ba3c18394764e46b7e5c4c2abfd509): Total: 0.006 seconds - Initiated by StopAssetImportingV2(NoUpdateAssetOptions)
Start importing Assets/AreaBattle/Resources/Recovered/FirstPack/Atlases/PublicUI/yx_add_frame.png using Guid(599edef4ddb7c0348a03e6789c742d45) (TextureImporter) -> (artifact id: '2ee71f3dda1b3d1eee8847900e03bfbe') in 0.0015825 seconds
Refreshing native plugins compatible for Editor in 0.00 ms, found 0 plugins.
Preloading 0 native plugins for Editor in 0.00 ms.
Asset Pipeline Refresh (id=eb0ba638e8efefe4c8af9db16c922e25): Total: 0.007 seconds - Initiated by StopAssetImportingV2(NoUpdateAssetOptions)
Start importing Assets/AreaBattle/Resources/Recovered/FirstPack/Atlases/PublicUI/Public_bg.png using Guid(0e41c3a8e3e343b46883102ce597cb77) (TextureImporter) -> (artifact id: '620f3bd6446ae3568991d8e5523f3025') in 0.0013053 seconds
Refreshing native plugins compatible for Editor in 0.00 ms, found 0 plugins.
Preloading 0 native plugins for Editor in 0.00 ms.
Asset Pipeline Refresh (id=506cc2d499d95ea4e8080af952b113de): Total: 0.006 seconds - Initiated by StopAssetImportingV2(NoUpdateAssetOptions)
Start importing Assets/AreaBattle/Resources/Recovered/FirstPack/Atlases/PublicUI/SKIN_frame02.png using Guid(39dd0aab476583347ba2664e798bd78d) (TextureImporter) -> (artifact id: '2fa69c2834b2c33856daa7fc6d2d0e03') in 0.0023253 seconds
Refreshing native plugins compatible for Editor in 0.00 ms, found 0 plugins.
Preloading 0 native plugins for Editor in 0.00 ms.
Asset Pipeline Refresh (id=c9f3c2d2fb3304042af1e82781c86005): Total: 0.008 seconds - Initiated by StopAssetImportingV2(NoUpdateAssetOptions)
Start importing Assets/AreaBattle/Resources/Recovered/FirstPack/Atlases/PublicUI/set_btn.png using Guid(a3ac1e443ab4899448318c6f2d632252) (TextureImporter) -> (artifact id: '3eff3865223a652042f5e4e8e1dd5115') in 0.0016224 seconds
Refreshing native plugins compatible for Editor in 0.00 ms, found 0 plugins.
Preloading 0 native plugins for Editor in 0.00 ms.
Asset Pipeline Refresh (id=af634489606ebef4886bcfba10093b64): Total: 0.007 seconds - Initiated by StopAssetImportingV2(NoUpdateAssetOptions)
Start importing Assets/AreaBattle/Resources/Recovered/FirstPack/Atlases/PublicUI/Task_bx01_off.png using Guid(6c5f102e10586424ea03e6abaf2bb1d9) (TextureImporter) -> (artifact id: 'af2224e3838c0bc8671bd3fc24527580') in 0.0019619 seconds
Refreshing native plugins compatible for Editor in 0.00 ms, found 0 plugins.
Preloading 0 native plugins for Editor in 0.00 ms.
Asset Pipeline Refresh (id=319721fffc6b4ed4c892666e5fb28583): Total: 0.007 seconds - Initiated by StopAssetImportingV2(NoUpdateAssetOptions)
Start importing Assets/AreaBattle/Resources/Recovered/FirstPack/Atlases/PublicUI/Task_bx03_off.png using Guid(44b21087a5793784cac2961801b29609) (TextureImporter) -> (artifact id: 'c51c75173618ff60c4130c02998fc1df') in 0.0017855 seconds
Refreshing native plugins compatible for Editor in 0.00 ms, found 0 plugins.
Preloading 0 native plugins for Editor in 0.00 ms.
Asset Pipeline Refresh (id=de2607ce47f32574487d348b63109fa2): Total: 0.007 seconds - Initiated by StopAssetImportingV2(NoUpdateAssetOptions)
Start importing Assets/AreaBattle/Resources/Recovered/FirstPack/Atlases/PublicUI/Public_jiangbei.png using Guid(d5c7778a846d805499b1fa2c7806c65e) (TextureImporter) -> (artifact id: 'd93c0dec57ed78cf0fa7e4cbd4fef0df') in 0.0013663 seconds
Refreshing native plugins compatible for Editor in 0.00 ms, found 0 plugins.
Preloading 0 native plugins for Editor in 0.00 ms.
Asset Pipeline Refresh (id=2f263e6e8bffca844801f1dd69d94527): Total: 0.006 seconds - Initiated by StopAssetImportingV2(NoUpdateAssetOptions)
Start importing Assets/AreaBattle/Resources/Recovered/FirstPack/Atlases/PublicUI/Task_progress01.png using Guid(0e038a9371fdab845b94085d3f240c24) (TextureImporter) -> (artifact id: 'a21a1fe736f45244384444d4f983df91') in 0.0013379 seconds
Refreshing native plugins compatible for Editor in 0.00 ms, found 0 plugins.
Preloading 0 native plugins for Editor in 0.00 ms.
Asset Pipeline Refresh (id=89a4b2cfe485ee9498f7e8002a79816b): Total: 0.006 seconds - Initiated by StopAssetImportingV2(NoUpdateAssetOptions)
Start importing Assets/AreaBattle/Resources/Recovered/FirstPack/Atlases/PublicUI/Task_Tips01.png using Guid(72277c3e883445c4a9c929371b2b7a0f) (TextureImporter) -> (artifact id: '05701b5b13aee1a32171ecbd23bf3690') in 0.0014042 seconds
Refreshing native plugins compatible for Editor in 0.00 ms, found 0 plugins.
Preloading 0 native plugins for Editor in 0.00 ms.
Asset Pipeline Refresh (id=daf8612e275d4bc4da611add647baeaa): Total: 0.006 seconds - Initiated by StopAssetImportingV2(NoUpdateAssetOptions)
Start importing Assets/AreaBattle/Resources/Recovered/FirstPack/Atlases/PublicUI/Shop_qgg.png using Guid(25ed590712b25a44eb4f907c77d82415) (TextureImporter) -> (artifact id: '779e4423eacdec984869074b156a7d73') in 0.002397 seconds
Refreshing native plugins compatible for Editor in 0.00 ms, found 0 plugins.
Preloading 0 native plugins for Editor in 0.00 ms.
Asset Pipeline Refresh (id=04dcf2f9cf3574e4983f95960d552d60): Total: 0.007 seconds - Initiated by StopAssetImportingV2(NoUpdateAssetOptions)
Start importing Assets/AreaBattle/Resources/Recovered/FirstPack/Atlases/PublicUI/Task_progress02.png using Guid(ba4a5fc81b49bd44d9a1668fb1d0c76c) (TextureImporter) -> (artifact id: 'e0ebf1d4e26d7d70f7e99af615e5b38c') in 0.001298 seconds
Refreshing native plugins compatible for Editor in 0.00 ms, found 0 plugins.
Preloading 0 native plugins for Editor in 0.00 ms.
Asset Pipeline Refresh (id=a0d4f9b62e434c84da861a7acadc7344): Total: 0.006 seconds - Initiated by StopAssetImportingV2(NoUpdateAssetOptions)
Start importing Assets/AreaBattle/Resources/Recovered/FirstPack/Atlases/PublicUI/zhg_frame04.png using Guid(caaa6a20031a03445adf4f844c8422d0) (TextureImporter) -> (artifact id: '499f80a21fc058530cd92609223ea4e1') in 0.0017819 seconds
Refreshing native plugins compatible for Editor in 0.00 ms, found 0 plugins.
Preloading 0 native plugins for Editor in 0.00 ms.
Asset Pipeline Refresh (id=e64e81cbedf11e64e9b5caba64e65c4e): Total: 0.006 seconds - Initiated by StopAssetImportingV2(NoUpdateAssetOptions)
Start importing Assets/AreaBattle/Resources/Recovered/FirstPack/Atlases/PublicUI/guild_bg01.png using Guid(2a1f9075e10219d4798f34c7331eff00) (TextureImporter) -> (artifact id: 'a7bc9ebc6208dd44fbc7daa0abf8d316') in 0.0014392 seconds
Refreshing native plugins compatible for Editor in 0.00 ms, found 0 plugins.
Preloading 0 native plugins for Editor in 0.00 ms.
Asset Pipeline Refresh (id=971f056e091ecd14689a807f09e36173): Total: 0.006 seconds - Initiated by StopAssetImportingV2(NoUpdateAssetOptions)
Start importing Assets/AreaBattle/Resources/Recovered/FirstPack/Atlases/PublicUI/Shop_frame_S.png using Guid(fa9b27708b72f684aa4f57005a814a22) (TextureImporter) -> (artifact id: '3f0e1517e08c548fe94ffc2ae6d10d8b') in 0.0015902 seconds
Refreshing native plugins compatible for Editor in 0.00 ms, found 0 plugins.
Preloading 0 native plugins for Editor in 0.00 ms.
Asset Pipeline Refresh (id=4e30fb2881830be42a92f4dafb330f1a): Total: 0.006 seconds - Initiated by StopAssetImportingV2(NoUpdateAssetOptions)
Start importing Assets/AreaBattle/Resources/Recovered/FirstPack/Atlases/PublicUI/Shop_frame_B.png using Guid(5f90cebcae47712468a2ace4a9812867) (TextureImporter) -> (artifact id: '4761364644677c2aed9fb4f4b6f8a853') in 0.001753 seconds
Refreshing native plugins compatible for Editor in 0.00 ms, found 0 plugins.
Preloading 0 native plugins for Editor in 0.00 ms.
Asset Pipeline Refresh (id=eda2faaa4119dca42b7588840c03235e): Total: 0.007 seconds - Initiated by StopAssetImportingV2(NoUpdateAssetOptions)
Start importing Assets/AreaBattle/Resources/Recovered/FirstPack/Atlases/PublicUI/frame_orange.png using Guid(4a788b71fd9772049ad544385a635fb7) (TextureImporter) -> (artifact id: '125bcf229479cdfeca25fe2ae1389dc0') in 0.00151 seconds
Refreshing native plugins compatible for Editor in 0.00 ms, found 0 plugins.
Preloading 0 native plugins for Editor in 0.00 ms.
Asset Pipeline Refresh (id=567a4ebf27f76b2448c4568984148096): Total: 0.006 seconds - Initiated by StopAssetImportingV2(NoUpdateAssetOptions)
Start importing Assets/AreaBattle/Resources/Recovered/FirstPack/Atlases/PublicUI/yx_AD.png using Guid(efbee59db2c52404eb24d22694269622) (TextureImporter) -> (artifact id: '560a599f1ea5a56cc48d80e35aba5a97') in 0.0014291 seconds
Refreshing native plugins compatible for Editor in 0.00 ms, found 0 plugins.
Preloading 0 native plugins for Editor in 0.00 ms.
Asset Pipeline Refresh (id=85feb024ea6128a4583164a16d6e6870): Total: 0.006 seconds - Initiated by StopAssetImportingV2(NoUpdateAssetOptions)
Start importing Assets/AreaBattle/Resources/Recovered/FirstPack/Atlases/PublicBtn/Pulbic_btn_black.png using Guid(51728a8bf95be5949ab66c6764c8bf16) (TextureImporter) -> (artifact id: '93fb4fa5a2d6a55af3aaba17bb8d1814') in 0.0018491 seconds
Refreshing native plugins compatible for Editor in 0.00 ms, found 0 plugins.
Preloading 0 native plugins for Editor in 0.00 ms.
Asset Pipeline Refresh (id=8ae64e1b1d73a624287d849db0a8bb56): Total: 0.007 seconds - Initiated by StopAssetImportingV2(NoUpdateAssetOptions)
Start importing Assets/AreaBattle/Resources/Recovered/FirstPack/Atlases/PublicBtn/Pulbic_add.png using Guid(a885b7e0d139c3147b36538802ce1592) (TextureImporter) -> (artifact id: '8555b18e286c530f5bd5fdc997390bbd') in 0.0013567 seconds
Refreshing native plugins compatible for Editor in 0.00 ms, found 0 plugins.
Preloading 0 native plugins for Editor in 0.00 ms.
Asset Pipeline Refresh (id=94959890445721d4b9482b3e8dfea0cd): Total: 0.006 seconds - Initiated by StopAssetImportingV2(NoUpdateAssetOptions)
Start importing Assets/AreaBattle/Resources/Recovered/FirstPack/Atlases/PublicBtn/Pulbic_btn_close.png using Guid(aa6601838b7eaf54cb950b91e7a484a1) (TextureImporter) -> (artifact id: '415490277b13b8487cf03066aada400b') in 0.0015869 seconds
Refreshing native plugins compatible for Editor in 0.00 ms, found 0 plugins.
Preloading 0 native plugins for Editor in 0.00 ms.
Asset Pipeline Refresh (id=b522c18327abdfd4ea6c68c17c46d35b): Total: 0.007 seconds - Initiated by StopAssetImportingV2(NoUpdateAssetOptions)
Start importing Assets/AreaBattle/Resources/Recovered/FirstPack/Atlases/PublicBtn/Pulbic_btn_yellow.png using Guid(c3594259082e1ff4cb7bcd97be1f51dc) (TextureImporter) -> (artifact id: 'daea316be9e1ad89d7de70254b5a6d34') in 0.0018813 seconds
Refreshing native plugins compatible for Editor in 0.00 ms, found 0 plugins.
Preloading 0 native plugins for Editor in 0.00 ms.
Asset Pipeline Refresh (id=c7e8ee09456afa84799f3bfda942fb61): Total: 0.006 seconds - Initiated by StopAssetImportingV2(NoUpdateAssetOptions)
Start importing Assets/AreaBattle/Resources/Recovered/FirstPack/Atlases/PublicBtn/Public_btn_bg.png using Guid(529389bc4b10fde4c98f1668a6cc2fa7) (TextureImporter) -> (artifact id: 'df955374aea6e9deb4c583765315a522') in 0.0019212 seconds
Refreshing native plugins compatible for Editor in 0.00 ms, found 0 plugins.
Preloading 0 native plugins for Editor in 0.00 ms.
Asset Pipeline Refresh (id=74fc37659a79978489cc6489005477d4): Total: 0.007 seconds - Initiated by StopAssetImportingV2(NoUpdateAssetOptions)
Start importing Assets/AreaBattle/Resources/Recovered/FirstPack/Atlases/PublicBtn/Pulbic_btn_white.png using Guid(f1c4d909d00e6f84288cbeddb9314c53) (TextureImporter) -> (artifact id: '7e7ff9ed521db16ee18a557e3e09b6a3') in 0.0017948 seconds
Refreshing native plugins compatible for Editor in 0.00 ms, found 0 plugins.
Preloading 0 native plugins for Editor in 0.00 ms.
Asset Pipeline Refresh (id=08b45f929e35d874986fc6401eea45b5): Total: 0.007 seconds - Initiated by StopAssetImportingV2(NoUpdateAssetOptions)
Start importing Assets/AreaBattle/Resources/Recovered/FirstPack/Atlases/PublicBtn/Public_btn_bg02.png using Guid(d90cca603e88bb249a66090d1af99812) (TextureImporter) -> (artifact id: 'e05aed4e10e7a977bdc3fd3beea70fd9') in 0.0018171 seconds
Refreshing native plugins compatible for Editor in 0.00 ms, found 0 plugins.
Preloading 0 native plugins for Editor in 0.00 ms.
Asset Pipeline Refresh (id=53764c2936dc22e499618db05e182bd6): Total: 0.007 seconds - Initiated by StopAssetImportingV2(NoUpdateAssetOptions)
Start importing Assets/AreaBattle/Resources/Recovered/FirstPack/Atlases/PublicBtn/Pulbic_btn_return.png using Guid(79dc8275e6335494ca37510d1fad8e73) (TextureImporter) -> (artifact id: '61e57ac564704dca2403eab4f97c34e9') in 0.0017177 seconds
Refreshing native plugins compatible for Editor in 0.00 ms, found 0 plugins.
Preloading 0 native plugins for Editor in 0.00 ms.
Asset Pipeline Refresh (id=b3445f01b99e7d64ba164d93e118b574): Total: 0.006 seconds - Initiated by StopAssetImportingV2(NoUpdateAssetOptions)
Start importing Assets/AreaBattle/Resources/Recovered/FirstPack/Atlases/PublicBtn/Pulbic_btn_green1.png using Guid(db5fc62676acc3e41a9b6749de793947) (TextureImporter) -> (artifact id: '87878867d47400a1721da549481bc07d') in 0.0016779 seconds
Refreshing native plugins compatible for Editor in 0.00 ms, found 0 plugins.
Preloading 0 native plugins for Editor in 0.00 ms.
Asset Pipeline Refresh (id=d56c5ef004d0f7245a49e48d8cbf63a4): Total: 0.006 seconds - Initiated by StopAssetImportingV2(NoUpdateAssetOptions)
Start importing Assets/AreaBattle/Resources/Recovered/FirstPack/Atlases/PublicBtn/Pulbic_btn_01.png using Guid(6ae1bf144f49c464e81c5e604e5d7a2a) (TextureImporter) -> (artifact id: '955631ef886334ca013b57f766dcf3ee') in 0.0018508 seconds
Refreshing native plugins compatible for Editor in 0.00 ms, found 0 plugins.
Preloading 0 native plugins for Editor in 0.00 ms.
Asset Pipeline Refresh (id=a0a71f8348f11574e8de607ccf10d3fd): Total: 0.007 seconds - Initiated by StopAssetImportingV2(NoUpdateAssetOptions)
Start importing Assets/AreaBattle/Resources/Recovered/FirstPack/Atlases/PublicBtn/Pulbic_btn_02.png using Guid(836e5adefb40a6744870ebd1d99af864) (TextureImporter) -> (artifact id: 'e7a22c2f4e4144a8cf1824be00afd43d') in 0.0016971 seconds
Refreshing native plugins compatible for Editor in 0.00 ms, found 0 plugins.
Preloading 0 native plugins for Editor in 0.00 ms.
Asset Pipeline Refresh (id=53fad7a6d9f00ba4bbb3d5befe638af5): Total: 0.006 seconds - Initiated by StopAssetImportingV2(NoUpdateAssetOptions)
Start importing Assets/AreaBattle/Resources/Recovered/FirstPack/Atlases/PublicBtn/Pulbic_btn_green.png using Guid(ca57ec6a4e440884c9d5e7e0f1698905) (TextureImporter) -> (artifact id: '9608eaf9ce404af41e48abdbe6288a07') in 0.0019194 seconds
Refreshing native plugins compatible for Editor in 0.00 ms, found 0 plugins.
Preloading 0 native plugins for Editor in 0.00 ms.
Asset Pipeline Refresh (id=c55785e197e0c7e4cb778d64fc6001e0): Total: 0.007 seconds - Initiated by StopAssetImportingV2(NoUpdateAssetOptions)
Start importing Assets/AreaBattle/Resources/Recovered/FirstPack/Atlases/PublicBtn/Pulbic_btn_frame.png using Guid(f68a3f35629e8b54eb552d948489fb2f) (TextureImporter) -> (artifact id: '7e1a3251602688e878029213501013df') in 0.0017521 seconds
Refreshing native plugins compatible for Editor in 0.00 ms, found 0 plugins.
Preloading 0 native plugins for Editor in 0.00 ms.
Asset Pipeline Refresh (id=0b66714124d7f7a4d8f3fa51c8be440d): Total: 0.006 seconds - Initiated by StopAssetImportingV2(NoUpdateAssetOptions)
Start importing Assets/AreaBattle/Resources/Recovered/FirstPack/Atlases/PublicBtn.spriteatlas using Guid(521b8f57195f85c4a81fa05b93ea5489) (NativeFormatImporter) -> (artifact id: '85435754e00d053b1234746829e107ff') in 0.0010541 seconds
Start importing Assets/AreaBattle/Resources/Recovered/FirstPack/Atlases/PublicUI.spriteatlas using Guid(888dcf1673882b942b3017224aa8bd9e) (NativeFormatImporter) -> (artifact id: '572ed7e8f9ebfde05310bcb920e4ff38') in 0.0007863 seconds
Refreshing native plugins compatible for Editor in 0.00 ms, found 0 plugins.
Preloading 0 native plugins for Editor in 0.00 ms.
Asset Pipeline Refresh (id=e25d75afd16c37141b019071754a6d90): Total: 0.008 seconds - Initiated by StopAssetImportingV2(NoUpdateAssetOptions)
Asset Pipeline Refresh (id=d0d6d95985e58e54f81a8b1361294088): Total: 0.024 seconds - Initiated by RefreshV2(NoUpdateAssetOptions)
- PublicUI (0 / 8165) bytes
- PublicBtn (0 / 8165) bytes
Unloading 65 unused Assets / (293.0 KB). Loaded Objects now: 1516.
Memory consumption went from 101.4 MB to 101.1 MB.
Total: 2.842200 ms (FindLiveObjects: 0.049300 ms CreateObjectMapping: 0.011800 ms MarkObjects: 2.628200 ms  DeleteObjects: 0.152100 ms)

- Batching 2 : Memory 101 MB
- 	Placed sprite                                                Pulbic_btn_green1 in page (  0) at (   0,    0). Page is now ( 256,  107). ( 260/111) : 0
- 	Placed sprite                                                     Public_frame in page (  0) at (   0,    0). Page is now ( 254,  346). ( 258/350) : 0
- 	Placed sprite                                                Pulbic_btn_yellow in page (  0) at (   0,  111). Page is now ( 256,  218). ( 260/111) : 0
- 	Placed sprite                                                 Pulbic_btn_white in page (  0) at (   0,  222). Page is now ( 256,  319). ( 260/101) : 0
- 	Placed sprite                                                      Public_bg01 in page (  0) at ( 258,    0). Page is now ( 470,  346). ( 216/192) : 0
- 	Placed sprite                                                 Pulbic_btn_green in page (  0) at (   0,  323). Page is now ( 256,  420). ( 260/101) : 0
- 	Placed sprite                                                        zhg_title in page (  0) at (   0,  350). Page is now ( 470,  478). ( 236/132) : 0
- 	Placed sprite                                                 Pulbic_btn_black in page (  0) at (   0,  424). Page is now ( 256,  521). ( 260/101) : 0
- 	Placed sprite                                                      zhg_frame04 in page (  0) at ( 258,  192). Page is now ( 470,  478). ( 124/236) : 0
- 	Placed sprite                                                    Pulbic_btn_01 in page (  0) at (   0,  525). Page is now ( 256,  679). ( 146/158) : 0
- 	Placed sprite                                                            Tx_bg in page (  0) at (   0,  482). Page is now ( 470,  598). ( 180/120) : 0
- 	Placed sprite                                                    Pulbic_btn_02 in page (  0) at (   0,  683). Page is now ( 256,  837). ( 146/158) : 0
- 	Placed sprite                                                     Shop_frame_S in page (  0) at ( 236,  428). Page is now ( 470,  598). ( 132/132) : 0
- 	Placed sprite                                                       Task_frame in page (  0) at (   0,  602). Page is now ( 470,  730). ( 132/132) : 0
- 	Placed sprite                                                 Pulbic_btn_frame in page (  0) at (   0,  841). Page is now ( 256,  969). ( 132/132) : 0
- 	Placed sprite                                                Pulbic_btn_return in page (  0) at ( 260,    0). Page is now ( 388,  969). ( 132/104) : 0
- 	Placed sprite                                                         Shop_qgg in page (  0) at (   0,  734). Page is now ( 470,  862). ( 132/132) : 0
- 	Placed sprite                                                  Public_btn_bg02 in page (  0) at ( 260,  104). Page is now ( 388,  969). ( 132/99) : 0
- 	Placed sprite                                                     SKIN_frame02 in page (  0) at ( 180,  560). Page is now ( 470,  862). ( 132/132) : 0
- 	Placed sprite                                                    Public_btn_bg in page (  0) at ( 260,  203). Page is now ( 388,  969). ( 132/99) : 0
- 	Placed sprite                                                       Pulbic_add in page (  0) at ( 260,  302). Page is now ( 388,  969). ( 84/84) : 0
- 	Placed sprite                                                     Shop_frame_C in page (  0) at ( 132,  692). Page is now ( 470,  862). ( 132/132) : 0
- 	Placed sprite                                                 Pulbic_btn_close in page (  0) at ( 260,  386). Page is now ( 388,  969). ( 84/84) : 0
- 	Placed sprite                                                     Shop_frame_B in page (  0) at ( 312,  560). Page is now ( 470,  862). ( 132/132) : 0
- 	Placed sprite                                                     Shop_frame_A in page (  0) at ( 264,  692). Page is now ( 470,  862). ( 132/132) : 0
- 	Placed sprite                                                     Public_title in page (  0) at (   0,  866). Page is now ( 470,  952). ( 188/90) : 0
- 	Placed sprite                                                          set_btn in page (  0) at ( 188,  824). Page is now ( 470,  952). ( 136/122) : 0
- 	Placed sprite                                                         Sd_frame in page (  0) at ( 382,  192). Page is now ( 502,  952). ( 124/124) : 0
- 	Placed sprite                                                    Task_bx03_off in page (  0) at ( 324,  824). Page is now ( 502,  952). ( 124/124) : 0
- 	Placed sprite                                                    Task_bx02_off in page (  0) at ( 382,  316). Page is now ( 502,  952). ( 124/124) : 0
- 	Placed sprite                                                     Task_bx02_on in page (  0) at ( 474,    0). Page is now ( 594,  952). ( 124/124) : 0
- 	Placed sprite                                                     Task_bx03_on in page (  0) at ( 506,  124). Page is now ( 626,  952). ( 124/124) : 0
- 	Placed sprite                                                    Task_bx01_off in page (  0) at ( 506,  248). Page is now ( 626,  952). ( 124/124) : 0
- 	Placed sprite                                                     Task_bx01_on in page (  0) at ( 444,  440). Page is now ( 626,  952). ( 124/124) : 0
- 	Placed sprite                                                      Task_Tips01 in page (  0) at ( 568,  372). Page is now ( 682,  952). ( 118/70) : 0
- 	Placed sprite                                                           zhg_xz in page (  0) at ( 568,  442). Page is now ( 682,  952). ( 104/72) : 0
- 	Placed sprite                                                    Com_Title_Xbq in page (  0) at (   0,  956). Page is now ( 682, 1004). ( 133/52) : 0
- 	Placed sprite                                                        yx_tittle in page (  0) at ( 444,  564). Page is now ( 682, 1004). ( 76/84) : 0
- 	Placed sprite                                                      Public_bg00 in page (  0) at ( 598,    0). Page is now ( 682, 1004). ( 81/72) : 0
- 	Placed sprite                                                            yx_AD in page (  0) at ( 630,   72). Page is now ( 710, 1004). ( 84/56) : 0
- 	Placed sprite                                                          icon_hg in page (  0) at ( 679,    0). Page is now ( 743, 1004). ( 68/68) : 0
- 	Placed sprite                                                      zhg_frame02 in page (  0) at ( 568,  514). Page is now ( 743, 1004). ( 68/68) : 0
- 	Placed sprite                                                       JS_blueman in page (  0) at ( 630,  128). Page is now ( 743, 1004). ( 68/68) : 0
- 	Placed sprite                                                      Public_lock in page (  0) at ( 520,  582). Page is now ( 743, 1004). ( 68/68) : 0
- 	Placed sprite                                                        JS_redman in page (  0) at ( 747,    0). Page is now ( 811, 1004). ( 68/68) : 0
- 	Placed sprite                                                     frame_orange in page (  0) at ( 714,   68). Page is now ( 811, 1004). ( 64/64) : 0
- 	Placed sprite                                                      zhg_frame07 in page (  0) at ( 396,  692). Page is now ( 811, 1004). ( 68/59) : 0
- 	Placed sprite                                                       guild_bg01 in page (  0) at ( 630,  196). Page is now ( 811, 1004). ( 90/44) : 0
- 	Placed sprite                                                  Public_jiangbei in page (  0) at ( 464,  650). Page is now ( 811, 1004). ( 68/57) : 0
- 	Placed sprite                                                        Public_bg in page (  0) at ( 448,  751). Page is now ( 811, 1004). ( 40/88) : 0
- 	Placed sprite                                                       Tx_name_bg in page (  0) at ( 815,    0). Page is now ( 867, 1004). ( 56/56) : 0
- 	Placed sprite                                                Pulbic_redpoint02 in page (  0) at ( 698,  132). Page is now ( 867, 1004). ( 54/54) : 0
- 	Placed sprite                                                     yx_add_frame in page (  0) at ( 488,  707). Page is now ( 867, 1004). ( 48/48) : 0
- 	Placed sprite                                                      Public_bg02 in page (  0) at ( 506,  372). Page is now ( 867, 1004). ( 44/44) : 0
- 	Placed sprite                                                      timer_clock in page (  0) at ( 132,  602). Page is now ( 867, 1004). ( 42/42) : 0
- 	Placed sprite                                                  Pulbic_redpoint in page (  0) at ( 630,  240). Page is now ( 867, 1004). ( 40/40) : 0
- 	Placed sprite                                                           reddot in page (  0) at ( 630,  280). Page is now ( 867, 1004). ( 36/36) : 0
- 	Placed sprite                                                  Task_progress01 in page (  0) at ( 871,    0). Page is now ( 903, 1004). ( 36/36) : 0
- 	Placed sprite                                                   Public_time_bg in page (  0) at ( 720,  186). Page is now ( 903, 1004). ( 36/36) : 0
- 	Placed sprite                                                  Task_progress02 in page (  0) at ( 132,  644). Page is now ( 903, 1004). ( 28/28) : 0
- 	Placed sprite                                                   Public_frame02 in page (  0) at ( 636,  514). Page is now ( 903, 1004). ( 24/24) : 0
- 	Placed sprite                                                          JS_line in page (  0) at ( 180,  482). Page is now ( 903, 1004). ( 16/16) : 0
- 	Placed sprite                                                          Sd_mask in page (  0) at ( 778,   68). Page is now ( 903, 1004). ( 12/12) : 0
Sprite Atlas Operation : " ## Generating Atlas Masks ## " took 0.049024 sec (current mem: 114 MB)
Processing Atlas : PublicUI
- 	Page (  0) downsized to : (1024 x 1024).
filling image source format : 254, 346, 1016, 4 boundary fill : 0
filling image source format : 212, 188, 848, 4 boundary fill : 0
filling image source format : 232, 128, 928, 4 boundary fill : 0
filling image source format : 120, 232, 480, 4 boundary fill : 0
filling image source format : 176, 116, 704, 4 boundary fill : 0
filling image source format : 128, 128, 512, 4 boundary fill : 0
filling image source format : 128, 128, 512, 4 boundary fill : 0
filling image source format : 128, 128, 512, 4 boundary fill : 0
filling image source format : 128, 128, 512, 4 boundary fill : 0
filling image source format : 128, 128, 512, 4 boundary fill : 0
filling image source format : 128, 128, 512, 4 boundary fill : 0
filling image source format : 128, 128, 512, 4 boundary fill : 0
filling image source format : 184, 86, 736, 4 boundary fill : 0
filling image source format : 132, 118, 528, 4 boundary fill : 0
filling image source format : 120, 120, 480, 4 boundary fill : 0
filling image source format : 120, 120, 480, 4 boundary fill : 0
filling image source format : 120, 120, 480, 4 boundary fill : 0
filling image source format : 120, 120, 480, 4 boundary fill : 0
filling image source format : 120, 120, 480, 4 boundary fill : 0
filling image source format : 120, 120, 480, 4 boundary fill : 0
filling image source format : 120, 120, 480, 4 boundary fill : 0
filling image source format : 114, 66, 456, 4 boundary fill : 0
filling image source format : 100, 68, 400, 4 boundary fill : 0
filling image source format : 129, 48, 516, 4 boundary fill : 0
filling image source format : 72, 80, 288, 4 boundary fill : 0
filling image source format : 77, 68, 308, 4 boundary fill : 0
filling image source format : 80, 52, 320, 4 boundary fill : 0
filling image source format : 64, 64, 256, 4 boundary fill : 0
filling image source format : 64, 64, 256, 4 boundary fill : 0
filling image source format : 64, 64, 256, 4 boundary fill : 0
filling image source format : 64, 64, 256, 4 boundary fill : 0
filling image source format : 64, 64, 256, 4 boundary fill : 0
filling image source format : 60, 60, 240, 4 boundary fill : 0
filling image source format : 64, 55, 256, 4 boundary fill : 0
filling image source format : 86, 40, 344, 4 boundary fill : 0
filling image source format : 64, 53, 256, 4 boundary fill : 0
filling image source format : 36, 84, 144, 4 boundary fill : 0
filling image source format : 52, 52, 208, 4 boundary fill : 0
filling image source format : 50, 50, 200, 4 boundary fill : 0
filling image source format : 44, 44, 176, 4 boundary fill : 0
filling image source format : 40, 40, 160, 4 boundary fill : 0
filling image source format : 38, 38, 152, 4 boundary fill : 0
filling image source format : 36, 36, 144, 4 boundary fill : 0
filling image source format : 32, 32, 128, 4 boundary fill : 0
filling image source format : 32, 32, 128, 4 boundary fill : 0
filling image source format : 32, 32, 128, 4 boundary fill : 0
filling image source format : 24, 24, 96, 4 boundary fill : 0
filling image source format : 20, 20, 80, 4 boundary fill : 0
filling image source format : 12, 12, 48, 4 boundary fill : 0
filling image source format : 8, 8, 32, 4 boundary fill : 0
Sprite Atlas Operation : " ## Generate Texture and Render Datas ## " took 0.006930 sec (current mem: 116 MB)
Processing Atlas : PublicBtn
- 	Page (  0) downsized to : ( 512 x 1024).
filling image source format : 256, 107, 1024, 4 boundary fill : 0
filling image source format : 256, 107, 1024, 4 boundary fill : 0
filling image source format : 256, 97, 1024, 4 boundary fill : 0
filling image source format : 256, 97, 1024, 4 boundary fill : 0
filling image source format : 256, 97, 1024, 4 boundary fill : 0
filling image source format : 142, 154, 568, 4 boundary fill : 0
filling image source format : 142, 154, 568, 4 boundary fill : 0
filling image source format : 128, 128, 512, 4 boundary fill : 0
filling image source format : 128, 100, 512, 4 boundary fill : 0
filling image source format : 128, 95, 512, 4 boundary fill : 0
filling image source format : 128, 95, 512, 4 boundary fill : 0
filling image source format : 80, 80, 320, 4 boundary fill : 0
filling image source format : 80, 80, 320, 4 boundary fill : 0
Sprite Atlas Operation : " ## Generate Texture and Render Datas ## " took 0.009152 sec (current mem: 117 MB)
- Packing completed.
Start importing Assets/AreaBattle/Resources/Recovered/FirstPack/Atlases/PublicBtn.spriteatlas using Guid(521b8f57195f85c4a81fa05b93ea5489) (NativeFormatImporter) -> (artifact id: 'e3639321a3d241001e8e8266c224399c') in 0.0009444 seconds
Start importing Assets/AreaBattle/Resources/Recovered/FirstPack/Atlases/PublicUI.spriteatlas using Guid(888dcf1673882b942b3017224aa8bd9e) (NativeFormatImporter) -> (artifact id: 'ebc39b03df0e9b7138957fa6e0dae090') in 0.000729 seconds
Refreshing native plugins compatible for Editor in 0.00 ms, found 0 plugins.
Preloading 0 native plugins for Editor in 0.00 ms.
Asset Pipeline Refresh (id=31de40d165f74fe4e86219810b390251): Total: 0.008 seconds - Initiated by StopAssetImportingV2(NoUpdateAssetOptions)
Asset Pipeline Refresh (id=4362788f2704fd64b8e65a6d7ed74f1a): Total: 0.026 seconds - Initiated by RefreshV2(NoUpdateAssetOptions)
Sprite Atlas Operation : " ## Packed All Sprite Atlases ## " took 0.132519 sec (current mem: 99 MB)
Curl error 42: Callback aborted
Killing ADB server in 0.0598155 seconds.
[Physics::Module] Cleanup current backned.
[Physics::Module] Id: 0xf2b8ea05
Input System module state changed to: ShutdownInProgress.
Input System polling thread exited.
Input System module state changed to: Shutdown.
[Licensing::IpcConnector] LicenseClient-jiachengwei-notifications channel disconnected successfully.
[Licensing::IpcConnector] LicenseClient-jiachengwei channel disconnected successfully.
AcceleratorClientConnectionCallback - disconnected - :0
Cleanup mono
Checking for leaked weakptr:
  Found no leaked weakptrs.
[Package Manager] Server process was shutdown
##utp:{"type":"MemoryLeaks","version":2,"phase":"Immediate","time":1790741962288,"processId":63604,"allocatedMemory":12361282,"memoryLabels":[{"Default":28597},{"Permanent":15356},{"NewDelete":70345},{"Thread":4230384},{"Manager":37786},{"VertexData":6056},{"Geometry":816},{"VFX":-104},{"Texture":160},{"Shader":78795},{"Material":24},{"GfxDevice":55176},{"Animation":392},{"Audio":4040},{"FontEngine":256},{"Physics":2081},{"Serialization":31308},{"Input":14824},{"JobScheduler":33024},{"TextLib":160},{"Mono":32},{"ScriptingNativeRuntime":155060},{"BaseObject":1646384},{"Resource":1304},{"Renderer":2928},{"Transform":4646},{"File":1016},{"WebCam":616},{"Culling":32},{"Terrain":11394},{"Wind":24},{"STL":40},{"String":90022},{"DynamicArray":89976},{"HashMap":61840},{"Utility":2662798},{"Curl":48},{"PoolAlloc":1768},{"AI":104},{"TypeTree":5005},{"ScriptManager":512},{"RuntimeInitializeOnLoadManager":64},{"SpriteAtlas":112},{"GI":7888},{"Director":8240},{"CloudService":25056},{"WebRequest":845},{"VR":45969},{"SceneManager":496},{"Video":64},{"LazyScriptCache":32},{"Camera":17},{"Secure":1},{"SerializationCache":1576},{"APIUpdating":10320},{"Subsystems":336},{"VirtualTexturing":57888},{"StaticSafetyDebugInfo":278528},{"Analytics":384},{"Hierarchy":272},{"Gui":80},{"EditorUtility":29016},{"VersionControl":4},{"Undo":947},{"AssetDatabase":2507364},{"EditorGi":328},{"UnityConnect":24184},{"Upm":2036},{"DrivenProperties":72},{"LocalIPC":217},{"ProfilerEditor":9746},{"CoreBusinessMetrics":2879},{"Licensing":1232},{"AssetReference":32},{"IPCStream":32}]}
