[Licensing::Module] Trying to connect to existing licensing client channel...
Built from '6000.0/staging' branch; Version is '6000.0.68f1 (e1e9baaf294b) revision 14805434'; Using compiler version '193933523'; Build Type 'Release'
[Licensing::IpcConnector] Channel LicenseClient-jiachengwei doesn't exist
OS: 'Windows 10  (10.0.19045) 64bit Professional' Language: 'zh' Physical Memory: 65325 MB
BatchMode: 1, IsHumanControllingUs: 0, StartBugReporterOnCrash: 0, Is64bit: 1
System  architecture: x64
Process architecture: x64
Date: 2026-09-30T04:31:06Z
[Licensing::Module] Successfully launched the LicensingClient (PId: 50260)

COMMAND LINE ARGUMENTS:
C:\Program Files\Unity\Hub\Editor\6000.0.68f1\Editor\Unity.exe
-batchmode
-accept-apiupdate
-projectPath
E:/Projects/AreaBattle/UnityProject
-executeMethod
AreaBattle.EditorTools.OutgameFirstPackBundleBuild.Build
-logFile
E:/Projects/AreaBattle/analysis/firstpack-native-build.log
Successfully changed project path to: E:/Projects/AreaBattle/UnityProject
E:/Projects/AreaBattle/UnityProject
[UnityMemory] Configuration Parameters - Can be set up in boot.config
    "memorysetup-bucket-allocator-granularity=16"
    "memorysetup-bucket-allocator-bucket-count=8"
    "memorysetup-bucket-allocator-block-size=33554432"
    "memorysetup-bucket-allocator-block-count=8"
    "memorysetup-main-allocator-block-size=16777216"
    "memorysetup-thread-allocator-block-size=16777216"
    "memorysetup-gfx-main-allocator-block-size=16777216"
    "memorysetup-gfx-thread-allocator-block-size=16777216"
    "memorysetup-cache-allocator-block-size=4194304"
    "memorysetup-typetree-allocator-block-size=2097152"
    "memorysetup-profiler-bucket-allocator-granularity=16"
    "memorysetup-profiler-bucket-allocator-bucket-count=8"
    "memorysetup-profiler-bucket-allocator-block-size=33554432"
    "memorysetup-profiler-bucket-allocator-block-count=8"
    "memorysetup-profiler-allocator-block-size=16777216"
    "memorysetup-profiler-editor-allocator-block-size=1048576"
    "memorysetup-temp-allocator-size-main=16777216"
    "memorysetup-job-temp-allocator-block-size=2097152"
    "memorysetup-job-temp-allocator-block-size-background=1048576"
    "memorysetup-job-temp-allocator-reduction-small-platforms=262144"
    "memorysetup-allocator-temp-initial-block-size-main=262144"
    "memorysetup-allocator-temp-initial-block-size-worker=262144"
    "memorysetup-temp-allocator-size-background-worker=32768"
    "memorysetup-temp-allocator-size-job-worker=262144"
    "memorysetup-temp-allocator-size-preload-manager=33554432"
    "memorysetup-temp-allocator-size-nav-mesh-worker=65536"
    "memorysetup-temp-allocator-size-audio-worker=65536"
    "memorysetup-temp-allocator-size-cloud-worker=32768"
    "memorysetup-temp-allocator-size-gi-baking-worker=262144"
    "memorysetup-temp-allocator-size-gi-baking-worker=262144"
    "memorysetup-temp-allocator-size-gi-baking-worker=262144"
    "memorysetup-temp-allocator-size-gi-baking-worker=262144"
    "memorysetup-temp-allocator-size-gi-baking-worker=262144"
    "memorysetup-temp-allocator-size-gfx=262144"
Player connection [66804]  Target information:

Player connection [66804]  * "[IP] 192.168.12.13 [Port] 55506 [Flags] 2 [Guid] 189004099 [EditorId] 189004099 [Version] 1048832 [Id] WindowsEditor(7,DESKTOP-H2NB5JD) [Debug] 1 [PackageName] WindowsEditor [ProjectName] Editor" 

Player connection [66804] Host joined multi-casting on [225.0.0.222:54997]...
Player connection [66804] Host joined alternative multi-casting on [225.0.0.222:34997]...
Input System module state changed to: Initialized.
[Physics::Module] Initialized fallback backend.
[Physics::Module] Id: 0xdecafbad
[Licensing::IpcConnector] Successfully connected to: "LicenseClient-jiachengwei" at "2026-09-30T04:31:06.3423154Z"
[Package Manager] Connected to IPC stream "Upm-58612" after 0.2 seconds.
Library Redirect Path: Library/
[Physics::Module] Selected backend.
[Physics::Module] Name: PhysX
[Physics::Module] Id: 0xf2b8ea05
[Physics::Module] SDK Version: 4.1.2
[Physics::Module] Integration Version: 1.0.0
[Physics::Module] Threading Mode: Multi-Threaded
Refreshing native plugins compatible for Editor in 0.00 ms, found 0 plugins.
Preloading 0 native plugins for Editor in 0.00 ms.
Initialize engine version: 6000.0.68f1 (e1e9baaf294b)
[Subsystems] Discovering subsystems at path C:/Program Files/Unity/Hub/Editor/6000.0.68f1/Editor/Data/Resources/UnitySubsystems
[Subsystems] Discovering subsystems at path E:/Projects/AreaBattle/UnityProject/Assets
GfxDevice: creating device client; kGfxThreadingModeNonThreaded
Direct3D:
    Version:  Direct3D 11.0 [level 11.1]
    Renderer: NVIDIA GeForce RTX 3070 (ID=0x2488)
    Vendor:   NVIDIA
    VRAM:     8018 MB
    Driver:   32.0.15.8180
Initialize mono
Mono path[0] = 'C:/Program Files/Unity/Hub/Editor/6000.0.68f1/Editor/Data/Managed'
Mono path[1] = 'C:/Program Files/Unity/Hub/Editor/6000.0.68f1/Editor/Data/MonoBleedingEdge/lib/mono/unityjit-win32'
Mono config path = 'C:/Program Files/Unity/Hub/Editor/6000.0.68f1/Editor/Data/MonoBleedingEdge/etc'
Using monoOptions --debugger-agent=transport=dt_socket,embedding=1,server=y,suspend=n,address=127.0.0.1:56612
Using cacheserver namespaces - metadata:defaultmetadata, artifacts:defaultartifacts
Using cacheserver namespaces - metadata:defaultmetadata, artifacts:defaultartifacts
ImportWorker Server TCP listen port: 0
AcceleratorClientConnectionCallback - disconnected - :0
Begin MonoManager ReloadAssembly
Registering precompiled unity dll's ...
Register platform support module: C:/Program Files/Unity/Hub/Editor/6000.0.68f1/Editor/Data/PlaybackEngines/WindowsStandaloneSupport/UnityEditor.WindowsStandalone.Extensions.dll
[Licensing::Module] Licensing is not yet initialized.
[Licensing::Client] Code 3 while verifying Licensing Client signature (process Id: 50260, path: "C:/Program Files/Unity/Hub/Editor/6000.0.68f1/Editor/Data/Resources/Licensing/Client/Unity.Licensing.Client.exe")
[Licensing::Module] LicensingClient has failed validation; ignoring
[Licensing::Client] Handshaking with LicensingClient:
  Version:                 1.17.4+4293ba1
  Session Id:              5cd8faab78d54f38bd88a8dcaba415b7
  Correlation Id:          156a2e3b8ef1520490d0dd36b390585e
  External correlation Id: 9173347007183119975
  Machine Id:              3p6oMs+43/WdnrC1KMiUwDuKzu8=
[Licensing::Module] Successfully connected to LicensingClient on channel: "LicenseClient-jiachengwei" (connect: 0.25s, validation: 0.14s, handshake: 0.60s)
[Licensing::IpcConnector] Successfully connected to: "LicenseClient-jiachengwei-notifications" at "2026-09-30T04:31:07.0814417Z"
[Licensing::Module] Connected to LicensingClient (PId: 50260, launch time: 0.00, total connection time: 0.99s)
[Licensing::Module] Error: Access token is unavailable; failed to update
[Licensing::Client] Successfully resolved entitlement details
[Licensing::Module] License group:
  Id: 00-0000-0000-0000-0000-XXXX
  Product: Unity Pro
  Type: ULF
  Expiration: Unlimited
[Licensing::Client] Successfully updated license, isAsync: True, time: 0.01
[Licensing::Client] Successfully resolved entitlement details
[Licensing::Module] Licensing Background thread has ended after 1.00s
[Licensing::Module] Licensing is initialized (took 0.33s).
[Licensing::Client] Successfully resolved entitlement details
Register platform support module: C:/Program Files/Unity/Hub/Editor/6000.0.68f1/Editor/Data/PlaybackEngines/AndroidPlayer/UnityEditor.Android.Extensions.dll
Registered in 0.335995 seconds.
- Loaded All Assemblies, in  0.586 seconds
Native extension for Android target not found
Android Extension - Scanning For ADB Devices 5179 ms
Native extension for WindowsStandalone target not found
Mono: successfully reloaded assembly
- Finished resetting the current domain, in  5.394 seconds
Domain Reload Profiling: 5978ms
	BeginReloadAssembly (82ms)
		ExecutionOrderSort (0ms)
		DisableScriptedObjects (0ms)
		BackupInstance (0ms)
		ReleaseScriptingObjects (0ms)
		CreateAndSetChildDomain (0ms)
	RebuildCommonClasses (24ms)
	RebuildNativeTypeToScriptingClass (8ms)
	initialDomainReloadingComplete (365ms)
	LoadAllAssembliesAndSetupDomain (106ms)
		LoadAssemblies (80ms)
		RebuildTransferFunctionScriptingTraits (0ms)
		AnalyzeDomain (104ms)
			TypeCache.Refresh (103ms)
				TypeCache.ScanAssembly (93ms)
			BuildScriptInfoCaches (0ms)
			ResolveRequiredComponents (0ms)
	FinalizeReload (5394ms)
		ReleaseScriptCaches (0ms)
		RebuildScriptCaches (0ms)
		SetupLoadedEditorAssemblies (5372ms)
			LogAssemblyErrors (0ms)
			InitializePlatformSupportModulesInManaged (5234ms)
			SetLoadedEditorAssemblies (3ms)
			BeforeProcessingInitializeOnLoad (34ms)
			ProcessInitializeOnLoadAttributes (69ms)
			ProcessInitializeOnLoadMethodAttributes (33ms)
			AfterProcessingInitializeOnLoad (0ms)
			EditorAssembliesLoaded (0ms)
		ExecutionOrderSort2 (0ms)
		AwakeInstancesAfterBackupRestoration (0ms)
[Licensing::Client] Successfully resolved entitlement details
Application.AssetDatabase Initial Refresh Start
Package Manager log level set to [2]
[Package Manager] Restoring resolved packages state from cache
[Licensing::Client] Successfully resolved entitlement details
[Package Manager] Registered 36 packages:
  Built-in packages:
    com.unity.ugui@2.0.0 (location: E:\Projects\AreaBattle\UnityProject\Library\PackageCache\com.unity.ugui@cec3688a7c38)
    com.unity.multiplayer.center@1.0.0 (location: E:\Projects\AreaBattle\UnityProject\Library\PackageCache\com.unity.multiplayer.center@f3fb577b3546)
    com.unity.modules.accessibility@1.0.0 (location: E:\Projects\AreaBattle\UnityProject\Library\PackageCache\com.unity.modules.accessibility)
    com.unity.modules.ai@1.0.0 (location: E:\Projects\AreaBattle\UnityProject\Library\PackageCache\com.unity.modules.ai)
    com.unity.modules.androidjni@1.0.0 (location: E:\Projects\AreaBattle\UnityProject\Library\PackageCache\com.unity.modules.androidjni)
    com.unity.modules.animation@1.0.0 (location: E:\Projects\AreaBattle\UnityProject\Library\PackageCache\com.unity.modules.animation)
    com.unity.modules.assetbundle@1.0.0 (location: E:\Projects\AreaBattle\UnityProject\Library\PackageCache\com.unity.modules.assetbundle)
    com.unity.modules.audio@1.0.0 (location: E:\Projects\AreaBattle\UnityProject\Library\PackageCache\com.unity.modules.audio)
    com.unity.modules.cloth@1.0.0 (location: E:\Projects\AreaBattle\UnityProject\Library\PackageCache\com.unity.modules.cloth)
    com.unity.modules.director@1.0.0 (location: E:\Projects\AreaBattle\UnityProject\Library\PackageCache\com.unity.modules.director)
    com.unity.modules.imageconversion@1.0.0 (location: E:\Projects\AreaBattle\UnityProject\Library\PackageCache\com.unity.modules.imageconversion)
    com.unity.modules.imgui@1.0.0 (location: E:\Projects\AreaBattle\UnityProject\Library\PackageCache\com.unity.modules.imgui)
    com.unity.modules.jsonserialize@1.0.0 (location: E:\Projects\AreaBattle\UnityProject\Library\PackageCache\com.unity.modules.jsonserialize)
    com.unity.modules.particlesystem@1.0.0 (location: E:\Projects\AreaBattle\UnityProject\Library\PackageCache\com.unity.modules.particlesystem)
    com.unity.modules.physics@1.0.0 (location: E:\Projects\AreaBattle\UnityProject\Library\PackageCache\com.unity.modules.physics)
    com.unity.modules.physics2d@1.0.0 (location: E:\Projects\AreaBattle\UnityProject\Library\PackageCache\com.unity.modules.physics2d)
    com.unity.modules.screencapture@1.0.0 (location: E:\Projects\AreaBattle\UnityProject\Library\PackageCache\com.unity.modules.screencapture)
    com.unity.modules.terrain@1.0.0 (location: E:\Projects\AreaBattle\UnityProject\Library\PackageCache\com.unity.modules.terrain)
    com.unity.modules.terrainphysics@1.0.0 (location: E:\Projects\AreaBattle\UnityProject\Library\PackageCache\com.unity.modules.terrainphysics)
    com.unity.modules.tilemap@1.0.0 (location: E:\Projects\AreaBattle\UnityProject\Library\PackageCache\com.unity.modules.tilemap)
    com.unity.modules.ui@1.0.0 (location: E:\Projects\AreaBattle\UnityProject\Library\PackageCache\com.unity.modules.ui)
    com.unity.modules.uielements@1.0.0 (location: E:\Projects\AreaBattle\UnityProject\Library\PackageCache\com.unity.modules.uielements)
    com.unity.modules.umbra@1.0.0 (location: E:\Projects\AreaBattle\UnityProject\Library\PackageCache\com.unity.modules.umbra)
    com.unity.modules.unityanalytics@1.0.0 (location: E:\Projects\AreaBattle\UnityProject\Library\PackageCache\com.unity.modules.unityanalytics)
    com.unity.modules.unitywebrequest@1.0.0 (location: E:\Projects\AreaBattle\UnityProject\Library\PackageCache\com.unity.modules.unitywebrequest)
    com.unity.modules.unitywebrequestassetbundle@1.0.0 (location: E:\Projects\AreaBattle\UnityProject\Library\PackageCache\com.unity.modules.unitywebrequestassetbundle)
    com.unity.modules.unitywebrequestaudio@1.0.0 (location: E:\Projects\AreaBattle\UnityProject\Library\PackageCache\com.unity.modules.unitywebrequestaudio)
    com.unity.modules.unitywebrequesttexture@1.0.0 (location: E:\Projects\AreaBattle\UnityProject\Library\PackageCache\com.unity.modules.unitywebrequesttexture)
    com.unity.modules.unitywebrequestwww@1.0.0 (location: E:\Projects\AreaBattle\UnityProject\Library\PackageCache\com.unity.modules.unitywebrequestwww)
    com.unity.modules.vehicles@1.0.0 (location: E:\Projects\AreaBattle\UnityProject\Library\PackageCache\com.unity.modules.vehicles)
    com.unity.modules.video@1.0.0 (location: E:\Projects\AreaBattle\UnityProject\Library\PackageCache\com.unity.modules.video)
    com.unity.modules.vr@1.0.0 (location: E:\Projects\AreaBattle\UnityProject\Library\PackageCache\com.unity.modules.vr)
    com.unity.modules.wind@1.0.0 (location: E:\Projects\AreaBattle\UnityProject\Library\PackageCache\com.unity.modules.wind)
    com.unity.modules.xr@1.0.0 (location: E:\Projects\AreaBattle\UnityProject\Library\PackageCache\com.unity.modules.xr)
    com.unity.modules.subsystems@1.0.0 (location: E:\Projects\AreaBattle\UnityProject\Library\PackageCache\com.unity.modules.subsystems)
    com.unity.modules.hierarchycore@1.0.0 (location: E:\Projects\AreaBattle\UnityProject\Library\PackageCache\com.unity.modules.hierarchycore)
[Subsystems] No new subsystems found in resolved package list.
[Package Manager] Done registering packages in 0.01 seconds
[ScriptCompilation] Requested script compilation because: Assetdatabase observed changes in script compilation related files
Starting: C:\Program Files\Unity\Hub\Editor\6000.0.68f1\Editor\Data\bee_backend.exe --ipc --defer-dag-verification --dagfile="Library/Bee/1900b0aEDbg.dag" --continue-on-failure --profile="Library/Bee/backend1.traceevents" ScriptAssemblies
WorkingDir: E:/Projects/AreaBattle/UnityProject
DisplayProgressbar: Compiling Scripts
Starting: C:\Program Files\Unity\Hub\Editor\6000.0.68f1\Editor\Data\Tools\netcorerun\netcorerun.exe "C:\Program Files\Unity\Hub\Editor\6000.0.68f1\Editor\Data\Tools\BuildPipeline\ScriptCompilationBuildProgram.exe" "Library/Bee/1900b0aEDbg.dag.json" "Library/Bee/1900b0aEDbg-inputdata.json" "Library\Bee\buildprogram0.traceevents"
WorkingDir: E:/Projects/AreaBattle/UnityProject
ExitCode: 4 Duration: 0s63ms
Rebuilding DAG because FileSignature timestamp changed: Library/Bee/1900b0aEDbg-inputdata.json
*** Tundra requires additional run (0.04 seconds), 0 items updated, 213 evaluated
ExitCode: 0 Duration: 0s172ms
Starting: C:\Program Files\Unity\Hub\Editor\6000.0.68f1\Editor\Data\bee_backend.exe --ipc --defer-dag-verification --dagfile="Library/Bee/1900b0aEDbg.dag" --continue-on-failure --dagfilejson="Library\Bee\1900b0aEDbg.dag.json" --profile="Library/Bee/backend2.traceevents" ScriptAssemblies
WorkingDir: E:/Projects/AreaBattle/UnityProject
ExitCode: 0 Duration: 1s444ms
Finished compiling graph: 216 nodes, 1871 flattened edges (1751 ToBuild, 20 ToUse), maximum node priority 104
[166/213    0s] WriteText Library/Bee/artifacts/1900b0aEDbg.dag/Assembly-CSharp-Editor.rsp
[210/213    1s] Csc Library/Bee/artifacts/1900b0aEDbg.dag/Assembly-CSharp-Editor.dll (+2 others)
[211/213    0s] CopyFiles Library/ScriptAssemblies/Assembly-CSharp-Editor.pdb
[212/213    0s] CopyFiles Library/ScriptAssemblies/Assembly-CSharp-Editor.dll
*** Tundra build success (1.43 seconds), 4 items updated, 213 evaluated
AssetDatabase: script compilation time: 2.008542s
Begin MonoManager ReloadAssembly
- Loaded All Assemblies, in  0.299 seconds
Refreshing native plugins compatible for Editor in 0.00 ms, found 0 plugins.
Native extension for Android target not found
Native extension for WindowsStandalone target not found
Mono: successfully reloaded assembly
- Finished resetting the current domain, in  0.250 seconds
Domain Reload Profiling: 548ms
	BeginReloadAssembly (220ms)
		ExecutionOrderSort (0ms)
		DisableScriptedObjects (7ms)
		BackupInstance (0ms)
		ReleaseScriptingObjects (0ms)
		CreateAndSetChildDomain (129ms)
	RebuildCommonClasses (22ms)
	RebuildNativeTypeToScriptingClass (8ms)
	initialDomainReloadingComplete (14ms)
	LoadAllAssembliesAndSetupDomain (34ms)
		LoadAssemblies (63ms)
		RebuildTransferFunctionScriptingTraits (0ms)
		AnalyzeDomain (29ms)
			TypeCache.Refresh (19ms)
				TypeCache.ScanAssembly (15ms)
			BuildScriptInfoCaches (5ms)
			ResolveRequiredComponents (4ms)
	FinalizeReload (250ms)
		ReleaseScriptCaches (0ms)
		RebuildScriptCaches (0ms)
		SetupLoadedEditorAssemblies (169ms)
			LogAssemblyErrors (0ms)
			InitializePlatformSupportModulesInManaged (18ms)
			SetLoadedEditorAssemblies (3ms)
			BeforeProcessingInitializeOnLoad (63ms)
			ProcessInitializeOnLoadAttributes (67ms)
			ProcessInitializeOnLoadMethodAttributes (14ms)
			AfterProcessingInitializeOnLoad (3ms)
			EditorAssembliesLoaded (0ms)
		ExecutionOrderSort2 (0ms)
		AwakeInstancesAfterBackupRestoration (6ms)
Refreshing native plugins compatible for Editor in 0.00 ms, found 0 plugins.
Preloading 0 native plugins for Editor in 0.00 ms.
Asset Pipeline Refresh (id=3cba221aec052de4ab0bc093a6674d50): Total: 2.739 seconds - Initiated by InitialRefreshV2(ForceSynchronousImport)
	Summary:
		Imports: total=0 (actual=0, local cache=0, cache server=0)
		Asset DB Process Time: managed=0 ms, native=356 ms
		Asset DB Callback time: managed=50 ms, native=10 ms
		Scripting: domain reloads=1, domain reload time=299 ms, compile time=2009 ms, other=10 ms
		Project Asset Count: scripts=347, non-scripts=2125
		Asset File Changes: new=1, changed=1, moved=0, deleted=0
		Scan Filter Count: 0
	InvokeCustomDependenciesCallbacks: 0.000ms
	InvokePackagesCallback: 9.867ms
	ApplyChangesToAssetFolders: 0.239ms
	Scan: 40.856ms
	OnSourceAssetsModified: 0.482ms
	CategorizeAssetsWithTransientArtifact: 1.788ms
	ProcessAssetsWithTransientArtifactChanges: 9.273ms
	CategorizeAssets: 9.802ms
	ImportOutOfDateAssets: 251.213ms (-1758.642ms without children)
		CompileScripts: 2009.473ms
		ReloadNativeAssets: 0.000ms
		UnloadImportedAssets: 0.065ms
		EnsureUptoDateAssetsAreRegisteredWithGuidPM: 0.165ms
		InitializingProgressBar: 0.000ms
		PostProcessAllAssetNotificationsAddChangedAssets: 0.000ms
		OnDemandSchedulerStart: 0.152ms
	PostProcessAllAssets: 50.969ms
	Hotreload: 0.734ms
	GatherAllCurrentPrimaryArtifactRevisions: 0.001ms
	UnloadStreamsBegin: 0.230ms
	PersistCurrentRevisions: 0.056ms
	UnloadStreamsEnd: 0.001ms
	GenerateScriptTypeHashes: 0.805ms
	Untracked: 2363.066ms

Application.AssetDatabase Initial Refresh End
Scanning for USB devices : 5.606ms
Initializing Unity extensions:
[MODES] ModeService[none].Initialize
[MODES] ModeService[none].LoadModes
[MODES] Loading mode Default (0) for mode-current-id-AreaBattle
Unloading 25 Unused Serialized files (Serialized files now loaded: 0)
Unloading 852 unused Assets / (2.5 MB). Loaded Objects now: 1387.
Memory consumption went from 105.8 MB to 103.3 MB.
Total: 3.892200 ms (FindLiveObjects: 0.060100 ms CreateObjectMapping: 0.017600 ms MarkObjects: 2.979300 ms  DeleteObjects: 0.834700 ms)

Launched and connected shader compiler UnityShaderCompiler.exe after 0.01 seconds
Starting: C:\Program Files\Unity\Hub\Editor\6000.0.68f1\Editor\Data\bee_backend.exe --ipc --defer-dag-verification --dagfile="Library/Bee/1900b0aEDbgSkipCompile.dag" --continue-on-failure --profile="Library/Bee/backend1.traceevents" ScriptAssembliesAndTypeDB
WorkingDir: E:/Projects/AreaBattle/UnityProject
ExitCode: 4 Duration: 0s21ms
[             ] Require frontend run.  Library/Bee/1900b0aEDbgSkipCompile.dag couldn't be loaded
Starting: C:\Program Files\Unity\Hub\Editor\6000.0.68f1\Editor\Data\Tools\netcorerun\netcorerun.exe "C:\Program Files\Unity\Hub\Editor\6000.0.68f1\Editor\Data\Tools\BuildPipeline\ScriptCompilationBuildProgram.exe" "Library/Bee/1900b0aEDbgSkipCompile.dag.json" "Library/Bee/1900b0aEDbgSkipCompile-inputdata.json" "Library\Bee\buildprogram0.traceevents"
WorkingDir: E:/Projects/AreaBattle/UnityProject
ExitCode: 0 Duration: 0s127ms
Starting: C:\Program Files\Unity\Hub\Editor\6000.0.68f1\Editor\Data\bee_backend.exe --ipc --defer-dag-verification --dagfile="Library/Bee/1900b0aEDbgSkipCompile.dag" --continue-on-failure --dagfilejson="Library\Bee\1900b0aEDbgSkipCompile.dag.json" --profile="Library/Bee/backend2.traceevents" ScriptAssembliesAndTypeDB
WorkingDir: E:/Projects/AreaBattle/UnityProject
ExitCode: 0 Duration: 0s204ms
Finished compiling graph: 4 nodes, 5 flattened edges (5 ToBuild, 0 ToUse), maximum node priority 3
[2/3        0s] BuildPlayerDataGenerator Library/BuildPlayerData/Editor/TypeDb-All.json
*** Tundra build success (0.19 seconds), 1 items updated, 3 evaluated
Asset Pipeline Refresh (id=bda4bd243bcc17647bf19d58d8c8937a): Total: 0.016 seconds - Initiated by RefreshV2(NoUpdateAssetOptions)
[ScriptCompilation] Requested script compilation because: Recompiling scripts for player build.
BuildPlayer: start building target 19
Starting: C:\Program Files\Unity\Hub\Editor\6000.0.68f1\Editor\Data\bee_backend.exe --ipc --defer-dag-verification --dagfile="Library/Bee/1900b0aP.dag" --continue-on-failure --profile="Library/Bee/backend1.traceevents" ScriptAssembliesAndTypeDB
WorkingDir: E:/Projects/AreaBattle/UnityProject
Total cache size 270872060
Total cache size after purge 267763564, took 00:00:00.3493748
Starting: C:\Program Files\Unity\Hub\Editor\6000.0.68f1\Editor\Data\Tools\netcorerun\netcorerun.exe "C:\Program Files\Unity\Hub\Editor\6000.0.68f1\Editor\Data\Tools\BuildPipeline\ScriptCompilationBuildProgram.exe" "Library/Bee/1900b0aP.dag.json" "Library/Bee/1900b0aP-inputdata.json" "Library\Bee\buildprogram0.traceevents"
WorkingDir: E:/Projects/AreaBattle/UnityProject
ExitCode: 4 Duration: 0s720ms
[105/118    0s] CopyFiles Library/PlayerScriptAssemblies/UnityEngine.UI.pdb
[106/118    0s] CopyFiles Library/PlayerScriptAssemblies/spine-csharp.pdb
[107/118    0s] CopyFiles Library/PlayerScriptAssemblies/spine-csharp.dll
[108/118    0s] CopyFiles Library/PlayerScriptAssemblies/Unity.TextMeshPro.dll
[109/118    0s] CopyFiles Library/PlayerScriptAssemblies/Unity.Multiplayer.Center.Common.pdb
[110/118    0s] CopyFiles Library/PlayerScriptAssemblies/Unity.Multiplayer.Center.Common.dll
[111/118    0s] CopyFiles Library/PlayerScriptAssemblies/Unity.TextMeshPro.pdb
[112/118    0s] CopyFiles Library/PlayerScriptAssemblies/UnityEngine.UI.dll
Rebuilding DAG because FileSignature timestamp changed: Library/Bee/1900b0aP-inputdata.json
[113/118    0s] Csc Library/Bee/artifacts/1900b0aP.dag/Assembly-CSharp.dll (+2 others)
Assets\AreaBattle\ThirdParty\Spine41\spine-unity\Components\Following\BoundingBoxFollower.cs(167,7): warning CS0618: 'Collider2D.usedByComposite' is obsolete: 'usedByComposite has been deprecated. Use Collider2D.compositeOperation instead'

Assets\AreaBattle\ThirdParty\Spine41\spine-unity\Components\Following\BoundingBoxFollowerGraphic.cs(168,7): warning CS0618: 'Collider2D.usedByComposite' is obsolete: 'usedByComposite has been deprecated. Use Collider2D.compositeOperation instead'

Assets\AreaBattle\ThirdParty\Spine41\spine-unity\Components\SkeletonUtility\SkeletonUtility.cs(126,5): warning CS0618: 'Rigidbody2D.isKinematic' is obsolete: 'Please use Rigidbody2D.bodyType instead.'

Assets\AreaBattle\Scripts\OutgameLegacyPrefabResource.cs(9,46): warning CS0414: The field 'OutgameLegacyPrefabResource.sprite' is assigned but its value is never used

Assets\AreaBattle\Scripts\OutgameLegacyPrefabResource.cs(9,28): warning CS0414: The field 'OutgameLegacyPrefabResource.mainObject' is assigned but its value is never used
*** Tundra requires additional run (0.71 seconds), 9 items updated, 112 evaluated
ExitCode: 0 Duration: 0s176ms
Starting: C:\Program Files\Unity\Hub\Editor\6000.0.68f1\Editor\Data\bee_backend.exe --ipc --defer-dag-verification --dagfile="Library/Bee/1900b0aP.dag" --continue-on-failure --dagfilejson="Library\Bee\1900b0aP.dag.json" --profile="Library/Bee/backend2.traceevents" ScriptAssembliesAndTypeDB
WorkingDir: E:/Projects/AreaBattle/UnityProject
ExitCode: 0 Duration: 0s524ms
Finished compiling graph: 119 nodes, 661 flattened edges (621 ToBuild, 10 ToUse), maximum node priority 44
[ 93/118    0s] WriteText Library/Bee/artifacts/1900b0aP.dag/Assembly-CSharp.rsp
[113/118    0s] Csc Library/Bee/artifacts/1900b0aP.dag/Assembly-CSharp.dll (+2 others)
Assets\AreaBattle\ThirdParty\Spine41\spine-unity\Components\Following\BoundingBoxFollower.cs(167,7): warning CS0618: 'Collider2D.usedByComposite' is obsolete: 'usedByComposite has been deprecated. Use Collider2D.compositeOperation instead'

Assets\AreaBattle\ThirdParty\Spine41\spine-unity\Components\Following\BoundingBoxFollowerGraphic.cs(168,7): warning CS0618: 'Collider2D.usedByComposite' is obsolete: 'usedByComposite has been deprecated. Use Collider2D.compositeOperation instead'

Assets\AreaBattle\ThirdParty\Spine41\spine-unity\Components\SkeletonUtility\SkeletonUtility.cs(126,5): warning CS0618: 'Rigidbody2D.isKinematic' is obsolete: 'Please use Rigidbody2D.bodyType instead.'

Assets\AreaBattle\Scripts\OutgameLegacyPrefabResource.cs(9,46): warning CS0414: The field 'OutgameLegacyPrefabResource.sprite' is assigned but its value is never used

Assets\AreaBattle\Scripts\OutgameLegacyPrefabResource.cs(9,28): warning CS0414: The field 'OutgameLegacyPrefabResource.mainObject' is assigned but its value is never used
[114/118    0s] CopyFiles Library/PlayerScriptAssemblies/Assembly-CSharp.pdb
[115/118    0s] CopyFiles Library/PlayerScriptAssemblies/Assembly-CSharp.dll
[117/118    0s] BuildPlayerDataGenerator Library/BuildPlayerData/Player/RuntimeInitializeOnLoads.json (+1 other)
*** Tundra build success (0.51 seconds), 5 items updated, 118 evaluated
Assets\AreaBattle\ThirdParty\Spine41\spine-unity\Components\Following\BoundingBoxFollower.cs(167,7): warning CS0618: 'Collider2D.usedByComposite' is obsolete: 'usedByComposite has been deprecated. Use Collider2D.compositeOperation instead'
Assets\AreaBattle\ThirdParty\Spine41\spine-unity\Components\Following\BoundingBoxFollowerGraphic.cs(168,7): warning CS0618: 'Collider2D.usedByComposite' is obsolete: 'usedByComposite has been deprecated. Use Collider2D.compositeOperation instead'
Assets\AreaBattle\ThirdParty\Spine41\spine-unity\Components\SkeletonUtility\SkeletonUtility.cs(126,5): warning CS0618: 'Rigidbody2D.isKinematic' is obsolete: 'Please use Rigidbody2D.bodyType instead.'
Assets\AreaBattle\Scripts\OutgameLegacyPrefabResource.cs(9,46): warning CS0414: The field 'OutgameLegacyPrefabResource.sprite' is assigned but its value is never used
Assets\AreaBattle\Scripts\OutgameLegacyPrefabResource.cs(9,28): warning CS0414: The field 'OutgameLegacyPrefabResource.mainObject' is assigned but its value is never used
Total cache size 267763564
Total cache size after purge 267763564, took 00:00:00.2301733

***Player size statistics***
Total compressed size 4.4 MB. Total uncompressed size 15.7 MB.
Asset Pipeline Refresh (id=0bd9fdbc58d32bb4bbf5d545cb064803): Total: 0.007 seconds - Initiated by RefreshV2(NoUpdateAssetOptions)
Unloading 0 Unused Serialized files (Serialized files now loaded: 0)
Unloading 220 unused Assets / (5.6 MB). Loaded Objects now: 1548.
Memory consumption went from 115.6 MB to 110.0 MB.
Total: 2.853500 ms (FindLiveObjects: 0.059700 ms CreateObjectMapping: 0.015000 ms MarkObjects: 2.486500 ms  DeleteObjects: 0.291800 ms)


***Player size statistics***
Total compressed size 1.5 KB. Total uncompressed size 4.1 KB.
Unloading 0 Unused Serialized files (Serialized files now loaded: 0)
Unloading 0 unused Assets / (0 B). Loaded Objects now: 1550.
Memory consumption went from 108.5 MB to 108.5 MB.
Total: 2.663100 ms (FindLiveObjects: 0.052900 ms CreateObjectMapping: 0.012500 ms MarkObjects: 2.593400 ms  DeleteObjects: 0.003700 ms)


-------------------------------------------------------------------------------
Bundle Name: firstpack.unity3d
Compressed Size:4.4 mb
Uncompressed usage by category (Percentages based on user generated assets only):
Textures               9.3 mb	 59.4% 
Meshes                 0.0 kb	 0.0% 
Animations             5.0 kb	 0.0% 
Sounds                 0.0 kb	 0.0% 
Shaders                0.0 kb	 0.0% 
Other Assets           6.3 mb	 40.2% 
Levels                 0.0 kb	 0.0% 
File headers           68.7 kb	 0.4% 
Total User Assets      15.7 mb	 100.0% 
Complete build size    15.7 mb
Used Assets and files from the Resources folder, sorted by uncompressed size:
 4.0 mb	 25.5% Built-in Texture2D: sactx-0-1024x1024-Uncompressed-PublicUI-bfd8299e
 2.7 mb	 17.5% Assets/AreaBattle/Resources/Recovered/FirstPack/TipUI/Fonts/CAB-a14f3eb3adf948afc8e578331928efaf_-8154394059653640722.ttf
 2.7 mb	 17.5% Assets/AreaBattle/Resources/Recovered/Fonts/HYZhuZiMuTouRenW.ttf
 2.0 mb	 12.7% Built-in Texture2D: sactx-0-512x1024-Uncompressed-PublicBtn-babcad5c
 344.0 kb	 2.1% Assets/AreaBattle/Resources/Recovered/FirstPack/Atlases/PublicUI/Public_frame.png
 320.1 kb	 2.0% Assets/AreaBattle/Resources/Recovered/FirstPack/Config/LanguageConfig.bytes
 156.6 kb	 1.0% Assets/AreaBattle/Resources/Recovered/FirstPack/TipUI/Sprites/CAB-a14f3eb3adf948afc8e578331928efaf_-1797332260960300854.png
 156.4 kb	 1.0% Assets/AreaBattle/Resources/Recovered/FirstPack/Atlases/PublicUI/Public_bg01.png
 116.8 kb	 0.7% Assets/AreaBattle/Resources/Recovered/FirstPack/Atlases/PublicUI/zhg_title.png
 109.4 kb	 0.7% Assets/AreaBattle/Resources/Recovered/FirstPack/Atlases/PublicUI/zhg_frame04.png
 107.7 kb	 0.7% Assets/AreaBattle/Resources/Recovered/FirstPack/Atlases/PublicBtn/Pulbic_btn_yellow.png
 107.7 kb	 0.7% Assets/AreaBattle/Resources/Recovered/FirstPack/Atlases/PublicBtn/Pulbic_btn_green1.png
 97.8 kb	 0.6% Assets/AreaBattle/Resources/Recovered/FirstPack/TipUI/Sprites/CAB-a14f3eb3adf948afc8e578331928efaf_-8268854209399839647.png
 97.7 kb	 0.6% Assets/AreaBattle/Resources/Recovered/FirstPack/Atlases/PublicBtn/Pulbic_btn_white.png
 97.7 kb	 0.6% Assets/AreaBattle/Resources/Recovered/FirstPack/Atlases/PublicBtn/Pulbic_btn_green.png
 97.7 kb	 0.6% Assets/AreaBattle/Resources/Recovered/FirstPack/Atlases/PublicBtn/Pulbic_btn_black.png
 90.2 kb	 0.6% Assets/AreaBattle/Resources/Recovered/FirstPack/Config/LevelBConfig.bytes
 90.2 kb	 0.6% Assets/AreaBattle/Resources/Recovered/FirstPack/Config/LevelConfig.bytes
 86.1 kb	 0.5% Assets/AreaBattle/Resources/Recovered/FirstPack/Atlases/PublicBtn/Pulbic_btn_01.png
 86.1 kb	 0.5% Assets/AreaBattle/Resources/Recovered/FirstPack/Atlases/PublicBtn/Pulbic_btn_02.png
 80.5 kb	 0.5% Assets/AreaBattle/Resources/Recovered/FirstPack/Atlases/PublicUI/Tx_bg.png
 64.8 kb	 0.4% Assets/AreaBattle/Resources/Recovered/FirstPack/Atlases/PublicBtn/Pulbic_btn_frame.png
 64.8 kb	 0.4% Assets/AreaBattle/Resources/Recovered/FirstPack/Atlases/PublicUI/Shop_qgg.png
 64.8 kb	 0.4% Assets/AreaBattle/Resources/Recovered/FirstPack/Atlases/PublicUI/Task_frame.png
 64.7 kb	 0.4% Assets/AreaBattle/Resources/Recovered/FirstPack/Atlases/PublicUI/Shop_frame_S.png
 64.7 kb	 0.4% Assets/AreaBattle/Resources/Recovered/FirstPack/Atlases/PublicUI/Shop_frame_A.png
 64.7 kb	 0.4% Assets/AreaBattle/Resources/Recovered/FirstPack/Atlases/PublicUI/Shop_frame_C.png
 64.7 kb	 0.4% Assets/AreaBattle/Resources/Recovered/FirstPack/Atlases/PublicUI/Shop_frame_B.png
 64.7 kb	 0.4% Assets/AreaBattle/Resources/Recovered/FirstPack/Atlases/PublicUI/SKIN_frame02.png
 63.2 kb	 0.4% Assets/AreaBattle/Resources/Recovered/FirstPack/TipUI/Sprites/CAB-a14f3eb3adf948afc8e578331928efaf_4415441428988527685.png
 62.6 kb	 0.4% Assets/AreaBattle/Resources/Recovered/FirstPack/Atlases/PublicUI/Public_title.png
 61.5 kb	 0.4% Assets/AreaBattle/Resources/Recovered/FirstPack/Atlases/PublicUI/set_btn.png
 57.1 kb	 0.4% Assets/AreaBattle/Resources/Recovered/FirstPack/Atlases/PublicUI/Task_bx02_on.png
 57.1 kb	 0.4% Assets/AreaBattle/Resources/Recovered/FirstPack/Atlases/PublicUI/Task_bx01_on.png
 57.1 kb	 0.4% Assets/AreaBattle/Resources/Recovered/FirstPack/Atlases/PublicUI/Task_bx01_off.png
 57.1 kb	 0.4% Assets/AreaBattle/Resources/Recovered/FirstPack/Atlases/PublicUI/Task_bx03_on.png
 57.1 kb	 0.4% Assets/AreaBattle/Resources/Recovered/FirstPack/Atlases/PublicUI/Task_bx03_off.png
 57.1 kb	 0.4% Assets/AreaBattle/Resources/Recovered/FirstPack/Atlases/PublicUI/Task_bx02_off.png
 56.9 kb	 0.4% Assets/AreaBattle/Resources/Recovered/FirstPack/Atlases/PublicUI/Sd_frame.png
 50.8 kb	 0.3% Assets/AreaBattle/Resources/Recovered/FirstPack/Atlases/PublicBtn/Pulbic_btn_return.png
 48.2 kb	 0.3% Assets/AreaBattle/Resources/Recovered/FirstPack/Atlases/PublicBtn/Public_btn_bg02.png
 48.2 kb	 0.3% Assets/AreaBattle/Resources/Recovered/FirstPack/Atlases/PublicBtn/Public_btn_bg.png
 31.0 kb	 0.2% Assets/AreaBattle/Resources/Recovered/FirstPack/Config/AIConfig.bytes
 30.1 kb	 0.2% Assets/AreaBattle/Resources/Recovered/FirstPack/Atlases/PublicUI/Task_Tips01.png
 27.3 kb	 0.2% Assets/AreaBattle/Resources/Recovered/FirstPack/Atlases/PublicUI/zhg_xz.png
 26.0 kb	 0.2% Assets/AreaBattle/Resources/Recovered/FirstPack/TipUI/Sprites/CAB-a14f3eb3adf948afc8e578331928efaf_7380877616393810225.png
 25.7 kb	 0.2% Assets/AreaBattle/Resources/Recovered/FirstPack/Atlases/PublicBtn/Pulbic_btn_close.png
 25.7 kb	 0.2% Assets/AreaBattle/Resources/Recovered/FirstPack/Atlases/PublicBtn/Pulbic_add.png
 25.1 kb	 0.2% Assets/AreaBattle/Resources/Recovered/FirstPack/Config/PubAchievementConfig.bytes
 24.9 kb	 0.2% Assets/AreaBattle/Resources/Recovered/FirstPack/Atlases/PublicUI/Com_Title_Xbq.png
 23.4 kb	 0.1% Assets/AreaBattle/Resources/Recovered/FirstPack/Config/GameItemConfig.bytes
 23.2 kb	 0.1% Assets/AreaBattle/Resources/Recovered/FirstPack/Atlases/PublicUI/yx_tittle.png
 19.3 kb	 0.1% Assets/AreaBattle/Resources/Recovered/FirstPack/Config/AINameConfig.bytes
 16.9 kb	 0.1% Assets/AreaBattle/Resources/Recovered/FirstPack/Atlases/PublicUI/yx_AD.png
 16.8 kb	 0.1% Assets/AreaBattle/Resources/Recovered/FirstPack/Atlases/PublicUI/Public_lock.png
 16.7 kb	 0.1% Assets/AreaBattle/Resources/Recovered/FirstPack/Atlases/PublicUI/icon_hg.png
 16.7 kb	 0.1% Assets/AreaBattle/Resources/Recovered/FirstPack/Atlases/PublicUI/zhg_frame02.png
 16.7 kb	 0.1% Assets/AreaBattle/Resources/Recovered/FirstPack/Atlases/PublicUI/JS_redman.png
 16.7 kb	 0.1% Assets/AreaBattle/Resources/Recovered/FirstPack/Atlases/PublicUI/JS_blueman.png
 16.0 kb	 0.1% Assets/AreaBattle/Resources/Recovered/FirstPack/Atlases/PublicUI/Public_bg00.png
 15.4 kb	 0.1% Assets/AreaBattle/Resources/Recovered/FirstPack/Config/SkinConfig.bytes
 14.9 kb	 0.1% Assets/AreaBattle/Resources/Recovered/FirstPack/Atlases/PublicUI/frame_orange.png
 14.5 kb	 0.1% Assets/AreaBattle/Resources/Recovered/FirstPack/Atlases/PublicUI/zhg_frame07.png
 14.2 kb	 0.1% Assets/AreaBattle/Resources/Recovered/FirstPack/Atlases/PublicUI/guild_bg01.png
 14.1 kb	 0.1% Assets/AreaBattle/Resources/Recovered/FirstPack/Atlases/PublicUI/Public_jiangbei.png
 12.5 kb	 0.1% Assets/AreaBattle/Resources/Recovered/FirstPack/Atlases/PublicUI/Public_bg.png
 12.1 kb	 0.1% AssetBundle Object
 11.5 kb	 0.1% Assets/AreaBattle/Resources/Recovered/FirstPack/Config/SkillConfig.bytes
 11.3 kb	 0.1% Assets/AreaBattle/Resources/Recovered/FirstPack/Atlases/PublicUI/Tx_name_bg.png
 11.1 kb	 0.1% Assets/AreaBattle/Resources/Recovered/FirstPack/Config/PubnoviceTaskConfig.bytes
 10.7 kb	 0.1% Assets/AreaBattle/Resources/Recovered/FirstPack/Config/EntityModelConfig.bytes
 10.5 kb	 0.1% Assets/AreaBattle/Resources/Recovered/FirstPack/Atlases/PublicUI/Pulbic_redpoint02.png
 8.3 kb	 0.1% Assets/AreaBattle/Resources/Recovered/FirstPack/Atlases/PublicUI/yx_add_frame.png
 7.8 kb	 0.0% Assets/AreaBattle/Resources/Recovered/FirstPack/Config/VideoBtnConfig.bytes
 7.2 kb	 0.0% Assets/AreaBattle/Resources/Recovered/FirstPack/Config/UIMonitorConfigConfig.bytes
 7.0 kb	 0.0% Assets/AreaBattle/Resources/Recovered/FirstPack/Config/AudioConfig.bytes
 7.0 kb	 0.0% Assets/AreaBattle/Resources/Recovered/FirstPack/TipUI/Sprites/CAB-a14f3eb3adf948afc8e578331928efaf_4111178101966353224.png
 6.9 kb	 0.0% Assets/AreaBattle/Resources/Recovered/FirstPack/Atlases/PublicUI/Public_bg02.png
 6.7 kb	 0.0% Assets/AreaBattle/Resources/Recovered/FirstPack/Atlases/PublicUI.spriteatlas
 6.3 kb	 0.0% Assets/AreaBattle/Resources/Recovered/FirstPack/Atlases/PublicUI/timer_clock.png
 6.3 kb	 0.0% Assets/AreaBattle/Resources/Recovered/FirstPack/Config/DiceShopConfig.bytes
 6.0 kb	 0.0% Assets/AreaBattle/Resources/Recovered/FirstPack/Config/BossConfig.bytes
 5.8 kb	 0.0% Assets/AreaBattle/Resources/Recovered/FirstPack/Atlases/PublicUI/Pulbic_redpoint.png
 5.6 kb	 0.0% Assets/AreaBattle/Resources/Recovered/FirstPack/Config/OnceAudioConfig.bytes
 5.5 kb	 0.0% Assets/AreaBattle/Resources/Recovered/FirstPack/TipUI/TipUI.prefab
 4.7 kb	 0.0% Assets/AreaBattle/Resources/Recovered/FirstPack/Atlases/PublicUI/reddot.png
 4.7 kb	 0.0% Assets/AreaBattle/Resources/Recovered/FirstPack/Config/GameProductConfig.bytes
 4.6 kb	 0.0% Assets/AreaBattle/Resources/Recovered/FirstPack/Atlases/PublicUI/Public_time_bg.png
 3.8 kb	 0.0% Assets/AreaBattle/Resources/Recovered/FirstPack/Config/SceneSkinConfig.bytes
 3.7 kb	 0.0% Assets/AreaBattle/Resources/Recovered/FirstPack/Config/WXAMSConfig.bytes
 3.7 kb	 0.0% Assets/AreaBattle/Resources/Recovered/FirstPack/Atlases/PublicUI/Task_progress01.png
 3.6 kb	 0.0% Assets/AreaBattle/Resources/Recovered/UiRoot/UIRoot.prefab
 3.5 kb	 0.0% Assets/AreaBattle/Resources/Recovered/FirstPack/Config/PubActivityConfig.bytes
 3.3 kb	 0.0% Assets/AreaBattle/Resources/Recovered/FirstPack/Config/EffectConfig.bytes
 3.1 kb	 0.0% Assets/AreaBattle/Resources/Recovered/FirstPack/Config/LargeNumConfig.bytes
 3.1 kb	 0.0% Assets/AreaBattle/Resources/Recovered/FirstPack/Config/MatchLevelConfig.bytes
 2.8 kb	 0.0% Assets/AreaBattle/Resources/Recovered/FirstPack/Config/AllSkillBConfig.bytes
 2.7 kb	 0.0% Assets/AreaBattle/Resources/Recovered/FirstPack/Config/AllSkillConfig.bytes
 2.5 kb	 0.0% Assets/AreaBattle/Resources/Recovered/FirstPack/TipUI/Animations/hdzd_setPanel_ani.anim
 2.5 kb	 0.0% Assets/AreaBattle/Resources/Recovered/FirstPack/TipUI/Animations/hdzd_setPanelClose_ani.anim
 2.4 kb	 0.0% Assets/AreaBattle/Resources/Recovered/FirstPack/Atlases/PublicUI/Task_progress02.png
 2.2 kb	 0.0% Assets/AreaBattle/Resources/Recovered/FirstPack/Atlases/PublicUI/Public_frame02.png
 2.2 kb	 0.0% Assets/AreaBattle/Resources/Recovered/FirstPack/Config/DiceGameConfig.bytes
 2.0 kb	 0.0% Assets/AreaBattle/Resources/Recovered/FirstPack/Config/GuideConfig.bytes
 2.0 kb	 0.0% Assets/AreaBattle/Resources/Recovered/FirstPack/Config/GuideBConfig.bytes
 2.0 kb	 0.0% Assets/AreaBattle/Resources/Recovered/FirstPack/Config/GuideDConfig.bytes
 2.0 kb	 0.0% Assets/AreaBattle/Resources/Recovered/FirstPack/TipUI/Fonts/CAB-a14f3eb3adf948afc8e578331928efaf_6544835752251692798.ttf
 1.9 kb	 0.0% Assets/AreaBattle/Resources/Recovered/Fonts/defaultNullFont.otf
 1.8 kb	 0.0% Assets/AreaBattle/Resources/Recovered/FirstPack/Atlases/PublicBtn.spriteatlas
 1.8 kb	 0.0% Assets/AreaBattle/Resources/Recovered/FirstPack/Config/CampConfig.bytes
 1.8 kb	 0.0% Assets/AreaBattle/Resources/Recovered/FirstPack/Config/CountryConfigConfig.bytes
 1.7 kb	 0.0% Assets/AreaBattle/Resources/Recovered/FirstPack/Config/DrawConfig.bytes
 1.7 kb	 0.0% Assets/AreaBattle/Resources/Recovered/FirstPack/Config/PubTaskConfig.bytes
 1.5 kb	 0.0% Assets/AreaBattle/Resources/Recovered/FirstPack/Config/CommanderBConfig.bytes
 1.4 kb	 0.0% Assets/AreaBattle/Resources/Recovered/FirstPack/Config/CommanderConfig.bytes
 1.3 kb	 0.0% Assets/AreaBattle/Resources/Recovered/FirstPack/Config/AgentSkillUseConfig.bytes
 1.3 kb	 0.0% Assets/AreaBattle/Resources/Recovered/FirstPack/Atlases/PublicUI/JS_line.png
 1.2 kb	 0.0% Assets/AreaBattle/Resources/Recovered/FirstPack/Config/DispatchConfig.bytes
 1.2 kb	 0.0% Assets/AreaBattle/Resources/Recovered/FirstPack/Config/HeadBoxConfig.bytes
 1.2 kb	 0.0% Assets/AreaBattle/Resources/Recovered/FirstPack/Config/GameRewardConfig.bytes
 1.1 kb	 0.0% Assets/AreaBattle/Resources/Recovered/FirstPack/Config/GlobalValueConfig.bytes
 1.1 kb	 0.0% Assets/AreaBattle/Resources/Recovered/FirstPack/Config/GuideTipsConfig.bytes
 1.0 kb	 0.0% Assets/AreaBattle/Resources/Recovered/FirstPack/Config/AgentGradeConfig.bytes
 1.0 kb	 0.0% Assets/AreaBattle/Resources/Recovered/FirstPack/Config/SoldierConfig.bytes
 0.9 kb	 0.0% Assets/AreaBattle/Resources/Recovered/FirstPack/Config/PubnoviceAccRewardConfig.bytes
 0.9 kb	 0.0% Assets/AreaBattle/Resources/Recovered/FirstPack/Atlases/PublicUI/Sd_mask.png
 0.9 kb	 0.0% Assets/AreaBattle/Resources/Recovered/FirstPack/Config/CommanderUpgradeConfig.bytes
 0.9 kb	 0.0% Assets/AreaBattle/Resources/Recovered/FirstPack/Config/RankRewardConfig.bytes
 0.9 kb	 0.0% Assets/AreaBattle/Resources/Recovered/FirstPack/Config/ArenaCupRangeConfig.bytes
 0.8 kb	 0.0% Assets/AreaBattle/Resources/Recovered/FirstPack/Config/CommanderUpgradeBConfig.bytes
 0.8 kb	 0.0% Assets/AreaBattle/Resources/Recovered/FirstPack/Config/GuidebookConfig.bytes
 0.7 kb	 0.0% Assets/AreaBattle/Resources/Recovered/FirstPack/Config/StatisticEventConfig.bytes
 0.7 kb	 0.0% Assets/AreaBattle/Resources/Recovered/FirstPack/Config/ArenaSeasonRewardConfig.bytes
 0.7 kb	 0.0% Assets/AreaBattle/Resources/Recovered/FirstPack/Config/ArenaDailyRewardConfig.bytes
 0.7 kb	 0.0% Assets/AreaBattle/Resources/Recovered/FirstPack/Config/MLanguageImageConfig.bytes
 0.7 kb	 0.0% Assets/AreaBattle/Resources/Recovered/FirstPack/Config/FirstChargeConfig.bytes
 0.6 kb	 0.0% Assets/AreaBattle/Resources/Recovered/FirstPack/Config/ArenaInitAiSocreConfig.bytes
 0.6 kb	 0.0% Assets/AreaBattle/Resources/Recovered/FirstPack/Config/SettingConfig.bytes
 0.6 kb	 0.0% Assets/AreaBattle/Resources/Recovered/FirstPack/Config/SpecialLevelConfig.bytes
 0.6 kb	 0.0% Assets/AreaBattle/Resources/Recovered/FirstPack/Config/DailyChallengeConfig.bytes
 0.6 kb	 0.0% Assets/AreaBattle/Resources/Recovered/FirstPack/Config/MenuTabConfig.bytes
 0.5 kb	 0.0% Assets/AreaBattle/Resources/Recovered/FirstPack/Config/ArenaConfig.bytes
 0.5 kb	 0.0% Assets/AreaBattle/Resources/Recovered/FirstPack/Config/AILevelFactorConfig.bytes
 0.4 kb	 0.0% Assets/AreaBattle/Resources/Recovered/FirstPack/Config/GamePackageConfig.bytes
 0.4 kb	 0.0% Assets/AreaBattle/Resources/Recovered/FirstPack/Config/HeadportConfig.bytes
 0.4 kb	 0.0% Assets/AreaBattle/Resources/Recovered/FirstPack/Config/NewRankSettingConfig.bytes
 0.3 kb	 0.0% Assets/AreaBattle/Resources/Recovered/FirstPack/Config/RankSubConfig.bytes
 0.3 kb	 0.0% Assets/AreaBattle/Resources/Recovered/FirstPack/Config/SceneEffectConfig.bytes
 0.3 kb	 0.0% Assets/AreaBattle/Resources/Recovered/FirstPack/Config/AIReplayFactorConfig.bytes
 0.3 kb	 0.0% Assets/AreaBattle/Resources/Recovered/FirstPack/Config/FuncSettingConfig.bytes
 0.3 kb	 0.0% Assets/AreaBattle/Resources/Recovered/FirstPack/Config/PubdailyLivenessConfig.bytes
 0.3 kb	 0.0% Assets/AreaBattle/Resources/Recovered/FirstPack/Config/ChannelConfig.bytes
 0.3 kb	 0.0% Assets/AreaBattle/Resources/Recovered/FirstPack/Config/DiceShopTypeConfig.bytes
 0.3 kb	 0.0% Assets/AreaBattle/Resources/Recovered/FirstPack/Config/PubTaskActivityConfig.bytes
 0.2 kb	 0.0% Assets/AreaBattle/Resources/Recovered/FirstPack/Config/ChannelProcedureConfig.bytes
 0.2 kb	 0.0% Assets/AreaBattle/Resources/Recovered/FirstPack/Config/PubTaskGroupConfig.bytes
 0.2 kb	 0.0% Assets/AreaBattle/Resources/Recovered/FirstPack/Config/ArenaInheritanceConfig.bytes
 0.2 kb	 0.0% Assets/AreaBattle/Resources/Recovered/FirstPack/Config/SummerRewardConfig.bytes
 0.2 kb	 0.0% Assets/AreaBattle/Resources/Recovered/FirstPack/Config/PubActivitySettingConfig.bytes
 0.2 kb	 0.0% Assets/AreaBattle/Resources/Recovered/FirstPack/Config/PubAchievementAccConfig.bytes
 0.2 kb	 0.0% Assets/AreaBattle/Resources/Recovered/FirstPack/Config/DicePointConfig.bytes
 0.1 kb	 0.0% Assets/AreaBattle/Resources/Recovered/FirstPack/Config/LimitedProductConfig.bytes
 0.1 kb	 0.0% Assets/AreaBattle/Resources/Recovered/FirstPack/Config/RaceConfig.bytes
 0.1 kb	 0.0% Assets/AreaBattle/Resources/Recovered/FirstPack/Config/PubNTActivityConfig.bytes
 0.1 kb	 0.0% Packages/com.unity.ugui/Runtime/UGUI/UI/Core/Layout/HorizontalLayoutGroup.cs
 0.1 kb	 0.0% Assets/AreaBattle/Scripts/OutgameAdaptiveBangs.cs
 0.1 kb	 0.0% Packages/com.unity.ugui/Runtime/UGUI/UI/Core/GraphicRaycaster.cs
 0.1 kb	 0.0% Packages/com.unity.ugui/Runtime/UGUI/UI/Core/VertexModifiers/Shadow.cs
 0.1 kb	 0.0% Packages/com.unity.ugui/Runtime/UGUI/UI/Core/VertexModifiers/Outline.cs
 0.1 kb	 0.0% Packages/com.unity.ugui/Runtime/UGUI/UI/Core/Image.cs
 0.1 kb	 0.0% Packages/com.unity.ugui/Runtime/UGUI/UI/Core/Button.cs
 0.1 kb	 0.0% Packages/com.unity.ugui/Runtime/UGUI/UI/Core/Text.cs
 0.0 kb	 0.0% Assets/AreaBattle/Resources/Recovered/FirstPack/Config/ConfigType.bytes
 0.0 kb	 0.0% Assets/AreaBattle/Resources/Recovered/FirstPack/Config/all.bytes
-------------------------------------------------------------------------------
-------------------------------------------------------------------------------
Bundle Name: firstpack-native-bundles
Compressed Size:1.5 kb
Uncompressed usage by category (Percentages based on user generated assets only):
Textures               0.0 kb	 0.0% 
Meshes                 0.0 kb	 0.0% 
Animations             0.0 kb	 0.0% 
Sounds                 0.0 kb	 0.0% 
Shaders                0.0 kb	 0.0% 
Other Assets           0.2 kb	 4.5% 
Levels                 0.0 kb	 0.0% 
File headers           3.9 kb	 95.5% 
Total User Assets      4.1 kb	 100.0% 
Complete build size    4.1 kb
Used Assets and files from the Resources folder, sorted by uncompressed size:
 0.1 kb	 2.5% AssetBundle Object
 0.1 kb	 2.1% Built-in AssetBundleManifest: AssetBundleManifest
-------------------------------------------------------------------------------
Killing ADB server in 0.0592741 seconds.
[Physics::Module] Cleanup current backned.
[Physics::Module] Id: 0xf2b8ea05
Input System module state changed to: ShutdownInProgress.
Input System polling thread exited.
Input System module state changed to: Shutdown.
[Licensing::IpcConnector] LicenseClient-jiachengwei-notifications channel disconnected successfully.
[Licensing::IpcConnector] LicenseClient-jiachengwei channel disconnected successfully.
AcceleratorClientConnectionCallback - disconnected - :0
Cleanup mono
Checking for leaked weakptr:
  Found no leaked weakptrs.
[Package Manager] Server process was shutdown
##utp:{"type":"MemoryLeaks","version":2,"phase":"Immediate","time":1790742679436,"processId":58612,"allocatedMemory":12124319,"memoryLabels":[{"Default":28597},{"Permanent":15356},{"NewDelete":71377},{"Thread":4230344},{"Manager":37786},{"VertexData":8},{"Geometry":816},{"VFX":-104},{"Texture":160},{"Shader":78795},{"Material":24},{"GfxDevice":55176},{"Animation":392},{"Audio":4040},{"FontEngine":256},{"Physics":2081},{"Serialization":816},{"Input":14824},{"JobScheduler":33024},{"TextLib":160},{"Mono":32},{"ScriptingNativeRuntime":155060},{"BaseObject":1620176},{"Resource":1304},{"Renderer":2928},{"Transform":4646},{"File":1016},{"WebCam":616},{"Culling":32},{"Terrain":11394},{"Wind":24},{"STL":40},{"String":15117},{"DynamicArray":89976},{"HashMap":52909},{"Utility":2662798},{"Curl":48},{"PoolAlloc":1768},{"AI":104},{"TypeTree":5005},{"ScriptManager":512},{"RuntimeInitializeOnLoadManager":64},{"SpriteAtlas":112},{"GI":7888},{"Director":8240},{"CloudService":7776},{"WebRequest":808},{"VR":45969},{"SceneManager":496},{"Video":64},{"LazyScriptCache":32},{"Camera":17},{"Secure":1},{"SerializationCache":1576},{"APIUpdating":10320},{"Subsystems":336},{"VirtualTexturing":57888},{"StaticSafetyDebugInfo":278528},{"Analytics":384},{"Hierarchy":272},{"Gui":80},{"EditorUtility":29232},{"VersionControl":4},{"Undo":947},{"AssetDatabase":2433094},{"EditorGi":328},{"UnityConnect":24184},{"Upm":2036},{"DrivenProperties":72},{"LocalIPC":217},{"ProfilerEditor":9746},{"CoreBusinessMetrics":2879},{"Licensing":1232},{"AssetReference":32},{"IPCStream":32}]}
