Unity Editor version:    6000.3.7f1 (696ec25a53d1)
Branch:                  6000.3/staging
Build type:              Release
Batch mode:              YES
macOS version:           Version 26.3.1 (a) (Build 25D771280a)
Darwin version:          25.3.0
Architecture:            arm64
Running under Rosetta:   NO
Available memory:        32768 MB
Date:                    2026-10-03T07:00:58Z
[Licensing::Module] Trying to connect to existing licensing client channel...
[Licensing::IpcConnector] Successfully connected to: "LicenseClient-mt" at "2026-10-03T07:00:58.301243Z"
Launching external process: /Applications/Unity6000.3.7f1/Unity-6000.3.7f1/Unity.app/Contents/Resources/PackageManager/Server/UnityPackageManager

COMMAND LINE ARGUMENTS:
/Applications/Unity6000.3.7f1/Unity-6000.3.7f1/Unity.app/Contents/MacOS/Unity
-batchmode
-accept-apiupdate
-projectPath
/private/tmp/areabattle-validation-20261003/UnityProject
-executeMethod
AreaBattle.EditorTools.RecoveredHudImporter.ImportGuideBookBatch
-logFile
/private/tmp/areabattle-validation-20261003/guide-book-import-final.log
Successfully changed project path to: /private/tmp/areabattle-validation-20261003/UnityProject
/private/tmp/areabattle-validation-20261003/UnityProject
[UnityMemory] Configuration Parameters - Can be set up in boot.config
    "memorysetup-allocator-temp-initial-block-size-main=262144"
    "memorysetup-allocator-temp-initial-block-size-worker=262144"
    "memorysetup-temp-allocator-size-background-worker=32768"
    "memorysetup-temp-allocator-size-job-worker=262144"
    "memorysetup-temp-allocator-size-preload-manager=33554432"
    "memorysetup-temp-allocator-size-nav-mesh-worker=65536"
    "memorysetup-temp-allocator-size-audio-worker=65536"
    "memorysetup-temp-allocator-size-cloud-worker=32768"
    "memorysetup-bucket-allocator-granularity=16"
    "memorysetup-bucket-allocator-bucket-count=8"
    "memorysetup-bucket-allocator-block-size=33554432"
    "memorysetup-bucket-allocator-block-count=8"
    "memorysetup-main-allocator-block-size=16777216"
    "memorysetup-thread-allocator-block-size=16777216"
    "memorysetup-gfx-main-allocator-block-size=16777216"
    "memorysetup-gfx-thread-allocator-block-size=16777216"
    "memorysetup-cache-allocator-block-size=4194304"
    "memorysetup-typetree-allocator-block-size=2097152"
    "memorysetup-profiler-bucket-allocator-granularity=16"
    "memorysetup-profiler-bucket-allocator-bucket-count=8"
    "memorysetup-profiler-bucket-allocator-block-size=33554432"
    "memorysetup-profiler-bucket-allocator-block-count=8"
    "memorysetup-profiler-allocator-block-size=16777216"
    "memorysetup-profiler-editor-allocator-block-size=1048576"
    "memorysetup-temp-allocator-size-main=16777216"
    "memorysetup-job-temp-allocator-block-size=2097152"
    "memorysetup-job-temp-allocator-block-size-background=1048576"
    "memorysetup-job-temp-allocator-reduction-small-platforms=262144"
    "memorysetup-temp-allocator-size-gi-baking-worker=262144"
    "memorysetup-temp-allocator-size-gi-baking-worker=262144"
    "memorysetup-temp-allocator-size-gi-baking-worker=262144"
    "memorysetup-temp-allocator-size-gi-baking-worker=262144"
    "memorysetup-temp-allocator-size-gi-baking-worker=262144"
    "memorysetup-temp-allocator-size-gfx=262144"
Player connection [8506192128]  Target information:

Player connection [8506192128]  * "[IP] 192.168.0.136 [Port] 55506 [Flags] 2 [Guid] 2233269792 [EditorId] 2233269792 [Version] 1048832 [Id] OSXEditor(0,mtdeMacBook-Pro.local) [Debug] 1 [PackageName] OSXEditor [ProjectName] Editor" 

Player connection [8506192128]  * "[IP] 172.16.224.144 [Port] 55506 [Flags] 2 [Guid] 2233269792 [EditorId] 2233269792 [Version] 1048832 [Id] OSXEditor(0,mtdeMacBook-Pro.local) [Debug] 1 [PackageName] OSXEditor [ProjectName] Editor" 

Player connection [8506192128] Host joined multi-casting on [225.0.0.222:54997]...
Player connection [8506192128] Host joined alternative multi-casting on [225.0.0.222:34997]...
Input System module state changed to: Initialized.
[Physics::Module] Initialized fallback backend.
[Physics::Module] Id: 0xdecafbad
[Package Manager] Connected to IPC stream "Upm-9064" after 0.1 seconds.
[Licensing::Module] Licensing is not yet initialized.
[Licensing::Client] Code 0 while verifying Licensing Client signature (process Id: 75619, path: "/Applications/Unity6000.3.7f1/Unity-6000.3.7f1/Unity.app/Contents/Helpers/UnityLicensingClient.app/Contents/MacOS/Unity.Licensing.Client")
[Licensing::Module] LicensingClient has failed validation; ignoring
[Licensing::Client] Handshaking with LicensingClient:
  Version:                 1.17.4+4293ba1
  Session Id:              0d7eb22f9b584b1d960ac0c9c07f53c3
  Correlation Id:          5590b3a76bba764bac1a831184dbb7b5
  External correlation Id: 8763820563747659668
  Machine Id:              TkagbQsjfXQmspsXe7+0nD9Nk6Q=
[Licensing::Module] Successfully connected to LicensingClient on channel: "LicenseClient-mt" (connect: 0.00s, validation: 0.00s, handshake: 0.30s)
[Licensing::IpcConnector] Successfully connected to: "LicenseClient-mt-notifications" at "2026-10-03T07:00:58.604108Z"
[Licensing::Module] Error: Access token is unavailable; failed to update
[Licensing::Client] Successfully resolved entitlement details
[Licensing::Module] License group:
  Id: 00-0000-0000-0000-0000-XXXX
  Product: Unity Pro
  Type: ULF
  Expiration: Unlimited
[Licensing::Client] Successfully updated license, isAsync: True, time: 0.00
[Licensing::Client] Successfully resolved entitlement details
[Licensing::Module] Licensing Background thread has ended after 0.31s
[Licensing::Module] Licensing is initialized (took 0.07s).
[Licensing::Client] Successfully resolved entitlement details
Library Redirect Path: Library/
[Physics::Module] Selected backend.
[Physics::Module] Name: PhysX
[Physics::Module] Id: 0xf2b8ea05
[Physics::Module] SDK Version: 4.1.2
[Physics::Module] Integration Version: 1.0.0
[Physics::Module] Threading Mode: Multi-Threaded
Artifact Garbage Collection - Removed 63 unused hashed content files
Refreshing native plugins compatible for Editor in 0.00 ms, found 0 plugins.
Preloading 0 native plugins for Editor in 0.00 ms.
Initialize engine version: 6000.3.7f1 (696ec25a53d1)
[Subsystems] Discovering subsystems at path /Applications/Unity6000.3.7f1/Unity-6000.3.7f1/Unity.app/Contents/Resources/UnitySubsystems
[Subsystems] Discovering subsystems at path /private/tmp/areabattle-validation-20261003/UnityProject/Assets
GfxDevice: creating device client; kGfxThreadingModeNonThreaded
 preferred device: Apple M2 Pro (high power)
Metal devices available: 1
0: Apple M2 Pro (high power)
Using device Apple M2 Pro (high power)
Initializing Metal device caps: Apple M2 Pro
Mac GPU Family: 2
Apple GPU Family: 8
MSL Version: 3.0
Has Float MSAA: 1
Has Float Filtering: 1
ReadWrite Texture Tier: 2
Initialize mono
Mono path[0] = '/Applications/Unity6000.3.7f1/Unity-6000.3.7f1/Unity.app/Contents/Resources/Scripting/Managed'
Mono path[1] = '/Applications/Unity6000.3.7f1/Unity-6000.3.7f1/Unity.app/Contents/Resources/Scripting/MonoBleedingEdge/lib/mono/unityjit-macos'
Mono config path = '/Applications/Unity6000.3.7f1/Unity-6000.3.7f1/Unity.app/Contents/Resources/Scripting/MonoBleedingEdge/etc'
Using monoOptions --debugger-agent=transport=dt_socket,embedding=1,server=y,suspend=n,address=127.0.0.1:56064
Using cacheserver namespaces - metadata:defaultmetadata, artifacts:defaultartifacts
Using cacheserver namespaces - metadata:defaultmetadata, artifacts:defaultartifacts
ImportWorker Server TCP listen port: 0
AcceleratorClientConnectionCallback - disconnected - :0
Begin MonoManager ReloadAssembly
Registering precompiled unity dll's ...
Register platform support module: /Applications/Unity6000.3.7f1/Unity-6000.3.7f1/Unity.app/Contents/PlaybackEngines/MacStandaloneSupport/UnityEditor.OSXStandalone.Extensions.dll
[Licensing::Client] Successfully resolved entitlement details
Register platform support module: /Applications/Unity6000.3.7f1/Unity-6000.3.7f1/PlaybackEngines/AndroidPlayer/UnityEditor.Android.Extensions.dll
[Licensing::Client] Successfully resolved entitlement details
Register platform support module: /Applications/Unity6000.3.7f1/Unity-6000.3.7f1/PlaybackEngines/iOSSupport/UnityEditor.iOS.Extensions.dll
Registered in 0.004953 seconds.
- Loaded All Assemblies, in  0.267 seconds
[usbmuxd] Start listen thread
[usbmuxd] Listen thread started
[usbmuxd] Send listen message
Native extension for iOS target not found
Native extension for Android target not found
Native extension for OSXStandalone target not found
ScheduleIndexationOnStartup MainProcess:False IndexOnStartup:False
Mono: successfully reloaded assembly
- Finished resetting the current domain, in  0.311 seconds
Domain Reload Profiling: 578ms
	BeginReloadAssembly (85ms)
		ExecutionOrderSort (0ms)
		DisableScriptedObjects (0ms)
		BackupInstance (0ms)
		ReleaseScriptingObjects (0ms)
		CreateAndSetChildDomain (13ms)
	RebuildCommonClasses (25ms)
	RebuildNativeTypeToScriptingClass (10ms)
	initialDomainReloadingComplete (30ms)
	LoadAllAssembliesAndSetupDomain (118ms)
		LoadAssemblies (72ms)
		RebuildTransferFunctionScriptingTraits (0ms)
		AnalyzeDomain (116ms)
			TypeCache.Refresh (115ms)
				TypeCache.ScanAssembly (104ms)
			BuildScriptInfoCaches (0ms)
			ResolveRequiredComponents (0ms)
	FinalizeReload (311ms)
		ReleaseScriptCaches (0ms)
		RebuildScriptCaches (0ms)
		SetupLoadedEditorAssemblies (284ms)
			LogAssemblyErrors (0ms)
			InitializePlatformSupportModulesInManaged (74ms)
			SetLoadedEditorAssemblies (3ms)
			BeforeProcessingInitializeOnLoad (60ms)
			ProcessInitializeOnLoadAttributes (87ms)
			ProcessInitializeOnLoadMethodAttributes (59ms)
			AfterProcessingInitializeOnLoad (0ms)
			EditorAssembliesLoaded (0ms)
		ExecutionOrderSort2 (0ms)
		AwakeInstancesAfterBackupRestoration (0ms)
[Licensing::Client] Successfully resolved entitlement details
Application.AssetDatabase Initial Refresh Start
Package Manager log level set to [2]
[Package Manager] Restoring resolved packages state from cache
[Licensing::Client] Successfully resolved entitlement details
[Package Manager] Registered 38 packages:
  Built-in packages:
    com.unity.multiplayer.center@1.0.1 (location: /private/tmp/areabattle-validation-20261003/UnityProject/Library/PackageCache/com.unity.multiplayer.center@f01f4ba8d00a)
    com.unity.ugui@2.0.0 (location: /private/tmp/areabattle-validation-20261003/UnityProject/Library/PackageCache/com.unity.ugui@11343a6274f3)
    com.unity.modules.accessibility@1.0.0 (location: /private/tmp/areabattle-validation-20261003/UnityProject/Library/PackageCache/com.unity.modules.accessibility)
    com.unity.modules.adaptiveperformance@1.0.0 (location: /private/tmp/areabattle-validation-20261003/UnityProject/Library/PackageCache/com.unity.modules.adaptiveperformance)
    com.unity.modules.ai@1.0.0 (location: /private/tmp/areabattle-validation-20261003/UnityProject/Library/PackageCache/com.unity.modules.ai)
    com.unity.modules.androidjni@1.0.0 (location: /private/tmp/areabattle-validation-20261003/UnityProject/Library/PackageCache/com.unity.modules.androidjni)
    com.unity.modules.animation@1.0.0 (location: /private/tmp/areabattle-validation-20261003/UnityProject/Library/PackageCache/com.unity.modules.animation)
    com.unity.modules.assetbundle@1.0.0 (location: /private/tmp/areabattle-validation-20261003/UnityProject/Library/PackageCache/com.unity.modules.assetbundle)
    com.unity.modules.audio@1.0.0 (location: /private/tmp/areabattle-validation-20261003/UnityProject/Library/PackageCache/com.unity.modules.audio)
    com.unity.modules.cloth@1.0.0 (location: /private/tmp/areabattle-validation-20261003/UnityProject/Library/PackageCache/com.unity.modules.cloth)
    com.unity.modules.director@1.0.0 (location: /private/tmp/areabattle-validation-20261003/UnityProject/Library/PackageCache/com.unity.modules.director)
    com.unity.modules.imageconversion@1.0.0 (location: /private/tmp/areabattle-validation-20261003/UnityProject/Library/PackageCache/com.unity.modules.imageconversion)
    com.unity.modules.imgui@1.0.0 (location: /private/tmp/areabattle-validation-20261003/UnityProject/Library/PackageCache/com.unity.modules.imgui)
    com.unity.modules.jsonserialize@1.0.0 (location: /private/tmp/areabattle-validation-20261003/UnityProject/Library/PackageCache/com.unity.modules.jsonserialize)
    com.unity.modules.particlesystem@1.0.0 (location: /private/tmp/areabattle-validation-20261003/UnityProject/Library/PackageCache/com.unity.modules.particlesystem)
    com.unity.modules.physics@1.0.0 (location: /private/tmp/areabattle-validation-20261003/UnityProject/Library/PackageCache/com.unity.modules.physics)
    com.unity.modules.physics2d@1.0.0 (location: /private/tmp/areabattle-validation-20261003/UnityProject/Library/PackageCache/com.unity.modules.physics2d)
    com.unity.modules.screencapture@1.0.0 (location: /private/tmp/areabattle-validation-20261003/UnityProject/Library/PackageCache/com.unity.modules.screencapture)
    com.unity.modules.terrain@1.0.0 (location: /private/tmp/areabattle-validation-20261003/UnityProject/Library/PackageCache/com.unity.modules.terrain)
    com.unity.modules.terrainphysics@1.0.0 (location: /private/tmp/areabattle-validation-20261003/UnityProject/Library/PackageCache/com.unity.modules.terrainphysics)
    com.unity.modules.tilemap@1.0.0 (location: /private/tmp/areabattle-validation-20261003/UnityProject/Library/PackageCache/com.unity.modules.tilemap)
    com.unity.modules.ui@1.0.0 (location: /private/tmp/areabattle-validation-20261003/UnityProject/Library/PackageCache/com.unity.modules.ui)
    com.unity.modules.uielements@1.0.0 (location: /private/tmp/areabattle-validation-20261003/UnityProject/Library/PackageCache/com.unity.modules.uielements)
    com.unity.modules.umbra@1.0.0 (location: /private/tmp/areabattle-validation-20261003/UnityProject/Library/PackageCache/com.unity.modules.umbra)
    com.unity.modules.unityanalytics@1.0.0 (location: /private/tmp/areabattle-validation-20261003/UnityProject/Library/PackageCache/com.unity.modules.unityanalytics)
    com.unity.modules.unitywebrequest@1.0.0 (location: /private/tmp/areabattle-validation-20261003/UnityProject/Library/PackageCache/com.unity.modules.unitywebrequest)
    com.unity.modules.unitywebrequestassetbundle@1.0.0 (location: /private/tmp/areabattle-validation-20261003/UnityProject/Library/PackageCache/com.unity.modules.unitywebrequestassetbundle)
    com.unity.modules.unitywebrequestaudio@1.0.0 (location: /private/tmp/areabattle-validation-20261003/UnityProject/Library/PackageCache/com.unity.modules.unitywebrequestaudio)
    com.unity.modules.unitywebrequesttexture@1.0.0 (location: /private/tmp/areabattle-validation-20261003/UnityProject/Library/PackageCache/com.unity.modules.unitywebrequesttexture)
    com.unity.modules.unitywebrequestwww@1.0.0 (location: /private/tmp/areabattle-validation-20261003/UnityProject/Library/PackageCache/com.unity.modules.unitywebrequestwww)
    com.unity.modules.vectorgraphics@1.0.0 (location: /private/tmp/areabattle-validation-20261003/UnityProject/Library/PackageCache/com.unity.modules.vectorgraphics)
    com.unity.modules.vehicles@1.0.0 (location: /private/tmp/areabattle-validation-20261003/UnityProject/Library/PackageCache/com.unity.modules.vehicles)
    com.unity.modules.video@1.0.0 (location: /private/tmp/areabattle-validation-20261003/UnityProject/Library/PackageCache/com.unity.modules.video)
    com.unity.modules.vr@1.0.0 (location: /private/tmp/areabattle-validation-20261003/UnityProject/Library/PackageCache/com.unity.modules.vr)
    com.unity.modules.wind@1.0.0 (location: /private/tmp/areabattle-validation-20261003/UnityProject/Library/PackageCache/com.unity.modules.wind)
    com.unity.modules.xr@1.0.0 (location: /private/tmp/areabattle-validation-20261003/UnityProject/Library/PackageCache/com.unity.modules.xr)
    com.unity.modules.subsystems@1.0.0 (location: /private/tmp/areabattle-validation-20261003/UnityProject/Library/PackageCache/com.unity.modules.subsystems)
    com.unity.modules.hierarchycore@1.0.0 (location: /private/tmp/areabattle-validation-20261003/UnityProject/Library/PackageCache/com.unity.modules.hierarchycore)
[Subsystems] No new subsystems found in resolved package list.
[Package Manager] Done registering packages in 0.01 seconds
[ScriptCompilation] Requested script compilation because: Assetdatabase observed changes in script compilation related files
[40m[32minfo[39m[22m[49m: Microsoft.Hosting.Lifetime[14]
      Now listening on: http://unix:/tmp/ilpp.sock-b4295128722492fe3148b2072c065e13
[40m[32minfo[39m[22m[49m: Microsoft.Hosting.Lifetime[0]
      Application started. Press Ctrl+C to shut down.
[40m[32minfo[39m[22m[49m: Microsoft.Hosting.Lifetime[0]
      Hosting environment: Production
[40m[32minfo[39m[22m[49m: Microsoft.Hosting.Lifetime[0]
      Content root path: /private/tmp/areabattle-validation-20261003/UnityProject/
[40m[32minfo[39m[22m[49m: Microsoft.AspNetCore.Hosting.Diagnostics[1]
      Request starting HTTP/2 POST http://ilpp/UnityILPP.PostProcessing/Ping application/grpc -
[40m[32minfo[39m[22m[49m: Microsoft.AspNetCore.Routing.EndpointMiddleware[0]
      Executing endpoint 'gRPC - /UnityILPP.PostProcessing/Ping'
[40m[32minfo[39m[22m[49m: Microsoft.AspNetCore.Routing.EndpointMiddleware[1]
      Executed endpoint 'gRPC - /UnityILPP.PostProcessing/Ping'
[40m[32minfo[39m[22m[49m: Microsoft.AspNetCore.Hosting.Diagnostics[2]
      Request finished HTTP/2 POST http://ilpp/UnityILPP.PostProcessing/Ping application/grpc - - 200 - application/grpc 25.2964ms
Starting: /Applications/Unity6000.3.7f1/Unity-6000.3.7f1/Unity.app/Contents/Resources/BuildPipeline/bee_backend --ipc --defer-dag-verification --dagfile="Library/Bee/200b0aE.dag" --continue-on-failure --profile="Library/Bee/backend1.traceevents" ScriptAssemblies
WorkingDir: /private/tmp/areabattle-validation-20261003/UnityProject
DisplayProgressbar: Compiling Scripts
ExitCode: 0 Duration: 3s36ms
[241/244    2s] Csc Library/Bee/artifacts/200b0aE.dag/Assembly-CSharp-Editor.dll (+2 others)
Assets/AreaBattle/Editor/OutgameAudioNodeValidation.cs(18,34): warning CS0108: 'OutgameAudioNodeValidation.Fixture.GetType' hides inherited member 'object.GetType()'. Use the new keyword if hiding was intended.
Assets/AreaBattle/Editor/OutgameUpdateManagerPlayModeValidation.cs(14,117): warning CS0414: The field 'OutgameUpdateManagerPlayModeValidation.driveActions' is assigned but its value is never used
[242/244    0s] CopyFiles Library/ScriptAssemblies/Assembly-CSharp-Editor.pdb
[243/244    0s] CopyFiles Library/ScriptAssemblies/Assembly-CSharp-Editor.dll
*** Tundra build success (3.01 seconds), 3 items updated, 244 evaluated
Assets/AreaBattle/Editor/OutgameAudioNodeValidation.cs(18,34): warning CS0108: 'OutgameAudioNodeValidation.Fixture.GetType' hides inherited member 'object.GetType()'. Use the new keyword if hiding was intended.
Assets/AreaBattle/Editor/OutgameUpdateManagerPlayModeValidation.cs(14,117): warning CS0414: The field 'OutgameUpdateManagerPlayModeValidation.driveActions' is assigned but its value is never used
AssetDatabase: script compilation time: 3.371809s
Begin MonoManager ReloadAssembly
- Loaded All Assemblies, in  0.345 seconds
Refreshing native plugins compatible for Editor in 0.00 ms, found 0 plugins.
Native extension for iOS target not found
Native extension for Android target not found
Native extension for OSXStandalone target not found
ScheduleIndexationOnStartup MainProcess:True IndexOnStartup:True
Mono: successfully reloaded assembly
- Finished resetting the current domain, in  0.296 seconds
Domain Reload Profiling: 641ms
	BeginReloadAssembly (254ms)
		ExecutionOrderSort (0ms)
		DisableScriptedObjects (12ms)
		BackupInstance (0ms)
		ReleaseScriptingObjects (0ms)
		CreateAndSetChildDomain (147ms)
	RebuildCommonClasses (26ms)
	RebuildNativeTypeToScriptingClass (10ms)
	initialDomainReloadingComplete (11ms)
	LoadAllAssembliesAndSetupDomain (44ms)
		LoadAssemblies (75ms)
		RebuildTransferFunctionScriptingTraits (0ms)
		AnalyzeDomain (34ms)
			TypeCache.Refresh (27ms)
				TypeCache.ScanAssembly (20ms)
			BuildScriptInfoCaches (4ms)
			ResolveRequiredComponents (2ms)
	FinalizeReload (296ms)
		ReleaseScriptCaches (0ms)
		RebuildScriptCaches (0ms)
		SetupLoadedEditorAssemblies (204ms)
			LogAssemblyErrors (0ms)
			InitializePlatformSupportModulesInManaged (27ms)
			SetLoadedEditorAssemblies (2ms)
			BeforeProcessingInitializeOnLoad (86ms)
			ProcessInitializeOnLoadAttributes (67ms)
			ProcessInitializeOnLoadMethodAttributes (22ms)
			AfterProcessingInitializeOnLoad (1ms)
			EditorAssembliesLoaded (0ms)
		ExecutionOrderSort2 (0ms)
		AwakeInstancesAfterBackupRestoration (3ms)
Start importing Assets/AreaBattle/Resources/Recovered/GuideSpine/Textures/CAB-71a96badbcffab7b7451a783f271bc4b_2026805924299331817/YD.png using Guid(04c8c611faa238c4daf9028c4f06ec0a) (TextureImporter) -> (artifact id: '1edc8ede82bdce3f302e229068ea775f') in 0.0509655 seconds
Start importing Assets/AreaBattle/Resources/Recovered/GuideSpine/Textures/CAB-71a96badbcffab7b7451a783f271bc4b_-7791903411662756124/YD_2.png using Guid(3479ad8d8553dbf4a9eaabee610f7fc5) (TextureImporter) -> (artifact id: 'c15f10557510f183bd2ebbc87141a45e') in 0.011772917 seconds
Start importing Assets/AreaBattle/Resources/Recovered/GuideSpine/Meshes/CAB-71a96badbcffab7b7451a783f271bc4b_-2780960743001050164.asset using Guid(7414d633902f4754aa651723b4868d95) (NativeFormatImporter) -> (artifact id: 'ac530c10a0b7277f043abd3ac8dacf60') in 0.0009365 seconds
Start importing Assets/AreaBattle/Resources/Recovered/GuideSpine/Spine/CAB-71a96badbcffab7b7451a783f271bc4b_-1778157884270872766.asset using Guid(e5d72c94728ecf94b8781b24c65bead5) (NativeFormatImporter) -> (artifact id: 'dbfe4b416f6c732fed14baaca799f1ca') in 0.003264166 seconds
Start importing Assets/AreaBattle/Resources/Recovered/GuideSpine/Spine/CAB-71a96badbcffab7b7451a783f271bc4b_5262709187943515980.asset using Guid(e7401860532b0eb4d935e048f849e34f) (NativeFormatImporter) -> (artifact id: '7d33c3e184eabdd885b7eb8a4121051c') in 0.001130291 seconds
Refreshing native plugins compatible for Editor in 0.00 ms, found 0 plugins.
Preloading 0 native plugins for Editor in 0.00 ms.
Asset Pipeline Refresh (id=a7f08a2f06c52483d9b885e402b0ed69): Total: 4.364 seconds - Initiated by InitialRefreshV2(ForceSynchronousImport)
	Summary:
		Imports: total=5 (actual=5, local cache=0, cache server=0)
		Asset DB Process Time: managed=2 ms, native=576 ms
		Asset DB Callback time: managed=51 ms, native=11 ms
		Scripting: domain reloads=1, domain reload time=345 ms, compile time=3373 ms, other=4 ms
		Project Asset Count: scripts=364, non-scripts=2225
		Asset File Changes: new=0, changed=6, moved=0, deleted=0
		Scan Filter Count: 1
	InvokeCustomDependenciesCallbacks: 0.003ms
	InvokePackagesCallback: 11.099ms
	ApplyChangesToAssetFolders: 0.188ms
	Scan: 148.956ms
	OnSourceAssetsModified: 0.499ms
	CategorizeAssetsWithTransientArtifact: 2.161ms
	ProcessAssetsWithTransientArtifactChanges: 8.528ms
	CategorizeAssets: 10.950ms
	ImportOutOfDateAssets: 367.729ms (-3076.059ms without children)
		ImportManagerImport: 69.803ms (0.869ms without children)
			ImportInProcess: 68.904ms
			UpdateCategorizedAssets: 0.030ms
		CompileScripts: 3373.217ms
		ReloadNativeAssets: 0.000ms
		UnloadImportedAssets: 0.259ms
		ReloadImportedAssets: 0.000ms
		EnsureUptoDateAssetsAreRegisteredWithGuidPM: 0.277ms
		InitializingProgressBar: 0.004ms
		PostProcessAllAssetNotificationsAddChangedAssets: 0.000ms
		OnDemandSchedulerStart: 0.227ms
	PostProcessAllAssets: 52.045ms
	Hotreload: 0.647ms
	GatherAllCurrentPrimaryArtifactRevisions: 0.000ms
	UnloadStreamsBegin: 0.561ms
	PersistCurrentRevisions: 0.126ms
	UnloadStreamsEnd: 0.000ms
	GenerateScriptTypeHashes: 0.766ms
	Untracked: 3760.316ms

Application.AssetDatabase Initial Refresh End
Launching external process: /Applications/Unity6000.3.7f1/Unity-6000.3.7f1/Unity.app/Contents/Helpers/UnityShaderCompiler
Launched and connected shader compiler UnityShaderCompiler after 0.03 seconds
Scanning for USB devices : 0.035ms
Initializing Unity extensions:
[MODES] ModeService[none].Initialize
[MODES] ModeService[none].LoadModes
[MODES] Loading mode Default (0) for mode-current-id-AreaBattle
2026-10-03 15:01:03.985 Unity[9064:51762074] NSEventModifierFlagFunction specified to -setKeyEquivalentModifierMask: for item <NSMenuItem: 0xaaac68d20 SDF, ke='Command-F12'>, but is only supported for system-provided menu items; will not be used
Unloading 58 Unused Serialized files (Serialized files now loaded: 0)
Unloading 1041 unused Assets / (5.2 MB). Loaded Objects now: 1595.
Memory consumption went from 133.5 MB to 128.4 MB.
Total: 6.577542 ms (FindLiveObjects: 0.092541 ms CreateObjectMapping: 0.038209 ms MarkObjects: 4.556125 ms  DeleteObjects: 1.890375 ms)

2026-10-03 15:01:04.016 Unity[9064:51762074] NSEventModifierFlagFunction specified to -setKeyEquivalentModifierMask: for item <NSMenuItem: 0xaaac96bc0 SDF, ke='Command-F12'>, but is only supported for system-provided menu items; will not be used
Asset Pipeline Refresh (id=c191db1b037ad4ebfbcdd9320c3e90c4): Total: 0.055 seconds - Initiated by RefreshV2(NoUpdateAssetOptions)
Start importing Assets/AreaBattle/Resources/Recovered/GuideBook/Sprites/CAB-6279e901a4064a47438e8eacb1788248_-7683919351710198613.png using Guid(bce6c295ec6f44ef88485ba8a336d626) (TextureImporter) -> (artifact id: '46f25399b82dfe55eb71d0eb2d98c577') in 0.032547833 seconds
Refreshing native plugins compatible for Editor in 0.00 ms, found 0 plugins.
Preloading 0 native plugins for Editor in 0.00 ms.
Asset Pipeline Refresh (id=51e8deb67dc674ab497e6eb137332fa0): Total: 0.040 seconds - Initiated by StopAssetImportingV2(NoUpdateAssetOptions)
Start importing Assets/AreaBattle/Resources/Recovered/GuideBook/Sprites/CAB-6279e901a4064a47438e8eacb1788248_-7683919351710198613.png using Guid(bce6c295ec6f44ef88485ba8a336d626) (TextureImporter) -> (artifact id: '46f25399b82dfe55eb71d0eb2d98c577') in 0.032114042 seconds
Refreshing native plugins compatible for Editor in 0.00 ms, found 0 plugins.
Preloading 0 native plugins for Editor in 0.00 ms.
Asset Pipeline Refresh (id=9949450ae22db4918b61521b1da4e0ed): Total: 0.039 seconds - Initiated by StopAssetImportingV2(NoUpdateAssetOptions)
Start importing Assets/AreaBattle/Resources/Recovered/GuideBook/Sprites/CAB-6bfa8786befb1cf66d6a7f790d2e5d84_-3480231882333317839.png using Guid(551b17558a6f6477aa3adad860ad56b1) (TextureImporter) -> (artifact id: '9571765359ebf673a80562035886db69') in 0.00539325 seconds
Refreshing native plugins compatible for Editor in 0.00 ms, found 0 plugins.
Preloading 0 native plugins for Editor in 0.00 ms.
Asset Pipeline Refresh (id=d1ad8bebe22024a2785afa4691bcd088): Total: 0.011 seconds - Initiated by StopAssetImportingV2(NoUpdateAssetOptions)
Start importing Assets/AreaBattle/Resources/Recovered/GuideBook/Sprites/CAB-6bfa8786befb1cf66d6a7f790d2e5d84_-3480231882333317839.png using Guid(551b17558a6f6477aa3adad860ad56b1) (TextureImporter) -> (artifact id: '9571765359ebf673a80562035886db69') in 0.005201958 seconds
Refreshing native plugins compatible for Editor in 0.00 ms, found 0 plugins.
Preloading 0 native plugins for Editor in 0.00 ms.
Asset Pipeline Refresh (id=f8d08b77567e041389d2cdabcdd0e65f): Total: 0.011 seconds - Initiated by StopAssetImportingV2(NoUpdateAssetOptions)
Start importing Assets/AreaBattle/Resources/Recovered/GuideBook/Sprites/CAB-6bfa8786befb1cf66d6a7f790d2e5d84_7380877616393810225.png using Guid(a6d63245503cf4ca0b44f842ba9108a1) (TextureImporter) -> (artifact id: 'ae96dcc22bb53fbde9b03b20b943bbf7') in 0.001393375 seconds
Refreshing native plugins compatible for Editor in 0.00 ms, found 0 plugins.
Preloading 0 native plugins for Editor in 0.00 ms.
Asset Pipeline Refresh (id=7ca8a8e48df9549cab2e944c442122c2): Total: 0.007 seconds - Initiated by StopAssetImportingV2(NoUpdateAssetOptions)
Start importing Assets/AreaBattle/Resources/Recovered/GuideBook/Sprites/CAB-6bfa8786befb1cf66d6a7f790d2e5d84_7380877616393810225.png using Guid(a6d63245503cf4ca0b44f842ba9108a1) (TextureImporter) -> (artifact id: 'ae96dcc22bb53fbde9b03b20b943bbf7') in 0.001390708 seconds
Refreshing native plugins compatible for Editor in 0.00 ms, found 0 plugins.
Preloading 0 native plugins for Editor in 0.00 ms.
Asset Pipeline Refresh (id=d264315d5749a47b8988fd50100483be): Total: 0.007 seconds - Initiated by StopAssetImportingV2(NoUpdateAssetOptions)
Start importing Assets/AreaBattle/Resources/Recovered/GuideBook/Sprites/CAB-6bfa8786befb1cf66d6a7f790d2e5d84_-2320101112833093935.png using Guid(5eccb56a3042c4bb98d6b57afbc2673e) (TextureImporter) -> (artifact id: 'd837e3cf18b29816c1a8d54788861346') in 0.001102709 seconds
Refreshing native plugins compatible for Editor in 0.00 ms, found 0 plugins.
Preloading 0 native plugins for Editor in 0.00 ms.
Asset Pipeline Refresh (id=6c9d252eaec02430e90d85aba4086feb): Total: 0.007 seconds - Initiated by StopAssetImportingV2(NoUpdateAssetOptions)
Start importing Assets/AreaBattle/Resources/Recovered/GuideBook/Sprites/CAB-6bfa8786befb1cf66d6a7f790d2e5d84_-2320101112833093935.png using Guid(5eccb56a3042c4bb98d6b57afbc2673e) (TextureImporter) -> (artifact id: 'd837e3cf18b29816c1a8d54788861346') in 0.000791333 seconds
Refreshing native plugins compatible for Editor in 0.00 ms, found 0 plugins.
Preloading 0 native plugins for Editor in 0.00 ms.
Asset Pipeline Refresh (id=3a7825ddd0e8640f8aa947aa034b523d): Total: 0.006 seconds - Initiated by StopAssetImportingV2(NoUpdateAssetOptions)
Start importing Assets/AreaBattle/Resources/Recovered/GuideBook/Sprites/CAB-6bfa8786befb1cf66d6a7f790d2e5d84_7355801211481127217.png using Guid(61e5814eb9aa9475bbc44664dc774778) (TextureImporter) -> (artifact id: '15dd1202a33cecf630cc6ddbb295684e') in 0.002191916 seconds
Refreshing native plugins compatible for Editor in 0.00 ms, found 0 plugins.
Preloading 0 native plugins for Editor in 0.00 ms.
Asset Pipeline Refresh (id=5f656eb17e169427892db348f103056e): Total: 0.007 seconds - Initiated by StopAssetImportingV2(NoUpdateAssetOptions)
Start importing Assets/AreaBattle/Resources/Recovered/GuideBook/Sprites/CAB-6bfa8786befb1cf66d6a7f790d2e5d84_7355801211481127217.png using Guid(61e5814eb9aa9475bbc44664dc774778) (TextureImporter) -> (artifact id: '15dd1202a33cecf630cc6ddbb295684e') in 0.001832417 seconds
Refreshing native plugins compatible for Editor in 0.00 ms, found 0 plugins.
Preloading 0 native plugins for Editor in 0.00 ms.
Asset Pipeline Refresh (id=b8ace40b49f6447f8a240a1c4dda6f8d): Total: 0.007 seconds - Initiated by StopAssetImportingV2(NoUpdateAssetOptions)
Start importing Assets/AreaBattle/Resources/Recovered/GuideBook/Sprites/CAB-6bfa8786befb1cf66d6a7f790d2e5d84_-2067149362258942805.png using Guid(48e68701f6cf94045b240908d2b360f9) (TextureImporter) -> (artifact id: 'b9829b338e08cedb0c319a7496234aa6') in 0.000944667 seconds
Refreshing native plugins compatible for Editor in 0.00 ms, found 0 plugins.
Preloading 0 native plugins for Editor in 0.00 ms.
Asset Pipeline Refresh (id=603c0043811b04af1aa75345dff268f8): Total: 0.006 seconds - Initiated by StopAssetImportingV2(NoUpdateAssetOptions)
Start importing Assets/AreaBattle/Resources/Recovered/GuideBook/Sprites/CAB-6bfa8786befb1cf66d6a7f790d2e5d84_-2067149362258942805.png using Guid(48e68701f6cf94045b240908d2b360f9) (TextureImporter) -> (artifact id: 'b9829b338e08cedb0c319a7496234aa6') in 0.000863791 seconds
Refreshing native plugins compatible for Editor in 0.00 ms, found 0 plugins.
Preloading 0 native plugins for Editor in 0.00 ms.
Asset Pipeline Refresh (id=6fac24d386dcf4ba197818cb625ea685): Total: 0.007 seconds - Initiated by StopAssetImportingV2(NoUpdateAssetOptions)
Start importing Assets/AreaBattle/Resources/Recovered/GuideBook/Sprites/CAB-6bfa8786befb1cf66d6a7f790d2e5d84_-8309619707715311393.png using Guid(5b2d1afbd9d6943bea6abeb61600de78) (TextureImporter) -> (artifact id: 'f1c120599e14597b4b73b7f35595ea29') in 0.002069042 seconds
Refreshing native plugins compatible for Editor in 0.00 ms, found 0 plugins.
Preloading 0 native plugins for Editor in 0.00 ms.
Asset Pipeline Refresh (id=71d73a6ca20334304a5d2a43143f1475): Total: 0.007 seconds - Initiated by StopAssetImportingV2(NoUpdateAssetOptions)
Start importing Assets/AreaBattle/Resources/Recovered/GuideBook/Sprites/CAB-6bfa8786befb1cf66d6a7f790d2e5d84_-8309619707715311393.png using Guid(5b2d1afbd9d6943bea6abeb61600de78) (TextureImporter) -> (artifact id: 'f1c120599e14597b4b73b7f35595ea29') in 0.001839166 seconds
Refreshing native plugins compatible for Editor in 0.00 ms, found 0 plugins.
Preloading 0 native plugins for Editor in 0.00 ms.
Asset Pipeline Refresh (id=8a4731edbe53e4628af283467409051d): Total: 0.008 seconds - Initiated by StopAssetImportingV2(NoUpdateAssetOptions)
Start importing Assets/AreaBattle/Resources/Recovered/GuideBook/Sprites/CAB-6bfa8786befb1cf66d6a7f790d2e5d84_3351932862530765055.png using Guid(c3b6d1ce87b7845d3bd25cbbd0a0f8dc) (TextureImporter) -> (artifact id: 'e2c58ac88017a1abf4e862d51dceb33a') in 0.001029416 seconds
Refreshing native plugins compatible for Editor in 0.00 ms, found 0 plugins.
Preloading 0 native plugins for Editor in 0.00 ms.
Asset Pipeline Refresh (id=13bf1bc6337ad4ead85a1791ae4960a6): Total: 0.006 seconds - Initiated by StopAssetImportingV2(NoUpdateAssetOptions)
Start importing Assets/AreaBattle/Resources/Recovered/GuideBook/Sprites/CAB-6bfa8786befb1cf66d6a7f790d2e5d84_3351932862530765055.png using Guid(c3b6d1ce87b7845d3bd25cbbd0a0f8dc) (TextureImporter) -> (artifact id: 'e2c58ac88017a1abf4e862d51dceb33a') in 0.000805875 seconds
Refreshing native plugins compatible for Editor in 0.00 ms, found 0 plugins.
Preloading 0 native plugins for Editor in 0.00 ms.
Asset Pipeline Refresh (id=9cb9342dcf3744e48a7eb8f0cf9206ef): Total: 0.006 seconds - Initiated by StopAssetImportingV2(NoUpdateAssetOptions)
Start importing Assets/AreaBattle/Resources/Recovered/GuideBook/Sprites/CAB-6bfa8786befb1cf66d6a7f790d2e5d84_4358981949795676910.png using Guid(dd0c42e16709a4a41a049e27f6e792a0) (TextureImporter) -> (artifact id: '325e6860bb3a1110d3122922670e4732') in 0.001510042 seconds
Refreshing native plugins compatible for Editor in 0.00 ms, found 0 plugins.
Preloading 0 native plugins for Editor in 0.00 ms.
Asset Pipeline Refresh (id=36a26c3e087fa47fe885d9891273d4c6): Total: 0.007 seconds - Initiated by StopAssetImportingV2(NoUpdateAssetOptions)
Start importing Assets/AreaBattle/Resources/Recovered/GuideBook/Sprites/CAB-6bfa8786befb1cf66d6a7f790d2e5d84_4358981949795676910.png using Guid(dd0c42e16709a4a41a049e27f6e792a0) (TextureImporter) -> (artifact id: '325e6860bb3a1110d3122922670e4732') in 0.001198917 seconds
Refreshing native plugins compatible for Editor in 0.00 ms, found 0 plugins.
Preloading 0 native plugins for Editor in 0.00 ms.
Asset Pipeline Refresh (id=4c963dbc311734d039c11d59253971a0): Total: 0.007 seconds - Initiated by StopAssetImportingV2(NoUpdateAssetOptions)
Start importing Assets/AreaBattle/Resources/Recovered/GuideBook/Sprites/CAB-6bfa8786befb1cf66d6a7f790d2e5d84_-1693096224541300738.png using Guid(fc6f0f8aa5c98492f92045fb379ef474) (TextureImporter) -> (artifact id: '0cc91f9deae0a784aec603327bf2b25f') in 0.00093 seconds
Refreshing native plugins compatible for Editor in 0.00 ms, found 0 plugins.
Preloading 0 native plugins for Editor in 0.00 ms.
Asset Pipeline Refresh (id=9f65885c9d1f943cc8bbce34a0e888f6): Total: 0.006 seconds - Initiated by StopAssetImportingV2(NoUpdateAssetOptions)
Start importing Assets/AreaBattle/Resources/Recovered/GuideBook/Sprites/CAB-6bfa8786befb1cf66d6a7f790d2e5d84_-1693096224541300738.png using Guid(fc6f0f8aa5c98492f92045fb379ef474) (TextureImporter) -> (artifact id: '0cc91f9deae0a784aec603327bf2b25f') in 0.000909917 seconds
Refreshing native plugins compatible for Editor in 0.00 ms, found 0 plugins.
Preloading 0 native plugins for Editor in 0.00 ms.
Asset Pipeline Refresh (id=cc89b2c0290a747a1b22a2ee8588e55c): Total: 0.007 seconds - Initiated by StopAssetImportingV2(NoUpdateAssetOptions)
Start importing Assets/AreaBattle/Resources/Recovered/GuideBook/Sprites/CAB-6bfa8786befb1cf66d6a7f790d2e5d84_-3511433521428631633.png using Guid(84ef08324ed834801b50b191c1c83513) (TextureImporter) -> (artifact id: '0ef82301836d6a7619ef254f9a5a8ceb') in 0.001058667 seconds
Refreshing native plugins compatible for Editor in 0.00 ms, found 0 plugins.
Preloading 0 native plugins for Editor in 0.00 ms.
Asset Pipeline Refresh (id=24a8fb5d3751b48c3855a787eaa1ed8b): Total: 0.010 seconds - Initiated by StopAssetImportingV2(NoUpdateAssetOptions)
Start importing Assets/AreaBattle/Resources/Recovered/GuideBook/Sprites/CAB-6bfa8786befb1cf66d6a7f790d2e5d84_-3511433521428631633.png using Guid(84ef08324ed834801b50b191c1c83513) (TextureImporter) -> (artifact id: '0ef82301836d6a7619ef254f9a5a8ceb') in 0.00093225 seconds
Refreshing native plugins compatible for Editor in 0.00 ms, found 0 plugins.
Preloading 0 native plugins for Editor in 0.00 ms.
Asset Pipeline Refresh (id=fb50261fc2adb41649378d686b557c7f): Total: 0.007 seconds - Initiated by StopAssetImportingV2(NoUpdateAssetOptions)
Start importing Assets/AreaBattle/Resources/Recovered/GuideBook/Sprites/CAB-6bfa8786befb1cf66d6a7f790d2e5d84_-6157304848007682989.png using Guid(4072c33834f7344058583f16c08f4651) (TextureImporter) -> (artifact id: 'dcda9476df91c5ca1900d615ddad2437') in 0.001267084 seconds
Refreshing native plugins compatible for Editor in 0.00 ms, found 0 plugins.
Preloading 0 native plugins for Editor in 0.00 ms.
Asset Pipeline Refresh (id=6c5a1898b7c164ac694ac82d6298ef51): Total: 0.007 seconds - Initiated by StopAssetImportingV2(NoUpdateAssetOptions)
Start importing Assets/AreaBattle/Resources/Recovered/GuideBook/Sprites/CAB-6bfa8786befb1cf66d6a7f790d2e5d84_-6157304848007682989.png using Guid(4072c33834f7344058583f16c08f4651) (TextureImporter) -> (artifact id: 'dcda9476df91c5ca1900d615ddad2437') in 0.001049459 seconds
Refreshing native plugins compatible for Editor in 0.00 ms, found 0 plugins.
Preloading 0 native plugins for Editor in 0.00 ms.
Asset Pipeline Refresh (id=fc74ea5f73784425a93b96c1ff4cfaff): Total: 0.006 seconds - Initiated by StopAssetImportingV2(NoUpdateAssetOptions)
Start importing Assets/AreaBattle/Resources/Recovered/GuideBook/Sprites/CAB-6bfa8786befb1cf66d6a7f790d2e5d84_-2374200325649269195.png using Guid(e748c470a6c234309b3c4274b56d2a59) (TextureImporter) -> (artifact id: '44a6e7292d772fa705cf6d33f6941174') in 0.001091958 seconds
Refreshing native plugins compatible for Editor in 0.00 ms, found 0 plugins.
Preloading 0 native plugins for Editor in 0.00 ms.
Asset Pipeline Refresh (id=34870295e53064ad4b61357cbefdd234): Total: 0.006 seconds - Initiated by StopAssetImportingV2(NoUpdateAssetOptions)
Start importing Assets/AreaBattle/Resources/Recovered/GuideBook/Sprites/CAB-6bfa8786befb1cf66d6a7f790d2e5d84_-2374200325649269195.png using Guid(e748c470a6c234309b3c4274b56d2a59) (TextureImporter) -> (artifact id: '44a6e7292d772fa705cf6d33f6941174') in 0.000788166 seconds
Refreshing native plugins compatible for Editor in 0.00 ms, found 0 plugins.
Preloading 0 native plugins for Editor in 0.00 ms.
Asset Pipeline Refresh (id=dc84c04d64a7847319f6ecf89b25177d): Total: 0.006 seconds - Initiated by StopAssetImportingV2(NoUpdateAssetOptions)
Start importing Assets/AreaBattle/Resources/Recovered/GuideBook/Sprites/CAB-6bfa8786befb1cf66d6a7f790d2e5d84_378101818839556220.png using Guid(973880e653e8140e986546bc996c6ef2) (TextureImporter) -> (artifact id: 'bf7cfe8381890f7625a788c6bf773954') in 0.001310375 seconds
Refreshing native plugins compatible for Editor in 0.00 ms, found 0 plugins.
Preloading 0 native plugins for Editor in 0.00 ms.
Asset Pipeline Refresh (id=1c00bb7cd959348ff9b3b546b67d7620): Total: 0.006 seconds - Initiated by StopAssetImportingV2(NoUpdateAssetOptions)
Start importing Assets/AreaBattle/Resources/Recovered/GuideBook/Sprites/CAB-6bfa8786befb1cf66d6a7f790d2e5d84_378101818839556220.png using Guid(973880e653e8140e986546bc996c6ef2) (TextureImporter) -> (artifact id: 'bf7cfe8381890f7625a788c6bf773954') in 0.001061292 seconds
Refreshing native plugins compatible for Editor in 0.00 ms, found 0 plugins.
Preloading 0 native plugins for Editor in 0.00 ms.
Asset Pipeline Refresh (id=f944de1a92320493c86fd57e913b3101): Total: 0.007 seconds - Initiated by StopAssetImportingV2(NoUpdateAssetOptions)
Start importing Assets/AreaBattle/Resources/Recovered/GuideBook/Sprites/CAB-6bfa8786befb1cf66d6a7f790d2e5d84_-1797332260960300854.png using Guid(0a3d10a9ceafe44fe9fd0cbf1508c841) (TextureImporter) -> (artifact id: 'bc7ebe624f604fad0e35246e7010cde1') in 0.002533375 seconds
Refreshing native plugins compatible for Editor in 0.00 ms, found 0 plugins.
Preloading 0 native plugins for Editor in 0.00 ms.
Asset Pipeline Refresh (id=699c44e607f894491a970fe5f0c8798f): Total: 0.007 seconds - Initiated by StopAssetImportingV2(NoUpdateAssetOptions)
Start importing Assets/AreaBattle/Resources/Recovered/GuideBook/Sprites/CAB-6bfa8786befb1cf66d6a7f790d2e5d84_-1797332260960300854.png using Guid(0a3d10a9ceafe44fe9fd0cbf1508c841) (TextureImporter) -> (artifact id: 'bc7ebe624f604fad0e35246e7010cde1') in 0.002471875 seconds
Refreshing native plugins compatible for Editor in 0.00 ms, found 0 plugins.
Preloading 0 native plugins for Editor in 0.00 ms.
Asset Pipeline Refresh (id=ec806c001e9684a73a9e25aa3c37e22b): Total: 0.008 seconds - Initiated by StopAssetImportingV2(NoUpdateAssetOptions)
Start importing Assets/AreaBattle/Resources/Recovered/GuideBook/Sprites/CAB-6bfa8786befb1cf66d6a7f790d2e5d84_4415441428988527685.png using Guid(391274600243947d089595f93c5fe9c8) (TextureImporter) -> (artifact id: '44ddfc57091f00051e475e56154bde92') in 0.001811625 seconds
Refreshing native plugins compatible for Editor in 0.00 ms, found 0 plugins.
Preloading 0 native plugins for Editor in 0.00 ms.
Asset Pipeline Refresh (id=d83ddf74dd8e64b0b90a315da7cb7028): Total: 0.007 seconds - Initiated by StopAssetImportingV2(NoUpdateAssetOptions)
Start importing Assets/AreaBattle/Resources/Recovered/GuideBook/Sprites/CAB-6bfa8786befb1cf66d6a7f790d2e5d84_4415441428988527685.png using Guid(391274600243947d089595f93c5fe9c8) (TextureImporter) -> (artifact id: '44ddfc57091f00051e475e56154bde92') in 0.001778125 seconds
Refreshing native plugins compatible for Editor in 0.00 ms, found 0 plugins.
Preloading 0 native plugins for Editor in 0.00 ms.
Asset Pipeline Refresh (id=680a82a48b3704bb7819dd48ddeef413): Total: 0.007 seconds - Initiated by StopAssetImportingV2(NoUpdateAssetOptions)
Start importing Assets/AreaBattle/Resources/Recovered/GuideBook/Sprites/CAB-6bfa8786befb1cf66d6a7f790d2e5d84_7894834730182805884.png using Guid(0bfe0f28b5fdb4063ba036bbcacbf35d) (TextureImporter) -> (artifact id: '6d8fe6af476e11428ef84360623eaa28') in 0.008883167 seconds
Refreshing native plugins compatible for Editor in 0.00 ms, found 0 plugins.
Preloading 0 native plugins for Editor in 0.00 ms.
Asset Pipeline Refresh (id=63e50315452594c1a9386db75f75aef1): Total: 0.014 seconds - Initiated by StopAssetImportingV2(NoUpdateAssetOptions)
Start importing Assets/AreaBattle/Resources/Recovered/GuideBook/Sprites/CAB-6bfa8786befb1cf66d6a7f790d2e5d84_7894834730182805884.png using Guid(0bfe0f28b5fdb4063ba036bbcacbf35d) (TextureImporter) -> (artifact id: '6d8fe6af476e11428ef84360623eaa28') in 0.008552541 seconds
Refreshing native plugins compatible for Editor in 0.00 ms, found 0 plugins.
Preloading 0 native plugins for Editor in 0.00 ms.
Asset Pipeline Refresh (id=05066b96b76444e19a283d5d2ca50712): Total: 0.015 seconds - Initiated by StopAssetImportingV2(NoUpdateAssetOptions)
Start importing Assets/AreaBattle/Resources/Recovered/GuideBook/Sprites/CAB-6bfa8786befb1cf66d6a7f790d2e5d84_4111178101966353224.png using Guid(aa34aac83d588449fb61ab9b97716a86) (TextureImporter) -> (artifact id: 'd5b577ef01dcbd713e5de2333932cf23') in 0.000978417 seconds
Refreshing native plugins compatible for Editor in 0.00 ms, found 0 plugins.
Preloading 0 native plugins for Editor in 0.00 ms.
Asset Pipeline Refresh (id=275517ec96f524e61a5ba3b6032a7f47): Total: 0.006 seconds - Initiated by StopAssetImportingV2(NoUpdateAssetOptions)
Start importing Assets/AreaBattle/Resources/Recovered/GuideBook/Sprites/CAB-6bfa8786befb1cf66d6a7f790d2e5d84_4111178101966353224.png using Guid(aa34aac83d588449fb61ab9b97716a86) (TextureImporter) -> (artifact id: 'd5b577ef01dcbd713e5de2333932cf23') in 0.000881958 seconds
Refreshing native plugins compatible for Editor in 0.00 ms, found 0 plugins.
Preloading 0 native plugins for Editor in 0.00 ms.
Asset Pipeline Refresh (id=785eb62de26f94c13922fa14ac999362): Total: 0.006 seconds - Initiated by StopAssetImportingV2(NoUpdateAssetOptions)
Start importing Assets/AreaBattle/Resources/Recovered/GuideBook/Sprites/CAB-6bfa8786befb1cf66d6a7f790d2e5d84_4399269785087572618.png using Guid(14640faec7c774a56bccce3c78204d33) (TextureImporter) -> (artifact id: 'bd4f36b2456db0d631c117d645e21c63') in 0.00126 seconds
Refreshing native plugins compatible for Editor in 0.00 ms, found 0 plugins.
Preloading 0 native plugins for Editor in 0.00 ms.
Asset Pipeline Refresh (id=b4455a5ffd0804f39bb482c66f1183a9): Total: 0.007 seconds - Initiated by StopAssetImportingV2(NoUpdateAssetOptions)
Start importing Assets/AreaBattle/Resources/Recovered/GuideBook/Sprites/CAB-6bfa8786befb1cf66d6a7f790d2e5d84_4399269785087572618.png using Guid(14640faec7c774a56bccce3c78204d33) (TextureImporter) -> (artifact id: 'bd4f36b2456db0d631c117d645e21c63') in 0.001052584 seconds
Refreshing native plugins compatible for Editor in 0.00 ms, found 0 plugins.
Preloading 0 native plugins for Editor in 0.00 ms.
Asset Pipeline Refresh (id=04f0bba065d87483bad79d4dc25c1b06): Total: 0.006 seconds - Initiated by StopAssetImportingV2(NoUpdateAssetOptions)
Start importing Assets/AreaBattle/Resources/Recovered/GuideBook/Sprites/CAB-6bfa8786befb1cf66d6a7f790d2e5d84_8113261151973258035.png using Guid(e0c7e7ede570745719bd533b57730794) (TextureImporter) -> (artifact id: '2d3be5e309ae51b02ef8630ac925f88d') in 0.001168959 seconds
Refreshing native plugins compatible for Editor in 0.00 ms, found 0 plugins.
Preloading 0 native plugins for Editor in 0.00 ms.
Asset Pipeline Refresh (id=e91a784ddc97244c3b7a1e31f96908c7): Total: 0.006 seconds - Initiated by StopAssetImportingV2(NoUpdateAssetOptions)
Start importing Assets/AreaBattle/Resources/Recovered/GuideBook/Sprites/CAB-6bfa8786befb1cf66d6a7f790d2e5d84_8113261151973258035.png using Guid(e0c7e7ede570745719bd533b57730794) (TextureImporter) -> (artifact id: '2d3be5e309ae51b02ef8630ac925f88d') in 0.000910333 seconds
Refreshing native plugins compatible for Editor in 0.00 ms, found 0 plugins.
Preloading 0 native plugins for Editor in 0.00 ms.
Asset Pipeline Refresh (id=7fd9fe782ad814494b24267dea43de53): Total: 0.006 seconds - Initiated by StopAssetImportingV2(NoUpdateAssetOptions)
Start importing Assets/AreaBattle/Resources/Recovered/GuideBook/Sprites/CAB-6bfa8786befb1cf66d6a7f790d2e5d84_4168258849634748725.png using Guid(26867e9678cec477b96bf9dbbc3d7480) (TextureImporter) -> (artifact id: '06b9db78dde5f5f045d49f4bfad9584e') in 0.000979041 seconds
Refreshing native plugins compatible for Editor in 0.00 ms, found 0 plugins.
Preloading 0 native plugins for Editor in 0.00 ms.
Asset Pipeline Refresh (id=e5c461a1e8e394883a2770d79657399a): Total: 0.006 seconds - Initiated by StopAssetImportingV2(NoUpdateAssetOptions)
Start importing Assets/AreaBattle/Resources/Recovered/GuideBook/Sprites/CAB-6bfa8786befb1cf66d6a7f790d2e5d84_4168258849634748725.png using Guid(26867e9678cec477b96bf9dbbc3d7480) (TextureImporter) -> (artifact id: '06b9db78dde5f5f045d49f4bfad9584e') in 0.000899125 seconds
Refreshing native plugins compatible for Editor in 0.00 ms, found 0 plugins.
Preloading 0 native plugins for Editor in 0.00 ms.
Asset Pipeline Refresh (id=8b9f937105e7d4021b4ec234f50c3575): Total: 0.007 seconds - Initiated by StopAssetImportingV2(NoUpdateAssetOptions)
Start importing Assets/AreaBattle/Resources/Recovered/GuideBook/Sprites/CAB-6bfa8786befb1cf66d6a7f790d2e5d84_-4336156069923694425.png using Guid(ede9e299d189341f29357caf8da81cc5) (TextureImporter) -> (artifact id: '9360a7e52d84dfbd0839b370747c4eb7') in 0.001264417 seconds
Refreshing native plugins compatible for Editor in 0.00 ms, found 0 plugins.
Preloading 0 native plugins for Editor in 0.00 ms.
Asset Pipeline Refresh (id=e9cecb15e9b924872a4e6b4924ec174a): Total: 0.007 seconds - Initiated by StopAssetImportingV2(NoUpdateAssetOptions)
Start importing Assets/AreaBattle/Resources/Recovered/GuideBook/Sprites/CAB-6bfa8786befb1cf66d6a7f790d2e5d84_-4336156069923694425.png using Guid(ede9e299d189341f29357caf8da81cc5) (TextureImporter) -> (artifact id: '9360a7e52d84dfbd0839b370747c4eb7') in 0.0012285 seconds
Refreshing native plugins compatible for Editor in 0.00 ms, found 0 plugins.
Preloading 0 native plugins for Editor in 0.00 ms.
Asset Pipeline Refresh (id=81c64902c64bf4f73ad38125ebb2d543): Total: 0.007 seconds - Initiated by StopAssetImportingV2(NoUpdateAssetOptions)
Start importing Assets/AreaBattle/Resources/Recovered/GuideBook/Sprites/CAB-6bfa8786befb1cf66d6a7f790d2e5d84_3193828452827462213.png using Guid(e7cf2e499546d42bd85d9927bfe37e73) (TextureImporter) -> (artifact id: '6993083d79fd42e4f67f46ef28d51c64') in 0.000900083 seconds
Refreshing native plugins compatible for Editor in 0.00 ms, found 0 plugins.
Preloading 0 native plugins for Editor in 0.00 ms.
Asset Pipeline Refresh (id=4ecc31c4917b042408264df38d71d3b4): Total: 0.006 seconds - Initiated by StopAssetImportingV2(NoUpdateAssetOptions)
Start importing Assets/AreaBattle/Resources/Recovered/GuideBook/Sprites/CAB-6bfa8786befb1cf66d6a7f790d2e5d84_3193828452827462213.png using Guid(e7cf2e499546d42bd85d9927bfe37e73) (TextureImporter) -> (artifact id: '6993083d79fd42e4f67f46ef28d51c64') in 0.000728792 seconds
Refreshing native plugins compatible for Editor in 0.00 ms, found 0 plugins.
Preloading 0 native plugins for Editor in 0.00 ms.
Asset Pipeline Refresh (id=7c8cf6e38d44f4358b9f5b99c8c6b21e): Total: 0.007 seconds - Initiated by StopAssetImportingV2(NoUpdateAssetOptions)
Start importing Assets/AreaBattle/Resources/Recovered/GuideBook/Sprites/CAB-6bfa8786befb1cf66d6a7f790d2e5d84_237018883051795133.png using Guid(55cfaf46e696f4ab48bcd3d0663cab89) (TextureImporter) -> (artifact id: 'fc95a51257d36f842ecb193230158950') in 0.001240459 seconds
Refreshing native plugins compatible for Editor in 0.00 ms, found 0 plugins.
Preloading 0 native plugins for Editor in 0.00 ms.
Asset Pipeline Refresh (id=543138932e50f456082f60da971f3b79): Total: 0.007 seconds - Initiated by StopAssetImportingV2(NoUpdateAssetOptions)
Start importing Assets/AreaBattle/Resources/Recovered/GuideBook/Sprites/CAB-6bfa8786befb1cf66d6a7f790d2e5d84_237018883051795133.png using Guid(55cfaf46e696f4ab48bcd3d0663cab89) (TextureImporter) -> (artifact id: 'fc95a51257d36f842ecb193230158950') in 0.001185167 seconds
Refreshing native plugins compatible for Editor in 0.00 ms, found 0 plugins.
Preloading 0 native plugins for Editor in 0.00 ms.
Asset Pipeline Refresh (id=ff2c493c606694921a170cb6a73e1afc): Total: 0.007 seconds - Initiated by StopAssetImportingV2(NoUpdateAssetOptions)
Start importing Assets/AreaBattle/Resources/Recovered/GuideBook/Sprites/CAB-6bfa8786befb1cf66d6a7f790d2e5d84_-8052658351011610304.png using Guid(b023389808d01467491ce0263d8cc26a) (TextureImporter) -> (artifact id: '4669d084040d3388ab80a6525ded9ce7') in 0.00124675 seconds
Refreshing native plugins compatible for Editor in 0.00 ms, found 0 plugins.
Preloading 0 native plugins for Editor in 0.00 ms.
Asset Pipeline Refresh (id=2477dfcf636ec49e38d5e7b295a7e3c4): Total: 0.007 seconds - Initiated by StopAssetImportingV2(NoUpdateAssetOptions)
Start importing Assets/AreaBattle/Resources/Recovered/GuideBook/Sprites/CAB-6bfa8786befb1cf66d6a7f790d2e5d84_-8052658351011610304.png using Guid(b023389808d01467491ce0263d8cc26a) (TextureImporter) -> (artifact id: '4669d084040d3388ab80a6525ded9ce7') in 0.001213375 seconds
Refreshing native plugins compatible for Editor in 0.00 ms, found 0 plugins.
Preloading 0 native plugins for Editor in 0.00 ms.
Asset Pipeline Refresh (id=13f58a6efaabd44828e23d418551bc75): Total: 0.006 seconds - Initiated by StopAssetImportingV2(NoUpdateAssetOptions)
Start importing Assets/AreaBattle/Resources/Recovered/GuideBook/Sprites/CAB-6bfa8786befb1cf66d6a7f790d2e5d84_-9084782370220930699.png using Guid(23a94f2a9e18b4ed299ae19a12dfa916) (TextureImporter) -> (artifact id: '0e926123ffda1aa3513f4dacf9657e56') in 0.001504209 seconds
Refreshing native plugins compatible for Editor in 0.00 ms, found 0 plugins.
Preloading 0 native plugins for Editor in 0.00 ms.
Asset Pipeline Refresh (id=a56730b65001f4c46a73b68b3b759195): Total: 0.007 seconds - Initiated by StopAssetImportingV2(NoUpdateAssetOptions)
Start importing Assets/AreaBattle/Resources/Recovered/GuideBook/Sprites/CAB-6bfa8786befb1cf66d6a7f790d2e5d84_-9084782370220930699.png using Guid(23a94f2a9e18b4ed299ae19a12dfa916) (TextureImporter) -> (artifact id: '0e926123ffda1aa3513f4dacf9657e56') in 0.001079875 seconds
Refreshing native plugins compatible for Editor in 0.00 ms, found 0 plugins.
Preloading 0 native plugins for Editor in 0.00 ms.
Asset Pipeline Refresh (id=7ccfcc28a5538481a9c7b55b5099a2c3): Total: 0.006 seconds - Initiated by StopAssetImportingV2(NoUpdateAssetOptions)
Start importing Assets/AreaBattle/Resources/Recovered/GuideBook/Sprites/CAB-6bfa8786befb1cf66d6a7f790d2e5d84_-8268854209399839647.png using Guid(8811758e96eea47b3bc4bc6ebf07e4c3) (TextureImporter) -> (artifact id: 'bc12976f8e5acc6e24b849a9cfd9c0d4') in 0.001962792 seconds
Refreshing native plugins compatible for Editor in 0.00 ms, found 0 plugins.
Preloading 0 native plugins for Editor in 0.00 ms.
Asset Pipeline Refresh (id=8ade812dbbaa846d3895bdbde8b5f056): Total: 0.007 seconds - Initiated by StopAssetImportingV2(NoUpdateAssetOptions)
Start importing Assets/AreaBattle/Resources/Recovered/GuideBook/Sprites/CAB-6bfa8786befb1cf66d6a7f790d2e5d84_-8268854209399839647.png using Guid(8811758e96eea47b3bc4bc6ebf07e4c3) (TextureImporter) -> (artifact id: 'bc12976f8e5acc6e24b849a9cfd9c0d4') in 0.00180125 seconds
Refreshing native plugins compatible for Editor in 0.00 ms, found 0 plugins.
Preloading 0 native plugins for Editor in 0.00 ms.
Asset Pipeline Refresh (id=ace4729a67f5a4e47878982ecc12a6cb): Total: 0.007 seconds - Initiated by StopAssetImportingV2(NoUpdateAssetOptions)
Start importing Assets/AreaBattle/Resources/Recovered/GuideBook/Sprites/CAB-08d805117448cdbffd86932886e2dc06_-1693096224541300738.png using Guid(3528e3453dfd849a6b8196867ff0485f) (TextureImporter) -> (artifact id: '7dd32edff446e517603bccc38add12c2') in 0.000918666 seconds
Refreshing native plugins compatible for Editor in 0.00 ms, found 0 plugins.
Preloading 0 native plugins for Editor in 0.00 ms.
Asset Pipeline Refresh (id=eba71093ebc964ffabad2d7765133ef1): Total: 0.006 seconds - Initiated by StopAssetImportingV2(NoUpdateAssetOptions)
Start importing Assets/AreaBattle/Resources/Recovered/GuideBook/Sprites/CAB-08d805117448cdbffd86932886e2dc06_-1693096224541300738.png using Guid(3528e3453dfd849a6b8196867ff0485f) (TextureImporter) -> (artifact id: '7dd32edff446e517603bccc38add12c2') in 0.000897541 seconds
Refreshing native plugins compatible for Editor in 0.00 ms, found 0 plugins.
Preloading 0 native plugins for Editor in 0.00 ms.
Asset Pipeline Refresh (id=2a449ec1362b046b696a62cb9f2f4951): Total: 0.007 seconds - Initiated by StopAssetImportingV2(NoUpdateAssetOptions)
Start importing Assets/AreaBattle/Resources/Recovered/GuideBook/Sprites/CAB-08d805117448cdbffd86932886e2dc06_-3511433521428631633.png using Guid(8cc24a1f651374d24bfcf0e5ab8a8cc2) (TextureImporter) -> (artifact id: 'f52ec8d5773f257a44de44fe9210feb5') in 0.000838333 seconds
Refreshing native plugins compatible for Editor in 0.00 ms, found 0 plugins.
Preloading 0 native plugins for Editor in 0.00 ms.
Asset Pipeline Refresh (id=036b48b3f511844de8966f077de3856f): Total: 0.005 seconds - Initiated by StopAssetImportingV2(NoUpdateAssetOptions)
Start importing Assets/AreaBattle/Resources/Recovered/GuideBook/Sprites/CAB-08d805117448cdbffd86932886e2dc06_-3511433521428631633.png using Guid(8cc24a1f651374d24bfcf0e5ab8a8cc2) (TextureImporter) -> (artifact id: 'f52ec8d5773f257a44de44fe9210feb5') in 0.000874166 seconds
Refreshing native plugins compatible for Editor in 0.00 ms, found 0 plugins.
Preloading 0 native plugins for Editor in 0.00 ms.
Asset Pipeline Refresh (id=024b5d4fa811a49e7a8c768c15ebf003): Total: 0.006 seconds - Initiated by StopAssetImportingV2(NoUpdateAssetOptions)
Start importing Assets/AreaBattle/Resources/Recovered/GuideBook/Sprites/CAB-08d805117448cdbffd86932886e2dc06_-2067149362258942805.png using Guid(9fb8f770a05cf4ea2b2da01266915de1) (TextureImporter) -> (artifact id: 'aeaf3ee6e7e4bb407c2f23e116724700') in 0.000977667 seconds
Refreshing native plugins compatible for Editor in 0.00 ms, found 0 plugins.
Preloading 0 native plugins for Editor in 0.00 ms.
Asset Pipeline Refresh (id=b94fc7a92753647278e2ed34a5a7af67): Total: 0.006 seconds - Initiated by StopAssetImportingV2(NoUpdateAssetOptions)
Start importing Assets/AreaBattle/Resources/Recovered/GuideBook/Sprites/CAB-08d805117448cdbffd86932886e2dc06_-2067149362258942805.png using Guid(9fb8f770a05cf4ea2b2da01266915de1) (TextureImporter) -> (artifact id: 'aeaf3ee6e7e4bb407c2f23e116724700') in 0.001040458 seconds
Refreshing native plugins compatible for Editor in 0.00 ms, found 0 plugins.
Preloading 0 native plugins for Editor in 0.00 ms.
Asset Pipeline Refresh (id=c1d555a7d50dd49868913f794645ea54): Total: 0.007 seconds - Initiated by StopAssetImportingV2(NoUpdateAssetOptions)
Start importing Assets/AreaBattle/Resources/Recovered/GuideBook/Sprites/CAB-08d805117448cdbffd86932886e2dc06_-8039868249041041560.png using Guid(d1b304edf040841ea8c89172978fbe83) (TextureImporter) -> (artifact id: '2c15008824460cccccd8a726f3ff08a6') in 0.001378958 seconds
Refreshing native plugins compatible for Editor in 0.00 ms, found 0 plugins.
Preloading 0 native plugins for Editor in 0.00 ms.
Asset Pipeline Refresh (id=62e242286b5a24d44aa90c567e4c9e00): Total: 0.007 seconds - Initiated by StopAssetImportingV2(NoUpdateAssetOptions)
Start importing Assets/AreaBattle/Resources/Recovered/GuideBook/Sprites/CAB-08d805117448cdbffd86932886e2dc06_-8039868249041041560.png using Guid(d1b304edf040841ea8c89172978fbe83) (TextureImporter) -> (artifact id: '2c15008824460cccccd8a726f3ff08a6') in 0.0012545 seconds
Refreshing native plugins compatible for Editor in 0.00 ms, found 0 plugins.
Preloading 0 native plugins for Editor in 0.00 ms.
Asset Pipeline Refresh (id=db9104e3951024a63a754eaebf8535c5): Total: 0.007 seconds - Initiated by StopAssetImportingV2(NoUpdateAssetOptions)
Start importing Assets/AreaBattle/Resources/Recovered/GuideBook/Sprites/CAB-08d805117448cdbffd86932886e2dc06_-2374200325649269195.png using Guid(7c18f61fd00d64c8e9e1ccfdba67f2b8) (TextureImporter) -> (artifact id: '407de18bba0b622ab54377d5464bac6b') in 0.000994542 seconds
Refreshing native plugins compatible for Editor in 0.00 ms, found 0 plugins.
Preloading 0 native plugins for Editor in 0.00 ms.
Asset Pipeline Refresh (id=8c1a752a1832745c5905a1a171f36123): Total: 0.006 seconds - Initiated by StopAssetImportingV2(NoUpdateAssetOptions)
Start importing Assets/AreaBattle/Resources/Recovered/GuideBook/Sprites/CAB-08d805117448cdbffd86932886e2dc06_-2374200325649269195.png using Guid(7c18f61fd00d64c8e9e1ccfdba67f2b8) (TextureImporter) -> (artifact id: '407de18bba0b622ab54377d5464bac6b') in 0.00084525 seconds
Refreshing native plugins compatible for Editor in 0.00 ms, found 0 plugins.
Preloading 0 native plugins for Editor in 0.00 ms.
Asset Pipeline Refresh (id=e152d6326a5d84051aee3e100d7dde12): Total: 0.006 seconds - Initiated by StopAssetImportingV2(NoUpdateAssetOptions)
Start importing Assets/AreaBattle/Resources/Recovered/GuideBook/Sprites/CAB-08d805117448cdbffd86932886e2dc06_378101818839556220.png using Guid(d753a1a40e8254ff4a8eb048c24050ab) (TextureImporter) -> (artifact id: 'eb827ff4fd7b1baead65adbe8a7a8036') in 0.001279125 seconds
Refreshing native plugins compatible for Editor in 0.00 ms, found 0 plugins.
Preloading 0 native plugins for Editor in 0.00 ms.
Asset Pipeline Refresh (id=d02d2843da6d2437993638b185a51e1c): Total: 0.007 seconds - Initiated by StopAssetImportingV2(NoUpdateAssetOptions)
Start importing Assets/AreaBattle/Resources/Recovered/GuideBook/Sprites/CAB-08d805117448cdbffd86932886e2dc06_378101818839556220.png using Guid(d753a1a40e8254ff4a8eb048c24050ab) (TextureImporter) -> (artifact id: 'eb827ff4fd7b1baead65adbe8a7a8036') in 0.001010292 seconds
Refreshing native plugins compatible for Editor in 0.00 ms, found 0 plugins.
Preloading 0 native plugins for Editor in 0.00 ms.
Asset Pipeline Refresh (id=611e8107695c040b2a5610e29185d4d2): Total: 0.007 seconds - Initiated by StopAssetImportingV2(NoUpdateAssetOptions)
Start importing Assets/AreaBattle/Resources/Recovered/GuideBook/Sprites/CAB-0cb2185f5d2ecff9155478bc0aa1ecc7_-9084782370220930699.png using Guid(7c45dd79f2a304ff896c55b31703da02) (TextureImporter) -> (artifact id: 'b971195fcb69af64d487bed9292dc00d') in 0.001296083 seconds
Refreshing native plugins compatible for Editor in 0.00 ms, found 0 plugins.
Preloading 0 native plugins for Editor in 0.00 ms.
Asset Pipeline Refresh (id=8b9fb4bfae27d4928afa1f0702f95f0a): Total: 0.006 seconds - Initiated by StopAssetImportingV2(NoUpdateAssetOptions)
Start importing Assets/AreaBattle/Resources/Recovered/GuideBook/Sprites/CAB-0cb2185f5d2ecff9155478bc0aa1ecc7_-9084782370220930699.png using Guid(7c45dd79f2a304ff896c55b31703da02) (TextureImporter) -> (artifact id: 'b971195fcb69af64d487bed9292dc00d') in 0.001245208 seconds
Refreshing native plugins compatible for Editor in 0.00 ms, found 0 plugins.
Preloading 0 native plugins for Editor in 0.00 ms.
Asset Pipeline Refresh (id=67828a99dc97149309daae61eef10db2): Total: 0.007 seconds - Initiated by StopAssetImportingV2(NoUpdateAssetOptions)
Start importing Assets/AreaBattle/Resources/Recovered/GuideBook/Sprites/CAB-0cb2185f5d2ecff9155478bc0aa1ecc7_-8052658351011610304.png using Guid(4cd50fa5825d6462697a49302e5cf882) (TextureImporter) -> (artifact id: 'b17883c70e32c95088b1bc17220f9901') in 0.001267209 seconds
Refreshing native plugins compatible for Editor in 0.00 ms, found 0 plugins.
Preloading 0 native plugins for Editor in 0.00 ms.
Asset Pipeline Refresh (id=870eceb1ddc8b4d7e8ae9bf820b60e49): Total: 0.006 seconds - Initiated by StopAssetImportingV2(NoUpdateAssetOptions)
Start importing Assets/AreaBattle/Resources/Recovered/GuideBook/Sprites/CAB-0cb2185f5d2ecff9155478bc0aa1ecc7_-8052658351011610304.png using Guid(4cd50fa5825d6462697a49302e5cf882) (TextureImporter) -> (artifact id: 'b17883c70e32c95088b1bc17220f9901') in 0.001318792 seconds
Refreshing native plugins compatible for Editor in 0.00 ms, found 0 plugins.
Preloading 0 native plugins for Editor in 0.00 ms.
Asset Pipeline Refresh (id=207accf9bab1e43f0862c40285c1a2f5): Total: 0.007 seconds - Initiated by StopAssetImportingV2(NoUpdateAssetOptions)
Start importing Assets/AreaBattle/Resources/Recovered/GuideBook/Sprites/CAB-0cb2185f5d2ecff9155478bc0aa1ecc7_-7621369788087571064.png using Guid(fb0989310baab426ead5e06a3be24c4a) (TextureImporter) -> (artifact id: 'b07f7b0569bd2aaec859d89e066937ca') in 0.008823084 seconds
Refreshing native plugins compatible for Editor in 0.00 ms, found 0 plugins.
Preloading 0 native plugins for Editor in 0.00 ms.
Asset Pipeline Refresh (id=e348152c9184c43a59a32559016ebae8): Total: 0.014 seconds - Initiated by StopAssetImportingV2(NoUpdateAssetOptions)
Start importing Assets/AreaBattle/Resources/Recovered/GuideBook/Sprites/CAB-0cb2185f5d2ecff9155478bc0aa1ecc7_-7621369788087571064.png using Guid(fb0989310baab426ead5e06a3be24c4a) (TextureImporter) -> (artifact id: 'b07f7b0569bd2aaec859d89e066937ca') in 0.008627 seconds
Refreshing native plugins compatible for Editor in 0.00 ms, found 0 plugins.
Preloading 0 native plugins for Editor in 0.00 ms.
Asset Pipeline Refresh (id=fa88828adf9214040b0580c7bc90f371): Total: 0.014 seconds - Initiated by StopAssetImportingV2(NoUpdateAssetOptions)
Start importing Assets/AreaBattle/Resources/Recovered/GuideBook/Sprites/CAB-0cb2185f5d2ecff9155478bc0aa1ecc7_-6550166576714287219.png using Guid(2445d554ae61a453795218efbdb7abdf) (TextureImporter) -> (artifact id: '40db5382835022bc77ecc805626c160e') in 0.008694208 seconds
Refreshing native plugins compatible for Editor in 0.00 ms, found 0 plugins.
Preloading 0 native plugins for Editor in 0.00 ms.
Asset Pipeline Refresh (id=d9254296e94a64728befcc7b99c608b4): Total: 0.014 seconds - Initiated by StopAssetImportingV2(NoUpdateAssetOptions)
Start importing Assets/AreaBattle/Resources/Recovered/GuideBook/Sprites/CAB-0cb2185f5d2ecff9155478bc0aa1ecc7_-6550166576714287219.png using Guid(2445d554ae61a453795218efbdb7abdf) (TextureImporter) -> (artifact id: '40db5382835022bc77ecc805626c160e') in 0.008580167 seconds
Refreshing native plugins compatible for Editor in 0.00 ms, found 0 plugins.
Preloading 0 native plugins for Editor in 0.00 ms.
Asset Pipeline Refresh (id=92105f9a7a6174dcca9772eaa0ed9c47): Total: 0.015 seconds - Initiated by StopAssetImportingV2(NoUpdateAssetOptions)
Start importing Assets/AreaBattle/Resources/Recovered/GuideBook/Sprites/CAB-0cb2185f5d2ecff9155478bc0aa1ecc7_-6018792709966713457.png using Guid(8efb877a37cfc4f3e877b9366f2e0ef0) (TextureImporter) -> (artifact id: 'bfda25c7c9345dedbc36723159f8825f') in 0.002975709 seconds
Refreshing native plugins compatible for Editor in 0.00 ms, found 0 plugins.
Preloading 0 native plugins for Editor in 0.00 ms.
Asset Pipeline Refresh (id=982553502074146768b1eecfbb79cab8): Total: 0.009 seconds - Initiated by StopAssetImportingV2(NoUpdateAssetOptions)
Start importing Assets/AreaBattle/Resources/Recovered/GuideBook/Sprites/CAB-0cb2185f5d2ecff9155478bc0aa1ecc7_-6018792709966713457.png using Guid(8efb877a37cfc4f3e877b9366f2e0ef0) (TextureImporter) -> (artifact id: 'bfda25c7c9345dedbc36723159f8825f') in 0.002743792 seconds
Refreshing native plugins compatible for Editor in 0.00 ms, found 0 plugins.
Preloading 0 native plugins for Editor in 0.00 ms.
Asset Pipeline Refresh (id=04671348ace5b4ae08b099a1d330d48e): Total: 0.009 seconds - Initiated by StopAssetImportingV2(NoUpdateAssetOptions)
Start importing Assets/AreaBattle/Resources/Recovered/GuideBook/Sprites/CAB-0cb2185f5d2ecff9155478bc0aa1ecc7_-5420344054179641587.png using Guid(3d1589613da79446eacd23618c8fb727) (TextureImporter) -> (artifact id: 'e1b69b93a25d90067dcb42548f283e9b') in 0.001520208 seconds
Refreshing native plugins compatible for Editor in 0.00 ms, found 0 plugins.
Preloading 0 native plugins for Editor in 0.00 ms.
Asset Pipeline Refresh (id=a91fa509652d44a85a055522627413d5): Total: 0.007 seconds - Initiated by StopAssetImportingV2(NoUpdateAssetOptions)
Start importing Assets/AreaBattle/Resources/Recovered/GuideBook/Sprites/CAB-0cb2185f5d2ecff9155478bc0aa1ecc7_-5420344054179641587.png using Guid(3d1589613da79446eacd23618c8fb727) (TextureImporter) -> (artifact id: 'e1b69b93a25d90067dcb42548f283e9b') in 0.001388042 seconds
Refreshing native plugins compatible for Editor in 0.00 ms, found 0 plugins.
Preloading 0 native plugins for Editor in 0.00 ms.
Asset Pipeline Refresh (id=f305c27dfc8694520a675e0bfb759897): Total: 0.007 seconds - Initiated by StopAssetImportingV2(NoUpdateAssetOptions)
Start importing Assets/AreaBattle/Resources/Recovered/GuideBook/Sprites/CAB-0cb2185f5d2ecff9155478bc0aa1ecc7_-4336156069923694425.png using Guid(21c046ab201664584b839f3887537a59) (TextureImporter) -> (artifact id: 'e6397f46323de0628f74aa5fc7f624f5') in 0.001309834 seconds
Refreshing native plugins compatible for Editor in 0.00 ms, found 0 plugins.
Preloading 0 native plugins for Editor in 0.00 ms.
Asset Pipeline Refresh (id=72cb68f9d128f426bbe491cec000136a): Total: 0.007 seconds - Initiated by StopAssetImportingV2(NoUpdateAssetOptions)
Start importing Assets/AreaBattle/Resources/Recovered/GuideBook/Sprites/CAB-0cb2185f5d2ecff9155478bc0aa1ecc7_-4336156069923694425.png using Guid(21c046ab201664584b839f3887537a59) (TextureImporter) -> (artifact id: 'e6397f46323de0628f74aa5fc7f624f5') in 0.001071583 seconds
Refreshing native plugins compatible for Editor in 0.00 ms, found 0 plugins.
Preloading 0 native plugins for Editor in 0.00 ms.
Asset Pipeline Refresh (id=fe0729973a9854d019cc10bc04ce50fc): Total: 0.006 seconds - Initiated by StopAssetImportingV2(NoUpdateAssetOptions)
Start importing Assets/AreaBattle/Resources/Recovered/GuideBook/Sprites/CAB-0cb2185f5d2ecff9155478bc0aa1ecc7_-3184699777142474524.png using Guid(ce0e11108b6644c26b59f8f5ef9cfe14) (TextureImporter) -> (artifact id: 'bbe0145a498bb771334f4b999f49a466') in 0.009089792 seconds
Refreshing native plugins compatible for Editor in 0.00 ms, found 0 plugins.
Preloading 0 native plugins for Editor in 0.00 ms.
Asset Pipeline Refresh (id=8b658e6eac403418a9f90af7ed11eff6): Total: 0.015 seconds - Initiated by StopAssetImportingV2(NoUpdateAssetOptions)
Start importing Assets/AreaBattle/Resources/Recovered/GuideBook/Sprites/CAB-0cb2185f5d2ecff9155478bc0aa1ecc7_-3184699777142474524.png using Guid(ce0e11108b6644c26b59f8f5ef9cfe14) (TextureImporter) -> (artifact id: 'bbe0145a498bb771334f4b999f49a466') in 0.008819916 seconds
Refreshing native plugins compatible for Editor in 0.00 ms, found 0 plugins.
Preloading 0 native plugins for Editor in 0.00 ms.
Asset Pipeline Refresh (id=43f0603dee2c0467b860de28f8a3fb44): Total: 0.015 seconds - Initiated by StopAssetImportingV2(NoUpdateAssetOptions)
Start importing Assets/AreaBattle/Resources/Recovered/GuideBook/Sprites/CAB-0cb2185f5d2ecff9155478bc0aa1ecc7_-1387626125379428600.png using Guid(f74eacc91077441419b6b0719e6c3a2f) (TextureImporter) -> (artifact id: '1b56460cbcb9cc473a8f9aa663d53745') in 0.002216292 seconds
Refreshing native plugins compatible for Editor in 0.00 ms, found 0 plugins.
Preloading 0 native plugins for Editor in 0.00 ms.
Asset Pipeline Refresh (id=6906b474da8994f819d69afa8e15f645): Total: 0.008 seconds - Initiated by StopAssetImportingV2(NoUpdateAssetOptions)
Start importing Assets/AreaBattle/Resources/Recovered/GuideBook/Sprites/CAB-0cb2185f5d2ecff9155478bc0aa1ecc7_-1387626125379428600.png using Guid(f74eacc91077441419b6b0719e6c3a2f) (TextureImporter) -> (artifact id: '1b56460cbcb9cc473a8f9aa663d53745') in 0.001622917 seconds
Refreshing native plugins compatible for Editor in 0.00 ms, found 0 plugins.
Preloading 0 native plugins for Editor in 0.00 ms.
Asset Pipeline Refresh (id=052706dfa11404dd1bd1d624de5aafee): Total: 0.008 seconds - Initiated by StopAssetImportingV2(NoUpdateAssetOptions)
Start importing Assets/AreaBattle/Resources/Recovered/GuideBook/Sprites/CAB-0cb2185f5d2ecff9155478bc0aa1ecc7_-784550110174399228.png using Guid(f6fa7014ad3a34b75b1311bffd38d697) (TextureImporter) -> (artifact id: '7c3e47794c4c9ff9e674f411b55f709c') in 0.008906709 seconds
Refreshing native plugins compatible for Editor in 0.00 ms, found 0 plugins.
Preloading 0 native plugins for Editor in 0.00 ms.
Asset Pipeline Refresh (id=4203890b6a5bd4eabafdb43913fe9a08): Total: 0.014 seconds - Initiated by StopAssetImportingV2(NoUpdateAssetOptions)
Start importing Assets/AreaBattle/Resources/Recovered/GuideBook/Sprites/CAB-0cb2185f5d2ecff9155478bc0aa1ecc7_-784550110174399228.png using Guid(f6fa7014ad3a34b75b1311bffd38d697) (TextureImporter) -> (artifact id: '7c3e47794c4c9ff9e674f411b55f709c') in 0.008642625 seconds
Refreshing native plugins compatible for Editor in 0.00 ms, found 0 plugins.
Preloading 0 native plugins for Editor in 0.00 ms.
Asset Pipeline Refresh (id=66cfbd0e1dcb046eb80f9e2f894b20f1): Total: 0.015 seconds - Initiated by StopAssetImportingV2(NoUpdateAssetOptions)
Start importing Assets/AreaBattle/Resources/Recovered/GuideBook/Sprites/CAB-0cb2185f5d2ecff9155478bc0aa1ecc7_-716580808912396138.png using Guid(26bd0a37bf6ec4430be5892a4feb2068) (TextureImporter) -> (artifact id: '25891fc5ed4cf67e475f9c71df12ec6a') in 0.008720417 seconds
Refreshing native plugins compatible for Editor in 0.00 ms, found 0 plugins.
Preloading 0 native plugins for Editor in 0.00 ms.
Asset Pipeline Refresh (id=28adf377a1bca419eac2a35eda6cfd44): Total: 0.014 seconds - Initiated by StopAssetImportingV2(NoUpdateAssetOptions)
Start importing Assets/AreaBattle/Resources/Recovered/GuideBook/Sprites/CAB-0cb2185f5d2ecff9155478bc0aa1ecc7_-716580808912396138.png using Guid(26bd0a37bf6ec4430be5892a4feb2068) (TextureImporter) -> (artifact id: '25891fc5ed4cf67e475f9c71df12ec6a') in 0.008604333 seconds
Refreshing native plugins compatible for Editor in 0.00 ms, found 0 plugins.
Preloading 0 native plugins for Editor in 0.00 ms.
Asset Pipeline Refresh (id=49e259650adf84389aa07e5cf68f7e80): Total: 0.015 seconds - Initiated by StopAssetImportingV2(NoUpdateAssetOptions)
Start importing Assets/AreaBattle/Resources/Recovered/GuideBook/Sprites/CAB-0cb2185f5d2ecff9155478bc0aa1ecc7_-635011650491847738.png using Guid(0d48d86c3ef8643c19f0fcdeda162fe9) (TextureImporter) -> (artifact id: '4bffea9f1a8601dc6016b39a95a53394') in 0.008896083 seconds
Refreshing native plugins compatible for Editor in 0.00 ms, found 0 plugins.
Preloading 0 native plugins for Editor in 0.00 ms.
Asset Pipeline Refresh (id=3d67c3c9ce19d4ed6bfa354a94c8630a): Total: 0.015 seconds - Initiated by StopAssetImportingV2(NoUpdateAssetOptions)
Start importing Assets/AreaBattle/Resources/Recovered/GuideBook/Sprites/CAB-0cb2185f5d2ecff9155478bc0aa1ecc7_-635011650491847738.png using Guid(0d48d86c3ef8643c19f0fcdeda162fe9) (TextureImporter) -> (artifact id: '4bffea9f1a8601dc6016b39a95a53394') in 0.008907542 seconds
Refreshing native plugins compatible for Editor in 0.00 ms, found 0 plugins.
Preloading 0 native plugins for Editor in 0.00 ms.
Asset Pipeline Refresh (id=189685a03ba274e1b8f775c781b757ca): Total: 0.015 seconds - Initiated by StopAssetImportingV2(NoUpdateAssetOptions)
Start importing Assets/AreaBattle/Resources/Recovered/GuideBook/Sprites/CAB-0cb2185f5d2ecff9155478bc0aa1ecc7_237018883051795133.png using Guid(0a5a435e2c1e84ab29e0e27174eb99e9) (TextureImporter) -> (artifact id: 'f25fef5e6931465414306f681d4123a5') in 0.001259041 seconds
Refreshing native plugins compatible for Editor in 0.00 ms, found 0 plugins.
Preloading 0 native plugins for Editor in 0.00 ms.
Asset Pipeline Refresh (id=b209e707b8df2424aaec13fa78cae118): Total: 0.006 seconds - Initiated by StopAssetImportingV2(NoUpdateAssetOptions)
Start importing Assets/AreaBattle/Resources/Recovered/GuideBook/Sprites/CAB-0cb2185f5d2ecff9155478bc0aa1ecc7_237018883051795133.png using Guid(0a5a435e2c1e84ab29e0e27174eb99e9) (TextureImporter) -> (artifact id: 'f25fef5e6931465414306f681d4123a5') in 0.001190084 seconds
Refreshing native plugins compatible for Editor in 0.00 ms, found 0 plugins.
Preloading 0 native plugins for Editor in 0.00 ms.
Asset Pipeline Refresh (id=59acdc5b91e0f4e9886b7d02108d2e39): Total: 0.007 seconds - Initiated by StopAssetImportingV2(NoUpdateAssetOptions)
Start importing Assets/AreaBattle/Resources/Recovered/GuideBook/Sprites/CAB-0cb2185f5d2ecff9155478bc0aa1ecc7_253567536062507482.png using Guid(267db8d264e9f4a86b0c8ecc03e8c1fa) (TextureImporter) -> (artifact id: '3b37da5761bfc298a3f53af4cd0cf7ac') in 0.008152292 seconds
Refreshing native plugins compatible for Editor in 0.00 ms, found 0 plugins.
Preloading 0 native plugins for Editor in 0.00 ms.
Asset Pipeline Refresh (id=786d74ddc117c415b93fca0a598f75f6): Total: 0.013 seconds - Initiated by StopAssetImportingV2(NoUpdateAssetOptions)
Start importing Assets/AreaBattle/Resources/Recovered/GuideBook/Sprites/CAB-0cb2185f5d2ecff9155478bc0aa1ecc7_253567536062507482.png using Guid(267db8d264e9f4a86b0c8ecc03e8c1fa) (TextureImporter) -> (artifact id: '3b37da5761bfc298a3f53af4cd0cf7ac') in 0.00805275 seconds
Refreshing native plugins compatible for Editor in 0.00 ms, found 0 plugins.
Preloading 0 native plugins for Editor in 0.00 ms.
Asset Pipeline Refresh (id=1472c86ff97e34b0db0d1384db9ec778): Total: 0.014 seconds - Initiated by StopAssetImportingV2(NoUpdateAssetOptions)
Start importing Assets/AreaBattle/Resources/Recovered/GuideBook/Sprites/CAB-0cb2185f5d2ecff9155478bc0aa1ecc7_933868517517261012.png using Guid(dc276092ddc004c2194980ef9709819c) (TextureImporter) -> (artifact id: 'b8d3b78ebcf17251db7bb8475d88a4d0') in 0.008697041 seconds
Refreshing native plugins compatible for Editor in 0.00 ms, found 0 plugins.
Preloading 0 native plugins for Editor in 0.00 ms.
Asset Pipeline Refresh (id=995d36a2977d842008fcbd74cdcebbc5): Total: 0.014 seconds - Initiated by StopAssetImportingV2(NoUpdateAssetOptions)
Start importing Assets/AreaBattle/Resources/Recovered/GuideBook/Sprites/CAB-0cb2185f5d2ecff9155478bc0aa1ecc7_933868517517261012.png using Guid(dc276092ddc004c2194980ef9709819c) (TextureImporter) -> (artifact id: 'b8d3b78ebcf17251db7bb8475d88a4d0') in 0.0084385 seconds
Refreshing native plugins compatible for Editor in 0.00 ms, found 0 plugins.
Preloading 0 native plugins for Editor in 0.00 ms.
Asset Pipeline Refresh (id=6dd054230dae140af832f1c4ecd46aeb): Total: 0.015 seconds - Initiated by StopAssetImportingV2(NoUpdateAssetOptions)
Start importing Assets/AreaBattle/Resources/Recovered/GuideBook/Sprites/CAB-0cb2185f5d2ecff9155478bc0aa1ecc7_1176822906231693815.png using Guid(4bcfebd5a00b7475487716ae02d75a37) (TextureImporter) -> (artifact id: '97b52d83f6b052af6692c034637dfee3') in 0.008313125 seconds
Refreshing native plugins compatible for Editor in 0.00 ms, found 0 plugins.
Preloading 0 native plugins for Editor in 0.00 ms.
Asset Pipeline Refresh (id=79be0e0433efc4f92a34e4eefff0c7b6): Total: 0.014 seconds - Initiated by StopAssetImportingV2(NoUpdateAssetOptions)
Start importing Assets/AreaBattle/Resources/Recovered/GuideBook/Sprites/CAB-0cb2185f5d2ecff9155478bc0aa1ecc7_1176822906231693815.png using Guid(4bcfebd5a00b7475487716ae02d75a37) (TextureImporter) -> (artifact id: '97b52d83f6b052af6692c034637dfee3') in 0.008240334 seconds
Refreshing native plugins compatible for Editor in 0.00 ms, found 0 plugins.
Preloading 0 native plugins for Editor in 0.00 ms.
Asset Pipeline Refresh (id=ad9b3c8fce9754f98b3a3a1fb426b33f): Total: 0.014 seconds - Initiated by StopAssetImportingV2(NoUpdateAssetOptions)
Start importing Assets/AreaBattle/Resources/Recovered/GuideBook/Sprites/CAB-0cb2185f5d2ecff9155478bc0aa1ecc7_1422334420567120519.png using Guid(729fd25a89868477a96982ef9d3a7791) (TextureImporter) -> (artifact id: 'f8ef865dc351695d5e2932f07de59624') in 0.008718708 seconds
Refreshing native plugins compatible for Editor in 0.00 ms, found 0 plugins.
Preloading 0 native plugins for Editor in 0.00 ms.
Asset Pipeline Refresh (id=d9257ce6de59e48ebbd5690391eb3047): Total: 0.014 seconds - Initiated by StopAssetImportingV2(NoUpdateAssetOptions)
Start importing Assets/AreaBattle/Resources/Recovered/GuideBook/Sprites/CAB-0cb2185f5d2ecff9155478bc0aa1ecc7_1422334420567120519.png using Guid(729fd25a89868477a96982ef9d3a7791) (TextureImporter) -> (artifact id: 'f8ef865dc351695d5e2932f07de59624') in 0.008722917 seconds
Refreshing native plugins compatible for Editor in 0.00 ms, found 0 plugins.
Preloading 0 native plugins for Editor in 0.00 ms.
Asset Pipeline Refresh (id=c43daff6449e847608732d5b947f71e9): Total: 0.015 seconds - Initiated by StopAssetImportingV2(NoUpdateAssetOptions)
Start importing Assets/AreaBattle/Resources/Recovered/GuideBook/Sprites/CAB-0cb2185f5d2ecff9155478bc0aa1ecc7_1945635868593664133.png using Guid(8064369cf25aa4cc99520bf548772ab8) (TextureImporter) -> (artifact id: 'eafa9f7e768b888040f379a66e5bd49c') in 0.008885083 seconds
Refreshing native plugins compatible for Editor in 0.00 ms, found 0 plugins.
Preloading 0 native plugins for Editor in 0.00 ms.
Asset Pipeline Refresh (id=ab0ca95100f6a44eba84ef0cccd8e0d9): Total: 0.014 seconds - Initiated by StopAssetImportingV2(NoUpdateAssetOptions)
Start importing Assets/AreaBattle/Resources/Recovered/GuideBook/Sprites/CAB-0cb2185f5d2ecff9155478bc0aa1ecc7_1945635868593664133.png using Guid(8064369cf25aa4cc99520bf548772ab8) (TextureImporter) -> (artifact id: 'eafa9f7e768b888040f379a66e5bd49c') in 0.008703167 seconds
Refreshing native plugins compatible for Editor in 0.00 ms, found 0 plugins.
Preloading 0 native plugins for Editor in 0.00 ms.
Asset Pipeline Refresh (id=28c60de23261d4e7eb9953b25779db6b): Total: 0.014 seconds - Initiated by StopAssetImportingV2(NoUpdateAssetOptions)
Start importing Assets/AreaBattle/Resources/Recovered/GuideBook/Sprites/CAB-0cb2185f5d2ecff9155478bc0aa1ecc7_3193828452827462213.png using Guid(244cb7f75198a488f9128ffd4782d57a) (TextureImporter) -> (artifact id: '3b2c05c9a2dfb9ab27696c4c849f7638') in 0.000875292 seconds
Refreshing native plugins compatible for Editor in 0.00 ms, found 0 plugins.
Preloading 0 native plugins for Editor in 0.00 ms.
Asset Pipeline Refresh (id=42256f145317a4f9089f8057f90fa06d): Total: 0.006 seconds - Initiated by StopAssetImportingV2(NoUpdateAssetOptions)
Start importing Assets/AreaBattle/Resources/Recovered/GuideBook/Sprites/CAB-0cb2185f5d2ecff9155478bc0aa1ecc7_3193828452827462213.png using Guid(244cb7f75198a488f9128ffd4782d57a) (TextureImporter) -> (artifact id: '3b2c05c9a2dfb9ab27696c4c849f7638') in 0.000882792 seconds
Refreshing native plugins compatible for Editor in 0.00 ms, found 0 plugins.
Preloading 0 native plugins for Editor in 0.00 ms.
Asset Pipeline Refresh (id=45472c4f1ff6f4a1392fec557d3e8825): Total: 0.006 seconds - Initiated by StopAssetImportingV2(NoUpdateAssetOptions)
Start importing Assets/AreaBattle/Resources/Recovered/GuideBook/Sprites/CAB-0cb2185f5d2ecff9155478bc0aa1ecc7_4168258849634748725.png using Guid(bd28fd731e01d46d8abafa3b6e2bbcb2) (TextureImporter) -> (artifact id: 'a9ddc190685980b27ea103aa1c5403d5') in 0.000994959 seconds
Refreshing native plugins compatible for Editor in 0.00 ms, found 0 plugins.
Preloading 0 native plugins for Editor in 0.00 ms.
Asset Pipeline Refresh (id=37aa93a757eb249c891e08b9d5cad5c7): Total: 0.006 seconds - Initiated by StopAssetImportingV2(NoUpdateAssetOptions)
Start importing Assets/AreaBattle/Resources/Recovered/GuideBook/Sprites/CAB-0cb2185f5d2ecff9155478bc0aa1ecc7_4168258849634748725.png using Guid(bd28fd731e01d46d8abafa3b6e2bbcb2) (TextureImporter) -> (artifact id: 'a9ddc190685980b27ea103aa1c5403d5') in 0.0008335 seconds
Refreshing native plugins compatible for Editor in 0.00 ms, found 0 plugins.
Preloading 0 native plugins for Editor in 0.00 ms.
Asset Pipeline Refresh (id=252d4643b4e6c478bacedf6dc7245a61): Total: 0.006 seconds - Initiated by StopAssetImportingV2(NoUpdateAssetOptions)
Start importing Assets/AreaBattle/Resources/Recovered/GuideBook/Sprites/CAB-0cb2185f5d2ecff9155478bc0aa1ecc7_5861279921708750966.png using Guid(a569da06b0e1b48588dcc3b9abbe5bcf) (TextureImporter) -> (artifact id: '5133e65f0cede2dbcfd1b48a982ec30b') in 0.008687625 seconds
Refreshing native plugins compatible for Editor in 0.00 ms, found 0 plugins.
Preloading 0 native plugins for Editor in 0.00 ms.
Asset Pipeline Refresh (id=ea9972ebf3c714d198a07d3c6e8481e0): Total: 0.014 seconds - Initiated by StopAssetImportingV2(NoUpdateAssetOptions)
Start importing Assets/AreaBattle/Resources/Recovered/GuideBook/Sprites/CAB-0cb2185f5d2ecff9155478bc0aa1ecc7_5861279921708750966.png using Guid(a569da06b0e1b48588dcc3b9abbe5bcf) (TextureImporter) -> (artifact id: '5133e65f0cede2dbcfd1b48a982ec30b') in 0.008455375 seconds
Refreshing native plugins compatible for Editor in 0.00 ms, found 0 plugins.
Preloading 0 native plugins for Editor in 0.00 ms.
Asset Pipeline Refresh (id=9e9112334804148518944dc48b26da7d): Total: 0.014 seconds - Initiated by StopAssetImportingV2(NoUpdateAssetOptions)
Start importing Assets/AreaBattle/Resources/Recovered/GuideBook/Sprites/CAB-0cb2185f5d2ecff9155478bc0aa1ecc7_7256562606858225219.png using Guid(f429c2528513d41e080d0d559db77578) (TextureImporter) -> (artifact id: 'f5c387159821f0f422aeaa7aec60ac57') in 0.001681333 seconds
Refreshing native plugins compatible for Editor in 0.00 ms, found 0 plugins.
Preloading 0 native plugins for Editor in 0.00 ms.
Asset Pipeline Refresh (id=92bd949c6f038444fa329342f87145fa): Total: 0.007 seconds - Initiated by StopAssetImportingV2(NoUpdateAssetOptions)
Start importing Assets/AreaBattle/Resources/Recovered/GuideBook/Sprites/CAB-0cb2185f5d2ecff9155478bc0aa1ecc7_7256562606858225219.png using Guid(f429c2528513d41e080d0d559db77578) (TextureImporter) -> (artifact id: 'f5c387159821f0f422aeaa7aec60ac57') in 0.001506625 seconds
Refreshing native plugins compatible for Editor in 0.00 ms, found 0 plugins.
Preloading 0 native plugins for Editor in 0.00 ms.
Asset Pipeline Refresh (id=eb72c1e95aeb84e80865588bf90d5aaf): Total: 0.008 seconds - Initiated by StopAssetImportingV2(NoUpdateAssetOptions)
Start importing Assets/AreaBattle/Resources/Recovered/GuideBook/Sprites/CAB-0cb2185f5d2ecff9155478bc0aa1ecc7_7620168123564399499.png using Guid(1ab60b11611314bae998d1daa036a0ff) (TextureImporter) -> (artifact id: 'b3c5976afd20235d5b0cae3b50414ca9') in 0.0086185 seconds
Refreshing native plugins compatible for Editor in 0.00 ms, found 0 plugins.
Preloading 0 native plugins for Editor in 0.00 ms.
Asset Pipeline Refresh (id=b4728edc4c9514eebb8b560a35050ded): Total: 0.014 seconds - Initiated by StopAssetImportingV2(NoUpdateAssetOptions)
Start importing Assets/AreaBattle/Resources/Recovered/GuideBook/Sprites/CAB-0cb2185f5d2ecff9155478bc0aa1ecc7_7620168123564399499.png using Guid(1ab60b11611314bae998d1daa036a0ff) (TextureImporter) -> (artifact id: 'b3c5976afd20235d5b0cae3b50414ca9') in 0.008888792 seconds
Refreshing native plugins compatible for Editor in 0.00 ms, found 0 plugins.
Preloading 0 native plugins for Editor in 0.00 ms.
Asset Pipeline Refresh (id=091f63a8f7b594f0089f7164037f46a5): Total: 0.015 seconds - Initiated by StopAssetImportingV2(NoUpdateAssetOptions)
Start importing Assets/AreaBattle/Resources/Recovered/GuideBook/Sprites/CAB-0cb2185f5d2ecff9155478bc0aa1ecc7_7894834730182805884.png using Guid(34eb165c342a54a60ab9396866b34d74) (TextureImporter) -> (artifact id: 'e8df533d9fcce8a1de3f99e6d0e0fa4c') in 0.008961416 seconds
Refreshing native plugins compatible for Editor in 0.00 ms, found 0 plugins.
Preloading 0 native plugins for Editor in 0.00 ms.
Asset Pipeline Refresh (id=e4ce1b993e25e4cd7b509621f8958616): Total: 0.015 seconds - Initiated by StopAssetImportingV2(NoUpdateAssetOptions)
Start importing Assets/AreaBattle/Resources/Recovered/GuideBook/Sprites/CAB-0cb2185f5d2ecff9155478bc0aa1ecc7_7894834730182805884.png using Guid(34eb165c342a54a60ab9396866b34d74) (TextureImporter) -> (artifact id: 'e8df533d9fcce8a1de3f99e6d0e0fa4c') in 0.008699875 seconds
Refreshing native plugins compatible for Editor in 0.00 ms, found 0 plugins.
Preloading 0 native plugins for Editor in 0.00 ms.
Asset Pipeline Refresh (id=694e4507be81f460282ae8795bd0a452): Total: 0.014 seconds - Initiated by StopAssetImportingV2(NoUpdateAssetOptions)
Start importing Assets/AreaBattle/Resources/Recovered/GuideBook/Sprites/CAB-0cb2185f5d2ecff9155478bc0aa1ecc7_8366789415841007947.png using Guid(f7ff1c7fe413441dc8baee21ac1f956e) (TextureImporter) -> (artifact id: '1292abcf98995c8ae5b8d9f44ef09854') in 0.008914917 seconds
Refreshing native plugins compatible for Editor in 0.00 ms, found 0 plugins.
Preloading 0 native plugins for Editor in 0.00 ms.
Asset Pipeline Refresh (id=2aa12f3f51ad543f686bc07f512ffe0c): Total: 0.015 seconds - Initiated by StopAssetImportingV2(NoUpdateAssetOptions)
Start importing Assets/AreaBattle/Resources/Recovered/GuideBook/Sprites/CAB-0cb2185f5d2ecff9155478bc0aa1ecc7_8366789415841007947.png using Guid(f7ff1c7fe413441dc8baee21ac1f956e) (TextureImporter) -> (artifact id: '1292abcf98995c8ae5b8d9f44ef09854') in 0.009135333 seconds
Refreshing native plugins compatible for Editor in 0.00 ms, found 0 plugins.
Preloading 0 native plugins for Editor in 0.00 ms.
Asset Pipeline Refresh (id=63cd3098640694c6a9ff2b614f92708d): Total: 0.016 seconds - Initiated by StopAssetImportingV2(NoUpdateAssetOptions)
Start importing Assets/AreaBattle/Resources/Recovered/GuideBook/Fonts/CAB-a14f3eb3adf948afc8e578331928efaf_6544835752251692798.ttf using Guid(c49e392c08bd94d02a588d175be5ff0c) (TrueTypeFontImporter) -> (artifact id: 'da21bed354d1beafad6731cde51c85ff') in 0.002919916 seconds
Refreshing native plugins compatible for Editor in 0.00 ms, found 0 plugins.
Preloading 0 native plugins for Editor in 0.00 ms.
Asset Pipeline Refresh (id=3fbd71fa1bd5f464cac77c8b9f61d8cb): Total: 0.008 seconds - Initiated by StopAssetImportingV2(NoUpdateAssetOptions)
Start importing Assets/AreaBattle/Resources/Recovered/GuideBook/Fonts/CAB-a14f3eb3adf948afc8e578331928efaf_-8154394059653640722.ttf using Guid(f1935c3cd55714686bc5e904b7a4b6a4) (TrueTypeFontImporter) -> (artifact id: '8bbf002ff90588eaefdc93baa875eaa6') in 0.00329475 seconds
Refreshing native plugins compatible for Editor in 0.00 ms, found 0 plugins.
Preloading 0 native plugins for Editor in 0.00 ms.
Asset Pipeline Refresh (id=e40edd2f674c444d3aae200604164332): Total: 0.009 seconds - Initiated by StopAssetImportingV2(NoUpdateAssetOptions)
Start importing Assets/AreaBattle/Resources/Recovered/GuideBook/Fonts/CAB-a14f3eb3adf948afc8e578331928efaf_6544835752251692798.ttf using Guid(c49e392c08bd94d02a588d175be5ff0c) (TrueTypeFontImporter) -> (artifact id: 'da21bed354d1beafad6731cde51c85ff') in 0.000815791 seconds
Refreshing native plugins compatible for Editor in 0.00 ms, found 0 plugins.
Preloading 0 native plugins for Editor in 0.00 ms.
Asset Pipeline Refresh (id=64a4f67e8ec6e4f44ac348d84f33dfa6): Total: 0.006 seconds - Initiated by StopAssetImportingV2(NoUpdateAssetOptions)
Asset Pipeline Refresh (id=d0b60e8fbddb449bca10dd50e5939d5c): Total: 0.030 seconds - Initiated by RefreshV2(NoUpdateAssetOptions)
Start importing Assets/AreaBattle/Resources/Recovered/GuideBook/GuideBookUI.prefab using Guid(90861e76f6da547c2af82b1d51193afb) (PrefabImporter) -> (artifact id: 'ec0cc2ff63299bf6326f1d3825e36a92') in 0.007696375 seconds
Refreshing native plugins compatible for Editor in 0.00 ms, found 0 plugins.
Preloading 0 native plugins for Editor in 0.00 ms.
Asset Pipeline Refresh (id=465966714f795455b9ea768fdf7364e3): Total: 0.019 seconds - Initiated by StopAssetImportingV2(NoUpdateAssetOptions)
Start importing Assets/AreaBattle/Resources/Recovered/GuideBook/GuideBookUI.prefab using Guid(90861e76f6da547c2af82b1d51193afb) (PrefabImporter) -> (artifact id: 'ec0cc2ff63299bf6326f1d3825e36a92') in 0.006120042 seconds
Refreshing native plugins compatible for Editor in 0.00 ms, found 0 plugins.
Preloading 0 native plugins for Editor in 0.00 ms.
Asset Pipeline Refresh (id=163c172a9251d4de4961a549a35383c3): Total: 0.015 seconds - Initiated by StopAssetImportingV2(NoUpdateAssetOptions)
Start importing Assets/AreaBattle/Resources/Recovered/GuideBook/GuideBookItem.prefab using Guid(10de484fd76b44458a485cf39a9fef5a) (PrefabImporter) -> (artifact id: '1888708acf96e08c3f46b172f9fc78ce') in 0.001656333 seconds
Refreshing native plugins compatible for Editor in 0.00 ms, found 0 plugins.
Preloading 0 native plugins for Editor in 0.00 ms.
Asset Pipeline Refresh (id=18acdedee8321483399d6af9fb6e0c60): Total: 0.009 seconds - Initiated by StopAssetImportingV2(NoUpdateAssetOptions)
Start importing Assets/AreaBattle/Resources/Recovered/GuideBook/GuideBookItem.prefab using Guid(10de484fd76b44458a485cf39a9fef5a) (PrefabImporter) -> (artifact id: '1888708acf96e08c3f46b172f9fc78ce') in 0.001486334 seconds
Refreshing native plugins compatible for Editor in 0.00 ms, found 0 plugins.
Preloading 0 native plugins for Editor in 0.00 ms.
Asset Pipeline Refresh (id=76229d3c0d43a45e1b48f93eea106f7a): Total: 0.008 seconds - Initiated by StopAssetImportingV2(NoUpdateAssetOptions)
Start importing Assets/AreaBattle/Resources/Recovered/GuideBook/hud-import.json using Guid(94c06e55521614709b955894fe35e191) (TextScriptImporter) -> (artifact id: 'b9900d2beead925ec824f6e1ffbf2236') in 0.001185167 seconds
Refreshing native plugins compatible for Editor in 0.00 ms, found 0 plugins.
Preloading 0 native plugins for Editor in 0.00 ms.
Asset Pipeline Refresh (id=98a94c35199794176aacdfc552551c62): Total: 0.007 seconds - Initiated by StopAssetImportingV2(NoUpdateAssetOptions)
Curl error 42: Callback aborted
Request timed out while processing request "https://public-cdn.cloud.unity3d.com/config/production", HTTP error code 0
.[UnityConnect] Request timed out.
Thread 0x16e137000 may have been prematurely finalized
Input System module state changed to: ShutdownInProgress.
Input System polling thread exited.
Input System module state changed to: Shutdown.
[Physics::Module] Cleanup current backend.
[Physics::Module] Id: 0xf2b8ea05
[Licensing::IpcConnector] LicenseClient-mt-notifications channel disconnected successfully.
[Licensing::IpcConnector] LicenseClient-mt channel disconnected successfully.
Thread 0x16e7c7000 may have been prematurely finalized
Thread 0x16e853000 may have been prematurely finalized
AcceleratorClientConnectionCallback - disconnected - :0
[40m[32minfo[39m[22m[49m: Microsoft.Hosting.Lifetime[0]
      Application is shutting down...
Cleanup mono
debugger-agent: Unable to listen on 43
[usbmuxd] Stop listen thread
[usbmuxd] Error: 
[usbmuxd] Listen thread exiting
