Unity Editor version:    6000.3.7f1 (696ec25a53d1)
Branch:                  6000.3/staging
Build type:              Release
Batch mode:              YES
macOS version:           Version 26.3.1 (a) (Build 25D771280a)
Darwin version:          25.3.0
Architecture:            arm64
Running under Rosetta:   NO
Available memory:        32768 MB
Date:                    2026-10-03T07:14:33Z
[Licensing::Module] Trying to connect to existing licensing client channel...
[Licensing::IpcConnector] Successfully connected to: "LicenseClient-mt" at "2026-10-03T07:14:33.979745Z"
Launching external process: /Applications/Unity6000.3.7f1/Unity-6000.3.7f1/Unity.app/Contents/Resources/PackageManager/Server/UnityPackageManager

COMMAND LINE ARGUMENTS:
/Applications/Unity6000.3.7f1/Unity-6000.3.7f1/Unity.app/Contents/MacOS/Unity
-batchmode
-accept-apiupdate
-projectPath
/private/tmp/areabattle-validation-20261003/UnityProject
-executeMethod
AreaBattle.EditorTools.OutgameGuideBookBrowseValidation.Validate
-logFile
/private/tmp/areabattle-validation-20261003/guide-book-browse-final.log
Successfully changed project path to: /private/tmp/areabattle-validation-20261003/UnityProject
/private/tmp/areabattle-validation-20261003/UnityProject
[UnityMemory] Configuration Parameters - Can be set up in boot.config
    "memorysetup-allocator-temp-initial-block-size-main=262144"
    "memorysetup-allocator-temp-initial-block-size-worker=262144"
    "memorysetup-temp-allocator-size-background-worker=32768"
    "memorysetup-temp-allocator-size-job-worker=262144"
    "memorysetup-temp-allocator-size-preload-manager=33554432"
    "memorysetup-temp-allocator-size-nav-mesh-worker=65536"
    "memorysetup-temp-allocator-size-audio-worker=65536"
    "memorysetup-temp-allocator-size-cloud-worker=32768"
    "memorysetup-bucket-allocator-granularity=16"
    "memorysetup-bucket-allocator-bucket-count=8"
    "memorysetup-bucket-allocator-block-size=33554432"
    "memorysetup-bucket-allocator-block-count=8"
    "memorysetup-main-allocator-block-size=16777216"
    "memorysetup-thread-allocator-block-size=16777216"
    "memorysetup-gfx-main-allocator-block-size=16777216"
    "memorysetup-gfx-thread-allocator-block-size=16777216"
    "memorysetup-cache-allocator-block-size=4194304"
    "memorysetup-typetree-allocator-block-size=2097152"
    "memorysetup-profiler-bucket-allocator-granularity=16"
    "memorysetup-profiler-bucket-allocator-bucket-count=8"
    "memorysetup-profiler-bucket-allocator-block-size=33554432"
    "memorysetup-profiler-bucket-allocator-block-count=8"
    "memorysetup-profiler-allocator-block-size=16777216"
    "memorysetup-profiler-editor-allocator-block-size=1048576"
    "memorysetup-temp-allocator-size-main=16777216"
    "memorysetup-job-temp-allocator-block-size=2097152"
    "memorysetup-job-temp-allocator-block-size-background=1048576"
    "memorysetup-job-temp-allocator-reduction-small-platforms=262144"
    "memorysetup-temp-allocator-size-gi-baking-worker=262144"
    "memorysetup-temp-allocator-size-gi-baking-worker=262144"
    "memorysetup-temp-allocator-size-gi-baking-worker=262144"
    "memorysetup-temp-allocator-size-gi-baking-worker=262144"
    "memorysetup-temp-allocator-size-gi-baking-worker=262144"
    "memorysetup-temp-allocator-size-gfx=262144"
Player connection [8506192128]  Target information:

Player connection [8506192128]  * "[IP] 192.168.0.136 [Port] 55506 [Flags] 2 [Guid] 2670145997 [EditorId] 2670145997 [Version] 1048832 [Id] OSXEditor(0,mtdeMacBook-Pro.local) [Debug] 1 [PackageName] OSXEditor [ProjectName] Editor" 

Player connection [8506192128]  * "[IP] 172.16.224.144 [Port] 55506 [Flags] 2 [Guid] 2670145997 [EditorId] 2670145997 [Version] 1048832 [Id] OSXEditor(0,mtdeMacBook-Pro.local) [Debug] 1 [PackageName] OSXEditor [ProjectName] Editor" 

Player connection [8506192128] Host joined multi-casting on [225.0.0.222:54997]...
Player connection [8506192128] Host joined alternative multi-casting on [225.0.0.222:34997]...
Input System module state changed to: Initialized.
[Physics::Module] Initialized fallback backend.
[Physics::Module] Id: 0xdecafbad
[Package Manager] Connected to IPC stream "Upm-13453" after 0.1 seconds.
[Licensing::Module] Licensing is not yet initialized.
[Licensing::Client] Code 0 while verifying Licensing Client signature (process Id: 75619, path: "/Applications/Unity6000.3.7f1/Unity-6000.3.7f1/Unity.app/Contents/Helpers/UnityLicensingClient.app/Contents/MacOS/Unity.Licensing.Client")
[Licensing::Module] LicensingClient has failed validation; ignoring
[Licensing::Client] Handshaking with LicensingClient:
  Version:                 1.17.4+4293ba1
  Session Id:              25ed74a2c1154e73a9c6407cdba80008
  Correlation Id:          5590b3a76bba764bac1a831184dbb7b5
  External correlation Id: 6002656962516248820
  Machine Id:              TkagbQsjfXQmspsXe7+0nD9Nk6Q=
[Licensing::Module] Successfully connected to LicensingClient on channel: "LicenseClient-mt" (connect: 0.00s, validation: 0.00s, handshake: 0.30s)
[Licensing::IpcConnector] Successfully connected to: "LicenseClient-mt-notifications" at "2026-10-03T07:14:34.284777Z"
[Licensing::Module] Error: Access token is unavailable; failed to update
[Licensing::Client] Successfully resolved entitlement details
[Licensing::Module] License group:
  Id: 00-0000-0000-0000-0000-XXXX
  Product: Unity Pro
  Type: ULF
  Expiration: Unlimited
[Licensing::Client] Successfully updated license, isAsync: True, time: 0.00
[Licensing::Client] Successfully resolved entitlement details
[Licensing::Module] Licensing Background thread has ended after 0.31s
[Licensing::Module] Licensing is initialized (took 0.06s).
[Licensing::Client] Successfully resolved entitlement details
Library Redirect Path: Library/
[Physics::Module] Selected backend.
[Physics::Module] Name: PhysX
[Physics::Module] Id: 0xf2b8ea05
[Physics::Module] SDK Version: 4.1.2
[Physics::Module] Integration Version: 1.0.0
[Physics::Module] Threading Mode: Multi-Threaded
Refreshing native plugins compatible for Editor in 0.00 ms, found 0 plugins.
Preloading 0 native plugins for Editor in 0.00 ms.
Initialize engine version: 6000.3.7f1 (696ec25a53d1)
[Subsystems] Discovering subsystems at path /Applications/Unity6000.3.7f1/Unity-6000.3.7f1/Unity.app/Contents/Resources/UnitySubsystems
[Subsystems] Discovering subsystems at path /private/tmp/areabattle-validation-20261003/UnityProject/Assets
GfxDevice: creating device client; kGfxThreadingModeNonThreaded
 preferred device: Apple M2 Pro (high power)
Metal devices available: 1
0: Apple M2 Pro (high power)
Using device Apple M2 Pro (high power)
Initializing Metal device caps: Apple M2 Pro
Mac GPU Family: 2
Apple GPU Family: 8
MSL Version: 3.0
Has Float MSAA: 1
Has Float Filtering: 1
ReadWrite Texture Tier: 2
Initialize mono
Mono path[0] = '/Applications/Unity6000.3.7f1/Unity-6000.3.7f1/Unity.app/Contents/Resources/Scripting/Managed'
Mono path[1] = '/Applications/Unity6000.3.7f1/Unity-6000.3.7f1/Unity.app/Contents/Resources/Scripting/MonoBleedingEdge/lib/mono/unityjit-macos'
Mono config path = '/Applications/Unity6000.3.7f1/Unity-6000.3.7f1/Unity.app/Contents/Resources/Scripting/MonoBleedingEdge/etc'
Using monoOptions --debugger-agent=transport=dt_socket,embedding=1,server=y,suspend=n,address=127.0.0.1:56453
Using cacheserver namespaces - metadata:defaultmetadata, artifacts:defaultartifacts
Using cacheserver namespaces - metadata:defaultmetadata, artifacts:defaultartifacts
ImportWorker Server TCP listen port: 0
AcceleratorClientConnectionCallback - disconnected - :0
Begin MonoManager ReloadAssembly
Registering precompiled unity dll's ...
Register platform support module: /Applications/Unity6000.3.7f1/Unity-6000.3.7f1/Unity.app/Contents/PlaybackEngines/MacStandaloneSupport/UnityEditor.OSXStandalone.Extensions.dll
[Licensing::Client] Successfully resolved entitlement details
Register platform support module: /Applications/Unity6000.3.7f1/Unity-6000.3.7f1/PlaybackEngines/AndroidPlayer/UnityEditor.Android.Extensions.dll
[Licensing::Client] Successfully resolved entitlement details
Register platform support module: /Applications/Unity6000.3.7f1/Unity-6000.3.7f1/PlaybackEngines/iOSSupport/UnityEditor.iOS.Extensions.dll
Registered in 0.004076 seconds.
- Loaded All Assemblies, in  0.322 seconds
[usbmuxd] Start listen thread
[usbmuxd] Listen thread started
[usbmuxd] Send listen message
Native extension for iOS target not found
Native extension for Android target not found
Native extension for OSXStandalone target not found
ScheduleIndexationOnStartup MainProcess:False IndexOnStartup:False
Mono: successfully reloaded assembly
- Finished resetting the current domain, in  0.332 seconds
Domain Reload Profiling: 654ms
	BeginReloadAssembly (129ms)
		ExecutionOrderSort (0ms)
		DisableScriptedObjects (0ms)
		BackupInstance (0ms)
		ReleaseScriptingObjects (0ms)
		CreateAndSetChildDomain (22ms)
	RebuildCommonClasses (26ms)
	RebuildNativeTypeToScriptingClass (9ms)
	initialDomainReloadingComplete (30ms)
	LoadAllAssembliesAndSetupDomain (127ms)
		LoadAssemblies (108ms)
		RebuildTransferFunctionScriptingTraits (0ms)
		AnalyzeDomain (125ms)
			TypeCache.Refresh (123ms)
				TypeCache.ScanAssembly (111ms)
			BuildScriptInfoCaches (0ms)
			ResolveRequiredComponents (0ms)
	FinalizeReload (332ms)
		ReleaseScriptCaches (0ms)
		RebuildScriptCaches (0ms)
		SetupLoadedEditorAssemblies (303ms)
			LogAssemblyErrors (0ms)
			InitializePlatformSupportModulesInManaged (82ms)
			SetLoadedEditorAssemblies (3ms)
			BeforeProcessingInitializeOnLoad (62ms)
			ProcessInitializeOnLoadAttributes (95ms)
			ProcessInitializeOnLoadMethodAttributes (61ms)
			AfterProcessingInitializeOnLoad (0ms)
			EditorAssembliesLoaded (0ms)
		ExecutionOrderSort2 (0ms)
		AwakeInstancesAfterBackupRestoration (0ms)
[Licensing::Client] Successfully resolved entitlement details
Application.AssetDatabase Initial Refresh Start
Package Manager log level set to [2]
[Package Manager] Restoring resolved packages state from cache
[Licensing::Client] Successfully resolved entitlement details
[Package Manager] Registered 38 packages:
  Built-in packages:
    com.unity.multiplayer.center@1.0.1 (location: /private/tmp/areabattle-validation-20261003/UnityProject/Library/PackageCache/com.unity.multiplayer.center@f01f4ba8d00a)
    com.unity.ugui@2.0.0 (location: /private/tmp/areabattle-validation-20261003/UnityProject/Library/PackageCache/com.unity.ugui@11343a6274f3)
    com.unity.modules.accessibility@1.0.0 (location: /private/tmp/areabattle-validation-20261003/UnityProject/Library/PackageCache/com.unity.modules.accessibility)
    com.unity.modules.adaptiveperformance@1.0.0 (location: /private/tmp/areabattle-validation-20261003/UnityProject/Library/PackageCache/com.unity.modules.adaptiveperformance)
    com.unity.modules.ai@1.0.0 (location: /private/tmp/areabattle-validation-20261003/UnityProject/Library/PackageCache/com.unity.modules.ai)
    com.unity.modules.androidjni@1.0.0 (location: /private/tmp/areabattle-validation-20261003/UnityProject/Library/PackageCache/com.unity.modules.androidjni)
    com.unity.modules.animation@1.0.0 (location: /private/tmp/areabattle-validation-20261003/UnityProject/Library/PackageCache/com.unity.modules.animation)
    com.unity.modules.assetbundle@1.0.0 (location: /private/tmp/areabattle-validation-20261003/UnityProject/Library/PackageCache/com.unity.modules.assetbundle)
    com.unity.modules.audio@1.0.0 (location: /private/tmp/areabattle-validation-20261003/UnityProject/Library/PackageCache/com.unity.modules.audio)
    com.unity.modules.cloth@1.0.0 (location: /private/tmp/areabattle-validation-20261003/UnityProject/Library/PackageCache/com.unity.modules.cloth)
    com.unity.modules.director@1.0.0 (location: /private/tmp/areabattle-validation-20261003/UnityProject/Library/PackageCache/com.unity.modules.director)
    com.unity.modules.imageconversion@1.0.0 (location: /private/tmp/areabattle-validation-20261003/UnityProject/Library/PackageCache/com.unity.modules.imageconversion)
    com.unity.modules.imgui@1.0.0 (location: /private/tmp/areabattle-validation-20261003/UnityProject/Library/PackageCache/com.unity.modules.imgui)
    com.unity.modules.jsonserialize@1.0.0 (location: /private/tmp/areabattle-validation-20261003/UnityProject/Library/PackageCache/com.unity.modules.jsonserialize)
    com.unity.modules.particlesystem@1.0.0 (location: /private/tmp/areabattle-validation-20261003/UnityProject/Library/PackageCache/com.unity.modules.particlesystem)
    com.unity.modules.physics@1.0.0 (location: /private/tmp/areabattle-validation-20261003/UnityProject/Library/PackageCache/com.unity.modules.physics)
    com.unity.modules.physics2d@1.0.0 (location: /private/tmp/areabattle-validation-20261003/UnityProject/Library/PackageCache/com.unity.modules.physics2d)
    com.unity.modules.screencapture@1.0.0 (location: /private/tmp/areabattle-validation-20261003/UnityProject/Library/PackageCache/com.unity.modules.screencapture)
    com.unity.modules.terrain@1.0.0 (location: /private/tmp/areabattle-validation-20261003/UnityProject/Library/PackageCache/com.unity.modules.terrain)
    com.unity.modules.terrainphysics@1.0.0 (location: /private/tmp/areabattle-validation-20261003/UnityProject/Library/PackageCache/com.unity.modules.terrainphysics)
    com.unity.modules.tilemap@1.0.0 (location: /private/tmp/areabattle-validation-20261003/UnityProject/Library/PackageCache/com.unity.modules.tilemap)
    com.unity.modules.ui@1.0.0 (location: /private/tmp/areabattle-validation-20261003/UnityProject/Library/PackageCache/com.unity.modules.ui)
    com.unity.modules.uielements@1.0.0 (location: /private/tmp/areabattle-validation-20261003/UnityProject/Library/PackageCache/com.unity.modules.uielements)
    com.unity.modules.umbra@1.0.0 (location: /private/tmp/areabattle-validation-20261003/UnityProject/Library/PackageCache/com.unity.modules.umbra)
    com.unity.modules.unityanalytics@1.0.0 (location: /private/tmp/areabattle-validation-20261003/UnityProject/Library/PackageCache/com.unity.modules.unityanalytics)
    com.unity.modules.unitywebrequest@1.0.0 (location: /private/tmp/areabattle-validation-20261003/UnityProject/Library/PackageCache/com.unity.modules.unitywebrequest)
    com.unity.modules.unitywebrequestassetbundle@1.0.0 (location: /private/tmp/areabattle-validation-20261003/UnityProject/Library/PackageCache/com.unity.modules.unitywebrequestassetbundle)
    com.unity.modules.unitywebrequestaudio@1.0.0 (location: /private/tmp/areabattle-validation-20261003/UnityProject/Library/PackageCache/com.unity.modules.unitywebrequestaudio)
    com.unity.modules.unitywebrequesttexture@1.0.0 (location: /private/tmp/areabattle-validation-20261003/UnityProject/Library/PackageCache/com.unity.modules.unitywebrequesttexture)
    com.unity.modules.unitywebrequestwww@1.0.0 (location: /private/tmp/areabattle-validation-20261003/UnityProject/Library/PackageCache/com.unity.modules.unitywebrequestwww)
    com.unity.modules.vectorgraphics@1.0.0 (location: /private/tmp/areabattle-validation-20261003/UnityProject/Library/PackageCache/com.unity.modules.vectorgraphics)
    com.unity.modules.vehicles@1.0.0 (location: /private/tmp/areabattle-validation-20261003/UnityProject/Library/PackageCache/com.unity.modules.vehicles)
    com.unity.modules.video@1.0.0 (location: /private/tmp/areabattle-validation-20261003/UnityProject/Library/PackageCache/com.unity.modules.video)
    com.unity.modules.vr@1.0.0 (location: /private/tmp/areabattle-validation-20261003/UnityProject/Library/PackageCache/com.unity.modules.vr)
    com.unity.modules.wind@1.0.0 (location: /private/tmp/areabattle-validation-20261003/UnityProject/Library/PackageCache/com.unity.modules.wind)
    com.unity.modules.xr@1.0.0 (location: /private/tmp/areabattle-validation-20261003/UnityProject/Library/PackageCache/com.unity.modules.xr)
    com.unity.modules.subsystems@1.0.0 (location: /private/tmp/areabattle-validation-20261003/UnityProject/Library/PackageCache/com.unity.modules.subsystems)
    com.unity.modules.hierarchycore@1.0.0 (location: /private/tmp/areabattle-validation-20261003/UnityProject/Library/PackageCache/com.unity.modules.hierarchycore)
[Subsystems] No new subsystems found in resolved package list.
[Package Manager] Done registering packages in 0.01 seconds
[ScriptCompilation] Requested script compilation because: Assetdatabase observed changes in script compilation related files
[40m[32minfo[39m[22m[49m: Microsoft.Hosting.Lifetime[14]
      Now listening on: http://unix:/tmp/ilpp.sock-b4295128722492fe3148b2072c065e13
[40m[32minfo[39m[22m[49m: Microsoft.Hosting.Lifetime[0]
      Application started. Press Ctrl+C to shut down.
[40m[32minfo[39m[22m[49m: Microsoft.Hosting.Lifetime[0]
      Hosting environment: Production
[40m[32minfo[39m[22m[49m: Microsoft.Hosting.Lifetime[0]
      Content root path: /private/tmp/areabattle-validation-20261003/UnityProject/
[40m[32minfo[39m[22m[49m: Microsoft.AspNetCore.Hosting.Diagnostics[1]
      Request starting HTTP/2 POST http://ilpp/UnityILPP.PostProcessing/Ping application/grpc -
[40m[32minfo[39m[22m[49m: Microsoft.AspNetCore.Routing.EndpointMiddleware[0]
      Executing endpoint 'gRPC - /UnityILPP.PostProcessing/Ping'
[40m[32minfo[39m[22m[49m: Microsoft.AspNetCore.Routing.EndpointMiddleware[1]
      Executed endpoint 'gRPC - /UnityILPP.PostProcessing/Ping'
[40m[32minfo[39m[22m[49m: Microsoft.AspNetCore.Hosting.Diagnostics[2]
      Request finished HTTP/2 POST http://ilpp/UnityILPP.PostProcessing/Ping application/grpc - - 200 - application/grpc 25.0481ms
Starting: /Applications/Unity6000.3.7f1/Unity-6000.3.7f1/Unity.app/Contents/Resources/BuildPipeline/bee_backend --ipc --defer-dag-verification --dagfile="Library/Bee/200b0aE.dag" --continue-on-failure --profile="Library/Bee/backend1.traceevents" ScriptAssemblies
WorkingDir: /private/tmp/areabattle-validation-20261003/UnityProject
DisplayProgressbar: Compiling Scripts
ExitCode: 0 Duration: 3s46ms
[241/244    2s] Csc Library/Bee/artifacts/200b0aE.dag/Assembly-CSharp-Editor.dll (+2 others)
Assets/AreaBattle/Editor/OutgameAudioNodeValidation.cs(18,34): warning CS0108: 'OutgameAudioNodeValidation.Fixture.GetType' hides inherited member 'object.GetType()'. Use the new keyword if hiding was intended.
Assets/AreaBattle/Editor/OutgameUpdateManagerPlayModeValidation.cs(14,117): warning CS0414: The field 'OutgameUpdateManagerPlayModeValidation.driveActions' is assigned but its value is never used
[242/244    0s] CopyFiles Library/ScriptAssemblies/Assembly-CSharp-Editor.pdb
[243/244    0s] CopyFiles Library/ScriptAssemblies/Assembly-CSharp-Editor.dll
*** Tundra build success (3.02 seconds), 3 items updated, 244 evaluated
Assets/AreaBattle/Editor/OutgameAudioNodeValidation.cs(18,34): warning CS0108: 'OutgameAudioNodeValidation.Fixture.GetType' hides inherited member 'object.GetType()'. Use the new keyword if hiding was intended.
Assets/AreaBattle/Editor/OutgameUpdateManagerPlayModeValidation.cs(14,117): warning CS0414: The field 'OutgameUpdateManagerPlayModeValidation.driveActions' is assigned but its value is never used
AssetDatabase: script compilation time: 3.447561s
Begin MonoManager ReloadAssembly
- Loaded All Assemblies, in  0.389 seconds
Refreshing native plugins compatible for Editor in 0.00 ms, found 0 plugins.
Native extension for iOS target not found
Native extension for Android target not found
Native extension for OSXStandalone target not found
ScheduleIndexationOnStartup MainProcess:True IndexOnStartup:True
Mono: successfully reloaded assembly
- Finished resetting the current domain, in  0.295 seconds
Domain Reload Profiling: 684ms
	BeginReloadAssembly (295ms)
		ExecutionOrderSort (0ms)
		DisableScriptedObjects (56ms)
		BackupInstance (0ms)
		ReleaseScriptingObjects (0ms)
		CreateAndSetChildDomain (145ms)
	RebuildCommonClasses (25ms)
	RebuildNativeTypeToScriptingClass (9ms)
	initialDomainReloadingComplete (11ms)
	LoadAllAssembliesAndSetupDomain (49ms)
		LoadAssemblies (80ms)
		RebuildTransferFunctionScriptingTraits (0ms)
		AnalyzeDomain (35ms)
			TypeCache.Refresh (28ms)
				TypeCache.ScanAssembly (21ms)
			BuildScriptInfoCaches (4ms)
			ResolveRequiredComponents (2ms)
	FinalizeReload (295ms)
		ReleaseScriptCaches (0ms)
		RebuildScriptCaches (0ms)
		SetupLoadedEditorAssemblies (202ms)
			LogAssemblyErrors (0ms)
			InitializePlatformSupportModulesInManaged (28ms)
			SetLoadedEditorAssemblies (2ms)
			BeforeProcessingInitializeOnLoad (82ms)
			ProcessInitializeOnLoadAttributes (67ms)
			ProcessInitializeOnLoadMethodAttributes (22ms)
			AfterProcessingInitializeOnLoad (1ms)
			EditorAssembliesLoaded (0ms)
		ExecutionOrderSort2 (0ms)
		AwakeInstancesAfterBackupRestoration (3ms)
Refreshing native plugins compatible for Editor in 0.00 ms, found 0 plugins.
Preloading 0 native plugins for Editor in 0.00 ms.
Asset Pipeline Refresh (id=5fd0f89b1bc1b4df7a7d01b6d12e5e46): Total: 4.413 seconds - Initiated by InitialRefreshV2(ForceSynchronousImport)
	Summary:
		Imports: total=0 (actual=0, local cache=0, cache server=0)
		Asset DB Process Time: managed=0 ms, native=505 ms
		Asset DB Callback time: managed=52 ms, native=12 ms
		Scripting: domain reloads=1, domain reload time=389 ms, compile time=3449 ms, other=4 ms
		Project Asset Count: scripts=364, non-scripts=2225
		Asset File Changes: new=0, changed=1, moved=0, deleted=0
		Scan Filter Count: 1
	InvokeCustomDependenciesCallbacks: 0.001ms
	InvokePackagesCallback: 11.884ms
	ApplyChangesToAssetFolders: 0.238ms
	Scan: 146.351ms
	OnSourceAssetsModified: 0.422ms
	CategorizeAssetsWithTransientArtifact: 2.315ms
	ProcessAssetsWithTransientArtifactChanges: 7.920ms
	CategorizeAssets: 10.905ms
	ImportOutOfDateAssets: 296.879ms (-3152.661ms without children)
		CompileScripts: 3448.838ms
		ReloadNativeAssets: 0.000ms
		UnloadImportedAssets: 0.203ms
		EnsureUptoDateAssetsAreRegisteredWithGuidPM: 0.259ms
		InitializingProgressBar: 0.000ms
		PostProcessAllAssetNotificationsAddChangedAssets: 0.000ms
		OnDemandSchedulerStart: 0.239ms
	PostProcessAllAssets: 52.786ms
	Hotreload: 1.290ms
	GatherAllCurrentPrimaryArtifactRevisions: 0.000ms
	UnloadStreamsBegin: 0.633ms
	PersistCurrentRevisions: 0.074ms
	UnloadStreamsEnd: 0.001ms
	GenerateScriptTypeHashes: 0.809ms
	Untracked: 3881.245ms

Application.AssetDatabase Initial Refresh End
Launching external process: /Applications/Unity6000.3.7f1/Unity-6000.3.7f1/Unity.app/Contents/Helpers/UnityShaderCompiler
Launched and connected shader compiler UnityShaderCompiler after 0.03 seconds
Scanning for USB devices : 0.033ms
Initializing Unity extensions:
[MODES] ModeService[none].Initialize
[MODES] ModeService[none].LoadModes
[MODES] Loading mode Default (0) for mode-current-id-AreaBattle
2026-10-03 15:14:39.826 Unity[13453:51781268] NSEventModifierFlagFunction specified to -setKeyEquivalentModifierMask: for item <NSMenuItem: 0x8bdd08e60 SDF, ke='Command-F12'>, but is only supported for system-provided menu items; will not be used
Unloading 58 Unused Serialized files (Serialized files now loaded: 0)
Unloading 1049 unused Assets / (5.2 MB). Loaded Objects now: 1601.
Memory consumption went from 132.6 MB to 127.4 MB.
Total: 7.145750 ms (FindLiveObjects: 0.071625 ms CreateObjectMapping: 0.030625 ms MarkObjects: 5.068375 ms  DeleteObjects: 1.974875 ms)

2026-10-03 15:14:39.860 Unity[13453:51781268] NSEventModifierFlagFunction specified to -setKeyEquivalentModifierMask: for item <NSMenuItem: 0x8bdd32da0 SDF, ke='Command-F12'>, but is only supported for system-provided menu items; will not be used
Assertion failed on expression: 'ShouldRunBehaviour()'
UnityEngine.Debug:ExtractStackTraceNoAlloc (byte*,int,string)
UnityEngine.StackTraceUtility:ExtractStackTrace () (at /Users/bokken/build/output/unity/unity/Runtime/Export/Scripting/StackTrace.cs:35)
UnityEngine.Component:SendMessage (string,object,UnityEngine.SendMessageOptions)
UnityEngine.Component:SendMessage (string) (at /Users/bokken/build/output/unity/unity/Runtime/Export/Scripting/Component.bindings.cs:248)
AreaBattle.EditorTools.OutgameGuideBookBrowseValidation/Fixture:.ctor (bool) (at Assets/AreaBattle/Editor/OutgameGuideBookBrowseValidation.cs:29)
AreaBattle.EditorTools.OutgameGuideBookBrowseValidation/<>c:<Run>b__4_1 () (at Assets/AreaBattle/Editor/OutgameGuideBookBrowseValidation.cs:50)
AreaBattle.EditorTools.OutgameGuideBookBrowseValidation/<>c__DisplayClass4_0:<Run>b__0 (string,System.Action) (at Assets/AreaBattle/Editor/OutgameGuideBookBrowseValidation.cs:48)
AreaBattle.EditorTools.OutgameGuideBookBrowseValidation:Run () (at Assets/AreaBattle/Editor/OutgameGuideBookBrowseValidation.cs:49)
AreaBattle.EditorTools.OutgameGuideBookBrowseValidation:Validate () (at Assets/AreaBattle/Editor/OutgameGuideBookBrowseValidation.cs:114)

[Assets/AreaBattle/Editor/OutgameGuideBookBrowseValidation.cs line 29]

Assertion failed on expression: 'ShouldRunBehaviour()'
UnityEngine.Debug:ExtractStackTraceNoAlloc (byte*,int,string)
UnityEngine.StackTraceUtility:ExtractStackTrace () (at /Users/bokken/build/output/unity/unity/Runtime/Export/Scripting/StackTrace.cs:35)
UnityEngine.Component:SendMessage (string,object,UnityEngine.SendMessageOptions)
UnityEngine.Component:SendMessage (string) (at /Users/bokken/build/output/unity/unity/Runtime/Export/Scripting/Component.bindings.cs:248)
AreaBattle.EditorTools.OutgameGuideBookBrowseValidation/Fixture:.ctor (bool) (at Assets/AreaBattle/Editor/OutgameGuideBookBrowseValidation.cs:29)
AreaBattle.EditorTools.OutgameGuideBookBrowseValidation/<>c:<Run>b__4_1 () (at Assets/AreaBattle/Editor/OutgameGuideBookBrowseValidation.cs:50)
AreaBattle.EditorTools.OutgameGuideBookBrowseValidation/<>c__DisplayClass4_0:<Run>b__0 (string,System.Action) (at Assets/AreaBattle/Editor/OutgameGuideBookBrowseValidation.cs:48)
AreaBattle.EditorTools.OutgameGuideBookBrowseValidation:Run () (at Assets/AreaBattle/Editor/OutgameGuideBookBrowseValidation.cs:49)
AreaBattle.EditorTools.OutgameGuideBookBrowseValidation:Validate () (at Assets/AreaBattle/Editor/OutgameGuideBookBrowseValidation.cs:114)

[Assets/AreaBattle/Editor/OutgameGuideBookBrowseValidation.cs line 29]

Assertion failed on expression: 'ShouldRunBehaviour()'
UnityEngine.Debug:ExtractStackTraceNoAlloc (byte*,int,string)
UnityEngine.StackTraceUtility:ExtractStackTrace () (at /Users/bokken/build/output/unity/unity/Runtime/Export/Scripting/StackTrace.cs:35)
UnityEngine.Component:SendMessage (string,object,UnityEngine.SendMessageOptions)
UnityEngine.Component:SendMessage (string) (at /Users/bokken/build/output/unity/unity/Runtime/Export/Scripting/Component.bindings.cs:248)
AreaBattle.EditorTools.OutgameGuideBookBrowseValidation/Fixture:.ctor (bool) (at Assets/AreaBattle/Editor/OutgameGuideBookBrowseValidation.cs:29)
AreaBattle.EditorTools.OutgameGuideBookBrowseValidation/<>c:<Run>b__4_1 () (at Assets/AreaBattle/Editor/OutgameGuideBookBrowseValidation.cs:50)
AreaBattle.EditorTools.OutgameGuideBookBrowseValidation/<>c__DisplayClass4_0:<Run>b__0 (string,System.Action) (at Assets/AreaBattle/Editor/OutgameGuideBookBrowseValidation.cs:48)
AreaBattle.EditorTools.OutgameGuideBookBrowseValidation:Run () (at Assets/AreaBattle/Editor/OutgameGuideBookBrowseValidation.cs:49)
AreaBattle.EditorTools.OutgameGuideBookBrowseValidation:Validate () (at Assets/AreaBattle/Editor/OutgameGuideBookBrowseValidation.cs:114)

[Assets/AreaBattle/Editor/OutgameGuideBookBrowseValidation.cs line 29]

Assertion failed on expression: 'ShouldRunBehaviour()'
UnityEngine.Debug:ExtractStackTraceNoAlloc (byte*,int,string)
UnityEngine.StackTraceUtility:ExtractStackTrace () (at /Users/bokken/build/output/unity/unity/Runtime/Export/Scripting/StackTrace.cs:35)
UnityEngine.Component:SendMessage (string,object,UnityEngine.SendMessageOptions)
UnityEngine.Component:SendMessage (string) (at /Users/bokken/build/output/unity/unity/Runtime/Export/Scripting/Component.bindings.cs:248)
AreaBattle.EditorTools.OutgameGuideBookBrowseValidation/Fixture:.ctor (bool) (at Assets/AreaBattle/Editor/OutgameGuideBookBrowseValidation.cs:29)
AreaBattle.EditorTools.OutgameGuideBookBrowseValidation/<>c:<Run>b__4_2 () (at Assets/AreaBattle/Editor/OutgameGuideBookBrowseValidation.cs:61)
AreaBattle.EditorTools.OutgameGuideBookBrowseValidation/<>c__DisplayClass4_0:<Run>b__0 (string,System.Action) (at Assets/AreaBattle/Editor/OutgameGuideBookBrowseValidation.cs:48)
AreaBattle.EditorTools.OutgameGuideBookBrowseValidation:Run () (at Assets/AreaBattle/Editor/OutgameGuideBookBrowseValidation.cs:60)
AreaBattle.EditorTools.OutgameGuideBookBrowseValidation:Validate () (at Assets/AreaBattle/Editor/OutgameGuideBookBrowseValidation.cs:114)

[Assets/AreaBattle/Editor/OutgameGuideBookBrowseValidation.cs line 29]

Assertion failed on expression: 'ShouldRunBehaviour()'
UnityEngine.Debug:ExtractStackTraceNoAlloc (byte*,int,string)
UnityEngine.StackTraceUtility:ExtractStackTrace () (at /Users/bokken/build/output/unity/unity/Runtime/Export/Scripting/StackTrace.cs:35)
UnityEngine.Component:SendMessage (string,object,UnityEngine.SendMessageOptions)
UnityEngine.Component:SendMessage (string) (at /Users/bokken/build/output/unity/unity/Runtime/Export/Scripting/Component.bindings.cs:248)
AreaBattle.EditorTools.OutgameGuideBookBrowseValidation/Fixture:.ctor (bool) (at Assets/AreaBattle/Editor/OutgameGuideBookBrowseValidation.cs:29)
AreaBattle.EditorTools.OutgameGuideBookBrowseValidation/<>c:<Run>b__4_2 () (at Assets/AreaBattle/Editor/OutgameGuideBookBrowseValidation.cs:61)
AreaBattle.EditorTools.OutgameGuideBookBrowseValidation/<>c__DisplayClass4_0:<Run>b__0 (string,System.Action) (at Assets/AreaBattle/Editor/OutgameGuideBookBrowseValidation.cs:48)
AreaBattle.EditorTools.OutgameGuideBookBrowseValidation:Run () (at Assets/AreaBattle/Editor/OutgameGuideBookBrowseValidation.cs:60)
AreaBattle.EditorTools.OutgameGuideBookBrowseValidation:Validate () (at Assets/AreaBattle/Editor/OutgameGuideBookBrowseValidation.cs:114)

[Assets/AreaBattle/Editor/OutgameGuideBookBrowseValidation.cs line 29]

Assertion failed on expression: 'ShouldRunBehaviour()'
UnityEngine.Debug:ExtractStackTraceNoAlloc (byte*,int,string)
UnityEngine.StackTraceUtility:ExtractStackTrace () (at /Users/bokken/build/output/unity/unity/Runtime/Export/Scripting/StackTrace.cs:35)
UnityEngine.Component:SendMessage (string,object,UnityEngine.SendMessageOptions)
UnityEngine.Component:SendMessage (string) (at /Users/bokken/build/output/unity/unity/Runtime/Export/Scripting/Component.bindings.cs:248)
AreaBattle.EditorTools.OutgameGuideBookBrowseValidation/Fixture:.ctor (bool) (at Assets/AreaBattle/Editor/OutgameGuideBookBrowseValidation.cs:29)
AreaBattle.EditorTools.OutgameGuideBookBrowseValidation/<>c:<Run>b__4_2 () (at Assets/AreaBattle/Editor/OutgameGuideBookBrowseValidation.cs:61)
AreaBattle.EditorTools.OutgameGuideBookBrowseValidation/<>c__DisplayClass4_0:<Run>b__0 (string,System.Action) (at Assets/AreaBattle/Editor/OutgameGuideBookBrowseValidation.cs:48)
AreaBattle.EditorTools.OutgameGuideBookBrowseValidation:Run () (at Assets/AreaBattle/Editor/OutgameGuideBookBrowseValidation.cs:60)
AreaBattle.EditorTools.OutgameGuideBookBrowseValidation:Validate () (at Assets/AreaBattle/Editor/OutgameGuideBookBrowseValidation.cs:114)

[Assets/AreaBattle/Editor/OutgameGuideBookBrowseValidation.cs line 29]

Assertion failed on expression: 'ShouldRunBehaviour()'
UnityEngine.Debug:ExtractStackTraceNoAlloc (byte*,int,string)
UnityEngine.StackTraceUtility:ExtractStackTrace () (at /Users/bokken/build/output/unity/unity/Runtime/Export/Scripting/StackTrace.cs:35)
UnityEngine.Component:SendMessage (string,object,UnityEngine.SendMessageOptions)
UnityEngine.Component:SendMessage (string) (at /Users/bokken/build/output/unity/unity/Runtime/Export/Scripting/Component.bindings.cs:248)
AreaBattle.EditorTools.OutgameGuideBookBrowseValidation/Fixture:.ctor (bool) (at Assets/AreaBattle/Editor/OutgameGuideBookBrowseValidation.cs:29)
AreaBattle.EditorTools.OutgameGuideBookBrowseValidation/<>c:<Run>b__4_3 () (at Assets/AreaBattle/Editor/OutgameGuideBookBrowseValidation.cs:72)
AreaBattle.EditorTools.OutgameGuideBookBrowseValidation/<>c__DisplayClass4_0:<Run>b__0 (string,System.Action) (at Assets/AreaBattle/Editor/OutgameGuideBookBrowseValidation.cs:48)
AreaBattle.EditorTools.OutgameGuideBookBrowseValidation:Run () (at Assets/AreaBattle/Editor/OutgameGuideBookBrowseValidation.cs:71)
AreaBattle.EditorTools.OutgameGuideBookBrowseValidation:Validate () (at Assets/AreaBattle/Editor/OutgameGuideBookBrowseValidation.cs:114)

[Assets/AreaBattle/Editor/OutgameGuideBookBrowseValidation.cs line 29]

Assertion failed on expression: 'ShouldRunBehaviour()'
UnityEngine.Debug:ExtractStackTraceNoAlloc (byte*,int,string)
UnityEngine.StackTraceUtility:ExtractStackTrace () (at /Users/bokken/build/output/unity/unity/Runtime/Export/Scripting/StackTrace.cs:35)
UnityEngine.Component:SendMessage (string,object,UnityEngine.SendMessageOptions)
UnityEngine.Component:SendMessage (string) (at /Users/bokken/build/output/unity/unity/Runtime/Export/Scripting/Component.bindings.cs:248)
AreaBattle.EditorTools.OutgameGuideBookBrowseValidation/Fixture:.ctor (bool) (at Assets/AreaBattle/Editor/OutgameGuideBookBrowseValidation.cs:29)
AreaBattle.EditorTools.OutgameGuideBookBrowseValidation/<>c:<Run>b__4_3 () (at Assets/AreaBattle/Editor/OutgameGuideBookBrowseValidation.cs:72)
AreaBattle.EditorTools.OutgameGuideBookBrowseValidation/<>c__DisplayClass4_0:<Run>b__0 (string,System.Action) (at Assets/AreaBattle/Editor/OutgameGuideBookBrowseValidation.cs:48)
AreaBattle.EditorTools.OutgameGuideBookBrowseValidation:Run () (at Assets/AreaBattle/Editor/OutgameGuideBookBrowseValidation.cs:71)
AreaBattle.EditorTools.OutgameGuideBookBrowseValidation:Validate () (at Assets/AreaBattle/Editor/OutgameGuideBookBrowseValidation.cs:114)

[Assets/AreaBattle/Editor/OutgameGuideBookBrowseValidation.cs line 29]

Assertion failed on expression: 'ShouldRunBehaviour()'
UnityEngine.Debug:ExtractStackTraceNoAlloc (byte*,int,string)
UnityEngine.StackTraceUtility:ExtractStackTrace () (at /Users/bokken/build/output/unity/unity/Runtime/Export/Scripting/StackTrace.cs:35)
UnityEngine.Component:SendMessage (string,object,UnityEngine.SendMessageOptions)
UnityEngine.Component:SendMessage (string) (at /Users/bokken/build/output/unity/unity/Runtime/Export/Scripting/Component.bindings.cs:248)
AreaBattle.EditorTools.OutgameGuideBookBrowseValidation/Fixture:.ctor (bool) (at Assets/AreaBattle/Editor/OutgameGuideBookBrowseValidation.cs:29)
AreaBattle.EditorTools.OutgameGuideBookBrowseValidation/<>c:<Run>b__4_3 () (at Assets/AreaBattle/Editor/OutgameGuideBookBrowseValidation.cs:72)
AreaBattle.EditorTools.OutgameGuideBookBrowseValidation/<>c__DisplayClass4_0:<Run>b__0 (string,System.Action) (at Assets/AreaBattle/Editor/OutgameGuideBookBrowseValidation.cs:48)
AreaBattle.EditorTools.OutgameGuideBookBrowseValidation:Run () (at Assets/AreaBattle/Editor/OutgameGuideBookBrowseValidation.cs:71)
AreaBattle.EditorTools.OutgameGuideBookBrowseValidation:Validate () (at Assets/AreaBattle/Editor/OutgameGuideBookBrowseValidation.cs:114)

[Assets/AreaBattle/Editor/OutgameGuideBookBrowseValidation.cs line 29]

Assertion failed on expression: 'ShouldRunBehaviour()'
UnityEngine.Debug:ExtractStackTraceNoAlloc (byte*,int,string)
UnityEngine.StackTraceUtility:ExtractStackTrace () (at /Users/bokken/build/output/unity/unity/Runtime/Export/Scripting/StackTrace.cs:35)
UnityEngine.Component:SendMessage (string,object,UnityEngine.SendMessageOptions)
UnityEngine.Component:SendMessage (string) (at /Users/bokken/build/output/unity/unity/Runtime/Export/Scripting/Component.bindings.cs:248)
AreaBattle.EditorTools.OutgameGuideBookBrowseValidation/Fixture:.ctor (bool) (at Assets/AreaBattle/Editor/OutgameGuideBookBrowseValidation.cs:29)
AreaBattle.EditorTools.OutgameGuideBookBrowseValidation/<>c:<Run>b__4_4 () (at Assets/AreaBattle/Editor/OutgameGuideBookBrowseValidation.cs:83)
AreaBattle.EditorTools.OutgameGuideBookBrowseValidation/<>c__DisplayClass4_0:<Run>b__0 (string,System.Action) (at Assets/AreaBattle/Editor/OutgameGuideBookBrowseValidation.cs:48)
AreaBattle.EditorTools.OutgameGuideBookBrowseValidation:Run () (at Assets/AreaBattle/Editor/OutgameGuideBookBrowseValidation.cs:82)
AreaBattle.EditorTools.OutgameGuideBookBrowseValidation:Validate () (at Assets/AreaBattle/Editor/OutgameGuideBookBrowseValidation.cs:114)

[Assets/AreaBattle/Editor/OutgameGuideBookBrowseValidation.cs line 29]

Assertion failed on expression: 'ShouldRunBehaviour()'
UnityEngine.Debug:ExtractStackTraceNoAlloc (byte*,int,string)
UnityEngine.StackTraceUtility:ExtractStackTrace () (at /Users/bokken/build/output/unity/unity/Runtime/Export/Scripting/StackTrace.cs:35)
UnityEngine.Component:SendMessage (string,object,UnityEngine.SendMessageOptions)
UnityEngine.Component:SendMessage (string) (at /Users/bokken/build/output/unity/unity/Runtime/Export/Scripting/Component.bindings.cs:248)
AreaBattle.EditorTools.OutgameGuideBookBrowseValidation/Fixture:.ctor (bool) (at Assets/AreaBattle/Editor/OutgameGuideBookBrowseValidation.cs:29)
AreaBattle.EditorTools.OutgameGuideBookBrowseValidation/<>c:<Run>b__4_4 () (at Assets/AreaBattle/Editor/OutgameGuideBookBrowseValidation.cs:83)
AreaBattle.EditorTools.OutgameGuideBookBrowseValidation/<>c__DisplayClass4_0:<Run>b__0 (string,System.Action) (at Assets/AreaBattle/Editor/OutgameGuideBookBrowseValidation.cs:48)
AreaBattle.EditorTools.OutgameGuideBookBrowseValidation:Run () (at Assets/AreaBattle/Editor/OutgameGuideBookBrowseValidation.cs:82)
AreaBattle.EditorTools.OutgameGuideBookBrowseValidation:Validate () (at Assets/AreaBattle/Editor/OutgameGuideBookBrowseValidation.cs:114)

[Assets/AreaBattle/Editor/OutgameGuideBookBrowseValidation.cs line 29]

Assertion failed on expression: 'ShouldRunBehaviour()'
UnityEngine.Debug:ExtractStackTraceNoAlloc (byte*,int,string)
UnityEngine.StackTraceUtility:ExtractStackTrace () (at /Users/bokken/build/output/unity/unity/Runtime/Export/Scripting/StackTrace.cs:35)
UnityEngine.Component:SendMessage (string,object,UnityEngine.SendMessageOptions)
UnityEngine.Component:SendMessage (string) (at /Users/bokken/build/output/unity/unity/Runtime/Export/Scripting/Component.bindings.cs:248)
AreaBattle.EditorTools.OutgameGuideBookBrowseValidation/Fixture:.ctor (bool) (at Assets/AreaBattle/Editor/OutgameGuideBookBrowseValidation.cs:29)
AreaBattle.EditorTools.OutgameGuideBookBrowseValidation/<>c:<Run>b__4_4 () (at Assets/AreaBattle/Editor/OutgameGuideBookBrowseValidation.cs:83)
AreaBattle.EditorTools.OutgameGuideBookBrowseValidation/<>c__DisplayClass4_0:<Run>b__0 (string,System.Action) (at Assets/AreaBattle/Editor/OutgameGuideBookBrowseValidation.cs:48)
AreaBattle.EditorTools.OutgameGuideBookBrowseValidation:Run () (at Assets/AreaBattle/Editor/OutgameGuideBookBrowseValidation.cs:82)
AreaBattle.EditorTools.OutgameGuideBookBrowseValidation:Validate () (at Assets/AreaBattle/Editor/OutgameGuideBookBrowseValidation.cs:114)

[Assets/AreaBattle/Editor/OutgameGuideBookBrowseValidation.cs line 29]

Assertion failed on expression: 'ShouldRunBehaviour()'
UnityEngine.Debug:ExtractStackTraceNoAlloc (byte*,int,string)
UnityEngine.StackTraceUtility:ExtractStackTrace () (at /Users/bokken/build/output/unity/unity/Runtime/Export/Scripting/StackTrace.cs:35)
UnityEngine.Component:SendMessage (string,object,UnityEngine.SendMessageOptions)
UnityEngine.Component:SendMessage (string) (at /Users/bokken/build/output/unity/unity/Runtime/Export/Scripting/Component.bindings.cs:248)
AreaBattle.EditorTools.OutgameGuideBookBrowseValidation/Fixture:.ctor (bool) (at Assets/AreaBattle/Editor/OutgameGuideBookBrowseValidation.cs:29)
AreaBattle.EditorTools.OutgameGuideBookBrowseValidation/<>c:<Run>b__4_5 () (at Assets/AreaBattle/Editor/OutgameGuideBookBrowseValidation.cs:95)
AreaBattle.EditorTools.OutgameGuideBookBrowseValidation/<>c__DisplayClass4_0:<Run>b__0 (string,System.Action) (at Assets/AreaBattle/Editor/OutgameGuideBookBrowseValidation.cs:48)
AreaBattle.EditorTools.OutgameGuideBookBrowseValidation:Run () (at Assets/AreaBattle/Editor/OutgameGuideBookBrowseValidation.cs:94)
AreaBattle.EditorTools.OutgameGuideBookBrowseValidation:Validate () (at Assets/AreaBattle/Editor/OutgameGuideBookBrowseValidation.cs:114)

[Assets/AreaBattle/Editor/OutgameGuideBookBrowseValidation.cs line 29]

Assertion failed on expression: 'ShouldRunBehaviour()'
UnityEngine.Debug:ExtractStackTraceNoAlloc (byte*,int,string)
UnityEngine.StackTraceUtility:ExtractStackTrace () (at /Users/bokken/build/output/unity/unity/Runtime/Export/Scripting/StackTrace.cs:35)
UnityEngine.Component:SendMessage (string,object,UnityEngine.SendMessageOptions)
UnityEngine.Component:SendMessage (string) (at /Users/bokken/build/output/unity/unity/Runtime/Export/Scripting/Component.bindings.cs:248)
AreaBattle.EditorTools.OutgameGuideBookBrowseValidation/Fixture:.ctor (bool) (at Assets/AreaBattle/Editor/OutgameGuideBookBrowseValidation.cs:29)
AreaBattle.EditorTools.OutgameGuideBookBrowseValidation/<>c:<Run>b__4_5 () (at Assets/AreaBattle/Editor/OutgameGuideBookBrowseValidation.cs:95)
AreaBattle.EditorTools.OutgameGuideBookBrowseValidation/<>c__DisplayClass4_0:<Run>b__0 (string,System.Action) (at Assets/AreaBattle/Editor/OutgameGuideBookBrowseValidation.cs:48)
AreaBattle.EditorTools.OutgameGuideBookBrowseValidation:Run () (at Assets/AreaBattle/Editor/OutgameGuideBookBrowseValidation.cs:94)
AreaBattle.EditorTools.OutgameGuideBookBrowseValidation:Validate () (at Assets/AreaBattle/Editor/OutgameGuideBookBrowseValidation.cs:114)

[Assets/AreaBattle/Editor/OutgameGuideBookBrowseValidation.cs line 29]

Assertion failed on expression: 'ShouldRunBehaviour()'
UnityEngine.Debug:ExtractStackTraceNoAlloc (byte*,int,string)
UnityEngine.StackTraceUtility:ExtractStackTrace () (at /Users/bokken/build/output/unity/unity/Runtime/Export/Scripting/StackTrace.cs:35)
UnityEngine.Component:SendMessage (string,object,UnityEngine.SendMessageOptions)
UnityEngine.Component:SendMessage (string) (at /Users/bokken/build/output/unity/unity/Runtime/Export/Scripting/Component.bindings.cs:248)
AreaBattle.EditorTools.OutgameGuideBookBrowseValidation/Fixture:.ctor (bool) (at Assets/AreaBattle/Editor/OutgameGuideBookBrowseValidation.cs:29)
AreaBattle.EditorTools.OutgameGuideBookBrowseValidation/<>c:<Run>b__4_5 () (at Assets/AreaBattle/Editor/OutgameGuideBookBrowseValidation.cs:95)
AreaBattle.EditorTools.OutgameGuideBookBrowseValidation/<>c__DisplayClass4_0:<Run>b__0 (string,System.Action) (at Assets/AreaBattle/Editor/OutgameGuideBookBrowseValidation.cs:48)
AreaBattle.EditorTools.OutgameGuideBookBrowseValidation:Run () (at Assets/AreaBattle/Editor/OutgameGuideBookBrowseValidation.cs:94)
AreaBattle.EditorTools.OutgameGuideBookBrowseValidation:Validate () (at Assets/AreaBattle/Editor/OutgameGuideBookBrowseValidation.cs:114)

[Assets/AreaBattle/Editor/OutgameGuideBookBrowseValidation.cs line 29]

Assertion failed on expression: 'ShouldRunBehaviour()'
UnityEngine.Debug:ExtractStackTraceNoAlloc (byte*,int,string)
UnityEngine.StackTraceUtility:ExtractStackTrace () (at /Users/bokken/build/output/unity/unity/Runtime/Export/Scripting/StackTrace.cs:35)
UnityEngine.Component:SendMessage (string,object,UnityEngine.SendMessageOptions)
UnityEngine.Component:SendMessage (string) (at /Users/bokken/build/output/unity/unity/Runtime/Export/Scripting/Component.bindings.cs:248)
AreaBattle.EditorTools.OutgameGuideBookBrowseValidation/<>c:<Run>b__4_5 () (at Assets/AreaBattle/Editor/OutgameGuideBookBrowseValidation.cs:96)
AreaBattle.EditorTools.OutgameGuideBookBrowseValidation/<>c__DisplayClass4_0:<Run>b__0 (string,System.Action) (at Assets/AreaBattle/Editor/OutgameGuideBookBrowseValidation.cs:48)
AreaBattle.EditorTools.OutgameGuideBookBrowseValidation:Run () (at Assets/AreaBattle/Editor/OutgameGuideBookBrowseValidation.cs:94)
AreaBattle.EditorTools.OutgameGuideBookBrowseValidation:Validate () (at Assets/AreaBattle/Editor/OutgameGuideBookBrowseValidation.cs:114)

[Assets/AreaBattle/Editor/OutgameGuideBookBrowseValidation.cs line 96]

Assertion failed on expression: 'ShouldRunBehaviour()'
UnityEngine.Debug:ExtractStackTraceNoAlloc (byte*,int,string)
UnityEngine.StackTraceUtility:ExtractStackTrace () (at /Users/bokken/build/output/unity/unity/Runtime/Export/Scripting/StackTrace.cs:35)
UnityEngine.Component:SendMessage (string,object,UnityEngine.SendMessageOptions)
UnityEngine.Component:SendMessage (string) (at /Users/bokken/build/output/unity/unity/Runtime/Export/Scripting/Component.bindings.cs:248)
AreaBattle.EditorTools.OutgameGuideBookBrowseValidation/Fixture:.ctor (bool) (at Assets/AreaBattle/Editor/OutgameGuideBookBrowseValidation.cs:29)
AreaBattle.EditorTools.OutgameGuideBookBrowseValidation/<>c:<Run>b__4_6 () (at Assets/AreaBattle/Editor/OutgameGuideBookBrowseValidation.cs:106)
AreaBattle.EditorTools.OutgameGuideBookBrowseValidation/<>c__DisplayClass4_0:<Run>b__0 (string,System.Action) (at Assets/AreaBattle/Editor/OutgameGuideBookBrowseValidation.cs:48)
AreaBattle.EditorTools.OutgameGuideBookBrowseValidation:Run () (at Assets/AreaBattle/Editor/OutgameGuideBookBrowseValidation.cs:105)
AreaBattle.EditorTools.OutgameGuideBookBrowseValidation:Validate () (at Assets/AreaBattle/Editor/OutgameGuideBookBrowseValidation.cs:114)

[Assets/AreaBattle/Editor/OutgameGuideBookBrowseValidation.cs line 29]

Assertion failed on expression: 'ShouldRunBehaviour()'
UnityEngine.Debug:ExtractStackTraceNoAlloc (byte*,int,string)
UnityEngine.StackTraceUtility:ExtractStackTrace () (at /Users/bokken/build/output/unity/unity/Runtime/Export/Scripting/StackTrace.cs:35)
UnityEngine.Component:SendMessage (string,object,UnityEngine.SendMessageOptions)
UnityEngine.Component:SendMessage (string) (at /Users/bokken/build/output/unity/unity/Runtime/Export/Scripting/Component.bindings.cs:248)
AreaBattle.EditorTools.OutgameGuideBookBrowseValidation/Fixture:.ctor (bool) (at Assets/AreaBattle/Editor/OutgameGuideBookBrowseValidation.cs:29)
AreaBattle.EditorTools.OutgameGuideBookBrowseValidation/<>c:<Run>b__4_6 () (at Assets/AreaBattle/Editor/OutgameGuideBookBrowseValidation.cs:106)
AreaBattle.EditorTools.OutgameGuideBookBrowseValidation/<>c__DisplayClass4_0:<Run>b__0 (string,System.Action) (at Assets/AreaBattle/Editor/OutgameGuideBookBrowseValidation.cs:48)
AreaBattle.EditorTools.OutgameGuideBookBrowseValidation:Run () (at Assets/AreaBattle/Editor/OutgameGuideBookBrowseValidation.cs:105)
AreaBattle.EditorTools.OutgameGuideBookBrowseValidation:Validate () (at Assets/AreaBattle/Editor/OutgameGuideBookBrowseValidation.cs:114)

[Assets/AreaBattle/Editor/OutgameGuideBookBrowseValidation.cs line 29]

Assertion failed on expression: 'ShouldRunBehaviour()'
UnityEngine.Debug:ExtractStackTraceNoAlloc (byte*,int,string)
UnityEngine.StackTraceUtility:ExtractStackTrace () (at /Users/bokken/build/output/unity/unity/Runtime/Export/Scripting/StackTrace.cs:35)
UnityEngine.Component:SendMessage (string,object,UnityEngine.SendMessageOptions)
UnityEngine.Component:SendMessage (string) (at /Users/bokken/build/output/unity/unity/Runtime/Export/Scripting/Component.bindings.cs:248)
AreaBattle.EditorTools.OutgameGuideBookBrowseValidation/Fixture:.ctor (bool) (at Assets/AreaBattle/Editor/OutgameGuideBookBrowseValidation.cs:29)
AreaBattle.EditorTools.OutgameGuideBookBrowseValidation/<>c:<Run>b__4_6 () (at Assets/AreaBattle/Editor/OutgameGuideBookBrowseValidation.cs:106)
AreaBattle.EditorTools.OutgameGuideBookBrowseValidation/<>c__DisplayClass4_0:<Run>b__0 (string,System.Action) (at Assets/AreaBattle/Editor/OutgameGuideBookBrowseValidation.cs:48)
AreaBattle.EditorTools.OutgameGuideBookBrowseValidation:Run () (at Assets/AreaBattle/Editor/OutgameGuideBookBrowseValidation.cs:105)
AreaBattle.EditorTools.OutgameGuideBookBrowseValidation:Validate () (at Assets/AreaBattle/Editor/OutgameGuideBookBrowseValidation.cs:114)

[Assets/AreaBattle/Editor/OutgameGuideBookBrowseValidation.cs line 29]

Curl error 42: Callback aborted
Request timed out while processing request "https://public-cdn.cloud.unity3d.com/config/production", HTTP error code 0
.[UnityConnect] Request timed out.
Thread 0x16ffff000 may have been prematurely finalized
Input System module state changed to: ShutdownInProgress.
Input System polling thread exited.
Input System module state changed to: Shutdown.
[Physics::Module] Cleanup current backend.
[Physics::Module] Id: 0xf2b8ea05
[Licensing::IpcConnector] LicenseClient-mt-notifications channel disconnected successfully.
[Licensing::IpcConnector] LicenseClient-mt channel disconnected successfully.
Thread 0x170833000 may have been prematurely finalized
Thread 0x1708bf000 may have been prematurely finalized
AcceleratorClientConnectionCallback - disconnected - :0
[40m[32minfo[39m[22m[49m: Microsoft.Hosting.Lifetime[0]
      Application is shutting down...
Cleanup mono
debugger-agent: Unable to listen on 42
[usbmuxd] Stop listen thread
[usbmuxd] Error: 
[usbmuxd] Listen thread exiting
