[Licensing::Module] Trying to connect to existing licensing client channel...
Built from '6000.0/staging' branch; Version is '6000.0.68f1 (e1e9baaf294b) revision 14805434'; Using compiler version '193933523'; Build Type 'Release'
OS: 'Windows 10  (10.0.19045) 64bit Professional' Language: 'zh' Physical Memory: 65325 MB
BatchMode: 0, IsHumanControllingUs: 1, StartBugReporterOnCrash: 1, Is64bit: 1
System  architecture: x64
Process architecture: x64
[Licensing::IpcConnector] Channel LicenseClient-jiachengwei doesn't exist
Date: 2026-09-30T05:03:09Z
[Licensing::Module] Successfully launched the LicensingClient (PId: 68780)

COMMAND LINE ARGUMENTS:
C:\Program Files\Unity\Hub\Editor\6000.0.68f1\Editor\Unity.exe
-projectPath
E:/Projects/AreaBattle/UnityProject
-executeMethod
AreaBattle.EditorTools.OutgameFirstPackStartupValidation.Run
-logFile
E:/Projects/AreaBattle/analysis/main-config-native-startup.log
Successfully changed project path to: E:/Projects/AreaBattle/UnityProject
E:/Projects/AreaBattle/UnityProject
[UnityMemory] Configuration Parameters - Can be set up in boot.config
    "memorysetup-bucket-allocator-granularity=16"
    "memorysetup-bucket-allocator-bucket-count=8"
    "memorysetup-bucket-allocator-block-size=33554432"
    "memorysetup-bucket-allocator-block-count=8"
    "memorysetup-main-allocator-block-size=16777216"
    "memorysetup-thread-allocator-block-size=16777216"
    "memorysetup-gfx-main-allocator-block-size=16777216"
    "memorysetup-gfx-thread-allocator-block-size=16777216"
    "memorysetup-cache-allocator-block-size=4194304"
    "memorysetup-typetree-allocator-block-size=2097152"
    "memorysetup-profiler-bucket-allocator-granularity=16"
    "memorysetup-profiler-bucket-allocator-bucket-count=8"
    "memorysetup-profiler-bucket-allocator-block-size=33554432"
    "memorysetup-profiler-bucket-allocator-block-count=8"
    "memorysetup-profiler-allocator-block-size=16777216"
    "memorysetup-profiler-editor-allocator-block-size=1048576"
    "memorysetup-temp-allocator-size-main=16777216"
    "memorysetup-job-temp-allocator-block-size=2097152"
    "memorysetup-job-temp-allocator-block-size-background=1048576"
    "memorysetup-job-temp-allocator-reduction-small-platforms=262144"
    "memorysetup-allocator-temp-initial-block-size-main=262144"
    "memorysetup-allocator-temp-initial-block-size-worker=262144"
    "memorysetup-temp-allocator-size-background-worker=32768"
    "memorysetup-temp-allocator-size-job-worker=262144"
    "memorysetup-temp-allocator-size-preload-manager=33554432"
    "memorysetup-temp-allocator-size-nav-mesh-worker=65536"
    "memorysetup-temp-allocator-size-audio-worker=65536"
    "memorysetup-temp-allocator-size-cloud-worker=32768"
    "memorysetup-temp-allocator-size-gi-baking-worker=262144"
    "memorysetup-temp-allocator-size-gi-baking-worker=262144"
    "memorysetup-temp-allocator-size-gi-baking-worker=262144"
    "memorysetup-temp-allocator-size-gi-baking-worker=262144"
    "memorysetup-temp-allocator-size-gi-baking-worker=262144"
    "memorysetup-temp-allocator-size-gfx=262144"
Player connection [64364]  Target information:

Player connection [64364]  * "[IP] 192.168.12.13 [Port] 55506 [Flags] 2 [Guid] 2435597392 [EditorId] 2435597392 [Version] 1048832 [Id] WindowsEditor(7,DESKTOP-H2NB5JD) [Debug] 1 [PackageName] WindowsEditor [ProjectName] Editor" 

Player connection [64364] Host joined multi-casting on [225.0.0.222:54997]...
Player connection [64364] Host joined alternative multi-casting on [225.0.0.222:34997]...
Input System module state changed to: Initialized.
[Physics::Module] Initialized fallback backend.
[Physics::Module] Id: 0xdecafbad
[Licensing::IpcConnector] Successfully connected to: "LicenseClient-jiachengwei" at "2026-09-30T05:03:09.8246177Z"
[Package Manager] Connected to IPC stream "Upm-62620" after 0.2 seconds.
Library Redirect Path: Library/
[Physics::Module] Selected backend.
[Physics::Module] Name: PhysX
[Physics::Module] Id: 0xf2b8ea05
[Physics::Module] SDK Version: 4.1.2
[Physics::Module] Integration Version: 1.0.0
[Physics::Module] Threading Mode: Multi-Threaded
Refreshing native plugins compatible for Editor in 0.00 ms, found 0 plugins.
Preloading 0 native plugins for Editor in 0.00 ms.
Initialize engine version: 6000.0.68f1 (e1e9baaf294b)
[Subsystems] Discovering subsystems at path C:/Program Files/Unity/Hub/Editor/6000.0.68f1/Editor/Data/Resources/UnitySubsystems
[Subsystems] Discovering subsystems at path E:/Projects/AreaBattle/UnityProject/Assets
kGfxThreadingModeSplitJobs is not supported on Direct3D 11. Reverting to kGfxThreadingModeThreaded instead.
GfxDevice: creating device client; kGfxThreadingModeThreaded
Direct3D:
    Version:  Direct3D 11.0 [level 11.1]
    Renderer: NVIDIA GeForce RTX 3070 (ID=0x2488)
    Vendor:   NVIDIA
    VRAM:     8018 MB
    Driver:   32.0.15.8180
Initialize mono
Mono path[0] = 'C:/Program Files/Unity/Hub/Editor/6000.0.68f1/Editor/Data/Managed'
Mono path[1] = 'C:/Program Files/Unity/Hub/Editor/6000.0.68f1/Editor/Data/MonoBleedingEdge/lib/mono/unityjit-win32'
Mono config path = 'C:/Program Files/Unity/Hub/Editor/6000.0.68f1/Editor/Data/MonoBleedingEdge/etc'
Using monoOptions --debugger-agent=transport=dt_socket,embedding=1,server=y,suspend=n,address=127.0.0.1:56620
Using cacheserver namespaces - metadata:defaultmetadata, artifacts:defaultartifacts
Using cacheserver namespaces - metadata:defaultmetadata, artifacts:defaultartifacts
ImportWorker Server TCP listen port: 0
AcceleratorClientConnectionCallback - disconnected - :0
Begin MonoManager ReloadAssembly
Registering precompiled unity dll's ...
Register platform support module: C:/Program Files/Unity/Hub/Editor/6000.0.68f1/Editor/Data/PlaybackEngines/WindowsStandaloneSupport/UnityEditor.WindowsStandalone.Extensions.dll
[Licensing::Module] Licensing is not yet initialized.
[Licensing::Client] Code 3 while verifying Licensing Client signature (process Id: 68780, path: "C:/Program Files/Unity/Hub/Editor/6000.0.68f1/Editor/Data/Resources/Licensing/Client/Unity.Licensing.Client.exe")
[Licensing::Module] LicensingClient has failed validation; ignoring
[Licensing::Client] Handshaking with LicensingClient:
  Version:                 1.17.4+4293ba1
  Session Id:              08be4edef04847319755e92a4186349b
  Correlation Id:          ddf5e5badf0b5ad0798ade2041df06d5
  External correlation Id: 2286866545455513176
  Machine Id:              3p6oMs+43/WdnrC1KMiUwDuKzu8=
[Licensing::Module] Successfully connected to LicensingClient on channel: "LicenseClient-jiachengwei" (connect: 0.25s, validation: 0.09s, handshake: 0.57s)
[Licensing::IpcConnector] Successfully connected to: "LicenseClient-jiachengwei-notifications" at "2026-09-30T05:03:10.4808229Z"
[Licensing::Module] Connected to LicensingClient (PId: 68780, launch time: 0.00, total connection time: 0.90s)
[Licensing::Module] Error: Access token is unavailable; failed to update
[Licensing::Client] Successfully resolved entitlement details
[Licensing::Module] License group:
  Id: 00-0000-0000-0000-0000-XXXX
  Product: Unity Pro
  Type: ULF
  Expiration: Unlimited
[Licensing::Client] Successfully updated license, isAsync: True, time: 0.01
[Licensing::Client] Successfully resolved entitlement details
[Licensing::Module] Licensing Background thread has ended after 0.92s
[Licensing::Module] Licensing is initialized (took 0.22s).
[Licensing::Client] Successfully resolved entitlement details
Register platform support module: C:/Program Files/Unity/Hub/Editor/6000.0.68f1/Editor/Data/PlaybackEngines/AndroidPlayer/UnityEditor.Android.Extensions.dll
Registered in 0.221683 seconds.
- Loaded All Assemblies, in  0.461 seconds
Native extension for Android target not found
Native extension for WindowsStandalone target not found
Package Manager log level set to [2]
Mono: successfully reloaded assembly
- Finished resetting the current domain, in  0.244 seconds
Domain Reload Profiling: 704ms
	BeginReloadAssembly (79ms)
		ExecutionOrderSort (0ms)
		DisableScriptedObjects (0ms)
		BackupInstance (0ms)
		ReleaseScriptingObjects (0ms)
		CreateAndSetChildDomain (0ms)
	RebuildCommonClasses (23ms)
	RebuildNativeTypeToScriptingClass (8ms)
	initialDomainReloadingComplete (250ms)
	LoadAllAssembliesAndSetupDomain (101ms)
		LoadAssemblies (77ms)
		RebuildTransferFunctionScriptingTraits (0ms)
		AnalyzeDomain (98ms)
			TypeCache.Refresh (97ms)
				TypeCache.ScanAssembly (89ms)
			BuildScriptInfoCaches (0ms)
			ResolveRequiredComponents (0ms)
	FinalizeReload (245ms)
		ReleaseScriptCaches (0ms)
		RebuildScriptCaches (0ms)
		SetupLoadedEditorAssemblies (224ms)
			LogAssemblyErrors (0ms)
			InitializePlatformSupportModulesInManaged (75ms)
			SetLoadedEditorAssemblies (3ms)
			BeforeProcessingInitializeOnLoad (36ms)
			ProcessInitializeOnLoadAttributes (71ms)
			ProcessInitializeOnLoadMethodAttributes (39ms)
			AfterProcessingInitializeOnLoad (0ms)
			EditorAssembliesLoaded (0ms)
		ExecutionOrderSort2 (0ms)
		AwakeInstancesAfterBackupRestoration (0ms)
[Licensing::Client] Successfully resolved entitlement details
Application.AssetDatabase Initial Refresh Start
[Package Manager] Restoring resolved packages state from cache
[Licensing::Client] Successfully resolved entitlement details
[Package Manager] Registered 36 packages:
  Built-in packages:
    com.unity.ugui@2.0.0 (location: E:\Projects\AreaBattle\UnityProject\Library\PackageCache\com.unity.ugui@cec3688a7c38)
    com.unity.multiplayer.center@1.0.0 (location: E:\Projects\AreaBattle\UnityProject\Library\PackageCache\com.unity.multiplayer.center@f3fb577b3546)
    com.unity.modules.accessibility@1.0.0 (location: E:\Projects\AreaBattle\UnityProject\Library\PackageCache\com.unity.modules.accessibility)
    com.unity.modules.ai@1.0.0 (location: E:\Projects\AreaBattle\UnityProject\Library\PackageCache\com.unity.modules.ai)
    com.unity.modules.androidjni@1.0.0 (location: E:\Projects\AreaBattle\UnityProject\Library\PackageCache\com.unity.modules.androidjni)
    com.unity.modules.animation@1.0.0 (location: E:\Projects\AreaBattle\UnityProject\Library\PackageCache\com.unity.modules.animation)
    com.unity.modules.assetbundle@1.0.0 (location: E:\Projects\AreaBattle\UnityProject\Library\PackageCache\com.unity.modules.assetbundle)
    com.unity.modules.audio@1.0.0 (location: E:\Projects\AreaBattle\UnityProject\Library\PackageCache\com.unity.modules.audio)
    com.unity.modules.cloth@1.0.0 (location: E:\Projects\AreaBattle\UnityProject\Library\PackageCache\com.unity.modules.cloth)
    com.unity.modules.director@1.0.0 (location: E:\Projects\AreaBattle\UnityProject\Library\PackageCache\com.unity.modules.director)
    com.unity.modules.imageconversion@1.0.0 (location: E:\Projects\AreaBattle\UnityProject\Library\PackageCache\com.unity.modules.imageconversion)
    com.unity.modules.imgui@1.0.0 (location: E:\Projects\AreaBattle\UnityProject\Library\PackageCache\com.unity.modules.imgui)
    com.unity.modules.jsonserialize@1.0.0 (location: E:\Projects\AreaBattle\UnityProject\Library\PackageCache\com.unity.modules.jsonserialize)
    com.unity.modules.particlesystem@1.0.0 (location: E:\Projects\AreaBattle\UnityProject\Library\PackageCache\com.unity.modules.particlesystem)
    com.unity.modules.physics@1.0.0 (location: E:\Projects\AreaBattle\UnityProject\Library\PackageCache\com.unity.modules.physics)
    com.unity.modules.physics2d@1.0.0 (location: E:\Projects\AreaBattle\UnityProject\Library\PackageCache\com.unity.modules.physics2d)
    com.unity.modules.screencapture@1.0.0 (location: E:\Projects\AreaBattle\UnityProject\Library\PackageCache\com.unity.modules.screencapture)
    com.unity.modules.terrain@1.0.0 (location: E:\Projects\AreaBattle\UnityProject\Library\PackageCache\com.unity.modules.terrain)
    com.unity.modules.terrainphysics@1.0.0 (location: E:\Projects\AreaBattle\UnityProject\Library\PackageCache\com.unity.modules.terrainphysics)
    com.unity.modules.tilemap@1.0.0 (location: E:\Projects\AreaBattle\UnityProject\Library\PackageCache\com.unity.modules.tilemap)
    com.unity.modules.ui@1.0.0 (location: E:\Projects\AreaBattle\UnityProject\Library\PackageCache\com.unity.modules.ui)
    com.unity.modules.uielements@1.0.0 (location: E:\Projects\AreaBattle\UnityProject\Library\PackageCache\com.unity.modules.uielements)
    com.unity.modules.umbra@1.0.0 (location: E:\Projects\AreaBattle\UnityProject\Library\PackageCache\com.unity.modules.umbra)
    com.unity.modules.unityanalytics@1.0.0 (location: E:\Projects\AreaBattle\UnityProject\Library\PackageCache\com.unity.modules.unityanalytics)
    com.unity.modules.unitywebrequest@1.0.0 (location: E:\Projects\AreaBattle\UnityProject\Library\PackageCache\com.unity.modules.unitywebrequest)
    com.unity.modules.unitywebrequestassetbundle@1.0.0 (location: E:\Projects\AreaBattle\UnityProject\Library\PackageCache\com.unity.modules.unitywebrequestassetbundle)
    com.unity.modules.unitywebrequestaudio@1.0.0 (location: E:\Projects\AreaBattle\UnityProject\Library\PackageCache\com.unity.modules.unitywebrequestaudio)
    com.unity.modules.unitywebrequesttexture@1.0.0 (location: E:\Projects\AreaBattle\UnityProject\Library\PackageCache\com.unity.modules.unitywebrequesttexture)
    com.unity.modules.unitywebrequestwww@1.0.0 (location: E:\Projects\AreaBattle\UnityProject\Library\PackageCache\com.unity.modules.unitywebrequestwww)
    com.unity.modules.vehicles@1.0.0 (location: E:\Projects\AreaBattle\UnityProject\Library\PackageCache\com.unity.modules.vehicles)
    com.unity.modules.video@1.0.0 (location: E:\Projects\AreaBattle\UnityProject\Library\PackageCache\com.unity.modules.video)
    com.unity.modules.vr@1.0.0 (location: E:\Projects\AreaBattle\UnityProject\Library\PackageCache\com.unity.modules.vr)
    com.unity.modules.wind@1.0.0 (location: E:\Projects\AreaBattle\UnityProject\Library\PackageCache\com.unity.modules.wind)
    com.unity.modules.xr@1.0.0 (location: E:\Projects\AreaBattle\UnityProject\Library\PackageCache\com.unity.modules.xr)
    com.unity.modules.subsystems@1.0.0 (location: E:\Projects\AreaBattle\UnityProject\Library\PackageCache\com.unity.modules.subsystems)
    com.unity.modules.hierarchycore@1.0.0 (location: E:\Projects\AreaBattle\UnityProject\Library\PackageCache\com.unity.modules.hierarchycore)
[Subsystems] No new subsystems found in resolved package list.
[Package Manager] Done registering packages in 0.01 seconds
Starting: C:\Program Files\Unity\Hub\Editor\6000.0.68f1\Editor\Data\bee_backend.exe --ipc --defer-dag-verification --dagfile="Library/Bee/1900b0aEDbg.dag" --continue-on-failure --profile="Library/Bee/backend1.traceevents" ScriptAssemblies
WorkingDir: E:/Projects/AreaBattle/UnityProject
Starting: C:\Program Files\Unity\Hub\Editor\6000.0.68f1\Editor\Data\Tools\netcorerun\netcorerun.exe "C:\Program Files\Unity\Hub\Editor\6000.0.68f1\Editor\Data\Tools\BuildPipeline\ScriptCompilationBuildProgram.exe" "Library/Bee/1900b0aEDbg.dag.json" "Library/Bee/1900b0aEDbg-inputdata.json" "Library\Bee\buildprogram0.traceevents"
WorkingDir: E:/Projects/AreaBattle/UnityProject
ExitCode: 4 Duration: 0s61ms
Rebuilding DAG because FileSignature timestamp changed: Library/Bee/1900b0aEDbg-inputdata.json
*** Tundra requires additional run (0.04 seconds), 0 items updated, 213 evaluated
ExitCode: 0 Duration: 0s171ms
Starting: C:\Program Files\Unity\Hub\Editor\6000.0.68f1\Editor\Data\bee_backend.exe --ipc --defer-dag-verification --dagfile="Library/Bee/1900b0aEDbg.dag" --continue-on-failure --dagfilejson="Library\Bee\1900b0aEDbg.dag.json" --profile="Library/Bee/backend2.traceevents" ScriptAssemblies
WorkingDir: E:/Projects/AreaBattle/UnityProject
ExitCode: 0 Duration: 0s34ms
Finished compiling graph: 216 nodes, 1871 flattened edges (1751 ToBuild, 20 ToUse), maximum node priority 104
*** Tundra build success (0.02 seconds), 0 items updated, 213 evaluated
AssetDatabase: script compilation time: 0.598470s
Begin MonoManager ReloadAssembly
- Loaded All Assemblies, in  0.296 seconds
Refreshing native plugins compatible for Editor in 0.00 ms, found 0 plugins.
Native extension for Android target not found
Native extension for WindowsStandalone target not found
Mono: successfully reloaded assembly
- Finished resetting the current domain, in  0.260 seconds
Domain Reload Profiling: 555ms
	BeginReloadAssembly (219ms)
		ExecutionOrderSort (0ms)
		DisableScriptedObjects (8ms)
		BackupInstance (0ms)
		ReleaseScriptingObjects (0ms)
		CreateAndSetChildDomain (131ms)
	RebuildCommonClasses (23ms)
	RebuildNativeTypeToScriptingClass (7ms)
	initialDomainReloadingComplete (13ms)
	LoadAllAssembliesAndSetupDomain (33ms)
		LoadAssemblies (65ms)
		RebuildTransferFunctionScriptingTraits (0ms)
		AnalyzeDomain (27ms)
			TypeCache.Refresh (19ms)
				TypeCache.ScanAssembly (14ms)
			BuildScriptInfoCaches (4ms)
			ResolveRequiredComponents (4ms)
	FinalizeReload (260ms)
		ReleaseScriptCaches (0ms)
		RebuildScriptCaches (0ms)
		SetupLoadedEditorAssemblies (180ms)
			LogAssemblyErrors (0ms)
			InitializePlatformSupportModulesInManaged (21ms)
			SetLoadedEditorAssemblies (2ms)
			BeforeProcessingInitializeOnLoad (64ms)
			ProcessInitializeOnLoadAttributes (74ms)
			ProcessInitializeOnLoadMethodAttributes (15ms)
			AfterProcessingInitializeOnLoad (3ms)
			EditorAssembliesLoaded (0ms)
		ExecutionOrderSort2 (0ms)
		AwakeInstancesAfterBackupRestoration (6ms)
Asset Pipeline Refresh (id=8eedbaaf8efab1045979990ea33ee170): Total: 1.354 seconds - Initiated by InitialRefreshV2(ForceSynchronousImport)
	Summary:
		Imports: total=0 (actual=0, local cache=0, cache server=0)
		Asset DB Process Time: managed=0 ms, native=424 ms
		Asset DB Callback time: managed=8 ms, native=11 ms
		Scripting: domain reloads=1, domain reload time=297 ms, compile time=600 ms, other=11 ms
		Project Asset Count: scripts=347, non-scripts=2125
		Asset File Changes: new=0, changed=0, moved=0, deleted=0
		Scan Filter Count: 0
	InvokeCustomDependenciesCallbacks: 0.001ms
	InvokePackagesCallback: 12.510ms
	ApplyChangesToAssetFolders: 0.294ms
	Scan: 87.247ms
	OnSourceAssetsModified: 0.001ms
	CategorizeAssetsWithTransientArtifact: 1.945ms
	ProcessAssetsWithTransientArtifactChanges: 8.544ms
	CategorizeAssets: 12.092ms
	ImportOutOfDateAssets: 261.112ms (-338.905ms without children)
		CompileScripts: 599.612ms
		ReloadNativeAssets: 0.000ms
		UnloadImportedAssets: 0.072ms
		EnsureUptoDateAssetsAreRegisteredWithGuidPM: 0.171ms
		InitializingProgressBar: 0.000ms
		PostProcessAllAssetNotificationsAddChangedAssets: 0.000ms
		OnDemandSchedulerStart: 0.162ms
	PostProcessAllAssets: 8.889ms
	GatherAllCurrentPrimaryArtifactRevisions: 0.001ms
	UnloadStreamsBegin: 0.987ms
	PersistCurrentRevisions: 0.056ms
	UnloadStreamsEnd: 0.001ms
	GenerateScriptTypeHashes: 1.039ms
	Untracked: 960.710ms

Application.AssetDatabase Initial Refresh End
Scanning for USB devices : 5.484ms
Initializing Unity extensions:
[MODES] ModeService[none].Initialize
[MODES] ModeService[none].LoadModes
[MODES] Loading mode Default (0) for mode-current-id-AreaBattle
Unloading 25 Unused Serialized files (Serialized files now loaded: 0)
Unloading 863 unused Assets / (2.6 MB). Loaded Objects now: 1406.
Memory consumption went from 135.8 MB to 133.3 MB.
Total: 3.418500 ms (FindLiveObjects: 0.060500 ms CreateObjectMapping: 0.017600 ms MarkObjects: 2.484000 ms  DeleteObjects: 0.855800 ms)

[LAYOUT] About to load UserSettings\Layouts\default-6000.dwlt, keepMainWindow=False
[LAYOUT] About to save layout E:\Projects\AreaBattle\UnityProject\UserSettings\Layouts\default-6000.dwlt
[LAYOUT] About to save layout C:/Users/jiachengwei/AppData/Roaming/Unity/Editor-5.x/Preferences\Layouts\current\default-6000.dwlt
[MODES] ModeService[default].InitializeCurrentMode
[MODES] ModeService[default].RaiseModeChanged(default, default)
Launched and connected shader compiler UnityShaderCompiler.exe after 0.01 seconds
Unloading 4 Unused Serialized files (Serialized files now loaded: 0)
Unloading 0 unused Assets / (40.0 KB). Loaded Objects now: 2311.
Memory consumption went from 285.8 MB to 285.7 MB.
Total: 6.208700 ms (FindLiveObjects: 0.107300 ms CreateObjectMapping: 0.015200 ms MarkObjects: 6.081000 ms  DeleteObjects: 0.004600 ms)

<RI> Initializing input.
<RI> Input initialized.
[Project] Loading completed in 4.617 seconds
	Project init time: 				2.881 seconds
		Template init time: 		0.000 seconds
		Package Manager init time: 		0.231 seconds
		Asset Database init time: 		0.078 seconds
		Global illumination init time: 	0.002 seconds
		Assemblies load time: 			0.718 seconds
		Unity extensions init time: 	0.003 seconds
		Asset Database refresh time: 	1.356 seconds
	Scene opening time: 			1.507 seconds
##utp:{"type":"ProjectInfo","version":2,"phase":"Immediate","time":1790744593989,"processId":62620,"projectLoad":4.6170424,"projectInit":2.8807898,"templateInit":0.0,"packageManagerInit":0.2314285,"assetDatabaseInit":0.0777223,"globalIlluminationInit":0.0020367,"assembliesLoad":0.7178469,"unityExtensionsInit":0.0034284,"assetDatabaseRefresh":1.3555431,"sceneOpening":1.507003}
##utp:{"type":"EditorInfo","version":2,"phase":"Immediate","time":1790744593989,"processId":62620,"editorVersion":"6000.0.68f1 (e1e9baaf294b)","branch":"6000.0/staging","buildType":"Release","platform":"Windows"}
Reloading assemblies for play mode.
Reloading assemblies after forced synchronous recompile.
Begin MonoManager ReloadAssembly
- Loaded All Assemblies, in  0.231 seconds
Refreshing native plugins compatible for Editor in 0.00 ms, found 0 plugins.
Native extension for Android target not found
Native extension for WindowsStandalone target not found
[MODES] ModeService[none].Initialize
[MODES] ModeService[none].LoadModes
Mono: successfully reloaded assembly
- Finished resetting the current domain, in  0.675 seconds
Domain Reload Profiling: 904ms
	BeginReloadAssembly (165ms)
		ExecutionOrderSort (0ms)
		DisableScriptedObjects (43ms)
		BackupInstance (0ms)
		ReleaseScriptingObjects (0ms)
		CreateAndSetChildDomain (36ms)
	RebuildCommonClasses (22ms)
	RebuildNativeTypeToScriptingClass (8ms)
	initialDomainReloadingComplete (13ms)
	LoadAllAssembliesAndSetupDomain (21ms)
		LoadAssemblies (67ms)
		RebuildTransferFunctionScriptingTraits (0ms)
		AnalyzeDomain (15ms)
			TypeCache.Refresh (2ms)
				TypeCache.ScanAssembly (0ms)
			BuildScriptInfoCaches (10ms)
			ResolveRequiredComponents (2ms)
	FinalizeReload (675ms)
		ReleaseScriptCaches (0ms)
		RebuildScriptCaches (0ms)
		SetupLoadedEditorAssemblies (164ms)
			LogAssemblyErrors (0ms)
			InitializePlatformSupportModulesInManaged (19ms)
			SetLoadedEditorAssemblies (2ms)
			BeforeProcessingInitializeOnLoad (60ms)
			ProcessInitializeOnLoadAttributes (61ms)
			ProcessInitializeOnLoadMethodAttributes (17ms)
			AfterProcessingInitializeOnLoad (4ms)
			EditorAssembliesLoaded (0ms)
		ExecutionOrderSort2 (0ms)
		AwakeInstancesAfterBackupRestoration (327ms)
Asset Pipeline Refresh (id=68143b5d252d50248b848b841568a32f): Total: 0.943 seconds - Initiated by StopAssetImportingV2(ForceSynchronousImport | ForceDomainReload)
	Summary:
		Imports: total=0 (actual=0, local cache=0, cache server=0)
		Asset DB Process Time: managed=0 ms, native=700 ms
		Asset DB Callback time: managed=6 ms, native=0 ms
		Scripting: domain reloads=1, domain reload time=235 ms, compile time=1 ms, other=0 ms
		Project Asset Count: scripts=347, non-scripts=2125
		Asset File Changes: new=0, changed=0, moved=0, deleted=0
		Scan Filter Count: 0
	InvokeCustomDependenciesCallbacks: 0.000ms
	InvokePackagesCallback: 0.702ms
	ApplyChangesToAssetFolders: 0.127ms
	Scan: 0.000ms
	OnSourceAssetsModified: 0.001ms
	CategorizeAssetsWithTransientArtifact: 0.001ms
	ProcessAssetsWithTransientArtifactChanges: 0.286ms
	CategorizeAssets: 9.835ms
	ImportOutOfDateAssets: 676.837ms (674.800ms without children)
		CompileScripts: 0.908ms
		CollectScriptTypesHashes: 0.002ms
		ReloadNativeAssets: 0.005ms
		UnloadImportedAssets: 0.812ms
		EnsureUptoDateAssetsAreRegisteredWithGuidPM: 0.183ms
		InitializingProgressBar: 0.000ms
		PostProcessAllAssetNotificationsAddChangedAssets: 0.000ms
		OnDemandSchedulerStart: 0.125ms
	PostProcessAllAssets: 6.809ms
	GatherAllCurrentPrimaryArtifactRevisions: 0.063ms
	UnloadStreamsBegin: 0.037ms
	PersistCurrentRevisions: 0.056ms
	UnloadStreamsEnd: 0.001ms
	GenerateScriptTypeHashes: 0.734ms
	Untracked: 248.483ms

Loaded scene 'Temp/__Backupscenes/0.backup'
	Deserialize:            0.223 ms
	Integration:            10.084 ms
	Integration of assets:  0.001 ms
	Thread Wait Time:       0.010 ms
	Total Operation Time:   10.318 ms
Asset Pipeline Refresh (id=40e7a5d936121774a9ff4c850fa85f13): Total: 0.009 seconds - Initiated by RefreshV2(NoUpdateAssetOptions)
Created GICache directory at C:/Users/jiachengwei/AppData/LocalLow/Unity/Caches/GiCache. Took: 0.007s, timestamps: [5.888 - 5.895]
加载firstpack
UnityEngine.Debug:ExtractStackTraceNoAlloc (byte*,int,string)
UnityEngine.StackTraceUtility:ExtractStackTrace ()
UnityEngine.DebugLogHandler:Internal_Log (UnityEngine.LogType,UnityEngine.LogOption,string,UnityEngine.Object)
UnityEngine.DebugLogHandler:LogFormat (UnityEngine.LogType,UnityEngine.Object,string,object[])
UnityEngine.Logger:Log (UnityEngine.LogType,object)
UnityEngine.Debug:Log (object)
AreaBattle.OutgameLegacyFirstPack/<Run>d__7:MoveNext () (at Assets/AreaBattle/Scripts/OutgameLegacyFirstPack.cs:42)
AreaBattle.EditorTools.OutgameFirstPackStartupValidation/<Guard>d__19:MoveNext () (at Assets/AreaBattle/Editor/OutgameFirstPackStartupValidation.cs:98)
UnityEngine.SetupCoroutine:InvokeMoveNext (System.Collections.IEnumerator,intptr)
UnityEngine.MonoBehaviour:StartCoroutineManaged2 (System.Collections.IEnumerator)
UnityEngine.MonoBehaviour:StartCoroutine (System.Collections.IEnumerator)
AreaBattle.EditorTools.OutgameFirstPackStartupValidation/<>c__DisplayClass16_0:<Start>b__3 (System.Collections.IEnumerator) (at Assets/AreaBattle/Editor/OutgameFirstPackStartupValidation.cs:35)
AreaBattle.EditorTools.OutgameFirstPackStartupValidation/<>c__DisplayClass17_0:<Startup>b__4 (System.Collections.IEnumerator) (at Assets/AreaBattle/Editor/OutgameFirstPackStartupValidation.cs:46)
AreaBattle.OutgameLegacyResourceInitialization:Initialize () (at Assets/AreaBattle/Scripts/OutgameLegacyResourceInitialization.cs:36)
AreaBattle.EditorTools.OutgameFirstPackStartupValidation/<Startup>d__17:MoveNext () (at Assets/AreaBattle/Editor/OutgameFirstPackStartupValidation.cs:47)
AreaBattle.EditorTools.OutgameFirstPackStartupValidation/<Guard>d__19:MoveNext () (at Assets/AreaBattle/Editor/OutgameFirstPackStartupValidation.cs:98)
UnityEngine.SetupCoroutine:InvokeMoveNext (System.Collections.IEnumerator,intptr)

(Filename: Assets/AreaBattle/Scripts/OutgameLegacyFirstPack.cs Line: 42)

ResourcesModule初始化完成
UnityEngine.Debug:ExtractStackTraceNoAlloc (byte*,int,string)
UnityEngine.StackTraceUtility:ExtractStackTrace ()
UnityEngine.DebugLogHandler:Internal_Log (UnityEngine.LogType,UnityEngine.LogOption,string,UnityEngine.Object)
UnityEngine.DebugLogHandler:LogFormat (UnityEngine.LogType,UnityEngine.Object,string,object[])
UnityEngine.Logger:Log (UnityEngine.LogType,object)
UnityEngine.Debug:Log (object)
AreaBattle.OutgameLegacyFirstPack/<Run>d__7:MoveNext () (at Assets/AreaBattle/Scripts/OutgameLegacyFirstPack.cs:48)
AreaBattle.EditorTools.OutgameFirstPackStartupValidation/<Guard>d__19:MoveNext () (at Assets/AreaBattle/Editor/OutgameFirstPackStartupValidation.cs:98)
UnityEngine.SetupCoroutine:InvokeMoveNext (System.Collections.IEnumerator,intptr)

(Filename: Assets/AreaBattle/Scripts/OutgameLegacyFirstPack.cs Line: 48)

当前分辨率比值：1.777778
UnityEngine.Debug:ExtractStackTraceNoAlloc (byte*,int,string)
UnityEngine.StackTraceUtility:ExtractStackTrace ()
UnityEngine.DebugLogHandler:Internal_Log (UnityEngine.LogType,UnityEngine.LogOption,string,UnityEngine.Object)
UnityEngine.DebugLogHandler:LogFormat (UnityEngine.LogType,UnityEngine.Object,string,object[])
UnityEngine.Logger:Log (UnityEngine.LogType,object)
UnityEngine.Debug:Log (object)
AreaBattle.OutgameCanvasAdaptation:Initialize () (at Assets/AreaBattle/Scripts/OutgameCanvasAdaptation.cs:33)
AreaBattle.OutgameCanvasAdaptive:Awake () (at Assets/AreaBattle/Scripts/OutgameCanvasAdaptive.cs:14)
UnityEngine.Object:Internal_CloneSingle (UnityEngine.Object)
UnityEngine.Object:Instantiate<UnityEngine.GameObject> (UnityEngine.GameObject)
AreaBattle.EditorTools.OutgameFirstPackStartupValidation/<Startup>d__17:MoveNext () (at Assets/AreaBattle/Editor/OutgameFirstPackStartupValidation.cs:57)
AreaBattle.EditorTools.OutgameFirstPackStartupValidation/<Guard>d__19:MoveNext () (at Assets/AreaBattle/Editor/OutgameFirstPackStartupValidation.cs:98)
UnityEngine.SetupCoroutine:InvokeMoveNext (System.Collections.IEnumerator,intptr)

(Filename: Assets/AreaBattle/Scripts/OutgameCanvasAdaptation.cs Line: 33)

LoadingUIShow
UnityEngine.Debug:ExtractStackTraceNoAlloc (byte*,int,string)
UnityEngine.StackTraceUtility:ExtractStackTrace ()
UnityEngine.DebugLogHandler:Internal_Log (UnityEngine.LogType,UnityEngine.LogOption,string,UnityEngine.Object)
UnityEngine.DebugLogHandler:LogFormat (UnityEngine.LogType,UnityEngine.Object,string,object[])
UnityEngine.Logger:Log (UnityEngine.LogType,object)
UnityEngine.Debug:Log (object)
AreaBattle.OutgameMainConfigStartup:LoadingShown () (at Assets/AreaBattle/Scripts/OutgameMainConfigStartup.cs:17)
AreaBattle.EditorTools.OutgameFirstPackStartupValidation/<Startup>d__17:MoveNext () (at Assets/AreaBattle/Editor/OutgameFirstPackStartupValidation.cs:76)
AreaBattle.EditorTools.OutgameFirstPackStartupValidation/<Guard>d__19:MoveNext () (at Assets/AreaBattle/Editor/OutgameFirstPackStartupValidation.cs:98)
UnityEngine.SetupCoroutine:InvokeMoveNext (System.Collections.IEnumerator,intptr)

(Filename: Assets/AreaBattle/Scripts/OutgameMainConfigStartup.cs Line: 17)

触发firstpackLoad:[ui/uiroot.prefab.unity3d],bundle[firstpack.unity3d]
UnityEngine.Debug:ExtractStackTraceNoAlloc (byte*,int,string)
UnityEngine.StackTraceUtility:ExtractStackTrace ()
UnityEngine.DebugLogHandler:Internal_Log (UnityEngine.LogType,UnityEngine.LogOption,string,UnityEngine.Object)
UnityEngine.DebugLogHandler:LogFormat (UnityEngine.LogType,UnityEngine.Object,string,object[])
UnityEngine.Logger:Log (UnityEngine.LogType,object)
UnityEngine.Debug:Log (object)
AreaBattle.OutgameLegacyPackageLoad/<Run>d__8:MoveNext () (at Assets/AreaBattle/Scripts/OutgameLegacyPackageLoad.cs:28)
AreaBattle.EditorTools.OutgameFirstPackStartupValidation/<Guard>d__19:MoveNext () (at Assets/AreaBattle/Editor/OutgameFirstPackStartupValidation.cs:98)
UnityEngine.SetupCoroutine:InvokeMoveNext (System.Collections.IEnumerator,intptr)
UnityEngine.MonoBehaviour:StartCoroutineManaged2 (System.Collections.IEnumerator)
UnityEngine.MonoBehaviour:StartCoroutine (System.Collections.IEnumerator)
AreaBattle.EditorTools.OutgameFirstPackStartupValidation/<>c__DisplayClass16_0:<Start>b__3 (System.Collections.IEnumerator) (at Assets/AreaBattle/Editor/OutgameFirstPackStartupValidation.cs:35)
AreaBattle.OutgameLegacyPackageLoad:Start (AreaBattle.OutgameLegacyAssetLoader) (at Assets/AreaBattle/Scripts/OutgameLegacyPackageLoad.cs:21)
AreaBattle.OutgameLegacyAssetLoader:LoadBundle () (at Assets/AreaBattle/Scripts/OutgameLegacyAssetLoader.cs:24)
AreaBattle.OutgameLegacyResourceScheduler:CheckQueue () (at Assets/AreaBattle/Scripts/OutgameLegacyResourceScheduler.cs:55)
AreaBattle.OutgameLegacyResourceScheduler:Update (single,single) (at Assets/AreaBattle/Scripts/OutgameLegacyResourceScheduler.cs:42)
AreaBattle.EditorTools.OutgameFirstPackStartupValidation:Poll () (at Assets/AreaBattle/Editor/OutgameFirstPackStartupValidation.cs:99)
UnityEditor.EditorApplication:Internal_CallUpdateFunctions ()

(Filename: Assets/AreaBattle/Scripts/OutgameLegacyPackageLoad.cs Line: 28)

触发firstpackLoad:[data/config.unity3d],bundle[firstpack.unity3d]
UnityEngine.Debug:ExtractStackTraceNoAlloc (byte*,int,string)
UnityEngine.StackTraceUtility:ExtractStackTrace ()
UnityEngine.DebugLogHandler:Internal_Log (UnityEngine.LogType,UnityEngine.LogOption,string,UnityEngine.Object)
UnityEngine.DebugLogHandler:LogFormat (UnityEngine.LogType,UnityEngine.Object,string,object[])
UnityEngine.Logger:Log (UnityEngine.LogType,object)
UnityEngine.Debug:Log (object)
AreaBattle.OutgameLegacyPackageLoad/<Run>d__8:MoveNext () (at Assets/AreaBattle/Scripts/OutgameLegacyPackageLoad.cs:28)
AreaBattle.EditorTools.OutgameFirstPackStartupValidation/<Guard>d__19:MoveNext () (at Assets/AreaBattle/Editor/OutgameFirstPackStartupValidation.cs:98)
UnityEngine.SetupCoroutine:InvokeMoveNext (System.Collections.IEnumerator,intptr)
UnityEngine.MonoBehaviour:StartCoroutineManaged2 (System.Collections.IEnumerator)
UnityEngine.MonoBehaviour:StartCoroutine (System.Collections.IEnumerator)
AreaBattle.EditorTools.OutgameFirstPackStartupValidation/<>c__DisplayClass16_0:<Start>b__3 (System.Collections.IEnumerator) (at Assets/AreaBattle/Editor/OutgameFirstPackStartupValidation.cs:35)
AreaBattle.OutgameLegacyPackageLoad:Start (AreaBattle.OutgameLegacyAssetLoader) (at Assets/AreaBattle/Scripts/OutgameLegacyPackageLoad.cs:21)
AreaBattle.OutgameLegacyAssetLoader:LoadBundle () (at Assets/AreaBattle/Scripts/OutgameLegacyAssetLoader.cs:24)
AreaBattle.OutgameLegacyResourceScheduler:CheckQueue () (at Assets/AreaBattle/Scripts/OutgameLegacyResourceScheduler.cs:55)
AreaBattle.OutgameLegacyResourceScheduler:Update (single,single) (at Assets/AreaBattle/Scripts/OutgameLegacyResourceScheduler.cs:42)
AreaBattle.EditorTools.OutgameFirstPackStartupValidation:Poll () (at Assets/AreaBattle/Editor/OutgameFirstPackStartupValidation.cs:99)
UnityEditor.EditorApplication:Internal_CallUpdateFunctions ()

(Filename: Assets/AreaBattle/Scripts/OutgameLegacyPackageLoad.cs Line: 28)

ConfigLoadOver
UnityEngine.Debug:ExtractStackTraceNoAlloc (byte*,int,string)
UnityEngine.StackTraceUtility:ExtractStackTrace ()
UnityEngine.DebugLogHandler:Internal_Log (UnityEngine.LogType,UnityEngine.LogOption,string,UnityEngine.Object)
UnityEngine.DebugLogHandler:LogFormat (UnityEngine.LogType,UnityEngine.Object,string,object[])
UnityEngine.Logger:Log (UnityEngine.LogType,object)
UnityEngine.Debug:Log (object)
AreaBattle.OutgameMainConfigStartup:Loaded (AreaBattle.OutgameLegacyPrefabResource) (at Assets/AreaBattle/Scripts/OutgameMainConfigStartup.cs:21)
AreaBattle.EditorTools.OutgameFirstPackStartupValidation/<>c__DisplayClass17_1:<Startup>b__30 (AreaBattle.OutgameLegacyPrefabResource) (at Assets/AreaBattle/Editor/OutgameFirstPackStartupValidation.cs:70)
AreaBattle.OutgameLegacyResLoader:FireEvent () (at Assets/AreaBattle/Scripts/OutgameLegacyResourceScheduler.cs:102)
AreaBattle.OutgameLegacyResLoader:Complete () (at Assets/AreaBattle/Scripts/OutgameLegacyResourceScheduler.cs:104)
AreaBattle.OutgameLegacyAssetLoader:Complete () (at Assets/AreaBattle/Scripts/OutgameLegacyAssetLoader.cs:32)
AreaBattle.OutgameLegacyPackageLoad/<Run>d__8:MoveNext () (at Assets/AreaBattle/Scripts/OutgameLegacyPackageLoad.cs:29)
AreaBattle.EditorTools.OutgameFirstPackStartupValidation/<Guard>d__19:MoveNext () (at Assets/AreaBattle/Editor/OutgameFirstPackStartupValidation.cs:98)
UnityEngine.SetupCoroutine:InvokeMoveNext (System.Collections.IEnumerator,intptr)
UnityEngine.MonoBehaviour:StartCoroutineManaged2 (System.Collections.IEnumerator)
UnityEngine.MonoBehaviour:StartCoroutine (System.Collections.IEnumerator)
AreaBattle.EditorTools.OutgameFirstPackStartupValidation/<>c__DisplayClass16_0:<Start>b__3 (System.Collections.IEnumerator) (at Assets/AreaBattle/Editor/OutgameFirstPackStartupValidation.cs:35)
AreaBattle.OutgameLegacyPackageLoad:Start (AreaBattle.OutgameLegacyAssetLoader) (at Assets/AreaBattle/Scripts/OutgameLegacyPackageLoad.cs:21)
AreaBattle.OutgameLegacyAssetLoader:LoadBundle () (at Assets/AreaBattle/Scripts/OutgameLegacyAssetLoader.cs:24)
AreaBattle.OutgameLegacyResourceScheduler:CheckQueue () (at Assets/AreaBattle/Scripts/OutgameLegacyResourceScheduler.cs:55)
AreaBattle.OutgameLegacyResourceScheduler:Update (single,single) (at Assets/AreaBattle/Scripts/OutgameLegacyResourceScheduler.cs:42)
AreaBattle.EditorTools.OutgameFirstPackStartupValidation:Poll () (at Assets/AreaBattle/Editor/OutgameFirstPackStartupValidation.cs:99)
UnityEditor.EditorApplication:Internal_CallUpdateFunctions ()

(Filename: Assets/AreaBattle/Scripts/OutgameMainConfigStartup.cs Line: 21)

宽高比：0.5625
UnityEngine.Debug:ExtractStackTraceNoAlloc (byte*,int,string)
UnityEngine.StackTraceUtility:ExtractStackTrace ()
UnityEngine.DebugLogHandler:Internal_Log (UnityEngine.LogType,UnityEngine.LogOption,string,UnityEngine.Object)
UnityEngine.DebugLogHandler:LogFormat (UnityEngine.LogType,UnityEngine.Object,string,object[])
UnityEngine.Logger:Log (UnityEngine.LogType,object)
UnityEngine.Debug:Log (object)
AreaBattle.OutgameBangsAdaptation:ResolvePixel () (at Assets/AreaBattle/Scripts/OutgameBangsAdaptation.cs:53)
AreaBattle.OutgameBangsAdaptation:Apply () (at Assets/AreaBattle/Scripts/OutgameBangsAdaptation.cs:26)
AreaBattle.OutgameBangsAdaptation:Start (int,int) (at Assets/AreaBattle/Scripts/OutgameBangsAdaptation.cs:22)
AreaBattle.OutgameAdaptiveBangs:Start () (at Assets/AreaBattle/Scripts/OutgameAdaptiveBangs.cs:15)

(Filename: Assets/AreaBattle/Scripts/OutgameBangsAdaptation.cs Line: 53)

webGlHeight --> -1 _> 0
UnityEngine.Debug:ExtractStackTraceNoAlloc (byte*,int,string)
UnityEngine.StackTraceUtility:ExtractStackTrace ()
UnityEngine.DebugLogHandler:Internal_Log (UnityEngine.LogType,UnityEngine.LogOption,string,UnityEngine.Object)
UnityEngine.DebugLogHandler:LogFormat (UnityEngine.LogType,UnityEngine.Object,string,object[])
UnityEngine.Logger:Log (UnityEngine.LogType,object)
UnityEngine.Debug:Log (object)
AreaBattle.OutgameBangsAdaptation:ResolvePixel () (at Assets/AreaBattle/Scripts/OutgameBangsAdaptation.cs:56)
AreaBattle.OutgameBangsAdaptation:Apply () (at Assets/AreaBattle/Scripts/OutgameBangsAdaptation.cs:26)
AreaBattle.OutgameBangsAdaptation:Start (int,int) (at Assets/AreaBattle/Scripts/OutgameBangsAdaptation.cs:22)
AreaBattle.OutgameAdaptiveBangs:Start () (at Assets/AreaBattle/Scripts/OutgameAdaptiveBangs.cs:15)

(Filename: Assets/AreaBattle/Scripts/OutgameBangsAdaptation.cs Line: 56)

刘海屏适配高度:0
UnityEngine.Debug:ExtractStackTraceNoAlloc (byte*,int,string)
UnityEngine.StackTraceUtility:ExtractStackTrace ()
UnityEngine.DebugLogHandler:Internal_Log (UnityEngine.LogType,UnityEngine.LogOption,string,UnityEngine.Object)
UnityEngine.DebugLogHandler:LogFormat (UnityEngine.LogType,UnityEngine.Object,string,object[])
UnityEngine.Logger:Log (UnityEngine.LogType,object)
UnityEngine.Debug:Log (object)
AreaBattle.OutgameBangsAdaptation:Apply () (at Assets/AreaBattle/Scripts/OutgameBangsAdaptation.cs:26)
AreaBattle.OutgameBangsAdaptation:Start (int,int) (at Assets/AreaBattle/Scripts/OutgameBangsAdaptation.cs:22)
AreaBattle.OutgameAdaptiveBangs:Start () (at Assets/AreaBattle/Scripts/OutgameAdaptiveBangs.cs:15)

(Filename: Assets/AreaBattle/Scripts/OutgameBangsAdaptation.cs Line: 26)

触发firstpackLoad:[ui/mainmenu/tipui.prefab.unity3d],bundle[firstpack.unity3d]
UnityEngine.Debug:ExtractStackTraceNoAlloc (byte*,int,string)
UnityEngine.StackTraceUtility:ExtractStackTrace ()
UnityEngine.DebugLogHandler:Internal_Log (UnityEngine.LogType,UnityEngine.LogOption,string,UnityEngine.Object)
UnityEngine.DebugLogHandler:LogFormat (UnityEngine.LogType,UnityEngine.Object,string,object[])
UnityEngine.Logger:Log (UnityEngine.LogType,object)
UnityEngine.Debug:Log (object)
AreaBattle.OutgameLegacyPackageLoad/<Run>d__8:MoveNext () (at Assets/AreaBattle/Scripts/OutgameLegacyPackageLoad.cs:28)
AreaBattle.EditorTools.OutgameFirstPackStartupValidation/<Guard>d__19:MoveNext () (at Assets/AreaBattle/Editor/OutgameFirstPackStartupValidation.cs:98)
UnityEngine.SetupCoroutine:InvokeMoveNext (System.Collections.IEnumerator,intptr)
UnityEngine.MonoBehaviour:StartCoroutineManaged2 (System.Collections.IEnumerator)
UnityEngine.MonoBehaviour:StartCoroutine (System.Collections.IEnumerator)
AreaBattle.EditorTools.OutgameFirstPackStartupValidation/<>c__DisplayClass16_0:<Start>b__3 (System.Collections.IEnumerator) (at Assets/AreaBattle/Editor/OutgameFirstPackStartupValidation.cs:35)
AreaBattle.OutgameLegacyPackageLoad:Start (AreaBattle.OutgameLegacyAssetLoader) (at Assets/AreaBattle/Scripts/OutgameLegacyPackageLoad.cs:21)
AreaBattle.OutgameLegacyAssetLoader:LoadBundle () (at Assets/AreaBattle/Scripts/OutgameLegacyAssetLoader.cs:24)
AreaBattle.OutgameLegacyResourceScheduler:CheckQueue () (at Assets/AreaBattle/Scripts/OutgameLegacyResourceScheduler.cs:55)
AreaBattle.OutgameLegacyResourceScheduler:Update (single,single) (at Assets/AreaBattle/Scripts/OutgameLegacyResourceScheduler.cs:42)
AreaBattle.EditorTools.OutgameFirstPackStartupValidation:Poll () (at Assets/AreaBattle/Editor/OutgameFirstPackStartupValidation.cs:99)
UnityEditor.EditorApplication:Internal_CallUpdateFunctions ()

(Filename: Assets/AreaBattle/Scripts/OutgameLegacyPackageLoad.cs Line: 28)

LoadPrefabMainMenu/TipUI完成[firstpack.unity3d (UnityEngine.AssetBundle)]
UnityEngine.Debug:ExtractStackTraceNoAlloc (byte*,int,string)
UnityEngine.StackTraceUtility:ExtractStackTrace ()
UnityEngine.DebugLogHandler:Internal_Log (UnityEngine.LogType,UnityEngine.LogOption,string,UnityEngine.Object)
UnityEngine.DebugLogHandler:LogFormat (UnityEngine.LogType,UnityEngine.Object,string,object[])
UnityEngine.Logger:Log (UnityEngine.LogType,object)
UnityEngine.Debug:Log (object)
AreaBattle.OutgameUiLegacyLoader/<>c__DisplayClass5_0:<Load>b__0 (AreaBattle.OutgameLegacyPrefabResource) (at Assets/AreaBattle/Scripts/OutgameUiLegacyLoader.cs:19)
AreaBattle.EditorTools.OutgameFirstPackStartupValidation/<>c__DisplayClass17_2:<Startup>b__31 (AreaBattle.OutgameLegacyPrefabResource) (at Assets/AreaBattle/Editor/OutgameFirstPackStartupValidation.cs:81)
AreaBattle.OutgameLegacyResLoader:FireEvent () (at Assets/AreaBattle/Scripts/OutgameLegacyResourceScheduler.cs:102)
AreaBattle.OutgameLegacyResLoader:Complete () (at Assets/AreaBattle/Scripts/OutgameLegacyResourceScheduler.cs:104)
AreaBattle.OutgameLegacyAssetLoader:Complete () (at Assets/AreaBattle/Scripts/OutgameLegacyAssetLoader.cs:32)
AreaBattle.OutgameLegacyPackageLoad/<Run>d__8:MoveNext () (at Assets/AreaBattle/Scripts/OutgameLegacyPackageLoad.cs:29)
AreaBattle.EditorTools.OutgameFirstPackStartupValidation/<Guard>d__19:MoveNext () (at Assets/AreaBattle/Editor/OutgameFirstPackStartupValidation.cs:98)
UnityEngine.SetupCoroutine:InvokeMoveNext (System.Collections.IEnumerator,intptr)
UnityEngine.MonoBehaviour:StartCoroutineManaged2 (System.Collections.IEnumerator)
UnityEngine.MonoBehaviour:StartCoroutine (System.Collections.IEnumerator)
AreaBattle.EditorTools.OutgameFirstPackStartupValidation/<>c__DisplayClass16_0:<Start>b__3 (System.Collections.IEnumerator) (at Assets/AreaBattle/Editor/OutgameFirstPackStartupValidation.cs:35)
AreaBattle.OutgameLegacyPackageLoad:Start (AreaBattle.OutgameLegacyAssetLoader) (at Assets/AreaBattle/Scripts/OutgameLegacyPackageLoad.cs:21)
AreaBattle.OutgameLegacyAssetLoader:LoadBundle () (at Assets/AreaBattle/Scripts/OutgameLegacyAssetLoader.cs:24)
AreaBattle.OutgameLegacyResourceScheduler:CheckQueue () (at Assets/AreaBattle/Scripts/OutgameLegacyResourceScheduler.cs:55)
AreaBattle.OutgameLegacyResourceScheduler:Update (single,single) (at Assets/AreaBattle/Scripts/OutgameLegacyResourceScheduler.cs:42)
AreaBattle.EditorTools.OutgameFirstPackStartupValidation:Poll () (at Assets/AreaBattle/Editor/OutgameFirstPackStartupValidation.cs:99)
UnityEditor.EditorApplication:Internal_CallUpdateFunctions ()

(Filename: Assets/AreaBattle/Scripts/OutgameUiLegacyLoader.cs Line: 19)

缓存模式，不播放动画 不抛事件
UnityEngine.Debug:ExtractStackTraceNoAlloc (byte*,int,string)
UnityEngine.StackTraceUtility:ExtractStackTrace ()
UnityEngine.DebugLogHandler:Internal_Log (UnityEngine.LogType,UnityEngine.LogOption,string,UnityEngine.Object)
UnityEngine.DebugLogHandler:LogFormat (UnityEngine.LogType,UnityEngine.Object,string,object[])
UnityEngine.Logger:Log (UnityEngine.LogType,object)
UnityEngine.Debug:Log (object)
AreaBattle.OutgameUiOpenHost:Log (string) (at Assets/AreaBattle/Scripts/OutgameUiOpenHost.cs:30)
AreaBattle.OutgameUiOpenLifecycle:Loaded (UnityEngine.GameObject,object,bool) (at Assets/AreaBattle/Scripts/OutgameUiOpenLifecycle.cs:29)
AreaBattle.OutgameUiOpenLifecycle:LoadedLegacy (UnityEngine.GameObject,object) (at Assets/AreaBattle/Scripts/OutgameUiOpenLifecycle.cs:22)
AreaBattle.EditorTools.OutgameFirstPackStartupValidation/<>c__DisplayClass17_0:<Startup>b__28 (UnityEngine.GameObject,object) (at Assets/AreaBattle/Editor/OutgameFirstPackStartupValidation.cs:89)
AreaBattle.OutgameUiLegacyLoader/<>c__DisplayClass5_1:<Load>b__1 () (at Assets/AreaBattle/Scripts/OutgameUiLegacyLoader.cs:26)
AreaBattle.OutgameUiModernLoader/<WaitTwoFrames>d__7:MoveNext () (at Assets/AreaBattle/Scripts/OutgameUiModernLoader.cs:27)
AreaBattle.EditorTools.OutgameFirstPackStartupValidation/<Guard>d__19:MoveNext () (at Assets/AreaBattle/Editor/OutgameFirstPackStartupValidation.cs:98)
UnityEngine.SetupCoroutine:InvokeMoveNext (System.Collections.IEnumerator,intptr)

(Filename: Assets/AreaBattle/Scripts/OutgameUiOpenHost.cs Line: 30)

[LAYOUT] About to save layout E:\Projects\AreaBattle\UnityProject\UserSettings\Layouts\default-6000.dwlt
[LAYOUT] About to save layout C:/Users/jiachengwei/AppData/Roaming/Unity/Editor-5.x/Preferences\Layouts\current\default-6000.dwlt
Killing ADB server in 4.7382592 seconds.
[Physics::Module] Cleanup current backned.
[Physics::Module] Id: 0xf2b8ea05
Input System module state changed to: ShutdownInProgress.
Input System polling thread exited.
Input System module state changed to: Shutdown.
[Licensing::IpcConnector] LicenseClient-jiachengwei-notifications channel disconnected successfully.
[Licensing::IpcConnector] LicenseClient-jiachengwei channel disconnected successfully.
AcceleratorClientConnectionCallback - disconnected - :0
Cleanup mono
Checking for leaked weakptr:
  Found no leaked weakptrs.
[Package Manager] Server process was shutdown
##utp:{"type":"MemoryLeaks","version":2,"phase":"Immediate","time":1790744600842,"processId":62620,"allocatedMemory":12251878,"memoryLabels":[{"Default":28597},{"Permanent":15356},{"NewDelete":70945},{"Thread":4230344},{"Manager":50026},{"VertexData":8},{"Geometry":816},{"VFX":-104},{"Texture":296},{"Shader":78795},{"Material":24},{"GfxDevice":55176},{"Animation":392},{"Audio":4040},{"FontEngine":256},{"Physics":2081},{"Serialization":816},{"Input":14824},{"JobScheduler":33024},{"TextLib":160},{"Mono":32},{"ScriptingNativeRuntime":155060},{"BaseObject":1620176},{"Resource":1304},{"Renderer":2928},{"Transform":4646},{"File":1016},{"WebCam":616},{"Culling":32},{"Terrain":11394},{"Wind":24},{"STL":40},{"String":17568},{"DynamicArray":91920},{"HashMap":53421},{"Utility":2662862},{"Curl":48},{"PoolAlloc":1768},{"AI":104},{"TypeTree":5005},{"ScriptManager":512},{"RuntimeInitializeOnLoadManager":64},{"SpriteAtlas":112},{"GI":7888},{"Director":8240},{"CloudService":8928},{"WebRequest":808},{"VR":45969},{"SceneManager":496},{"Video":208},{"LazyScriptCache":32},{"Camera":17},{"Secure":1},{"SerializationCache":1576},{"APIUpdating":10320},{"Subsystems":336},{"VirtualTexturing":57888},{"StaticSafetyDebugInfo":278528},{"Analytics":384},{"Hierarchy":272},{"Gui":939},{"EditorUtility":130806},{"VersionControl":4},{"Undo":947},{"AssetDatabase":2433094},{"EditorGi":328},{"UnityConnect":24904},{"Upm":2036},{"DrivenProperties":72},{"HubClient":6107},{"LocalIPC":305},{"ProfilerEditor":9746},{"CoreBusinessMetrics":2879},{"Licensing":1232},{"AssetReference":32},{"IPCStream":32}]}
