[Licensing::Module] Trying to connect to existing licensing client channel...
Built from '6000.0/staging' branch; Version is '6000.0.68f1 (e1e9baaf294b) revision 14805434'; Using compiler version '193933523'; Build Type 'Release'
OS: 'Windows 10  (10.0.19045) 64bit Professional' Language: 'zh' Physical Memory: 65325 MB
[Licensing::IpcConnector] Channel LicenseClient-jiachengwei doesn't exist
BatchMode: 1, IsHumanControllingUs: 0, StartBugReporterOnCrash: 0, Is64bit: 1
System  architecture: x64
Process architecture: x64
Date: 2026-09-29T09:54:27Z
[Licensing::Module] Successfully launched the LicensingClient (PId: 46824)

COMMAND LINE ARGUMENTS:
C:\Program Files\Unity\Hub\Editor\6000.0.68f1\Editor\Unity.exe
-batchmode
-projectPath
E:/Projects/AreaBattle/UnityProject
-executeMethod
AreaBattle.EditorTools.RecoveredBossImporter.ImportOutgameScenesBatch
-logFile
E:/Projects/AreaBattle/analysis/outgame-scene-effects-import.log
Successfully changed project path to: E:/Projects/AreaBattle/UnityProject
E:/Projects/AreaBattle/UnityProject
[UnityMemory] Configuration Parameters - Can be set up in boot.config
    "memorysetup-bucket-allocator-granularity=16"
    "memorysetup-bucket-allocator-bucket-count=8"
    "memorysetup-bucket-allocator-block-size=33554432"
    "memorysetup-bucket-allocator-block-count=8"
    "memorysetup-main-allocator-block-size=16777216"
    "memorysetup-thread-allocator-block-size=16777216"
    "memorysetup-gfx-main-allocator-block-size=16777216"
    "memorysetup-gfx-thread-allocator-block-size=16777216"
    "memorysetup-cache-allocator-block-size=4194304"
    "memorysetup-typetree-allocator-block-size=2097152"
    "memorysetup-profiler-bucket-allocator-granularity=16"
    "memorysetup-profiler-bucket-allocator-bucket-count=8"
    "memorysetup-profiler-bucket-allocator-block-size=33554432"
    "memorysetup-profiler-bucket-allocator-block-count=8"
    "memorysetup-profiler-allocator-block-size=16777216"
    "memorysetup-profiler-editor-allocator-block-size=1048576"
    "memorysetup-temp-allocator-size-main=16777216"
    "memorysetup-job-temp-allocator-block-size=2097152"
    "memorysetup-job-temp-allocator-block-size-background=1048576"
    "memorysetup-job-temp-allocator-reduction-small-platforms=262144"
    "memorysetup-allocator-temp-initial-block-size-main=262144"
    "memorysetup-allocator-temp-initial-block-size-worker=262144"
    "memorysetup-temp-allocator-size-background-worker=32768"
    "memorysetup-temp-allocator-size-job-worker=262144"
    "memorysetup-temp-allocator-size-preload-manager=33554432"
    "memorysetup-temp-allocator-size-nav-mesh-worker=65536"
    "memorysetup-temp-allocator-size-audio-worker=65536"
    "memorysetup-temp-allocator-size-cloud-worker=32768"
    "memorysetup-temp-allocator-size-gi-baking-worker=262144"
    "memorysetup-temp-allocator-size-gi-baking-worker=262144"
    "memorysetup-temp-allocator-size-gi-baking-worker=262144"
    "memorysetup-temp-allocator-size-gi-baking-worker=262144"
    "memorysetup-temp-allocator-size-gi-baking-worker=262144"
    "memorysetup-temp-allocator-size-gfx=262144"
Player connection [51696]  Target information:

Player connection [51696]  * "[IP] 192.168.12.13 [Port] 55506 [Flags] 2 [Guid] 2295512312 [EditorId] 2295512312 [Version] 1048832 [Id] WindowsEditor(7,DESKTOP-H2NB5JD) [Debug] 1 [PackageName] WindowsEditor [ProjectName] Editor" 

Player connection [51696] Host joined multi-casting on [225.0.0.222:54997]...
Player connection [51696] Host joined alternative multi-casting on [225.0.0.222:34997]...
Input System module state changed to: Initialized.
[Physics::Module] Initialized fallback backend.
[Physics::Module] Id: 0xdecafbad
[Licensing::IpcConnector] Successfully connected to: "LicenseClient-jiachengwei" at "2026-09-29T09:54:27.43956Z"
[Package Manager] Connected to IPC stream "Upm-53100" after 0.2 seconds.
Library Redirect Path: Library/
[Physics::Module] Selected backend.
[Physics::Module] Name: PhysX
[Physics::Module] Id: 0xf2b8ea05
[Physics::Module] SDK Version: 4.1.2
[Physics::Module] Integration Version: 1.0.0
[Physics::Module] Threading Mode: Multi-Threaded
Refreshing native plugins compatible for Editor in 0.00 ms, found 0 plugins.
Preloading 0 native plugins for Editor in 0.00 ms.
Initialize engine version: 6000.0.68f1 (e1e9baaf294b)
[Subsystems] Discovering subsystems at path C:/Program Files/Unity/Hub/Editor/6000.0.68f1/Editor/Data/Resources/UnitySubsystems
[Subsystems] Discovering subsystems at path E:/Projects/AreaBattle/UnityProject/Assets
GfxDevice: creating device client; kGfxThreadingModeNonThreaded
Direct3D:
    Version:  Direct3D 11.0 [level 11.1]
    Renderer: NVIDIA GeForce RTX 3070 (ID=0x2488)
    Vendor:   NVIDIA
    VRAM:     8018 MB
    Driver:   32.0.15.8180
Initialize mono
Mono path[0] = 'C:/Program Files/Unity/Hub/Editor/6000.0.68f1/Editor/Data/Managed'
Mono path[1] = 'C:/Program Files/Unity/Hub/Editor/6000.0.68f1/Editor/Data/MonoBleedingEdge/lib/mono/unityjit-win32'
Mono config path = 'C:/Program Files/Unity/Hub/Editor/6000.0.68f1/Editor/Data/MonoBleedingEdge/etc'
Using monoOptions --debugger-agent=transport=dt_socket,embedding=1,server=y,suspend=n,address=127.0.0.1:56100
Using cacheserver namespaces - metadata:defaultmetadata, artifacts:defaultartifacts
Using cacheserver namespaces - metadata:defaultmetadata, artifacts:defaultartifacts
ImportWorker Server TCP listen port: 0
AcceleratorClientConnectionCallback - disconnected - :0
Begin MonoManager ReloadAssembly
Registering precompiled unity dll's ...
Register platform support module: C:/Program Files/Unity/Hub/Editor/6000.0.68f1/Editor/Data/PlaybackEngines/WindowsStandaloneSupport/UnityEditor.WindowsStandalone.Extensions.dll
[Licensing::Module] Licensing is not yet initialized.
[Licensing::Client] Code 3 while verifying Licensing Client signature (process Id: 46824, path: "C:/Program Files/Unity/Hub/Editor/6000.0.68f1/Editor/Data/Resources/Licensing/Client/Unity.Licensing.Client.exe")
[Licensing::Module] LicensingClient has failed validation; ignoring
[Licensing::Client] Handshaking with LicensingClient:
  Version:                 1.17.4+4293ba1
  Session Id:              242df628d3d04816a367fc622a6331ef
  Correlation Id:          d5f0b382df14f931c03bdfa4ac150229
  External correlation Id: 99601179736716815
  Machine Id:              9cQkwGhPtCyHx8hTJUSXA0S3txg=
[Licensing::Module] Successfully connected to LicensingClient on channel: "LicenseClient-jiachengwei" (connect: 0.25s, validation: 0.05s, handshake: 2.84s)
[Licensing::IpcConnector] Successfully connected to: "LicenseClient-jiachengwei-notifications" at "2026-09-29T09:54:30.3237804Z"
[Licensing::Module] Connected to LicensingClient (PId: 46824, launch time: 0.00, total connection time: 3.13s)
[Licensing::Module] Error: Access token is unavailable; failed to update
[Licensing::Client] Successfully resolved entitlement details
[Licensing::Module] License group:
  Id: 00-0000-0000-0000-0000-XXXX
  Product: Unity Pro
  Type: ULF
  Expiration: Unlimited
[Licensing::Client] Successfully updated license, isAsync: True, time: 0.00
[Licensing::Client] Successfully resolved entitlement details
[Licensing::Module] Licensing Background thread has ended after 3.15s
[Licensing::Module] Licensing is initialized (took 2.53s).
[Licensing::Client] Successfully resolved entitlement details
Register platform support module: C:/Program Files/Unity/Hub/Editor/6000.0.68f1/Editor/Data/PlaybackEngines/AndroidPlayer/UnityEditor.Android.Extensions.dll
Registered in 2.530942 seconds.
- Loaded All Assemblies, in  2.769 seconds
Native extension for Android target not found
Unauthorized device detected, Id: 7afd45a, please add debug authorization and reconnect.
UnityEngine.Debug:ExtractStackTraceNoAlloc (byte*,int,string)
UnityEngine.StackTraceUtility:ExtractStackTrace ()
UnityEngine.DebugLogHandler:Internal_Log (UnityEngine.LogType,UnityEngine.LogOption,string,UnityEngine.Object)
UnityEngine.DebugLogHandler:LogFormat (UnityEngine.LogType,UnityEngine.Object,string,object[])
UnityEngine.Logger:LogFormat (UnityEngine.LogType,string,object[])
UnityEngine.Debug:LogFormat (string,object[])
UnityEditor.Android.AndroidDeploymentTargetsExtension:GetKnownTargets (UnityEditor.DeploymentTargets.IDeploymentTargetsMainThreadContext,UnityEditor.ProgressHandler) (at /home/bokken/build/output/unity/unity/PlatformDependent/AndroidPlayer/Editor/Managed/DeploymentTargets/AndroidDeploymentTargetsExtension.cs:397)
UnityEditor.Android.TargetScanWorker:ScanSync () (at /home/bokken/build/output/unity/unity/PlatformDependent/AndroidPlayer/Editor/Managed/TargetScanWorker.cs:164)
UnityEditor.Android.TargetExtension:OnUsbDevicesChanged (UnityEditor.Hardware.UsbDevice[]) (at /home/bokken/build/output/unity/unity/PlatformDependent/AndroidPlayer/Editor/Managed/ExtensionModule.cs:106)
UnityEditor.Android.TargetExtension:OnLoad () (at /home/bokken/build/output/unity/unity/PlatformDependent/AndroidPlayer/Editor/Managed/ExtensionModule.cs:67)
UnityEditor.Modules.ModuleManager:InitializePlatformSupportModules ()

(Filename: /home/bokken/build/output/unity/unity/PlatformDependent/AndroidPlayer/Editor/Managed/DeploymentTargets/AndroidDeploymentTargetsExtension.cs Line: 397)

Android Extension - Scanning For ADB Devices 81 ms
Native extension for WindowsStandalone target not found
Mono: successfully reloaded assembly
- Finished resetting the current domain, in  0.297 seconds
Domain Reload Profiling: 3065ms
	BeginReloadAssembly (82ms)
		ExecutionOrderSort (0ms)
		DisableScriptedObjects (0ms)
		BackupInstance (0ms)
		ReleaseScriptingObjects (0ms)
		CreateAndSetChildDomain (0ms)
	RebuildCommonClasses (23ms)
	RebuildNativeTypeToScriptingClass (7ms)
	initialDomainReloadingComplete (2559ms)
	LoadAllAssembliesAndSetupDomain (96ms)
		LoadAssemblies (80ms)
		RebuildTransferFunctionScriptingTraits (0ms)
		AnalyzeDomain (94ms)
			TypeCache.Refresh (93ms)
				TypeCache.ScanAssembly (85ms)
			BuildScriptInfoCaches (0ms)
			ResolveRequiredComponents (0ms)
	FinalizeReload (297ms)
		ReleaseScriptCaches (0ms)
		RebuildScriptCaches (0ms)
		SetupLoadedEditorAssemblies (277ms)
			LogAssemblyErrors (0ms)
			InitializePlatformSupportModulesInManaged (132ms)
			SetLoadedEditorAssemblies (3ms)
			BeforeProcessingInitializeOnLoad (36ms)
			ProcessInitializeOnLoadAttributes (71ms)
			ProcessInitializeOnLoadMethodAttributes (35ms)
			AfterProcessingInitializeOnLoad (0ms)
			EditorAssembliesLoaded (0ms)
		ExecutionOrderSort2 (0ms)
		AwakeInstancesAfterBackupRestoration (0ms)
[Licensing::Client] Successfully resolved entitlement details
Application.AssetDatabase Initial Refresh Start
Package Manager log level set to [2]
[Package Manager] Restoring resolved packages state from cache
[Licensing::Client] Successfully resolved entitlement details
[Package Manager] Registered 36 packages:
  Built-in packages:
    com.unity.ugui@2.0.0 (location: E:\Projects\AreaBattle\UnityProject\Library\PackageCache\com.unity.ugui@cec3688a7c38)
    com.unity.multiplayer.center@1.0.0 (location: E:\Projects\AreaBattle\UnityProject\Library\PackageCache\com.unity.multiplayer.center@f3fb577b3546)
    com.unity.modules.accessibility@1.0.0 (location: E:\Projects\AreaBattle\UnityProject\Library\PackageCache\com.unity.modules.accessibility)
    com.unity.modules.ai@1.0.0 (location: E:\Projects\AreaBattle\UnityProject\Library\PackageCache\com.unity.modules.ai)
    com.unity.modules.androidjni@1.0.0 (location: E:\Projects\AreaBattle\UnityProject\Library\PackageCache\com.unity.modules.androidjni)
    com.unity.modules.animation@1.0.0 (location: E:\Projects\AreaBattle\UnityProject\Library\PackageCache\com.unity.modules.animation)
    com.unity.modules.assetbundle@1.0.0 (location: E:\Projects\AreaBattle\UnityProject\Library\PackageCache\com.unity.modules.assetbundle)
    com.unity.modules.audio@1.0.0 (location: E:\Projects\AreaBattle\UnityProject\Library\PackageCache\com.unity.modules.audio)
    com.unity.modules.cloth@1.0.0 (location: E:\Projects\AreaBattle\UnityProject\Library\PackageCache\com.unity.modules.cloth)
    com.unity.modules.director@1.0.0 (location: E:\Projects\AreaBattle\UnityProject\Library\PackageCache\com.unity.modules.director)
    com.unity.modules.imageconversion@1.0.0 (location: E:\Projects\AreaBattle\UnityProject\Library\PackageCache\com.unity.modules.imageconversion)
    com.unity.modules.imgui@1.0.0 (location: E:\Projects\AreaBattle\UnityProject\Library\PackageCache\com.unity.modules.imgui)
    com.unity.modules.jsonserialize@1.0.0 (location: E:\Projects\AreaBattle\UnityProject\Library\PackageCache\com.unity.modules.jsonserialize)
    com.unity.modules.particlesystem@1.0.0 (location: E:\Projects\AreaBattle\UnityProject\Library\PackageCache\com.unity.modules.particlesystem)
    com.unity.modules.physics@1.0.0 (location: E:\Projects\AreaBattle\UnityProject\Library\PackageCache\com.unity.modules.physics)
    com.unity.modules.physics2d@1.0.0 (location: E:\Projects\AreaBattle\UnityProject\Library\PackageCache\com.unity.modules.physics2d)
    com.unity.modules.screencapture@1.0.0 (location: E:\Projects\AreaBattle\UnityProject\Library\PackageCache\com.unity.modules.screencapture)
    com.unity.modules.terrain@1.0.0 (location: E:\Projects\AreaBattle\UnityProject\Library\PackageCache\com.unity.modules.terrain)
    com.unity.modules.terrainphysics@1.0.0 (location: E:\Projects\AreaBattle\UnityProject\Library\PackageCache\com.unity.modules.terrainphysics)
    com.unity.modules.tilemap@1.0.0 (location: E:\Projects\AreaBattle\UnityProject\Library\PackageCache\com.unity.modules.tilemap)
    com.unity.modules.ui@1.0.0 (location: E:\Projects\AreaBattle\UnityProject\Library\PackageCache\com.unity.modules.ui)
    com.unity.modules.uielements@1.0.0 (location: E:\Projects\AreaBattle\UnityProject\Library\PackageCache\com.unity.modules.uielements)
    com.unity.modules.umbra@1.0.0 (location: E:\Projects\AreaBattle\UnityProject\Library\PackageCache\com.unity.modules.umbra)
    com.unity.modules.unityanalytics@1.0.0 (location: E:\Projects\AreaBattle\UnityProject\Library\PackageCache\com.unity.modules.unityanalytics)
    com.unity.modules.unitywebrequest@1.0.0 (location: E:\Projects\AreaBattle\UnityProject\Library\PackageCache\com.unity.modules.unitywebrequest)
    com.unity.modules.unitywebrequestassetbundle@1.0.0 (location: E:\Projects\AreaBattle\UnityProject\Library\PackageCache\com.unity.modules.unitywebrequestassetbundle)
    com.unity.modules.unitywebrequestaudio@1.0.0 (location: E:\Projects\AreaBattle\UnityProject\Library\PackageCache\com.unity.modules.unitywebrequestaudio)
    com.unity.modules.unitywebrequesttexture@1.0.0 (location: E:\Projects\AreaBattle\UnityProject\Library\PackageCache\com.unity.modules.unitywebrequesttexture)
    com.unity.modules.unitywebrequestwww@1.0.0 (location: E:\Projects\AreaBattle\UnityProject\Library\PackageCache\com.unity.modules.unitywebrequestwww)
    com.unity.modules.vehicles@1.0.0 (location: E:\Projects\AreaBattle\UnityProject\Library\PackageCache\com.unity.modules.vehicles)
    com.unity.modules.video@1.0.0 (location: E:\Projects\AreaBattle\UnityProject\Library\PackageCache\com.unity.modules.video)
    com.unity.modules.vr@1.0.0 (location: E:\Projects\AreaBattle\UnityProject\Library\PackageCache\com.unity.modules.vr)
    com.unity.modules.wind@1.0.0 (location: E:\Projects\AreaBattle\UnityProject\Library\PackageCache\com.unity.modules.wind)
    com.unity.modules.xr@1.0.0 (location: E:\Projects\AreaBattle\UnityProject\Library\PackageCache\com.unity.modules.xr)
    com.unity.modules.subsystems@1.0.0 (location: E:\Projects\AreaBattle\UnityProject\Library\PackageCache\com.unity.modules.subsystems)
    com.unity.modules.hierarchycore@1.0.0 (location: E:\Projects\AreaBattle\UnityProject\Library\PackageCache\com.unity.modules.hierarchycore)
[Subsystems] No new subsystems found in resolved package list.
[Package Manager] Done registering packages in 0.01 seconds
[ScriptCompilation] Requested script compilation because: Assetdatabase observed changes in script compilation related files
Starting: C:\Program Files\Unity\Hub\Editor\6000.0.68f1\Editor\Data\bee_backend.exe --ipc --defer-dag-verification --dagfile="Library/Bee/1900b0aE.dag" --continue-on-failure --profile="Library/Bee/backend1.traceevents" ScriptAssemblies
WorkingDir: E:/Projects/AreaBattle/UnityProject
DisplayProgressbar: Compiling Scripts
ExitCode: 0 Duration: 0s195ms
[210/213    0s] Csc Library/Bee/artifacts/1900b0aE.dag/Assembly-CSharp-Editor.dll (+2 others)
[211/213    0s] CopyFiles Library/ScriptAssemblies/Assembly-CSharp-Editor.pdb
[212/213    0s] CopyFiles Library/ScriptAssemblies/Assembly-CSharp-Editor.dll
*** Tundra build success (0.18 seconds), 3 items updated, 213 evaluated
AssetDatabase: script compilation time: 0.474159s
Begin MonoManager ReloadAssembly
- Loaded All Assemblies, in  0.221 seconds
Refreshing native plugins compatible for Editor in 0.00 ms, found 0 plugins.
Native extension for Android target not found
Native extension for WindowsStandalone target not found
Mono: successfully reloaded assembly
- Finished resetting the current domain, in  0.232 seconds
Domain Reload Profiling: 452ms
	BeginReloadAssembly (153ms)
		ExecutionOrderSort (0ms)
		DisableScriptedObjects (47ms)
		BackupInstance (0ms)
		ReleaseScriptingObjects (0ms)
		CreateAndSetChildDomain (20ms)
	RebuildCommonClasses (22ms)
	RebuildNativeTypeToScriptingClass (7ms)
	initialDomainReloadingComplete (13ms)
	LoadAllAssembliesAndSetupDomain (25ms)
		LoadAssemblies (64ms)
		RebuildTransferFunctionScriptingTraits (0ms)
		AnalyzeDomain (21ms)
			TypeCache.Refresh (15ms)
				TypeCache.ScanAssembly (11ms)
			BuildScriptInfoCaches (3ms)
			ResolveRequiredComponents (2ms)
	FinalizeReload (232ms)
		ReleaseScriptCaches (0ms)
		RebuildScriptCaches (0ms)
		SetupLoadedEditorAssemblies (157ms)
			LogAssemblyErrors (0ms)
			InitializePlatformSupportModulesInManaged (15ms)
			SetLoadedEditorAssemblies (2ms)
			BeforeProcessingInitializeOnLoad (57ms)
			ProcessInitializeOnLoadAttributes (67ms)
			ProcessInitializeOnLoadMethodAttributes (13ms)
			AfterProcessingInitializeOnLoad (3ms)
			EditorAssembliesLoaded (0ms)
		ExecutionOrderSort2 (0ms)
		AwakeInstancesAfterBackupRestoration (5ms)
Refreshing native plugins compatible for Editor in 0.00 ms, found 0 plugins.
Preloading 0 native plugins for Editor in 0.00 ms.
Asset Pipeline Refresh (id=507f2a32c3ce9884883ce3c8a11f54c6): Total: 1.108 seconds - Initiated by InitialRefreshV2(ForceSynchronousImport)
	Summary:
		Imports: total=0 (actual=0, local cache=0, cache server=0)
		Asset DB Process Time: managed=0 ms, native=347 ms
		Asset DB Callback time: managed=48 ms, native=7 ms
		Scripting: domain reloads=1, domain reload time=221 ms, compile time=475 ms, other=6 ms
		Project Asset Count: scripts=311, non-scripts=1895
		Asset File Changes: new=0, changed=1, moved=0, deleted=0
		Scan Filter Count: 0
	InvokeCustomDependenciesCallbacks: 0.000ms
	InvokePackagesCallback: 6.686ms
	ApplyChangesToAssetFolders: 0.241ms
	Scan: 56.336ms
	OnSourceAssetsModified: 0.582ms
	CategorizeAssetsWithTransientArtifact: 1.389ms
	ProcessAssetsWithTransientArtifactChanges: 6.000ms
	CategorizeAssets: 9.804ms
	ImportOutOfDateAssets: 233.372ms (-242.475ms without children)
		CompileScripts: 475.278ms
		ReloadNativeAssets: 0.000ms
		UnloadImportedAssets: 0.072ms
		EnsureUptoDateAssetsAreRegisteredWithGuidPM: 0.153ms
		InitializingProgressBar: 0.000ms
		PostProcessAllAssetNotificationsAddChangedAssets: 0.000ms
		OnDemandSchedulerStart: 0.343ms
	PostProcessAllAssets: 49.045ms
	Hotreload: 0.426ms
	GatherAllCurrentPrimaryArtifactRevisions: 0.001ms
	UnloadStreamsBegin: 0.283ms
	PersistCurrentRevisions: 0.050ms
	UnloadStreamsEnd: 0.001ms
	GenerateScriptTypeHashes: 0.730ms
	Untracked: 743.337ms

Application.AssetDatabase Initial Refresh End
Scanning for USB devices : 5.426ms
Initializing Unity extensions:
Assertion failed on expression: 'SUCCEEDED(hr)'
Assertion failed on expression: 'SUCCEEDED(hr)'
Assertion failed on expression: 'ERROR_SUCCESS == status'
[MODES] ModeService[none].Initialize
[MODES] ModeService[none].LoadModes
[MODES] Loading mode Default (0) for mode-current-id-AreaBattle
Unloading 21 Unused Serialized files (Serialized files now loaded: 0)
Unloading 671 unused Assets / (2.4 MB). Loaded Objects now: 1200.
Memory consumption went from 102.5 MB to 100.1 MB.
Total: 3.548300 ms (FindLiveObjects: 0.053100 ms CreateObjectMapping: 0.014600 ms MarkObjects: 2.683200 ms  DeleteObjects: 0.796900 ms)

Start importing Assets/AreaBattle/Resources/Recovered/Outgame/SceneEffects using Guid(b8f19d0bcf4f2654ba52aaa6c4815af6) (DefaultImporter) -> (artifact id: '51fe154e62019ea80c248c2c532bcb89') in 0.0042873 seconds
Start importing Assets/AreaBattle/Resources/Recovered/Outgame/SceneEffects/Materials using Guid(61cb6524de6b3de43a3e811bec320794) (DefaultImporter) -> (artifact id: 'd689451c30bd0254497f297c6da0da8f') in 0.00075 seconds
Start importing Assets/AreaBattle/Resources/Recovered/Outgame/SceneEffects/Animations using Guid(841c0f82d0ff53d459babd1608440455) (DefaultImporter) -> (artifact id: 'db74f6bc3bafa73eec589e4bc8cd61b9') in 0.0006446 seconds
Start importing Assets/AreaBattle/Resources/Recovered/Outgame/SceneEffects/Meshes using Guid(f693a83e9282498479cd8a4ad4857652) (DefaultImporter) -> (artifact id: '92e077d34652783b838091acd5a6a99d') in 0.0006309 seconds
Start importing Assets/AreaBattle/Resources/Recovered/Outgame/SceneEffects/Textures using Guid(578721318173f534ea4edb5508f919fe) (DefaultImporter) -> (artifact id: '2abf5987447151298f92a6477ef58b87') in 0.0006337 seconds
Start importing Assets/AreaBattle/Resources/Recovered/Outgame/SceneEffects/Spine using Guid(7d620c7ec04e871479414defaa316ebf) (DefaultImporter) -> (artifact id: '54670a94ccdedc3db9ba71fe067afab9') in 0.0005803 seconds
Start importing Assets/AreaBattle/Resources/Recovered/Outgame/SceneEffects/Shaders using Guid(dd165781a5cc88d45b7a26c6c207bc8c) (DefaultImporter) -> (artifact id: 'c6f709c86cee89e17d881271effebcda') in 0.0006202 seconds
Refreshing native plugins compatible for Editor in 0.00 ms, found 0 plugins.
Preloading 0 native plugins for Editor in 0.00 ms.
Asset Pipeline Refresh (id=415aa3a76cb83534193df68f2c92346f): Total: 0.080 seconds - Initiated by RefreshV2(NoUpdateAssetOptions)
Start importing Assets/AreaBattle/Resources/Recovered/Outgame/SceneEffects/Textures/CAB-159c9548aa49c5cb15055204d08bcdf3_-1695908264112985401 using Guid(03b02ed0403bb1f409c5fd481655063f) (DefaultImporter) -> (artifact id: '17a298ea8ea3e60597389b69231b635e') in 0.0008263 seconds
Start importing Assets/AreaBattle/Resources/Recovered/Outgame/SceneEffects/Textures/CAB-159c9548aa49c5cb15055204d08bcdf3_-1695908264112985401/UI_GuBao.png using Guid(d19ce7c52ded4224bb4634fe6259b989) (TextureImporter) -> (artifact id: '9fffd84d04e48af7a7561296002bf30b') in 0.0073661 seconds
Refreshing native plugins compatible for Editor in 0.00 ms, found 0 plugins.
Preloading 0 native plugins for Editor in 0.00 ms.
Asset Pipeline Refresh (id=fc70e86ea93b79d46b8066c73ef3da93): Total: 0.016 seconds - Initiated by StopAssetImportingV2(NoUpdateAssetOptions)
Start importing Assets/AreaBattle/Resources/Recovered/Outgame/SceneEffects/Textures/CAB-159c9548aa49c5cb15055204d08bcdf3_-1695908264112985401/UI_GuBao.png using Guid(d19ce7c52ded4224bb4634fe6259b989) (TextureImporter) -> (artifact id: 'db5e4bc07de7f670d352a130cf8ee055') in 0.0012732 seconds
Refreshing native plugins compatible for Editor in 0.00 ms, found 0 plugins.
Preloading 0 native plugins for Editor in 0.00 ms.
Asset Pipeline Refresh (id=a66d5156f705f174d9604eb54e57fd1e): Total: 0.008 seconds - Initiated by StopAssetImportingV2(NoUpdateAssetOptions)
Start importing Assets/AreaBattle/Resources/Recovered/Outgame/SceneEffects/Spine/CAB-159c9548aa49c5cb15055204d08bcdf3_-4618498715180518290.txt using Guid(bac234705aa16794bb1d6e96b3010493) (TextScriptImporter) -> (artifact id: 'b85662d804b16a32af78ea2c77084fc7') in 0.0013703 seconds
Refreshing native plugins compatible for Editor in 0.00 ms, found 0 plugins.
Preloading 0 native plugins for Editor in 0.00 ms.
Asset Pipeline Refresh (id=efc4cabeaa2c7334eb4ab7eb3e44de78): Total: 0.006 seconds - Initiated by StopAssetImportingV2(NoUpdateAssetOptions)
Start importing Assets/AreaBattle/Resources/Recovered/Outgame/SceneEffects/Spine/CAB-159c9548aa49c5cb15055204d08bcdf3_-168748672023742496.txt using Guid(80086d64d6b817e4c96fbfe9c450119b) (TextScriptImporter) -> (artifact id: '06a927e332ca14a7c4939bdc9ccb1cc4') in 0.0011856 seconds
Refreshing native plugins compatible for Editor in 0.00 ms, found 0 plugins.
Preloading 0 native plugins for Editor in 0.00 ms.
Asset Pipeline Refresh (id=9c94069801bb1504b9c0a519d31e1927): Total: 0.006 seconds - Initiated by StopAssetImportingV2(NoUpdateAssetOptions)
Start importing Assets/AreaBattle/Resources/Recovered/Outgame/SceneEffects/Meshes/CAB-159c9548aa49c5cb15055204d08bcdf3_-1374567385745409937.asset using Guid(009e7d1b8cbfadd4db2125843fbcd9e6) (NativeFormatImporter) -> (artifact id: '623d6171d23ee72e1da9aabf19647179') in 0.0018506 seconds
Refreshing native plugins compatible for Editor in 0.00 ms, found 0 plugins.
Preloading 0 native plugins for Editor in 0.00 ms.
Asset Pipeline Refresh (id=e694b8f67504aff41a15c8b19bca4b4f): Total: 0.007 seconds - Initiated by StopAssetImportingV2(NoUpdateAssetOptions)
Start importing Assets/AreaBattle/Resources/Recovered/Outgame/SceneEffects/Textures/CAB-66536d01dbd6bf786766ac4f0f184d09_4988150354445090395 using Guid(ed6ae677d1e6d4b4e9a1d88e27a193ac) (DefaultImporter) -> (artifact id: 'f832b3006694b2ac7b4869665c8edd98') in 0.0008495 seconds
Start importing Assets/AreaBattle/Resources/Recovered/Outgame/SceneEffects/Textures/CAB-66536d01dbd6bf786766ac4f0f184d09_4988150354445090395/Default-ParticleSystem.png using Guid(3b05fb11d1d5a3f4eaf4e4bd2f20860e) (TextureImporter) -> (artifact id: '86ca6f8ddd58813f48dbca23a6062459') in 0.0015686 seconds
Refreshing native plugins compatible for Editor in 0.00 ms, found 0 plugins.
Preloading 0 native plugins for Editor in 0.00 ms.
Asset Pipeline Refresh (id=5cc550456a864784e8c7e32a2faebcc6): Total: 0.009 seconds - Initiated by StopAssetImportingV2(NoUpdateAssetOptions)
Start importing Assets/AreaBattle/Resources/Recovered/Outgame/SceneEffects/Textures/CAB-66536d01dbd6bf786766ac4f0f184d09_4988150354445090395/Default-ParticleSystem.png using Guid(3b05fb11d1d5a3f4eaf4e4bd2f20860e) (TextureImporter) -> (artifact id: '7cba2c6b6b4bad442e726e49f0a1cd90') in 0.0016763 seconds
Refreshing native plugins compatible for Editor in 0.00 ms, found 0 plugins.
Preloading 0 native plugins for Editor in 0.00 ms.
Asset Pipeline Refresh (id=b66dfc0c41217c14fac292c23e16e564): Total: 0.009 seconds - Initiated by StopAssetImportingV2(NoUpdateAssetOptions)
Start importing Assets/AreaBattle/Resources/Recovered/Outgame/SceneEffects/Textures/CAB-5d74582187a9e0489ad39e49c88575fa_5810581928486737504 using Guid(ec813982feb385f41ad22c336ef565d8) (DefaultImporter) -> (artifact id: '619ca3ada9c3431ef11df48dfb8585af') in 0.0008503 seconds
Start importing Assets/AreaBattle/Resources/Recovered/Outgame/SceneEffects/Textures/CAB-5d74582187a9e0489ad39e49c88575fa_5810581928486737504/huo01.png using Guid(af131e3bfd34e0048bd5db2d1c06371b) (TextureImporter) -> (artifact id: '3b61c4b29324eebec2e33bc35cc9968f') in 0.0015773 seconds
Refreshing native plugins compatible for Editor in 0.00 ms, found 0 plugins.
Preloading 0 native plugins for Editor in 0.00 ms.
Asset Pipeline Refresh (id=f6de3b055a1b7db4594bc102a684a994): Total: 0.008 seconds - Initiated by StopAssetImportingV2(NoUpdateAssetOptions)
Start importing Assets/AreaBattle/Resources/Recovered/Outgame/SceneEffects/Textures/CAB-5d74582187a9e0489ad39e49c88575fa_5810581928486737504/huo01.png using Guid(af131e3bfd34e0048bd5db2d1c06371b) (TextureImporter) -> (artifact id: '1b490c7533d0af3d991ecbd7b594f43b') in 0.0012869 seconds
Refreshing native plugins compatible for Editor in 0.00 ms, found 0 plugins.
Preloading 0 native plugins for Editor in 0.00 ms.
Asset Pipeline Refresh (id=8d5c7d2956e2f454cbdf3711cae5b477): Total: 0.008 seconds - Initiated by StopAssetImportingV2(NoUpdateAssetOptions)
Start importing Assets/AreaBattle/Resources/Recovered/Outgame/SceneEffects/Textures/CAB-b12d4088e8f7b498f0adf3fc02e3e720_6037238298201059378 using Guid(1cab90cfb86fec3418148130b310b4fa) (DefaultImporter) -> (artifact id: '47c5eec2f2e8bf60fef0c856689d232f') in 0.0007941 seconds
Start importing Assets/AreaBattle/Resources/Recovered/Outgame/SceneEffects/Textures/CAB-b12d4088e8f7b498f0adf3fc02e3e720_6037238298201059378/huo02.png using Guid(337ed9d3f2930af4b896a7faf4289dee) (TextureImporter) -> (artifact id: '90b2803141c2bb45f122662caa0599f4') in 0.001559 seconds
Refreshing native plugins compatible for Editor in 0.00 ms, found 0 plugins.
Preloading 0 native plugins for Editor in 0.00 ms.
Asset Pipeline Refresh (id=47b1294f3e43a6143a66ed0927cccf05): Total: 0.008 seconds - Initiated by StopAssetImportingV2(NoUpdateAssetOptions)
Start importing Assets/AreaBattle/Resources/Recovered/Outgame/SceneEffects/Textures/CAB-b12d4088e8f7b498f0adf3fc02e3e720_6037238298201059378/huo02.png using Guid(337ed9d3f2930af4b896a7faf4289dee) (TextureImporter) -> (artifact id: 'f40ce2e6b7609699e2ee786ff9aba82b') in 0.0012585 seconds
Refreshing native plugins compatible for Editor in 0.00 ms, found 0 plugins.
Preloading 0 native plugins for Editor in 0.00 ms.
Asset Pipeline Refresh (id=527ba4949b2f0e9418e2e91d8df9e5d6): Total: 0.009 seconds - Initiated by StopAssetImportingV2(NoUpdateAssetOptions)
Curl error 7: Failed to connect to config.uca.cloud.unity3d.com port 443 after 225 ms: Could not connect to server
Start importing Assets/AreaBattle/Resources/Recovered/Outgame/SceneEffects/Textures/CAB-9bf8825f57098aa51dc0a157a84766e7_4180592390865256943 using Guid(36bfe2e54e8554a458bafe08c9f9b787) (DefaultImporter) -> (artifact id: 'd94d81f0767f8fefe53359b3b464a663') in 0.0008499 seconds
Start importing Assets/AreaBattle/Resources/Recovered/Outgame/SceneEffects/Textures/CAB-9bf8825f57098aa51dc0a157a84766e7_4180592390865256943/huo03.png using Guid(a426edb8d37644b4b95adcd10c01acec) (TextureImporter) -> (artifact id: '2baeb953819b1a8a94508597f2b20018') in 0.0015348 seconds
Refreshing native plugins compatible for Editor in 0.00 ms, found 0 plugins.
Preloading 0 native plugins for Editor in 0.00 ms.
Asset Pipeline Refresh (id=e4b5d32378344c5438d21f6fa2b093c4): Total: 0.009 seconds - Initiated by StopAssetImportingV2(NoUpdateAssetOptions)
Start importing Assets/AreaBattle/Resources/Recovered/Outgame/SceneEffects/Textures/CAB-9bf8825f57098aa51dc0a157a84766e7_4180592390865256943/huo03.png using Guid(a426edb8d37644b4b95adcd10c01acec) (TextureImporter) -> (artifact id: 'a3031bf1c63ef199a9e4a1c69df9668c') in 0.0011638 seconds
Refreshing native plugins compatible for Editor in 0.00 ms, found 0 plugins.
Preloading 0 native plugins for Editor in 0.00 ms.
Asset Pipeline Refresh (id=2ffe8e6a6ed03654db68cdd8a80ce4e2): Total: 0.008 seconds - Initiated by StopAssetImportingV2(NoUpdateAssetOptions)
Start importing Assets/AreaBattle/Resources/Recovered/Outgame/SceneEffects/Textures/CAB-9f7e45743a02d83cba7ab6aa2e58c920_7225024262743229264 using Guid(46319ef4ccb001e46a7e7248328d843b) (DefaultImporter) -> (artifact id: 'e1914cb285a7609c2fec5ff962c80bff') in 0.000761 seconds
Start importing Assets/AreaBattle/Resources/Recovered/Outgame/SceneEffects/Textures/CAB-9f7e45743a02d83cba7ab6aa2e58c920_7225024262743229264/hdzd_boss_smoke10.png using Guid(8adbcdba5b1293d4bbcadf345a56a97f) (TextureImporter) -> (artifact id: '593a240de405934b8a491c262e4d0b8d') in 0.002717 seconds
Refreshing native plugins compatible for Editor in 0.00 ms, found 0 plugins.
Preloading 0 native plugins for Editor in 0.00 ms.
Asset Pipeline Refresh (id=e5fedc94a08f5fe4b8d09ee5f694f5e3): Total: 0.009 seconds - Initiated by StopAssetImportingV2(NoUpdateAssetOptions)
Start importing Assets/AreaBattle/Resources/Recovered/Outgame/SceneEffects/Textures/CAB-9f7e45743a02d83cba7ab6aa2e58c920_7225024262743229264/hdzd_boss_smoke10.png using Guid(8adbcdba5b1293d4bbcadf345a56a97f) (TextureImporter) -> (artifact id: 'd4219bdcd110ca875a05a96a0ebac3a6') in 0.0019418 seconds
Refreshing native plugins compatible for Editor in 0.00 ms, found 0 plugins.
Preloading 0 native plugins for Editor in 0.00 ms.
Asset Pipeline Refresh (id=5643986fb65bc0b48b946a8fda1dbad5): Total: 0.009 seconds - Initiated by StopAssetImportingV2(NoUpdateAssetOptions)
Start importing Assets/AreaBattle/Resources/Recovered/Outgame/SceneEffects/Textures/CAB-355b8fd2df4e0945308cdb6089b49c6b_-8122721023393069358 using Guid(8a3a7910d3a5bc24790f86ecb24472e6) (DefaultImporter) -> (artifact id: 'ab8b9040dd190bb62d5bf9595118c1ee') in 0.0007421 seconds
Start importing Assets/AreaBattle/Resources/Recovered/Outgame/SceneEffects/Textures/CAB-355b8fd2df4e0945308cdb6089b49c6b_-8122721023393069358/BeiJing_ZhaoZe_zhu.png using Guid(b5841c99a0731b645a88cce07d27bff0) (TextureImporter) -> (artifact id: '80add21d101222267989bd11fc0cc447') in 0.0040537 seconds
Refreshing native plugins compatible for Editor in 0.00 ms, found 0 plugins.
Preloading 0 native plugins for Editor in 0.00 ms.
Asset Pipeline Refresh (id=7be5bda4ad40b6c4ca91b22bb0ffb0ca): Total: 0.011 seconds - Initiated by StopAssetImportingV2(NoUpdateAssetOptions)
Start importing Assets/AreaBattle/Resources/Recovered/Outgame/SceneEffects/Textures/CAB-355b8fd2df4e0945308cdb6089b49c6b_-8122721023393069358/BeiJing_ZhaoZe_zhu.png using Guid(b5841c99a0731b645a88cce07d27bff0) (TextureImporter) -> (artifact id: '86676d41f6096a791c08b2119fb590c7') in 0.002262 seconds
Refreshing native plugins compatible for Editor in 0.00 ms, found 0 plugins.
Preloading 0 native plugins for Editor in 0.00 ms.
Asset Pipeline Refresh (id=e5a77fbda9cdeac49aa856b3efcd510e): Total: 0.009 seconds - Initiated by StopAssetImportingV2(NoUpdateAssetOptions)
Start importing Assets/AreaBattle/Resources/Recovered/Outgame/SceneEffects/Spine/CAB-355b8fd2df4e0945308cdb6089b49c6b_-1863569207150649993.txt using Guid(724d6d0f75ca73a46bd263fd0f08284f) (TextScriptImporter) -> (artifact id: '153dc9231259314cee7c6cacfd95e1b2') in 0.0013809 seconds
Refreshing native plugins compatible for Editor in 0.00 ms, found 0 plugins.
Preloading 0 native plugins for Editor in 0.00 ms.
Asset Pipeline Refresh (id=732d82af62b98534fb5543ea0c8d4109): Total: 0.007 seconds - Initiated by StopAssetImportingV2(NoUpdateAssetOptions)
Start importing Assets/AreaBattle/Resources/Recovered/Outgame/SceneEffects/Spine/CAB-355b8fd2df4e0945308cdb6089b49c6b_-3687698104244603539.txt using Guid(d3c7ea9b07503cc4c914e73d59488f7b) (TextScriptImporter) -> (artifact id: '2a0c39c928dee2fccad310880e96543b') in 0.0012879 seconds
Refreshing native plugins compatible for Editor in 0.00 ms, found 0 plugins.
Preloading 0 native plugins for Editor in 0.00 ms.
Asset Pipeline Refresh (id=21f8ff567618e36478d003616134a6a8): Total: 0.007 seconds - Initiated by StopAssetImportingV2(NoUpdateAssetOptions)
Start importing Assets/AreaBattle/Resources/Recovered/Outgame/SceneEffects/Meshes/CAB-355b8fd2df4e0945308cdb6089b49c6b_9099652632597560913.asset using Guid(aca2a651f958c9b43b8ac5ce7347750a) (NativeFormatImporter) -> (artifact id: 'cda7a516e3d7b107a99546f7d0e654e0') in 0.0010726 seconds
Refreshing native plugins compatible for Editor in 0.00 ms, found 0 plugins.
Preloading 0 native plugins for Editor in 0.00 ms.
Asset Pipeline Refresh (id=4741086f3c6746347a252dc246241433): Total: 0.006 seconds - Initiated by StopAssetImportingV2(NoUpdateAssetOptions)
Start importing Assets/AreaBattle/Resources/Recovered/Outgame/SceneEffects/Meshes/CAB-159c9548aa49c5cb15055204d08bcdf3_-1374567385745409937.asset using Guid(009e7d1b8cbfadd4db2125843fbcd9e6) (NativeFormatImporter) -> (artifact id: 'b8b99a076fdacece31ef8796774329f8') in 0.0007636 seconds
Start importing Assets/AreaBattle/Resources/Recovered/Outgame/SceneEffects/Meshes/CAB-355b8fd2df4e0945308cdb6089b49c6b_9099652632597560913.asset using Guid(aca2a651f958c9b43b8ac5ce7347750a) (NativeFormatImporter) -> (artifact id: '4e036b02dc2304642123fe3c489eafd5') in 0.0006584 seconds
Refreshing native plugins compatible for Editor in 0.00 ms, found 0 plugins.
Preloading 0 native plugins for Editor in 0.00 ms.
Asset Pipeline Refresh (id=e8405323078780846baee76969207751): Total: 0.006 seconds - Initiated by StopAssetImportingV2(NoUpdateAssetOptions)
Start importing Assets/AreaBattle/Resources/Recovered/Outgame/SceneEffects/Materials/CAB-159c9548aa49c5cb15055204d08bcdf3_-8492159892686387610.mat using Guid(788e1011ce5f6084898cffbbd7ef2795) (NativeFormatImporter)Main Object Name 'UI_GuBao_Material' does not match filename 'CAB-159c9548aa49c5cb15055204d08bcdf3_-8492159892686387610'
UnityEngine.Debug:ExtractStackTraceNoAlloc (byte*,int,string)
UnityEngine.StackTraceUtility:ExtractStackTrace ()
UnityEditor.AssetDatabase:ImportAsset (string,UnityEditor.ImportAssetOptions)
AreaBattle.EditorTools.RecoveredBossImporter:ImportNativeResource (AreaBattle.EditorTools.RecoveredBossImporter/Resource,string,System.Type) (at Assets/AreaBattle/Editor/RecoveredBossImporter.cs:126)
AreaBattle.EditorTools.RecoveredBossImporter:ImportFrom (string,string,string) (at Assets/AreaBattle/Editor/RecoveredBossImporter.cs:63)
AreaBattle.EditorTools.RecoveredBossImporter:ImportOutgameScenesBatch () (at Assets/AreaBattle/Editor/RecoveredBossImporter.cs:39)

[Assets/AreaBattle/Editor/RecoveredBossImporter.cs line 126]

 -> (artifact id: '937f7c4d186acacdabaf85d77e607755') in 0.0021507 seconds
Refreshing native plugins compatible for Editor in 0.00 ms, found 0 plugins.
Preloading 0 native plugins for Editor in 0.00 ms.
Asset Pipeline Refresh (id=6cfc74cf11143ea4f9e9097b13d58b17): Total: 0.008 seconds - Initiated by StopAssetImportingV2(NoUpdateAssetOptions)
Start importing Assets/AreaBattle/Resources/Recovered/Outgame/SceneEffects/Materials/CAB-66536d01dbd6bf786766ac4f0f184d09_8308402369294867413.mat using Guid(e5b418a60790fd04ab0894109d43b75c) (NativeFormatImporter)Main Object Name 'Default-ParticleSystem' does not match filename 'CAB-66536d01dbd6bf786766ac4f0f184d09_8308402369294867413'
UnityEngine.Debug:ExtractStackTraceNoAlloc (byte*,int,string)
UnityEngine.StackTraceUtility:ExtractStackTrace ()
UnityEditor.AssetDatabase:ImportAsset (string,UnityEditor.ImportAssetOptions)
AreaBattle.EditorTools.RecoveredBossImporter:ImportNativeResource (AreaBattle.EditorTools.RecoveredBossImporter/Resource,string,System.Type) (at Assets/AreaBattle/Editor/RecoveredBossImporter.cs:126)
AreaBattle.EditorTools.RecoveredBossImporter:ImportFrom (string,string,string) (at Assets/AreaBattle/Editor/RecoveredBossImporter.cs:63)
AreaBattle.EditorTools.RecoveredBossImporter:ImportOutgameScenesBatch () (at Assets/AreaBattle/Editor/RecoveredBossImporter.cs:39)

[Assets/AreaBattle/Editor/RecoveredBossImporter.cs line 126]

 -> (artifact id: '41e61efb2ecedf8de3d8a6dcb88d1975') in 0.0016007 seconds
Refreshing native plugins compatible for Editor in 0.00 ms, found 0 plugins.
Preloading 0 native plugins for Editor in 0.00 ms.
Asset Pipeline Refresh (id=98ee8960aaf7f35439eedd78ed6d6141): Total: 0.007 seconds - Initiated by StopAssetImportingV2(NoUpdateAssetOptions)
Start importing Assets/AreaBattle/Resources/Recovered/Outgame/SceneEffects/Materials/CAB-e0449e8c0975befcf54fe2c641165b09_1283176296845484963.mat using Guid(14483a72ef7dbd848acdde18eec62f9c) (NativeFormatImporter)Main Object Name 'huo01' does not match filename 'CAB-e0449e8c0975befcf54fe2c641165b09_1283176296845484963'
UnityEngine.Debug:ExtractStackTraceNoAlloc (byte*,int,string)
UnityEngine.StackTraceUtility:ExtractStackTrace ()
UnityEditor.AssetDatabase:ImportAsset (string,UnityEditor.ImportAssetOptions)
AreaBattle.EditorTools.RecoveredBossImporter:ImportNativeResource (AreaBattle.EditorTools.RecoveredBossImporter/Resource,string,System.Type) (at Assets/AreaBattle/Editor/RecoveredBossImporter.cs:126)
AreaBattle.EditorTools.RecoveredBossImporter:ImportFrom (string,string,string) (at Assets/AreaBattle/Editor/RecoveredBossImporter.cs:63)
AreaBattle.EditorTools.RecoveredBossImporter:ImportOutgameScenesBatch () (at Assets/AreaBattle/Editor/RecoveredBossImporter.cs:39)

[Assets/AreaBattle/Editor/RecoveredBossImporter.cs line 126]

 -> (artifact id: 'e13b72d9b7205d1bf5857cea0741504d') in 0.0015784 seconds
Refreshing native plugins compatible for Editor in 0.00 ms, found 0 plugins.
Preloading 0 native plugins for Editor in 0.00 ms.
Asset Pipeline Refresh (id=3624406d5b83c0a40ab72152ad497051): Total: 0.007 seconds - Initiated by StopAssetImportingV2(NoUpdateAssetOptions)
Start importing Assets/AreaBattle/Resources/Recovered/Outgame/SceneEffects/Materials/CAB-715f336077672f1258b4abb1a3bcdd2e_-7816281900996289324.mat using Guid(9b7de7a203a59ca48bb178c76bb03c22) (NativeFormatImporter)Main Object Name 'huo02' does not match filename 'CAB-715f336077672f1258b4abb1a3bcdd2e_-7816281900996289324'
UnityEngine.Debug:ExtractStackTraceNoAlloc (byte*,int,string)
UnityEngine.StackTraceUtility:ExtractStackTrace ()
UnityEditor.AssetDatabase:ImportAsset (string,UnityEditor.ImportAssetOptions)
AreaBattle.EditorTools.RecoveredBossImporter:ImportNativeResource (AreaBattle.EditorTools.RecoveredBossImporter/Resource,string,System.Type) (at Assets/AreaBattle/Editor/RecoveredBossImporter.cs:126)
AreaBattle.EditorTools.RecoveredBossImporter:ImportFrom (string,string,string) (at Assets/AreaBattle/Editor/RecoveredBossImporter.cs:63)
AreaBattle.EditorTools.RecoveredBossImporter:ImportOutgameScenesBatch () (at Assets/AreaBattle/Editor/RecoveredBossImporter.cs:39)

[Assets/AreaBattle/Editor/RecoveredBossImporter.cs line 126]

 -> (artifact id: '4e27b4b13ef0a714c63152901b65ce0b') in 0.0014189 seconds
Refreshing native plugins compatible for Editor in 0.00 ms, found 0 plugins.
Preloading 0 native plugins for Editor in 0.00 ms.
Asset Pipeline Refresh (id=1b54130fe27088649baae1d2559be7eb): Total: 0.006 seconds - Initiated by StopAssetImportingV2(NoUpdateAssetOptions)
Start importing Assets/AreaBattle/Resources/Recovered/Outgame/SceneEffects/Materials/CAB-e5b01925774998800fff62c1f0089819_-5243934123408593181.mat using Guid(36eb091f290a3b54790dcdde692c4708) (NativeFormatImporter)Main Object Name 'huo03' does not match filename 'CAB-e5b01925774998800fff62c1f0089819_-5243934123408593181'
UnityEngine.Debug:ExtractStackTraceNoAlloc (byte*,int,string)
UnityEngine.StackTraceUtility:ExtractStackTrace ()
UnityEditor.AssetDatabase:ImportAsset (string,UnityEditor.ImportAssetOptions)
AreaBattle.EditorTools.RecoveredBossImporter:ImportNativeResource (AreaBattle.EditorTools.RecoveredBossImporter/Resource,string,System.Type) (at Assets/AreaBattle/Editor/RecoveredBossImporter.cs:126)
AreaBattle.EditorTools.RecoveredBossImporter:ImportFrom (string,string,string) (at Assets/AreaBattle/Editor/RecoveredBossImporter.cs:63)
AreaBattle.EditorTools.RecoveredBossImporter:ImportOutgameScenesBatch () (at Assets/AreaBattle/Editor/RecoveredBossImporter.cs:39)

[Assets/AreaBattle/Editor/RecoveredBossImporter.cs line 126]

 -> (artifact id: 'c23fd552c1d1afe94fa6efa3801ffdf7') in 0.0017659 seconds
Refreshing native plugins compatible for Editor in 0.00 ms, found 0 plugins.
Preloading 0 native plugins for Editor in 0.00 ms.
Asset Pipeline Refresh (id=272f6f317f760e447ade0c03d09bdd5d): Total: 0.007 seconds - Initiated by StopAssetImportingV2(NoUpdateAssetOptions)
Start importing Assets/AreaBattle/Resources/Recovered/Outgame/SceneEffects/Materials/CAB-e95c0648bae6f49345ca46cad57cdeaf_8184142139919367351.mat using Guid(adc3c9e83f845194c9fb678281020193) (NativeFormatImporter)Main Object Name 'hdzd_effect_boss01_17' does not match filename 'CAB-e95c0648bae6f49345ca46cad57cdeaf_8184142139919367351'
UnityEngine.Debug:ExtractStackTraceNoAlloc (byte*,int,string)
UnityEngine.StackTraceUtility:ExtractStackTrace ()
UnityEditor.AssetDatabase:ImportAsset (string,UnityEditor.ImportAssetOptions)
AreaBattle.EditorTools.RecoveredBossImporter:ImportNativeResource (AreaBattle.EditorTools.RecoveredBossImporter/Resource,string,System.Type) (at Assets/AreaBattle/Editor/RecoveredBossImporter.cs:126)
AreaBattle.EditorTools.RecoveredBossImporter:ImportFrom (string,string,string) (at Assets/AreaBattle/Editor/RecoveredBossImporter.cs:63)
AreaBattle.EditorTools.RecoveredBossImporter:ImportOutgameScenesBatch () (at Assets/AreaBattle/Editor/RecoveredBossImporter.cs:39)

[Assets/AreaBattle/Editor/RecoveredBossImporter.cs line 126]

 -> (artifact id: '95dc688ca7167aad5d5097bbbea436bc') in 0.001402 seconds
Refreshing native plugins compatible for Editor in 0.00 ms, found 0 plugins.
Preloading 0 native plugins for Editor in 0.00 ms.
Asset Pipeline Refresh (id=4e756925848c60f4783ce8c6e08b2714): Total: 0.007 seconds - Initiated by StopAssetImportingV2(NoUpdateAssetOptions)
Start importing Assets/AreaBattle/Resources/Recovered/Outgame/SceneEffects/Materials/CAB-355b8fd2df4e0945308cdb6089b49c6b_-6102227868341680040.mat using Guid(43fe7c2ebdad21d4494710b97191baf0) (NativeFormatImporter)Main Object Name 'BeiJing_ZhaoZe_zhu_Material' does not match filename 'CAB-355b8fd2df4e0945308cdb6089b49c6b_-6102227868341680040'
UnityEngine.Debug:ExtractStackTraceNoAlloc (byte*,int,string)
UnityEngine.StackTraceUtility:ExtractStackTrace ()
UnityEditor.AssetDatabase:ImportAsset (string,UnityEditor.ImportAssetOptions)
AreaBattle.EditorTools.RecoveredBossImporter:ImportNativeResource (AreaBattle.EditorTools.RecoveredBossImporter/Resource,string,System.Type) (at Assets/AreaBattle/Editor/RecoveredBossImporter.cs:126)
AreaBattle.EditorTools.RecoveredBossImporter:ImportFrom (string,string,string) (at Assets/AreaBattle/Editor/RecoveredBossImporter.cs:63)
AreaBattle.EditorTools.RecoveredBossImporter:ImportOutgameScenesBatch () (at Assets/AreaBattle/Editor/RecoveredBossImporter.cs:39)

[Assets/AreaBattle/Editor/RecoveredBossImporter.cs line 126]

 -> (artifact id: '881f432e7225f750a2b99d2f5be5a99d') in 0.001546 seconds
Refreshing native plugins compatible for Editor in 0.00 ms, found 0 plugins.
Preloading 0 native plugins for Editor in 0.00 ms.
Asset Pipeline Refresh (id=282e81ecba172d749a8d2175ef5b7628): Total: 0.007 seconds - Initiated by StopAssetImportingV2(NoUpdateAssetOptions)
Launched and connected shader compiler UnityShaderCompiler.exe after 0.01 seconds
Start importing Assets/AreaBattle/Resources/Recovered/Outgame/SceneEffects/Spine/CAB-159c9548aa49c5cb15055204d08bcdf3_2993014531632425858.asset using Guid(5bf9af956eb0ee84da24204fe0f37c91) (NativeFormatImporter)Main Object Name 'UI_GuBao_Atlas' does not match filename 'CAB-159c9548aa49c5cb15055204d08bcdf3_2993014531632425858'
UnityEngine.Debug:ExtractStackTraceNoAlloc (byte*,int,string)
UnityEngine.StackTraceUtility:ExtractStackTrace ()
UnityEditor.AssetDatabase:ImportAsset (string,UnityEditor.ImportAssetOptions)
AreaBattle.EditorTools.RecoveredBossImporter:ImportNativeResource (AreaBattle.EditorTools.RecoveredBossImporter/Resource,string,System.Type) (at Assets/AreaBattle/Editor/RecoveredBossImporter.cs:126)
AreaBattle.EditorTools.RecoveredBossImporter:ImportFrom (string,string,string) (at Assets/AreaBattle/Editor/RecoveredBossImporter.cs:75)
AreaBattle.EditorTools.RecoveredBossImporter:ImportOutgameScenesBatch () (at Assets/AreaBattle/Editor/RecoveredBossImporter.cs:39)

[Assets/AreaBattle/Editor/RecoveredBossImporter.cs line 126]

 -> (artifact id: '230c359bce704c02192fb45e4d76d3be') in 0.0019015 seconds
Refreshing native plugins compatible for Editor in 0.00 ms, found 0 plugins.
Preloading 0 native plugins for Editor in 0.00 ms.
Asset Pipeline Refresh (id=62142df5615fb7e4bab8001332885ee4): Total: 0.008 seconds - Initiated by StopAssetImportingV2(NoUpdateAssetOptions)
Start importing Assets/AreaBattle/Resources/Recovered/Outgame/SceneEffects/Spine/CAB-159c9548aa49c5cb15055204d08bcdf3_2993014531632425858.asset using Guid(5bf9af956eb0ee84da24204fe0f37c91) (NativeFormatImporter) -> (artifact id: '6d2cd9b556ca455cb2b5b509cef1c086') in 0.0009016 seconds
Refreshing native plugins compatible for Editor in 0.00 ms, found 0 plugins.
Preloading 0 native plugins for Editor in 0.00 ms.
Asset Pipeline Refresh (id=9ead7952ed8e10e4c93c1948878caa6c): Total: 0.005 seconds - Initiated by StopAssetImportingV2(NoUpdateAssetOptions)
Start importing Assets/AreaBattle/Resources/Recovered/Outgame/SceneEffects/Spine/CAB-355b8fd2df4e0945308cdb6089b49c6b_7748173865578886488.asset using Guid(4fc7bf5f9a36206458ea1138bbdabbb8) (NativeFormatImporter)Main Object Name 'BeiJing_ZhaoZe_zhu_Atlas' does not match filename 'CAB-355b8fd2df4e0945308cdb6089b49c6b_7748173865578886488'
UnityEngine.Debug:ExtractStackTraceNoAlloc (byte*,int,string)
UnityEngine.StackTraceUtility:ExtractStackTrace ()
UnityEditor.AssetDatabase:ImportAsset (string,UnityEditor.ImportAssetOptions)
AreaBattle.EditorTools.RecoveredBossImporter:ImportNativeResource (AreaBattle.EditorTools.RecoveredBossImporter/Resource,string,System.Type) (at Assets/AreaBattle/Editor/RecoveredBossImporter.cs:126)
AreaBattle.EditorTools.RecoveredBossImporter:ImportFrom (string,string,string) (at Assets/AreaBattle/Editor/RecoveredBossImporter.cs:75)
AreaBattle.EditorTools.RecoveredBossImporter:ImportOutgameScenesBatch () (at Assets/AreaBattle/Editor/RecoveredBossImporter.cs:39)

[Assets/AreaBattle/Editor/RecoveredBossImporter.cs line 126]

 -> (artifact id: '8e8acac1e9290e3ea3b64e49c952cceb') in 0.0015593 seconds
Refreshing native plugins compatible for Editor in 0.00 ms, found 0 plugins.
Preloading 0 native plugins for Editor in 0.00 ms.
Asset Pipeline Refresh (id=349f743202392e0419cf51a464009d9c): Total: 0.007 seconds - Initiated by StopAssetImportingV2(NoUpdateAssetOptions)
Start importing Assets/AreaBattle/Resources/Recovered/Outgame/SceneEffects/Spine/CAB-355b8fd2df4e0945308cdb6089b49c6b_7748173865578886488.asset using Guid(4fc7bf5f9a36206458ea1138bbdabbb8) (NativeFormatImporter) -> (artifact id: '271a0eda6eee2c5d9a8071a1289a6490') in 0.0007811 seconds
Refreshing native plugins compatible for Editor in 0.00 ms, found 0 plugins.
Preloading 0 native plugins for Editor in 0.00 ms.
Asset Pipeline Refresh (id=26f08b6d0ccf5c445b132e128dbc4231): Total: 0.005 seconds - Initiated by StopAssetImportingV2(NoUpdateAssetOptions)
Start importing Assets/AreaBattle/Resources/Recovered/Outgame/SceneEffects/Spine/CAB-159c9548aa49c5cb15055204d08bcdf3_-4266737333320597105.asset using Guid(1ab235d01a420c345a2a370b23da2af7) (NativeFormatImporter)Main Object Name 'UI_GuBao_SkeletonData' does not match filename 'CAB-159c9548aa49c5cb15055204d08bcdf3_-4266737333320597105'
UnityEngine.Debug:ExtractStackTraceNoAlloc (byte*,int,string)
UnityEngine.StackTraceUtility:ExtractStackTrace ()
UnityEditor.AssetDatabase:ImportAsset (string,UnityEditor.ImportAssetOptions)
AreaBattle.EditorTools.RecoveredBossImporter:ImportNativeResource (AreaBattle.EditorTools.RecoveredBossImporter/Resource,string,System.Type) (at Assets/AreaBattle/Editor/RecoveredBossImporter.cs:126)
AreaBattle.EditorTools.RecoveredBossImporter:ImportFrom (string,string,string) (at Assets/AreaBattle/Editor/RecoveredBossImporter.cs:75)
AreaBattle.EditorTools.RecoveredBossImporter:ImportOutgameScenesBatch () (at Assets/AreaBattle/Editor/RecoveredBossImporter.cs:39)

[Assets/AreaBattle/Editor/RecoveredBossImporter.cs line 126]

 -> (artifact id: '5bfdf25704b18ef99c1fc386712a2e37') in 0.0021002 seconds
Refreshing native plugins compatible for Editor in 0.00 ms, found 0 plugins.
Preloading 0 native plugins for Editor in 0.00 ms.
Asset Pipeline Refresh (id=cf9a6a65c9c498549b7389825ea1b79a): Total: 0.007 seconds - Initiated by StopAssetImportingV2(NoUpdateAssetOptions)
Start importing Assets/AreaBattle/Resources/Recovered/Outgame/SceneEffects/Spine/CAB-159c9548aa49c5cb15055204d08bcdf3_-4266737333320597105.asset using Guid(1ab235d01a420c345a2a370b23da2af7) (NativeFormatImporter) -> (artifact id: '790eed3d100449eecbbf784ee64cd91c') in 0.0007959 seconds
Refreshing native plugins compatible for Editor in 0.00 ms, found 0 plugins.
Preloading 0 native plugins for Editor in 0.00 ms.
Asset Pipeline Refresh (id=36ead15c8a9bae74399de8a14f1ed092): Total: 0.005 seconds - Initiated by StopAssetImportingV2(NoUpdateAssetOptions)
Start importing Assets/AreaBattle/Resources/Recovered/Outgame/SceneEffects/Spine/CAB-355b8fd2df4e0945308cdb6089b49c6b_-8552762817449694829.asset using Guid(57e5c1c8a83ddee46a86e6f3b1512112) (NativeFormatImporter)Main Object Name 'BeiJing_ZhaoZe_zhu_SkeletonData' does not match filename 'CAB-355b8fd2df4e0945308cdb6089b49c6b_-8552762817449694829'
UnityEngine.Debug:ExtractStackTraceNoAlloc (byte*,int,string)
UnityEngine.StackTraceUtility:ExtractStackTrace ()
UnityEditor.AssetDatabase:ImportAsset (string,UnityEditor.ImportAssetOptions)
AreaBattle.EditorTools.RecoveredBossImporter:ImportNativeResource (AreaBattle.EditorTools.RecoveredBossImporter/Resource,string,System.Type) (at Assets/AreaBattle/Editor/RecoveredBossImporter.cs:126)
AreaBattle.EditorTools.RecoveredBossImporter:ImportFrom (string,string,string) (at Assets/AreaBattle/Editor/RecoveredBossImporter.cs:75)
AreaBattle.EditorTools.RecoveredBossImporter:ImportOutgameScenesBatch () (at Assets/AreaBattle/Editor/RecoveredBossImporter.cs:39)

[Assets/AreaBattle/Editor/RecoveredBossImporter.cs line 126]

 -> (artifact id: '0ec6ed28f338b88e62fa86ed3360fb02') in 0.0014019 seconds
Refreshing native plugins compatible for Editor in 0.00 ms, found 0 plugins.
Preloading 0 native plugins for Editor in 0.00 ms.
Asset Pipeline Refresh (id=4cf34b283483dc54da864fc618a01888): Total: 0.006 seconds - Initiated by StopAssetImportingV2(NoUpdateAssetOptions)
Start importing Assets/AreaBattle/Resources/Recovered/Outgame/SceneEffects/Spine/CAB-355b8fd2df4e0945308cdb6089b49c6b_-8552762817449694829.asset using Guid(57e5c1c8a83ddee46a86e6f3b1512112) (NativeFormatImporter) -> (artifact id: '16c1e9d604bd58e2ea92c385027da1e2') in 0.0012257 seconds
Refreshing native plugins compatible for Editor in 0.00 ms, found 0 plugins.
Preloading 0 native plugins for Editor in 0.00 ms.
Asset Pipeline Refresh (id=276e0ac1c7361f245955610e352b34f3): Total: 0.006 seconds - Initiated by StopAssetImportingV2(NoUpdateAssetOptions)
Start importing Assets/AreaBattle/Resources/Recovered/Outgame/SceneEffects/eff_idle_GuBao.prefab using Guid(3f16213a833968942bd5bc2b7f221212) (PrefabImporter) -> (artifact id: 'eb0ea89c78242fdcf10ccff79ccb02a4') in 0.0041736 seconds
Refreshing native plugins compatible for Editor in 0.00 ms, found 0 plugins.
Preloading 0 native plugins for Editor in 0.00 ms.
Asset Pipeline Refresh (id=0f0710e9b327fb74abad9281141d84a6): Total: 0.009 seconds - Initiated by StopAssetImportingV2(NoUpdateAssetOptions)
Start importing Assets/AreaBattle/Resources/Recovered/Outgame/SceneEffects/eff_idle_GuBao.prefab using Guid(3f16213a833968942bd5bc2b7f221212) (PrefabImporter) -> (artifact id: '441b7d6267d2b09b9fb6da3629c9f8ea') in 0.0014114 seconds
Refreshing native plugins compatible for Editor in 0.00 ms, found 0 plugins.
Preloading 0 native plugins for Editor in 0.00 ms.
Asset Pipeline Refresh (id=426ec0e3701db9849860163e27103aec): Total: 0.008 seconds - Initiated by StopAssetImportingV2(NoUpdateAssetOptions)
Start importing Assets/AreaBattle/Resources/Recovered/Outgame/SceneEffects/idle_eff_HuoShan.prefab using Guid(2c420f52abe88d6418d53443d03fbc05) (PrefabImporter) -> (artifact id: '222467a6411a705d3fb4182281658517') in 0.0077838 seconds
Refreshing native plugins compatible for Editor in 0.00 ms, found 0 plugins.
Preloading 0 native plugins for Editor in 0.00 ms.
Asset Pipeline Refresh (id=04f281105f890894c8ddd844d1ff5751): Total: 0.014 seconds - Initiated by StopAssetImportingV2(NoUpdateAssetOptions)
Start importing Assets/AreaBattle/Resources/Recovered/Outgame/SceneEffects/idle_eff_HuoShan.prefab using Guid(2c420f52abe88d6418d53443d03fbc05) (PrefabImporter) -> (artifact id: 'ada143e101b947e66a805313acd4d4f6') in 0.0058892 seconds
Refreshing native plugins compatible for Editor in 0.00 ms, found 0 plugins.
Preloading 0 native plugins for Editor in 0.00 ms.
Asset Pipeline Refresh (id=dec266f90bdba23498df45fabc9e092f): Total: 0.015 seconds - Initiated by StopAssetImportingV2(NoUpdateAssetOptions)
Start importing Assets/AreaBattle/Resources/Recovered/Outgame/SceneEffects/eff_idle_ZhaoZe.prefab using Guid(9a6dddc100d1b4749a8e3ac6f45b1a03) (PrefabImporter) -> (artifact id: '01182ad26a806a2dd7eeb49f295446fc') in 0.0015843 seconds
Refreshing native plugins compatible for Editor in 0.00 ms, found 0 plugins.
Preloading 0 native plugins for Editor in 0.00 ms.
Asset Pipeline Refresh (id=77b57a5fd6d7aae47b545dff4a294c46): Total: 0.007 seconds - Initiated by StopAssetImportingV2(NoUpdateAssetOptions)
Start importing Assets/AreaBattle/Resources/Recovered/Outgame/SceneEffects/eff_idle_ZhaoZe.prefab using Guid(9a6dddc100d1b4749a8e3ac6f45b1a03) (PrefabImporter) -> (artifact id: 'e58bcab694f46430f570f7dd842e7d72') in 0.0022742 seconds
Refreshing native plugins compatible for Editor in 0.00 ms, found 0 plugins.
Preloading 0 native plugins for Editor in 0.00 ms.
Asset Pipeline Refresh (id=18c1156d6d5aa134b8a252bb001c127e): Total: 0.009 seconds - Initiated by StopAssetImportingV2(NoUpdateAssetOptions)
[Physics::Module] Cleanup current backned.
[Physics::Module] Id: 0xf2b8ea05
Input System module state changed to: ShutdownInProgress.
Input System polling thread exited.
Input System module state changed to: Shutdown.
[Licensing::IpcConnector] LicenseClient-jiachengwei-notifications channel disconnected successfully.
[Licensing::IpcConnector] LicenseClient-jiachengwei channel disconnected successfully.
AcceleratorClientConnectionCallback - disconnected - :0
Cleanup mono
Checking for leaked weakptr:
  Found no leaked weakptrs.
[Package Manager] Server process was shutdown
##utp:{"type":"MemoryLeaks","version":2,"phase":"Immediate","time":1790675673217,"processId":53100,"allocatedMemory":12104949,"memoryLabels":[{"Default":28597},{"Permanent":15356},{"NewDelete":70177},{"Thread":4230384},{"Manager":37786},{"VertexData":8},{"Geometry":816},{"VFX":-104},{"Texture":160},{"Shader":78795},{"Material":24},{"GfxDevice":55176},{"Animation":392},{"Audio":4040},{"FontEngine":256},{"Physics":2081},{"Serialization":816},{"Input":14824},{"JobScheduler":33024},{"TextLib":160},{"Mono":32},{"ScriptingNativeRuntime":155060},{"BaseObject":1620176},{"Resource":1304},{"Renderer":2928},{"Transform":4646},{"File":1016},{"WebCam":616},{"Culling":32},{"Terrain":11394},{"Wind":24},{"STL":40},{"String":26972},{"DynamicArray":89263},{"HashMap":61976},{"Utility":2662798},{"Curl":48},{"PoolAlloc":1768},{"AI":104},{"TypeTree":5005},{"ScriptManager":512},{"RuntimeInitializeOnLoadManager":64},{"SpriteAtlas":112},{"GI":7888},{"Director":8240},{"CloudService":12384},{"WebRequest":845},{"VR":45969},{"SceneManager":496},{"Video":64},{"LazyScriptCache":32},{"Camera":17},{"Secure":1},{"SerializationCache":1576},{"APIUpdating":10320},{"Subsystems":336},{"VirtualTexturing":57888},{"StaticSafetyDebugInfo":278528},{"Analytics":384},{"Hierarchy":272},{"Gui":80},{"EditorUtility":22872},{"VersionControl":4},{"Undo":947},{"AssetDatabase":2396390},{"EditorGi":328},{"UnityConnect":24184},{"Upm":2036},{"DrivenProperties":72},{"LocalIPC":217},{"ProfilerEditor":9746},{"CoreBusinessMetrics":2879},{"Licensing":1232},{"AssetReference":32},{"IPCStream":32}]}
