{
  "rootCount": 18,
  "closureCount": 26,
  "newBytes": 3572579,
  "items": [
    {
      "name": "materials/effect/hdzd_effect_boss01_17.mat.unity3d",
      "status": "verified",
      "acquisition": "new-snapshot",
      "error": null
    },
    {
      "name": "materials/effect/huo01.mat.unity3d",
      "status": "verified",
      "acquisition": "new-snapshot",
      "error": null
    },
    {
      "name": "materials/effect/huo02.mat.unity3d",
      "status": "verified",
      "acquisition": "new-snapshot",
      "error": null
    },
    {
      "name": "materials/effect/huo03.mat.unity3d",
      "status": "verified",
      "acquisition": "new-snapshot",
      "error": null
    },
    {
      "name": "prefabs/effect/eff_idle_gubao.prefab.unity3d",
      "status": "verified",
      "acquisition": "new-snapshot",
      "error": null
    },
    {
      "name": "prefabs/effect/eff_idle_zhaoze.prefab.unity3d",
      "status": "verified",
      "acquisition": "new-snapshot",
      "error": null
    },
    {
      "name": "prefabs/effect/idle_eff_huoshan.prefab.unity3d",
      "status": "verified",
      "acquisition": "new-snapshot",
      "error": null
    },
    {
      "name": "textures/effect/hdzd_boss_smoke10.png.unity3d",
      "status": "verified",
      "acquisition": "new-snapshot",
      "error": null
    },
    {
      "name": "textures/effect/huo01.png.unity3d",
      "status": "verified",
      "acquisition": "new-snapshot",
      "error": null
    },
    {
      "name": "textures/effect/huo02.png.unity3d",
      "status": "verified",
      "acquisition": "new-snapshot",
      "error": null
    },
    {
      "name": "textures/effect/huo03.png.unity3d",
      "status": "verified",
      "acquisition": "new-snapshot",
      "error": null
    },
    {
      "name": "textures/skinscene/scene_skin_idle1.png.unity3d",
      "status": "verified",
      "acquisition": "existing-local",
      "error": null
    },
    {
      "name": "textures/skinscene/scene_skin_idle11.png.unity3d",
      "status": "verified",
      "acquisition": "new-snapshot",
      "error": null
    },
    {
      "name": "textures/skinscene/scene_skin_idle12.png.unity3d",
      "status": "verified",
      "acquisition": "new-snapshot",
      "error": null
    },
    {
      "name": "textures/skinscene/scene_skin_idle13.png.unity3d",
      "status": "verified",
      "acquisition": "new-snapshot",
      "error": null
    },
    {
      "name": "textures/skinscene/scene_skin_idle14.png.unity3d",
      "status": "verified",
      "acquisition": "new-snapshot",
      "error": null
    },
    {
      "name": "textures/skinscene/scene_skin_idle15.png.unity3d",
      "status": "verified",
      "acquisition": "new-snapshot",
      "error": null
    },
    {
      "name": "textures/skinscene/scene_skin_idle16.png.unity3d",
      "status": "verified",
      "acquisition": "new-snapshot",
      "error": null
    },
    {
      "name": "textures/skinscene/scene_skin_idle2.png.unity3d",
      "status": "verified",
      "acquisition": "new-snapshot",
      "error": null
    },
    {
      "name": "textures/skinscene/scene_skin_idle3.png.unity3d",
      "status": "verified",
      "acquisition": "new-snapshot",
      "error": null
    },
    {
      "name": "textures/skinscene/scene_skin_idle4.png.unity3d",
      "status": "verified",
      "acquisition": "new-snapshot",
      "error": null
    },
    {
      "name": "textures/skinscene/scene_skin_idle5.png.unity3d",
      "status": "verified",
      "acquisition": "new-snapshot",
      "error": null
    },
    {
      "name": "textures/skinscene/scene_skin_idle6.png.unity3d",
      "status": "verified",
      "acquisition": "new-snapshot",
      "error": null
    },
    {
      "name": "textures/skinscene/scene_skin_idle7.png.unity3d",
      "status": "verified",
      "acquisition": "new-snapshot",
      "error": null
    },
    {
      "name": "textures/skinscene/scene_skin_idle8.png.unity3d",
      "status": "verified",
      "acquisition": "new-snapshot",
      "error": null
    },
    {
      "name": "textures/skinscene/scene_skin_idle9.png.unity3d",
      "status": "verified",
      "acquisition": "new-snapshot",
      "error": null
    }
  ]
}
