Mono path[0] = 'E:/Projects/AreaBattle/Build/Windows/AreaBattle_Data/Managed'
Mono config path = 'E:/Projects/AreaBattle/Build/Windows/MonoBleedingEdge/etc'
Found 1 interfaces on host : 0) 192.168.12.13
Player connection [51040]  Target information:

Player connection [51040]  * "[IP] 192.168.12.13 [Port] 55000 [Flags] 2 [Guid] 1024352902 [EditorId] 1624043909 [Version] 1048832 [Id] WindowsPlayer(2,DESKTOP-H2NB5JD) [Debug] 0 [PackageName] WindowsPlayer [ProjectName] AreaBattle" 

Player connection [51040] Started UDP target info broadcast (1) on [225.0.0.222:54997].

Input System module state changed to: Initialized.
[Physics::Module] Initialized fallback backend.
[Physics::Module] Id: 0xdecafbad
Initialize engine version: 6000.0.68f1 (e1e9baaf294b)
[Subsystems] Discovering subsystems at path E:/Projects/AreaBattle/Build/Windows/AreaBattle_Data/UnitySubsystems
Forcing GfxDevice: Null
GfxDevice: creating device client; kGfxThreadingModeNonThreaded
NullGfxDevice:
    Version:  NULL 1.0 [1.0]
    Renderer: Null Device
    Vendor:   Unity Technologies
Begin MonoManager ReloadAssembly
- Loaded All Assemblies, in  0.073 seconds
- Finished resetting the current domain, in  0.001 seconds
[Physics::Module] Selected backend.
[Physics::Module] Name: PhysX
[Physics::Module] Id: 0xf2b8ea05
[Physics::Module] SDK Version: 4.1.2
[Physics::Module] Integration Version: 1.0.0
[Physics::Module] Threading Mode: Multi-Threaded
Microsoft Media Foundation video decoding to texture disabled: graphics device is Null, only Direct3D 11 and Direct3D 12 (only on desktop) are supported for hardware-accelerated video decoding.
UnloadTime: 0.370000 ms
AREABATTLE_PLAYER_SMOKE_PASS
UnityEngine.Debug:ExtractStackTraceNoAlloc (byte*,int,string)
UnityEngine.StackTraceUtility:ExtractStackTrace () (at C:/build/output/unity/unity/Runtime/Export/Scripting/StackTrace.cs:35)
UnityEngine.DebugLogHandler:Internal_Log (UnityEngine.LogType,UnityEngine.LogOption,string,UnityEngine.Object)
UnityEngine.DebugLogHandler:LogFormat (UnityEngine.LogType,UnityEngine.Object,string,object[]) (at C:/build/output/unity/unity/Runtime/Export/Logging/DebugLogHandler.cs:9)
UnityEngine.Logger:Log (UnityEngine.LogType,object) (at C:/build/output/unity/unity/Runtime/Export/Logging/Logger.cs:60)
UnityEngine.Debug:Log (object) (at C:/build/output/unity/unity/Runtime/Export/Debug/Debug.bindings.cs:123)
AreaBattle.BattlePlayerSmoke:Finish (string) (at E:/Projects/AreaBattle/UnityProject/Assets/AreaBattle/Scripts/BattlePlayerSmoke.cs:51)
AreaBattle.BattlePlayerSmoke:Update () (at E:/Projects/AreaBattle/UnityProject/Assets/AreaBattle/Scripts/BattlePlayerSmoke.cs:44)

(Filename: C:/build/output/unity/unity/Runtime/Export/Debug/Debug.bindings.cs Line: 123)

[Physics::Module] Cleanup current backned.
[Physics::Module] Id: 0xf2b8ea05
Input System module state changed to: ShutdownInProgress.
Input System polling thread exited.
Input System module state changed to: Shutdown.
PlayerConnection::Cleanup##utp:{"type":"MemoryLeaks","version":2,"phase":"Immediate","time":1790664061266,"processId":47184,"allocatedMemory":54908,"memoryLabels":[{"Default":136},{"Manager":15915},{"VFX":-104},{"GfxDevice":72},{"Serialization":144},{"JobScheduler":32768},{"String":289},{"HashMap":3584},{"PoolAlloc":96},{"VR":1792},{"Subsystems":96},{"CoreBusinessMetrics":120}]}
