Unity Editor version:    6000.3.7f1 (696ec25a53d1)
Branch:                  6000.3/staging
Build type:              Release
Batch mode:              YES
macOS version:           Version 26.3.1 (a) (Build 25D771280a)
Darwin version:          25.3.0
Architecture:            arm64
Running under Rosetta:   NO
Available memory:        32768 MB
Date:                    2026-10-03T14:17:10Z
[Licensing::Module] Trying to connect to existing licensing client channel...
[Licensing::IpcConnector] Successfully connected to: "LicenseClient-mt" at "2026-10-03T14:17:10.681567Z"
Launching external process: /Applications/Unity6000.3.7f1/Unity-6000.3.7f1/Unity.app/Contents/Resources/PackageManager/Server/UnityPackageManager

COMMAND LINE ARGUMENTS:
/Applications/Unity6000.3.7f1/Unity-6000.3.7f1/Unity.app/Contents/MacOS/Unity
-batchmode
-quit
-projectPath
/private/tmp/areabattle-validation-20261003/UnityProject
-executeMethod
AreaBattle.EditorTools.BattleBuild.ValidateMechanicsOnly
-logFile
/private/tmp/areabattle-validation-20261003/analysis/pool-manager-integrated.log
Successfully changed project path to: /private/tmp/areabattle-validation-20261003/UnityProject
/private/tmp/areabattle-validation-20261003/UnityProject
[UnityMemory] Configuration Parameters - Can be set up in boot.config
    "memorysetup-allocator-temp-initial-block-size-main=262144"
    "memorysetup-allocator-temp-initial-block-size-worker=262144"
    "memorysetup-temp-allocator-size-background-worker=32768"
    "memorysetup-temp-allocator-size-job-worker=262144"
    "memorysetup-temp-allocator-size-preload-manager=33554432"
    "memorysetup-temp-allocator-size-nav-mesh-worker=65536"
    "memorysetup-temp-allocator-size-audio-worker=65536"
    "memorysetup-temp-allocator-size-cloud-worker=32768"
    "memorysetup-bucket-allocator-granularity=16"
    "memorysetup-bucket-allocator-bucket-count=8"
    "memorysetup-bucket-allocator-block-size=33554432"
    "memorysetup-bucket-allocator-block-count=8"
    "memorysetup-main-allocator-block-size=16777216"
    "memorysetup-thread-allocator-block-size=16777216"
    "memorysetup-gfx-main-allocator-block-size=16777216"
    "memorysetup-gfx-thread-allocator-block-size=16777216"
    "memorysetup-cache-allocator-block-size=4194304"
    "memorysetup-typetree-allocator-block-size=2097152"
    "memorysetup-profiler-bucket-allocator-granularity=16"
    "memorysetup-profiler-bucket-allocator-bucket-count=8"
    "memorysetup-profiler-bucket-allocator-block-size=33554432"
    "memorysetup-profiler-bucket-allocator-block-count=8"
    "memorysetup-profiler-allocator-block-size=16777216"
    "memorysetup-profiler-editor-allocator-block-size=1048576"
    "memorysetup-temp-allocator-size-main=16777216"
    "memorysetup-job-temp-allocator-block-size=2097152"
    "memorysetup-job-temp-allocator-block-size-background=1048576"
    "memorysetup-job-temp-allocator-reduction-small-platforms=262144"
    "memorysetup-temp-allocator-size-gi-baking-worker=262144"
    "memorysetup-temp-allocator-size-gi-baking-worker=262144"
    "memorysetup-temp-allocator-size-gi-baking-worker=262144"
    "memorysetup-temp-allocator-size-gi-baking-worker=262144"
    "memorysetup-temp-allocator-size-gi-baking-worker=262144"
    "memorysetup-temp-allocator-size-gfx=262144"
Player connection [8506192128]  Target information:

Player connection [8506192128]  * "[IP] 192.168.0.136 [Port] 55506 [Flags] 2 [Guid] 3643271978 [EditorId] 3643271978 [Version] 1048832 [Id] OSXEditor(0,mtdeMacBook-Pro.local) [Debug] 1 [PackageName] OSXEditor [ProjectName] Editor" 

Player connection [8506192128]  * "[IP] 172.16.224.144 [Port] 55506 [Flags] 2 [Guid] 3643271978 [EditorId] 3643271978 [Version] 1048832 [Id] OSXEditor(0,mtdeMacBook-Pro.local) [Debug] 1 [PackageName] OSXEditor [ProjectName] Editor" 

Player connection [8506192128] Host joined multi-casting on [225.0.0.222:54997]...
Player connection [8506192128] Host joined alternative multi-casting on [225.0.0.222:34997]...
Input System module state changed to: Initialized.
[Physics::Module] Initialized fallback backend.
[Physics::Module] Id: 0xdecafbad
[Package Manager] Connected to IPC stream "Upm-44463" after 0.1 seconds.
[Licensing::Module] Licensing is not yet initialized.
[Licensing::Client] Code 0 while verifying Licensing Client signature (process Id: 75619, path: "/Applications/Unity6000.3.7f1/Unity-6000.3.7f1/Unity.app/Contents/Helpers/UnityLicensingClient.app/Contents/MacOS/Unity.Licensing.Client")
[Licensing::Module] LicensingClient has failed validation; ignoring
[Licensing::Client] Handshaking with LicensingClient:
  Version:                 1.17.4+4293ba1
  Session Id:              3277023555a348be90659dc5bc402704
  Correlation Id:          5590b3a76bba764bac1a831184dbb7b5
  External correlation Id: 1752095808158404093
  Machine Id:              TkagbQsjfXQmspsXe7+0nD9Nk6Q=
[Licensing::Module] Successfully connected to LicensingClient on channel: "LicenseClient-mt" (connect: 0.00s, validation: 0.00s, handshake: 0.30s)
[Licensing::IpcConnector] Successfully connected to: "LicenseClient-mt-notifications" at "2026-10-03T14:17:10.979659Z"
[Licensing::Module] Error: Access token is unavailable; failed to update
[Licensing::Client] Successfully resolved entitlement details
[Licensing::Module] License group:
  Id: 00-0000-0000-0000-0000-XXXX
  Product: Unity Pro
  Type: ULF
  Expiration: Unlimited
[Licensing::Client] Successfully updated license, isAsync: True, time: 0.00
[Licensing::Client] Successfully resolved entitlement details
[Licensing::Module] Licensing Background thread has ended after 0.30s
[Licensing::Module] Licensing is initialized (took 0.06s).
[Licensing::Client] Successfully resolved entitlement details
Library Redirect Path: Library/
[Physics::Module] Selected backend.
[Physics::Module] Name: PhysX
[Physics::Module] Id: 0xf2b8ea05
[Physics::Module] SDK Version: 4.1.2
[Physics::Module] Integration Version: 1.0.0
[Physics::Module] Threading Mode: Multi-Threaded
Refreshing native plugins compatible for Editor in 0.00 ms, found 0 plugins.
Preloading 0 native plugins for Editor in 0.00 ms.
Initialize engine version: 6000.3.7f1 (696ec25a53d1)
[Subsystems] Discovering subsystems at path /Applications/Unity6000.3.7f1/Unity-6000.3.7f1/Unity.app/Contents/Resources/UnitySubsystems
[Subsystems] Discovering subsystems at path /private/tmp/areabattle-validation-20261003/UnityProject/Assets
GfxDevice: creating device client; kGfxThreadingModeNonThreaded
 preferred device: Apple M2 Pro (high power)
Metal devices available: 1
0: Apple M2 Pro (high power)
Using device Apple M2 Pro (high power)
Initializing Metal device caps: Apple M2 Pro
Mac GPU Family: 2
Apple GPU Family: 8
MSL Version: 3.0
Has Float MSAA: 1
Has Float Filtering: 1
ReadWrite Texture Tier: 2
Initialize mono
Mono path[0] = '/Applications/Unity6000.3.7f1/Unity-6000.3.7f1/Unity.app/Contents/Resources/Scripting/Managed'
Mono path[1] = '/Applications/Unity6000.3.7f1/Unity-6000.3.7f1/Unity.app/Contents/Resources/Scripting/MonoBleedingEdge/lib/mono/unityjit-macos'
Mono config path = '/Applications/Unity6000.3.7f1/Unity-6000.3.7f1/Unity.app/Contents/Resources/Scripting/MonoBleedingEdge/etc'
Using monoOptions --debugger-agent=transport=dt_socket,embedding=1,server=y,suspend=n,address=127.0.0.1:56463
Using cacheserver namespaces - metadata:defaultmetadata, artifacts:defaultartifacts
Using cacheserver namespaces - metadata:defaultmetadata, artifacts:defaultartifacts
ImportWorker Server TCP listen port: 0
AcceleratorClientConnectionCallback - disconnected - :0
Begin MonoManager ReloadAssembly
Registering precompiled unity dll's ...
Register platform support module: /Applications/Unity6000.3.7f1/Unity-6000.3.7f1/Unity.app/Contents/PlaybackEngines/MacStandaloneSupport/UnityEditor.OSXStandalone.Extensions.dll
[Licensing::Client] Successfully resolved entitlement details
Register platform support module: /Applications/Unity6000.3.7f1/Unity-6000.3.7f1/PlaybackEngines/AndroidPlayer/UnityEditor.Android.Extensions.dll
[Licensing::Client] Successfully resolved entitlement details
Register platform support module: /Applications/Unity6000.3.7f1/Unity-6000.3.7f1/PlaybackEngines/iOSSupport/UnityEditor.iOS.Extensions.dll
Registered in 0.006544 seconds.
- Loaded All Assemblies, in  0.283 seconds
[usbmuxd] Start listen thread
[usbmuxd] Listen thread started
[usbmuxd] Send listen message
Native extension for iOS target not found
Native extension for Android target not found
Native extension for OSXStandalone target not found
ScheduleIndexationOnStartup MainProcess:False IndexOnStartup:False
Mono: successfully reloaded assembly
- Finished resetting the current domain, in  0.320 seconds
Domain Reload Profiling: 604ms
	BeginReloadAssembly (85ms)
		ExecutionOrderSort (0ms)
		DisableScriptedObjects (0ms)
		BackupInstance (0ms)
		ReleaseScriptingObjects (0ms)
		CreateAndSetChildDomain (12ms)
	RebuildCommonClasses (25ms)
	RebuildNativeTypeToScriptingClass (9ms)
	initialDomainReloadingComplete (33ms)
	LoadAllAssembliesAndSetupDomain (131ms)
		LoadAssemblies (75ms)
		RebuildTransferFunctionScriptingTraits (0ms)
		AnalyzeDomain (128ms)
			TypeCache.Refresh (126ms)
				TypeCache.ScanAssembly (113ms)
			BuildScriptInfoCaches (0ms)
			ResolveRequiredComponents (0ms)
	FinalizeReload (320ms)
		ReleaseScriptCaches (0ms)
		RebuildScriptCaches (0ms)
		SetupLoadedEditorAssemblies (292ms)
			LogAssemblyErrors (0ms)
			InitializePlatformSupportModulesInManaged (82ms)
			SetLoadedEditorAssemblies (3ms)
			BeforeProcessingInitializeOnLoad (61ms)
			ProcessInitializeOnLoadAttributes (93ms)
			ProcessInitializeOnLoadMethodAttributes (53ms)
			AfterProcessingInitializeOnLoad (0ms)
			EditorAssembliesLoaded (0ms)
		ExecutionOrderSort2 (0ms)
		AwakeInstancesAfterBackupRestoration (0ms)
[Licensing::Client] Successfully resolved entitlement details
Application.AssetDatabase Initial Refresh Start
Package Manager log level set to [2]
[Package Manager] Restoring resolved packages state from cache
[Licensing::Client] Successfully resolved entitlement details
[Package Manager] Registered 38 packages:
  Built-in packages:
    com.unity.multiplayer.center@1.0.1 (location: /private/tmp/areabattle-validation-20261003/UnityProject/Library/PackageCache/com.unity.multiplayer.center@f01f4ba8d00a)
    com.unity.ugui@2.0.0 (location: /private/tmp/areabattle-validation-20261003/UnityProject/Library/PackageCache/com.unity.ugui@11343a6274f3)
    com.unity.modules.accessibility@1.0.0 (location: /private/tmp/areabattle-validation-20261003/UnityProject/Library/PackageCache/com.unity.modules.accessibility)
    com.unity.modules.adaptiveperformance@1.0.0 (location: /private/tmp/areabattle-validation-20261003/UnityProject/Library/PackageCache/com.unity.modules.adaptiveperformance)
    com.unity.modules.ai@1.0.0 (location: /private/tmp/areabattle-validation-20261003/UnityProject/Library/PackageCache/com.unity.modules.ai)
    com.unity.modules.androidjni@1.0.0 (location: /private/tmp/areabattle-validation-20261003/UnityProject/Library/PackageCache/com.unity.modules.androidjni)
    com.unity.modules.animation@1.0.0 (location: /private/tmp/areabattle-validation-20261003/UnityProject/Library/PackageCache/com.unity.modules.animation)
    com.unity.modules.assetbundle@1.0.0 (location: /private/tmp/areabattle-validation-20261003/UnityProject/Library/PackageCache/com.unity.modules.assetbundle)
    com.unity.modules.audio@1.0.0 (location: /private/tmp/areabattle-validation-20261003/UnityProject/Library/PackageCache/com.unity.modules.audio)
    com.unity.modules.cloth@1.0.0 (location: /private/tmp/areabattle-validation-20261003/UnityProject/Library/PackageCache/com.unity.modules.cloth)
    com.unity.modules.director@1.0.0 (location: /private/tmp/areabattle-validation-20261003/UnityProject/Library/PackageCache/com.unity.modules.director)
    com.unity.modules.imageconversion@1.0.0 (location: /private/tmp/areabattle-validation-20261003/UnityProject/Library/PackageCache/com.unity.modules.imageconversion)
    com.unity.modules.imgui@1.0.0 (location: /private/tmp/areabattle-validation-20261003/UnityProject/Library/PackageCache/com.unity.modules.imgui)
    com.unity.modules.jsonserialize@1.0.0 (location: /private/tmp/areabattle-validation-20261003/UnityProject/Library/PackageCache/com.unity.modules.jsonserialize)
    com.unity.modules.particlesystem@1.0.0 (location: /private/tmp/areabattle-validation-20261003/UnityProject/Library/PackageCache/com.unity.modules.particlesystem)
    com.unity.modules.physics@1.0.0 (location: /private/tmp/areabattle-validation-20261003/UnityProject/Library/PackageCache/com.unity.modules.physics)
    com.unity.modules.physics2d@1.0.0 (location: /private/tmp/areabattle-validation-20261003/UnityProject/Library/PackageCache/com.unity.modules.physics2d)
    com.unity.modules.screencapture@1.0.0 (location: /private/tmp/areabattle-validation-20261003/UnityProject/Library/PackageCache/com.unity.modules.screencapture)
    com.unity.modules.terrain@1.0.0 (location: /private/tmp/areabattle-validation-20261003/UnityProject/Library/PackageCache/com.unity.modules.terrain)
    com.unity.modules.terrainphysics@1.0.0 (location: /private/tmp/areabattle-validation-20261003/UnityProject/Library/PackageCache/com.unity.modules.terrainphysics)
    com.unity.modules.tilemap@1.0.0 (location: /private/tmp/areabattle-validation-20261003/UnityProject/Library/PackageCache/com.unity.modules.tilemap)
    com.unity.modules.ui@1.0.0 (location: /private/tmp/areabattle-validation-20261003/UnityProject/Library/PackageCache/com.unity.modules.ui)
    com.unity.modules.uielements@1.0.0 (location: /private/tmp/areabattle-validation-20261003/UnityProject/Library/PackageCache/com.unity.modules.uielements)
    com.unity.modules.umbra@1.0.0 (location: /private/tmp/areabattle-validation-20261003/UnityProject/Library/PackageCache/com.unity.modules.umbra)
    com.unity.modules.unityanalytics@1.0.0 (location: /private/tmp/areabattle-validation-20261003/UnityProject/Library/PackageCache/com.unity.modules.unityanalytics)
    com.unity.modules.unitywebrequest@1.0.0 (location: /private/tmp/areabattle-validation-20261003/UnityProject/Library/PackageCache/com.unity.modules.unitywebrequest)
    com.unity.modules.unitywebrequestassetbundle@1.0.0 (location: /private/tmp/areabattle-validation-20261003/UnityProject/Library/PackageCache/com.unity.modules.unitywebrequestassetbundle)
    com.unity.modules.unitywebrequestaudio@1.0.0 (location: /private/tmp/areabattle-validation-20261003/UnityProject/Library/PackageCache/com.unity.modules.unitywebrequestaudio)
    com.unity.modules.unitywebrequesttexture@1.0.0 (location: /private/tmp/areabattle-validation-20261003/UnityProject/Library/PackageCache/com.unity.modules.unitywebrequesttexture)
    com.unity.modules.unitywebrequestwww@1.0.0 (location: /private/tmp/areabattle-validation-20261003/UnityProject/Library/PackageCache/com.unity.modules.unitywebrequestwww)
    com.unity.modules.vectorgraphics@1.0.0 (location: /private/tmp/areabattle-validation-20261003/UnityProject/Library/PackageCache/com.unity.modules.vectorgraphics)
    com.unity.modules.vehicles@1.0.0 (location: /private/tmp/areabattle-validation-20261003/UnityProject/Library/PackageCache/com.unity.modules.vehicles)
    com.unity.modules.video@1.0.0 (location: /private/tmp/areabattle-validation-20261003/UnityProject/Library/PackageCache/com.unity.modules.video)
    com.unity.modules.vr@1.0.0 (location: /private/tmp/areabattle-validation-20261003/UnityProject/Library/PackageCache/com.unity.modules.vr)
    com.unity.modules.wind@1.0.0 (location: /private/tmp/areabattle-validation-20261003/UnityProject/Library/PackageCache/com.unity.modules.wind)
    com.unity.modules.xr@1.0.0 (location: /private/tmp/areabattle-validation-20261003/UnityProject/Library/PackageCache/com.unity.modules.xr)
    com.unity.modules.subsystems@1.0.0 (location: /private/tmp/areabattle-validation-20261003/UnityProject/Library/PackageCache/com.unity.modules.subsystems)
    com.unity.modules.hierarchycore@1.0.0 (location: /private/tmp/areabattle-validation-20261003/UnityProject/Library/PackageCache/com.unity.modules.hierarchycore)
[Subsystems] No new subsystems found in resolved package list.
[Package Manager] Done registering packages in 0.01 seconds
[ScriptCompilation] Requested script compilation because: Assetdatabase observed changes in script compilation related files
[40m[32minfo[39m[22m[49m: Microsoft.Hosting.Lifetime[14]
      Now listening on: http://unix:/tmp/ilpp.sock-b4295128722492fe3148b2072c065e13
[40m[32minfo[39m[22m[49m: Microsoft.Hosting.Lifetime[0]
      Application started. Press Ctrl+C to shut down.
[40m[32minfo[39m[22m[49m: Microsoft.Hosting.Lifetime[0]
      Hosting environment: Production
[40m[32minfo[39m[22m[49m: Microsoft.Hosting.Lifetime[0]
      Content root path: /private/tmp/areabattle-validation-20261003/UnityProject/
[40m[32minfo[39m[22m[49m: Microsoft.AspNetCore.Hosting.Diagnostics[1]
      Request starting HTTP/2 POST http://ilpp/UnityILPP.PostProcessing/Ping application/grpc -
[40m[32minfo[39m[22m[49m: Microsoft.AspNetCore.Routing.EndpointMiddleware[0]
      Executing endpoint 'gRPC - /UnityILPP.PostProcessing/Ping'
[40m[32minfo[39m[22m[49m: Microsoft.AspNetCore.Routing.EndpointMiddleware[1]
      Executed endpoint 'gRPC - /UnityILPP.PostProcessing/Ping'
[40m[32minfo[39m[22m[49m: Microsoft.AspNetCore.Hosting.Diagnostics[2]
      Request finished HTTP/2 POST http://ilpp/UnityILPP.PostProcessing/Ping application/grpc - - 200 - application/grpc 26.0442ms
Starting: /Applications/Unity6000.3.7f1/Unity-6000.3.7f1/Unity.app/Contents/Resources/BuildPipeline/bee_backend --ipc --defer-dag-verification --dagfile="Library/Bee/200b0aE.dag" --continue-on-failure --profile="Library/Bee/backend1.traceevents" ScriptAssemblies
WorkingDir: /private/tmp/areabattle-validation-20261003/UnityProject
DisplayProgressbar: Compiling Scripts
ExitCode: 4 Duration: 2s225ms
Rebuilding DAG because FileSignature timestamp changed: Library/Bee/200b0aE-inputdata.json
*** Tundra requires additional run (2.20 seconds), 1 items updated, 237 evaluated
Starting: /Applications/Unity6000.3.7f1/Unity-6000.3.7f1/Unity.app/Contents/Resources/Scripting/netcorerun/netcorerun "/Applications/Unity6000.3.7f1/Unity-6000.3.7f1/Unity.app/Contents/Resources/BuildPipeline/ScriptCompilationBuildProgram.exe" "Library/Bee/200b0aE.dag.json" "Library/Bee/200b0aE-inputdata.json" "Library/Bee/buildprogram0.traceevents"
WorkingDir: /private/tmp/areabattle-validation-20261003/UnityProject
ExitCode: 0 Duration: 0s448ms
Starting: /Applications/Unity6000.3.7f1/Unity-6000.3.7f1/Unity.app/Contents/Resources/BuildPipeline/bee_backend --ipc --defer-dag-verification --dagfile="Library/Bee/200b0aE.dag" --continue-on-failure --dagfilejson="Library/Bee/200b0aE.dag.json" --profile="Library/Bee/backend2.traceevents" ScriptAssemblies
WorkingDir: /private/tmp/areabattle-validation-20261003/UnityProject
ExitCode: 3 Duration: 0s492ms
Finished compiling graph: 247 nodes, 2320 flattened edges (2184 ToBuild, 22 ToUse), maximum node priority 123
[190/244    0s] WriteText Library/Bee/artifacts/200b0aE.dag/Assembly-CSharp-Editor.rsp
[191/244    0s] WriteText Library/Bee/artifacts/200b0aE.dag/Assembly-CSharp.rsp
[238/244    0s] Csc Library/Bee/artifacts/200b0aE.dag/Assembly-CSharp.dll (+2 others)
##### CommandLine
"/Applications/Unity6000.3.7f1/Unity-6000.3.7f1/Unity.app/Contents/Resources/Scripting/NetCoreRuntime/dotnet" exec "/Applications/Unity6000.3.7f1/Unity-6000.3.7f1/Unity.app/Contents/Resources/Scripting/DotNetSdkRoslyn/csc.dll" /nostdlib /noconfig /shared "@Library/Bee/artifacts/200b0aE.dag/Assembly-CSharp.rsp" "@Library/Bee/artifacts/200b0aE.dag/Assembly-CSharp.rsp2"
##### Contents of Library/Bee/artifacts/200b0aE.dag/Assembly-CSharp.rsp
-target:library
-out:"Library/Bee/artifacts/200b0aE.dag/Assembly-CSharp.dll"
-refout:"Library/Bee/artifacts/200b0aE.dag/Assembly-CSharp.ref.dll"
-define:UNITY_6000_3_7
-define:UNITY_6000_3
-define:UNITY_6000
-define:UNITY_5_3_OR_NEWER
-define:UNITY_5_4_OR_NEWER
-define:UNITY_5_5_OR_NEWER
-define:UNITY_5_6_OR_NEWER
-define:UNITY_2017_1_OR_NEWER
-define:UNITY_2017_2_OR_NEWER
-define:UNITY_2017_3_OR_NEWER
-define:UNITY_2017_4_OR_NEWER
-define:UNITY_2018_1_OR_NEWER
-define:UNITY_2018_2_OR_NEWER
-define:UNITY_2018_3_OR_NEWER
-define:UNITY_2018_4_OR_NEWER
-define:UNITY_2019_1_OR_NEWER
-define:UNITY_2019_2_OR_NEWER
-define:UNITY_2019_3_OR_NEWER
-define:UNITY_2019_4_OR_NEWER
-define:UNITY_2020_1_OR_NEWER
-define:UNITY_2020_2_OR_NEWER
-define:UNITY_2020_3_OR_NEWER
-define:UNITY_2021_1_OR_NEWER
-define:UNITY_2021_2_OR_NEWER
-define:UNITY_2021_3_OR_NEWER
-define:UNITY_2022_1_OR_NEWER
-define:UNITY_2022_2_OR_NEWER
-define:UNITY_2022_3_OR_NEWER
-define:UNITY_2023_1_OR_NEWER
-define:UNITY_2023_2_OR_NEWER
-define:UNITY_2023_3_OR_NEWER
-define:UNITY_6000_0_OR_NEWER
-define:UNITY_6000_1_OR_NEWER
-define:UNITY_6000_2_OR_NEWER
-define:UNITY_6000_3_OR_NEWER
-define:PLATFORM_ARCH_64
-define:UNITY_64
-define:UNITY_INCLUDE_TESTS
-define:ENABLE_AR
-define:ENABLE_AUDIO
-define:ENABLE_AUDIO_SCRIPTABLE_PIPELINE
-define:ENABLE_CACHING
-define:ENABLE_CLOTH
-define:ENABLE_MICROPHONE
-define:ENABLE_MULTIPLE_DISPLAYS
-define:ENABLE_PHYSICS
-define:ENABLE_TEXTURE_STREAMING
-define:ENABLE_VIRTUALTEXTURING
-define:ENABLE_LZMA
-define:ENABLE_UNITYEVENTS
-define:ENABLE_VR
-define:ENABLE_WEBCAM
-define:ENABLE_UNITYWEBREQUEST
-define:ENABLE_WWW
-define:ENABLE_CLOUD_SERVICES
-define:ENABLE_CLOUD_SERVICES_ADS
-define:ENABLE_CLOUD_SERVICES_USE_WEBREQUEST
-define:ENABLE_UNITY_CONSENT
-define:ENABLE_UNITY_CLOUD_IDENTIFIERS
-define:ENABLE_CLOUD_SERVICES_CRASH_REPORTING
-define:ENABLE_CLOUD_SERVICES_NATIVE_CRASH_REPORTING
-define:ENABLE_CLOUD_SERVICES_PURCHASING
-define:ENABLE_CLOUD_SERVICES_ANALYTICS
-define:ENABLE_CLOUD_SERVICES_BUILD
-define:ENABLE_EDITOR_GAME_SERVICES
-define:ENABLE_UNITY_GAME_SERVICES_ANALYTICS_SUPPORT
-define:ENABLE_CLOUD_LICENSE
-define:ENABLE_EDITOR_HUB_LICENSE
-define:ENABLE_WEBSOCKET_CLIENT
-define:ENABLE_GENERATE_NATIVE_PLUGINS_FOR_ASSEMBLIES_API
-define:ENABLE_DIRECTOR_AUDIO
-define:ENABLE_DIRECTOR_TEXTURE
-define:ENABLE_MANAGED_JOBS
-define:ENABLE_MANAGED_TRANSFORM_JOBS
-define:ENABLE_MANAGED_ANIMATION_JOBS
-define:ENABLE_MANAGED_AUDIO_JOBS
-define:ENABLE_MANAGED_UNITYTLS
-define:INCLUDE_DYNAMIC_GI
-define:ENABLE_SCRIPTING_GC_WBARRIERS
-define:PLATFORM_SUPPORTS_MONO
-define:RENDER_SOFTWARE_CURSOR
-define:ENABLE_MARSHALLING_TESTS
-define:ENABLE_VIDEO
-define:ENABLE_NAVIGATION_OFFMESHLINK_TO_NAVMESHLINK
-define:ENABLE_ACCELERATOR_CLIENT_DEBUGGING
-define:ENABLE_ACCESSIBILITY_SCREEN_READER
-define:TEXTCORE_1_0_OR_NEWER
-define:EDITOR_ONLY_NAVMESH_BUILDER_DEPRECATED
-define:PLATFORM_STANDALONE_OSX
-define:PLATFORM_STANDALONE
-define:UNITY_STANDALONE_OSX
-define:UNITY_STANDALONE
-define:ENABLE_GAMECENTER
-define:ENABLE_RUNTIME_GI
-define:ENABLE_MOVIES
-define:ENABLE_NETWORK
-define:ENABLE_CRUNCH_TEXTURE_COMPRESSION
-define:ENABLE_CLOUD_SERVICES_ENGINE_DIAGNOSTICS
-define:ENABLE_CLUSTER_SYNC
-define:ENABLE_CLUSTERINPUT
-define:ENABLE_SPATIALTRACKING
-define:PLATFORM_HAS_CUSTOM_MUTEX
-define:PLATFORM_UPDATES_TIME_OUTSIDE_OF_PLAYER_LOOP
-define:PLATFORM_SUPPORTS_SPLIT_GRAPHICS_JOBS
-define:ENABLE_MONO
-define:NET_STANDARD_2_0
-define:NET_STANDARD
-define:NET_STANDARD_2_1
-define:NETSTANDARD
-define:NETSTANDARD2_1
-define:ENABLE_PROFILER
-define:DEBUG
-define:TRACE
-define:UNITY_ASSERTIONS
-define:UNITY_EDITOR
-define:UNITY_EDITOR_64
-define:UNITY_EDITOR_OSX
-define:ENABLE_UNITY_COLLECTIONS_CHECKS
-define:ENABLE_BURST_AOT
-define:UNITY_TEAM_LICENSE
-define:UNITY_PRO_LICENSE
-define:ENABLE_CUSTOM_RENDER_TEXTURE
-define:ENABLE_DIRECTOR
-define:ENABLE_LOCALIZATION
-define:ENABLE_SPRITES
-define:ENABLE_TERRAIN
-define:ENABLE_TILEMAP
-define:ENABLE_TIMELINE
-define:ENABLE_LEGACY_INPUT_MANAGER
-define:TEXTCORE_FONT_ENGINE_1_5_OR_NEWER
-define:TEXTCORE_TEXT_ENGINE_1_5_OR_NEWER
-define:TEXTCORE_FONT_ENGINE_1_6_OR_NEWER
-define:CSHARP_7_OR_LATER
-define:CSHARP_7_3_OR_NEWER
-r:"/Applications/Unity6000.3.7f1/Unity-6000.3.7f1/PlaybackEngines/AndroidPlayer/Unity.Android.Gradle.dll"
-r:"/Applications/Unity6000.3.7f1/Unity-6000.3.7f1/PlaybackEngines/AndroidPlayer/Unity.Android.Types.dll"
-r:"/Applications/Unity6000.3.7f1/Unity-6000.3.7f1/PlaybackEngines/iOSSupport/UnityEditor.Apple.Extensions.Common.dll"
-r:"/Applications/Unity6000.3.7f1/Unity-6000.3.7f1/PlaybackEngines/iOSSupport/UnityEditor.iOS.Extensions.Common.dll"
-r:"/Applications/Unity6000.3.7f1/Unity-6000.3.7f1/PlaybackEngines/iOSSupport/UnityEditor.iOS.Extensions.Xcode.dll"
-r:"/Applications/Unity6000.3.7f1/Unity-6000.3.7f1/Unity.app/Contents/PlaybackEngines/MacStandaloneSupport/UnityEditor.iOS.Extensions.Xcode.dll"
-r:"/Applications/Unity6000.3.7f1/Unity-6000.3.7f1/Unity.app/Contents/Resources/Scripting/Managed/UnityEngine/UnityEditor.AccessibilityModule.dll"
-r:"/Applications/Unity6000.3.7f1/Unity-6000.3.7f1/Unity.app/Contents/Resources/Scripting/Managed/UnityEngine/UnityEditor.AdaptivePerformanceModule.dll"
-r:"/Applications/Unity6000.3.7f1/Unity-6000.3.7f1/Unity.app/Contents/Resources/Scripting/Managed/UnityEngine/UnityEditor.AssetComplianceModule.dll"
-r:"/Applications/Unity6000.3.7f1/Unity-6000.3.7f1/Unity.app/Contents/Resources/Scripting/Managed/UnityEngine/UnityEditor.BuildProfileModule.dll"
-r:"/Applications/Unity6000.3.7f1/Unity-6000.3.7f1/Unity.app/Contents/Resources/Scripting/Managed/UnityEngine/UnityEditor.ClothModule.dll"
-r:"/Applications/Unity6000.3.7f1/Unity-6000.3.7f1/Unity.app/Contents/Resources/Scripting/Managed/UnityEngine/UnityEditor.CoreBusinessMetricsModule.dll"
-r:"/Applications/Unity6000.3.7f1/Unity-6000.3.7f1/Unity.app/Contents/Resources/Scripting/Managed/UnityEngine/UnityEditor.CoreModule.dll"
-r:"/Applications/Unity6000.3.7f1/Unity-6000.3.7f1/Unity.app/Contents/Resources/Scripting/Managed/UnityEngine/UnityEditor.DeviceSimulatorModule.dll"
-r:"/Applications/Unity6000.3.7f1/Unity-6000.3.7f1/Unity.app/Contents/Resources/Scripting/Managed/UnityEngine/UnityEditor.DiagnosticsModule.dll"
-r:"/Applications/Unity6000.3.7f1/Unity-6000.3.7f1/Unity.app/Contents/Resources/Scripting/Managed/UnityEngine/UnityEditor.dll"
-r:"/Applications/Unity6000.3.7f1/Unity-6000.3.7f1/Unity.app/Contents/Resources/Scripting/Managed/UnityEngine/UnityEditor.EditorToolbarModule.dll"
-r:"/Applications/Unity6000.3.7f1/Unity-6000.3.7f1/Unity.app/Contents/Resources/Scripting/Managed/UnityEngine/UnityEditor.EmbreeModule.dll"
-r:"/Applications/Unity6000.3.7f1/Unity-6000.3.7f1/Unity.app/Contents/Resources/Scripting/Managed/UnityEngine/UnityEditor.GIModule.dll"
-r:"/Applications/Unity6000.3.7f1/Unity-6000.3.7f1/Unity.app/Contents/Resources/Scripting/Managed/UnityEngine/UnityEditor.GraphicsStateCollectionSerializerModule.dll"
-r:"/Applications/Unity6000.3.7f1/Unity-6000.3.7f1/Unity.app/Contents/Resources/Scripting/Managed/UnityEngine/UnityEditor.GraphViewModule.dll"
-r:"/Applications/Unity6000.3.7f1/Unity-6000.3.7f1/Unity.app/Contents/Resources/Scripting/Managed/UnityEngine/UnityEditor.GridAndSnapModule.dll"
-r:"/Applications/Unity6000.3.7f1/Unity-6000.3.7f1/Unity.app/Contents/Resources/Scripting/Managed/UnityEngine/UnityEditor.GridModule.dll"
-r:"/Applications/Unity6000.3.7f1/Unity-6000.3.7f1/Unity.app/Contents/Resources/Scripting/Managed/UnityEngine/UnityEditor.HierarchyModule.dll"
-r:"/Applications/Unity6000.3.7f1/Unity-6000.3.7f1/Unity.app/Contents/Resources/Scripting/Managed/UnityEngine/UnityEditor.InAppPurchasingModule.dll"
-r:"/Applications/Unity6000.3.7f1/Unity-6000.3.7f1/Unity.app/Contents/Resources/Scripting/Managed/UnityEngine/UnityEditor.LevelPlayModule.dll"
-r:"/Applications/Unity6000.3.7f1/Unity-6000.3.7f1/Unity.app/Contents/Resources/Scripting/Managed/UnityEngine/UnityEditor.MediaModule.dll"
-r:"/Applications/Unity6000.3.7f1/Unity-6000.3.7f1/Unity.app/Contents/Resources/Scripting/Managed/UnityEngine/UnityEditor.MultiplayerModule.dll"
-r:"/Applications/Unity6000.3.7f1/Unity-6000.3.7f1/Unity.app/Contents/Resources/Scripting/Managed/UnityEngine/UnityEditor.Physics2DModule.dll"
-r:"/Applications/Unity6000.3.7f1/Unity-6000.3.7f1/Unity.app/Contents/Resources/Scripting/Managed/UnityEngine/UnityEditor.PhysicsModule.dll"
-r:"/Applications/Unity6000.3.7f1/Unity-6000.3.7f1/Unity.app/Contents/Resources/Scripting/Managed/UnityEngine/UnityEditor.PlayModeModule.dll"
-r:"/Applications/Unity6000.3.7f1/Unity-6000.3.7f1/Unity.app/Contents/Resources/Scripting/Managed/UnityEngine/UnityEditor.PresetsUIModule.dll"
-r:"/Applications/Unity6000.3.7f1/Unity-6000.3.7f1/Unity.app/Contents/Resources/Scripting/Managed/UnityEngine/UnityEditor.PropertiesModule.dll"
-r:"/Applications/Unity6000.3.7f1/Unity-6000.3.7f1/Unity.app/Contents/Resources/Scripting/Managed/UnityEngine/UnityEditor.QuickSearchModule.dll"
-r:"/Applications/Unity6000.3.7f1/Unity-6000.3.7f1/Unity.app/Contents/Resources/Scripting/Managed/UnityEngine/UnityEditor.SafeModeModule.dll"
-r:"/Applications/Unity6000.3.7f1/Unity-6000.3.7f1/Unity.app/Contents/Resources/Scripting/Managed/UnityEngine/UnityEditor.SceneTemplateModule.dll"
-r:"/Applications/Unity6000.3.7f1/Unity-6000.3.7f1/Unity.app/Contents/Resources/Scripting/Managed/UnityEngine/UnityEditor.SceneViewModule.dll"
-r:"/Applications/Unity6000.3.7f1/Unity-6000.3.7f1/Unity.app/Contents/Resources/Scripting/Managed/UnityEngine/UnityEditor.ShaderBuildSettingsModule.dll"
-r:"/Applications/Unity6000.3.7f1/Unity-6000.3.7f1/Unity.app/Contents/Resources/Scripting/Managed/UnityEngine/UnityEditor.ShaderCompilationModule.dll"
-r:"/Applications/Unity6000.3.7f1/Unity-6000.3.7f1/Unity.app/Contents/Resources/Scripting/Managed/UnityEngine/UnityEditor.ShaderFoundryModule.dll"
-r:"/Applications/Unity6000.3.7f1/Unity-6000.3.7f1/Unity.app/Contents/Resources/Scripting/Managed/UnityEngine/UnityEditor.SketchUpModule.dll"
-r:"/Applications/Unity6000.3.7f1/Unity-6000.3.7f1/Unity.app/Contents/Resources/Scripting/Managed/UnityEngine/UnityEditor.SpriteMaskModule.dll"
-r:"/Applications/Unity6000.3.7f1/Unity-6000.3.7f1/Unity.app/Contents/Resources/Scripting/Managed/UnityEngine/UnityEditor.SpriteShapeModule.dll"
-r:"/Applications/Unity6000.3.7f1/Unity-6000.3.7f1/Unity.app/Contents/Resources/Scripting/Managed/UnityEngine/UnityEditor.SubstanceModule.dll"
-r:"/Applications/Unity6000.3.7f1/Unity-6000.3.7f1/Unity.app/Contents/Resources/Scripting/Managed/UnityEngine/UnityEditor.TerrainModule.dll"
-r:"/Applications/Unity6000.3.7f1/Unity-6000.3.7f1/Unity.app/Contents/Resources/Scripting/Managed/UnityEngine/UnityEditor.TextCoreFontEngineModule.dll"
-r:"/Applications/Unity6000.3.7f1/Unity-6000.3.7f1/Unity.app/Contents/Resources/Scripting/Managed/UnityEngine/UnityEditor.TextCoreTextEngineModule.dll"
-r:"/Applications/Unity6000.3.7f1/Unity-6000.3.7f1/Unity.app/Contents/Resources/Scripting/Managed/UnityEngine/UnityEditor.TextRenderingModule.dll"
-r:"/Applications/Unity6000.3.7f1/Unity-6000.3.7f1/Unity.app/Contents/Resources/Scripting/Managed/UnityEngine/UnityEditor.TilemapModule.dll"
-r:"/Applications/Unity6000.3.7f1/Unity-6000.3.7f1/Unity.app/Contents/Resources/Scripting/Managed/UnityEngine/UnityEditor.TreeModule.dll"
-r:"/Applications/Unity6000.3.7f1/Unity-6000.3.7f1/Unity.app/Contents/Resources/Scripting/Managed/UnityEngine/UnityEditor.UIAutomationModule.dll"
-r:"/Applications/Unity6000.3.7f1/Unity-6000.3.7f1/Unity.app/Contents/Resources/Scripting/Managed/UnityEngine/UnityEditor.UIBuilderModule.dll"
-r:"/Applications/Unity6000.3.7f1/Unity-6000.3.7f1/Unity.app/Contents/Resources/Scripting/Managed/UnityEngine/UnityEditor.UIElementsModule.dll"
-r:"/Applications/Unity6000.3.7f1/Unity-6000.3.7f1/Unity.app/Contents/Resources/Scripting/Managed/UnityEngine/UnityEditor.UIElementsSamplesModule.dll"
-r:"/Applications/Unity6000.3.7f1/Unity-6000.3.7f1/Unity.app/Contents/Resources/Scripting/Managed/UnityEngine/UnityEditor.UIToolkitAuthoringModule.dll"
-r:"/Applications/Unity6000.3.7f1/Unity-6000.3.7f1/Unity.app/Contents/Resources/Scripting/Managed/UnityEngine/UnityEditor.UmbraModule.dll"
-r:"/Applications/Unity6000.3.7f1/Unity-6000.3.7f1/Unity.app/Contents/Resources/Scripting/Managed/UnityEngine/UnityEditor.UnityConnectModule.dll"
-r:"/Applications/Unity6000.3.7f1/Unity-6000.3.7f1/Unity.app/Contents/Resources/Scripting/Managed/UnityEngine/UnityEditor.VectorGraphicsModule.dll"
-r:"/Applications/Unity6000.3.7f1/Unity-6000.3.7f1/Unity.app/Contents/Resources/Scripting/Managed/UnityEngine/UnityEditor.VFXModule.dll"
-r:"/Applications/Unity6000.3.7f1/Unity-6000.3.7f1/Unity.app/Contents/Resources/Scripting/Managed/UnityEngine/UnityEditor.VideoModule.dll"
-r:"/Applications/Unity6000.3.7f1/Unity-6000.3.7f1/Unity.app/Contents/Resources/Scripting/Managed/UnityEngine/UnityEditor.XRModule.dll"
-r:"/Applications/Unity6000.3.7f1/Unity-6000.3.7f1/Unity.app/Contents/Resources/Scripting/Managed/UnityEngine/UnityEngine.AccessibilityModule.dll"
-r:"/Applications/Unity6000.3.7f1/Unity-6000.3.7f1/Unity.app/Contents/Resources/Scripting/Managed/UnityEngine/UnityEngine.AdaptivePerformanceModule.dll"
-r:"/Applications/Unity6000.3.7f1/Unity-6000.3.7f1/Unity.app/Contents/Resources/Scripting/Managed/UnityEngine/UnityEngine.AIModule.dll"
-r:"/Applications/Unity6000.3.7f1/Unity-6000.3.7f1/Unity.app/Contents/Resources/Scripting/Managed/UnityEngine/UnityEngine.AndroidJNIModule.dll"
-r:"/Applications/Unity6000.3.7f1/Unity-6000.3.7f1/Unity.app/Contents/Resources/Scripting/Managed/UnityEngine/UnityEngine.AnimationModule.dll"
-r:"/Applications/Unity6000.3.7f1/Unity-6000.3.7f1/Unity.app/Contents/Resources/Scripting/Managed/UnityEngine/UnityEngine.ARModule.dll"
-r:"/Applications/Unity6000.3.7f1/Unity-6000.3.7f1/Unity.app/Contents/Resources/Scripting/Managed/UnityEngine/UnityEngine.AssetBundleModule.dll"
-r:"/Applications/Unity6000.3.7f1/Unity-6000.3.7f1/Unity.app/Contents/Resources/Scripting/Managed/UnityEngine/UnityEngine.AudioModule.dll"
-r:"/Applications/Unity6000.3.7f1/Unity-6000.3.7f1/Unity.app/Contents/Resources/Scripting/Managed/UnityEngine/UnityEngine.ClothModule.dll"
-r:"/Applications/Unity6000.3.7f1/Unity-6000.3.7f1/Unity.app/Contents/Resources/Scripting/Managed/UnityEngine/UnityEngine.ClusterInputModule.dll"
-r:"/Applications/Unity6000.3.7f1/Unity-6000.3.7f1/Unity.app/Contents/Resources/Scripting/Managed/UnityEngine/UnityEngine.ClusterRendererModule.dll"
-r:"/Applications/Unity6000.3.7f1/Unity-6000.3.7f1/Unity.app/Contents/Resources/Scripting/Managed/UnityEngine/UnityEngine.ContentLoadModule.dll"
-r:"/Applications/Unity6000.3.7f1/Unity-6000.3.7f1/Unity.app/Contents/Resources/Scripting/Managed/UnityEngine/UnityEngine.CoreModule.dll"
-r:"/Applications/Unity6000.3.7f1/Unity-6000.3.7f1/Unity.app/Contents/Resources/Scripting/Managed/UnityEngine/UnityEngine.CrashReportingModule.dll"
-r:"/Applications/Unity6000.3.7f1/Unity-6000.3.7f1/Unity.app/Contents/Resources/Scripting/Managed/UnityEngine/UnityEngine.DirectorModule.dll"
-r:"/Applications/Unity6000.3.7f1/Unity-6000.3.7f1/Unity.app/Contents/Resources/Scripting/Managed/UnityEngine/UnityEngine.dll"
-r:"/Applications/Unity6000.3.7f1/Unity-6000.3.7f1/Unity.app/Contents/Resources/Scripting/Managed/UnityEngine/UnityEngine.DSPGraphModule.dll"
-r:"/Applications/Unity6000.3.7f1/Unity-6000.3.7f1/Unity.app/Contents/Resources/Scripting/Managed/UnityEngine/UnityEngine.GameCenterModule.dll"
-r:"/Applications/Unity6000.3.7f1/Unity-6000.3.7f1/Unity.app/Contents/Resources/Scripting/Managed/UnityEngine/UnityEngine.GIModule.dll"
-r:"/Applications/Unity6000.3.7f1/Unity-6000.3.7f1/Unity.app/Contents/Resources/Scripting/Managed/UnityEngine/UnityEngine.GraphicsStateCollectionSerializerModule.dll"
-r:"/Applications/Unity6000.3.7f1/Unity-6000.3.7f1/Unity.app/Contents/Resources/Scripting/Managed/UnityEngine/UnityEngine.GridModule.dll"
-r:"/Applications/Unity6000.3.7f1/Unity-6000.3.7f1/Unity.app/Contents/Resources/Scripting/Managed/UnityEngine/UnityEngine.HierarchyCoreModule.dll"
-r:"/Applications/Unity6000.3.7f1/Unity-6000.3.7f1/Unity.app/Contents/Resources/Scripting/Managed/UnityEngine/UnityEngine.HotReloadModule.dll"
-r:"/Applications/Unity6000.3.7f1/Unity-6000.3.7f1/Unity.app/Contents/Resources/Scripting/Managed/UnityEngine/UnityEngine.IdentifiersModule.dll"
-r:"/Applications/Unity6000.3.7f1/Unity-6000.3.7f1/Unity.app/Contents/Resources/Scripting/Managed/UnityEngine/UnityEngine.ImageConversionModule.dll"
-r:"/Applications/Unity6000.3.7f1/Unity-6000.3.7f1/Unity.app/Contents/Resources/Scripting/Managed/UnityEngine/UnityEngine.IMGUIModule.dll"
-r:"/Applications/Unity6000.3.7f1/Unity-6000.3.7f1/Unity.app/Contents/Resources/Scripting/Managed/UnityEngine/UnityEngine.InputForUIModule.dll"
-r:"/Applications/Unity6000.3.7f1/Unity-6000.3.7f1/Unity.app/Contents/Resources/Scripting/Managed/UnityEngine/UnityEngine.InputLegacyModule.dll"
-r:"/Applications/Unity6000.3.7f1/Unity-6000.3.7f1/Unity.app/Contents/Resources/Scripting/Managed/UnityEngine/UnityEngine.InputModule.dll"
-r:"/Applications/Unity6000.3.7f1/Unity-6000.3.7f1/Unity.app/Contents/Resources/Scripting/Managed/UnityEngine/UnityEngine.InsightsModule.dll"
-r:"/Applications/Unity6000.3.7f1/Unity-6000.3.7f1/Unity.app/Contents/Resources/Scripting/Managed/UnityEngine/UnityEngine.JSONSerializeModule.dll"
-r:"/Applications/Unity6000.3.7f1/Unity-6000.3.7f1/Unity.app/Contents/Resources/Scripting/Managed/UnityEngine/UnityEngine.LocalizationModule.dll"
-r:"/Applications/Unity6000.3.7f1/Unity-6000.3.7f1/Unity.app/Contents/Resources/Scripting/Managed/UnityEngine/UnityEngine.MarshallingModule.dll"
-r:"/Applications/Unity6000.3.7f1/Unity-6000.3.7f1/Unity.app/Contents/Resources/Scripting/Managed/UnityEngine/UnityEngine.MultiplayerModule.dll"
-r:"/Applications/Unity6000.3.7f1/Unity-6000.3.7f1/Unity.app/Contents/Resources/Scripting/Managed/UnityEngine/UnityEngine.ParticleSystemModule.dll"
-r:"/Applications/Unity6000.3.7f1/Unity-6000.3.7f1/Unity.app/Contents/Resources/Scripting/Managed/UnityEngine/UnityEngine.PerformanceReportingModule.dll"
-r:"/Applications/Unity6000.3.7f1/Unity-6000.3.7f1/Unity.app/Contents/Resources/Scripting/Managed/UnityEngine/UnityEngine.Physics2DModule.dll"
-r:"/Applications/Unity6000.3.7f1/Unity-6000.3.7f1/Unity.app/Contents/Resources/Scripting/Managed/UnityEngine/UnityEngine.PhysicsBackendPhysXModule.dll"
-r:"/Applications/Unity6000.3.7f1/Unity-6000.3.7f1/Unity.app/Contents/Resources/Scripting/Managed/UnityEngine/UnityEngine.PhysicsModule.dll"
-r:"/Applications/Unity6000.3.7f1/Unity-6000.3.7f1/Unity.app/Contents/Resources/Scripting/Managed/UnityEngine/UnityEngine.PropertiesModule.dll"
-r:"/Applications/Unity6000.3.7f1/Unity-6000.3.7f1/Unity.app/Contents/Resources/Scripting/Managed/UnityEngine/UnityEngine.RenderAs2DModule.dll"
-r:"/Applications/Unity6000.3.7f1/Unity-6000.3.7f1/Unity.app/Contents/Resources/Scripting/Managed/UnityEngine/UnityEngine.RuntimeInitializeOnLoadManagerInitializerModule.dll"
-r:"/Applications/Unity6000.3.7f1/Unity-6000.3.7f1/Unity.app/Contents/Resources/Scripting/Managed/UnityEngine/UnityEngine.ScreenCaptureModule.dll"
-r:"/Applications/Unity6000.3.7f1/Unity-6000.3.7f1/Unity.app/Contents/Resources/Scripting/Managed/UnityEngine/UnityEngine.ShaderRuntimeModule.dll"
-r:"/Applications/Unity6000.3.7f1/Unity-6000.3.7f1/Unity.app/Contents/Resources/Scripting/Managed/UnityEngine/UnityEngine.ShaderVariantAnalyticsModule.dll"
-r:"/Applications/Unity6000.3.7f1/Unity-6000.3.7f1/Unity.app/Contents/Resources/Scripting/Managed/UnityEngine/UnityEngine.SharedInternalsModule.dll"
-r:"/Applications/Unity6000.3.7f1/Unity-6000.3.7f1/Unity.app/Contents/Resources/Scripting/Managed/UnityEngine/UnityEngine.SpriteMaskModule.dll"
-r:"/Applications/Unity6000.3.7f1/Unity-6000.3.7f1/Unity.app/Contents/Resources/Scripting/Managed/UnityEngine/UnityEngine.SpriteShapeModule.dll"
-r:"/Applications/Unity6000.3.7f1/Unity-6000.3.7f1/Unity.app/Contents/Resources/Scripting/Managed/UnityEngine/UnityEngine.StreamingModule.dll"
-r:"/Applications/Unity6000.3.7f1/Unity-6000.3.7f1/Unity.app/Contents/Resources/Scripting/Managed/UnityEngine/UnityEngine.SubstanceModule.dll"
-r:"/Applications/Unity6000.3.7f1/Unity-6000.3.7f1/Unity.app/Contents/Resources/Scripting/Managed/UnityEngine/UnityEngine.SubsystemsModule.dll"
-r:"/Applications/Unity6000.3.7f1/Unity-6000.3.7f1/Unity.app/Contents/Resources/Scripting/Managed/UnityEngine/UnityEngine.TerrainModule.dll"
-r:"/Applications/Unity6000.3.7f1/Unity-6000.3.7f1/Unity.app/Contents/Resources/Scripting/Managed/UnityEngine/UnityEngine.TerrainPhysicsModule.dll"
-r:"/Applications/Unity6000.3.7f1/Unity-6000.3.7f1/Unity.app/Contents/Resources/Scripting/Managed/UnityEngine/UnityEngine.TextCoreFontEngineModule.dll"
-r:"/Applications/Unity6000.3.7f1/Unity-6000.3.7f1/Unity.app/Contents/Resources/Scripting/Managed/UnityEngine/UnityEngine.TextCoreTextEngineModule.dll"
-r:"/Applications/Unity6000.3.7f1/Unity-6000.3.7f1/Unity.app/Contents/Resources/Scripting/Managed/UnityEngine/UnityEngine.TextRenderingModule.dll"
-r:"/Applications/Unity6000.3.7f1/Unity-6000.3.7f1/Unity.app/Contents/Resources/Scripting/Managed/UnityEngine/UnityEngine.TilemapModule.dll"
-r:"/Applications/Unity6000.3.7f1/Unity-6000.3.7f1/Unity.app/Contents/Resources/Scripting/Managed/UnityEngine/UnityEngine.TLSModule.dll"
-r:"/Applications/Unity6000.3.7f1/Unity-6000.3.7f1/Unity.app/Contents/Resources/Scripting/Managed/UnityEngine/UnityEngine.UIElementsModule.dll"
-r:"/Applications/Unity6000.3.7f1/Unity-6000.3.7f1/Unity.app/Contents/Resources/Scripting/Managed/UnityEngine/UnityEngine.UIModule.dll"
-r:"/Applications/Unity6000.3.7f1/Unity-6000.3.7f1/Unity.app/Contents/Resources/Scripting/Managed/UnityEngine/UnityEngine.UmbraModule.dll"
-r:"/Applications/Unity6000.3.7f1/Unity-6000.3.7f1/Unity.app/Contents/Resources/Scripting/Managed/UnityEngine/UnityEngine.UnityAnalyticsCommonModule.dll"
-r:"/Applications/Unity6000.3.7f1/Unity-6000.3.7f1/Unity.app/Contents/Resources/Scripting/Managed/UnityEngine/UnityEngine.UnityAnalyticsModule.dll"
-r:"/Applications/Unity6000.3.7f1/Unity-6000.3.7f1/Unity.app/Contents/Resources/Scripting/Managed/UnityEngine/UnityEngine.UnityConnectModule.dll"
-r:"/Applications/Unity6000.3.7f1/Unity-6000.3.7f1/Unity.app/Contents/Resources/Scripting/Managed/UnityEngine/UnityEngine.UnityConsentModule.dll"
-r:"/Applications/Unity6000.3.7f1/Unity-6000.3.7f1/Unity.app/Contents/Resources/Scripting/Managed/UnityEngine/UnityEngine.UnityCurlModule.dll"
-r:"/Applications/Unity6000.3.7f1/Unity-6000.3.7f1/Unity.app/Contents/Resources/Scripting/Managed/UnityEngine/UnityEngine.UnityWebRequestAssetBundleModule.dll"
-r:"/Applications/Unity6000.3.7f1/Unity-6000.3.7f1/Unity.app/Contents/Resources/Scripting/Managed/UnityEngine/UnityEngine.UnityWebRequestAudioModule.dll"
-r:"/Applications/Unity6000.3.7f1/Unity-6000.3.7f1/Unity.app/Contents/Resources/Scripting/Managed/UnityEngine/UnityEngine.UnityWebRequestModule.dll"
-r:"/Applications/Unity6000.3.7f1/Unity-6000.3.7f1/Unity.app/Contents/Resources/Scripting/Managed/UnityEngine/UnityEngine.UnityWebRequestTextureModule.dll"
-r:"/Applications/Unity6000.3.7f1/Unity-6000.3.7f1/Unity.app/Contents/Resources/Scripting/Managed/UnityEngine/UnityEngine.UnityWebRequestWWWModule.dll"
-r:"/Applications/Unity6000.3.7f1/Unity-6000.3.7f1/Unity.app/Contents/Resources/Scripting/Managed/UnityEngine/UnityEngine.VectorGraphicsModule.dll"
-r:"/Applications/Unity6000.3.7f1/Unity-6000.3.7f1/Unity.app/Contents/Resources/Scripting/Managed/UnityEngine/UnityEngine.VehiclesModule.dll"
-r:"/Applications/Unity6000.3.7f1/Unity-6000.3.7f1/Unity.app/Contents/Resources/Scripting/Managed/UnityEngine/UnityEngine.VFXModule.dll"
-r:"/Applications/Unity6000.3.7f1/Unity-6000.3.7f1/Unity.app/Contents/Resources/Scripting/Managed/UnityEngine/UnityEngine.VideoModule.dll"
-r:"/Applications/Unity6000.3.7f1/Unity-6000.3.7f1/Unity.app/Contents/Resources/Scripting/Managed/UnityEngine/UnityEngine.VirtualTexturingModule.dll"
-r:"/Applications/Unity6000.3.7f1/Unity-6000.3.7f1/Unity.app/Contents/Resources/Scripting/Managed/UnityEngine/UnityEngine.VRModule.dll"
-r:"/Applications/Unity6000.3.7f1/Unity-6000.3.7f1/Unity.app/Contents/Resources/Scripting/Managed/UnityEngine/UnityEngine.WindModule.dll"
-r:"/Applications/Unity6000.3.7f1/Unity-6000.3.7f1/Unity.app/Contents/Resources/Scripting/Managed/UnityEngine/UnityEngine.XRModule.dll"
-r:"/Applications/Unity6000.3.7f1/Unity-6000.3.7f1/Unity.app/Contents/Resources/Scripting/NetStandard/compat/2.1.0/shims/netfx/mscorlib.dll"
-r:"/Applications/Unity6000.3.7f1/Unity-6000.3.7f1/Unity.app/Contents/Resources/Scripting/NetStandard/compat/2.1.0/shims/netfx/System.ComponentModel.Composition.dll"
-r:"/Applications/Unity6000.3.7f1/Unity-6000.3.7f1/Unity.app/Contents/Resources/Scripting/NetStandard/compat/2.1.0/shims/netfx/System.Core.dll"
-r:"/Applications/Unity6000.3.7f1/Unity-6000.3.7f1/Unity.app/Contents/Resources/Scripting/NetStandard/compat/2.1.0/shims/netfx/System.Data.dll"
-r:"/Applications/Unity6000.3.7f1/Unity-6000.3.7f1/Unity.app/Contents/Resources/Scripting/NetStandard/compat/2.1.0/shims/netfx/System.dll"
-r:"/Applications/Unity6000.3.7f1/Unity-6000.3.7f1/Unity.app/Contents/Resources/Scripting/NetStandard/compat/2.1.0/shims/netfx/System.Drawing.dll"
-r:"/Applications/Unity6000.3.7f1/Unity-6000.3.7f1/Unity.app/Contents/Resources/Scripting/NetStandard/compat/2.1.0/shims/netfx/System.IO.Compression.FileSystem.dll"
-r:"/Applications/Unity6000.3.7f1/Unity-6000.3.7f1/Unity.app/Contents/Resources/Scripting/NetStandard/compat/2.1.0/shims/netfx/System.Net.dll"
-r:"/Applications/Unity6000.3.7f1/Unity-6000.3.7f1/Unity.app/Contents/Resources/Scripting/NetStandard/compat/2.1.0/shims/netfx/System.Numerics.dll"
-r:"/Applications/Unity6000.3.7f1/Unity-6000.3.7f1/Unity.app/Contents/Resources/Scripting/NetStandard/compat/2.1.0/shims/netfx/System.Runtime.Serialization.dll"
-r:"/Applications/Unity6000.3.7f1/Unity-6000.3.7f1/Unity.app/Contents/Resources/Scripting/NetStandard/compat/2.1.0/shims/netfx/System.ServiceModel.Web.dll"
-r:"/Applications/Unity6000.3.7f1/Unity-6000.3.7f1/Unity.app/Contents/Resources/Scripting/NetStandard/compat/2.1.0/shims/netfx/System.Transactions.dll"
-r:"/Applications/Unity6000.3.7f1/Unity-6000.3.7f1/Unity.app/Contents/Resources/Scripting/NetStandard/compat/2.1.0/shims/netfx/System.Web.dll"
-r:"/Applications/Unity6000.3.7f1/Unity-6000.3.7f1/Unity.app/Contents/Resources/Scripting/NetStandard/compat/2.1.0/shims/netfx/System.Windows.dll"
-r:"/Applications/Unity6000.3.7f1/Unity-6000.3.7f1/Unity.app/Contents/Resources/Scripting/NetStandard/compat/2.1.0/shims/netfx/System.Xml.dll"
-r:"/Applications/Unity6000.3.7f1/Unity-6000.3.7f1/Unity.app/Contents/Resources/Scripting/NetStandard/compat/2.1.0/shims/netfx/System.Xml.Linq.dll"
-r:"/Applications/Unity6000.3.7f1/Unity-6000.3.7f1/Unity.app/Contents/Resources/Scripting/NetStandard/compat/2.1.0/shims/netfx/System.Xml.Serialization.dll"
-r:"/Applications/Unity6000.3.7f1/Unity-6000.3.7f1/Unity.app/Contents/Resources/Scripting/NetStandard/compat/2.1.0/shims/netstandard/Microsoft.Win32.Primitives.dll"
-r:"/Applications/Unity6000.3.7f1/Unity-6000.3.7f1/Unity.app/Contents/Resources/Scripting/NetStandard/compat/2.1.0/shims/netstandard/System.AppContext.dll"
-r:"/Applications/Unity6000.3.7f1/Unity-6000.3.7f1/Unity.app/Contents/Resources/Scripting/NetStandard/compat/2.1.0/shims/netstandard/System.Buffers.dll"
-r:"/Applications/Unity6000.3.7f1/Unity-6000.3.7f1/Unity.app/Contents/Resources/Scripting/NetStandard/compat/2.1.0/shims/netstandard/System.Collections.Concurrent.dll"
-r:"/Applications/Unity6000.3.7f1/Unity-6000.3.7f1/Unity.app/Contents/Resources/Scripting/NetStandard/compat/2.1.0/shims/netstandard/System.Collections.dll"
-r:"/Applications/Unity6000.3.7f1/Unity-6000.3.7f1/Unity.app/Contents/Resources/Scripting/NetStandard/compat/2.1.0/shims/netstandard/System.Collections.NonGeneric.dll"
-r:"/Applications/Unity6000.3.7f1/Unity-6000.3.7f1/Unity.app/Contents/Resources/Scripting/NetStandard/compat/2.1.0/shims/netstandard/System.Collections.Specialized.dll"
-r:"/Applications/Unity6000.3.7f1/Unity-6000.3.7f1/Unity.app/Contents/Resources/Scripting/NetStandard/compat/2.1.0/shims/netstandard/System.ComponentModel.dll"
-r:"/Applications/Unity6000.3.7f1/Unity-6000.3.7f1/Unity.app/Contents/Resources/Scripting/NetStandard/compat/2.1.0/shims/netstandard/System.ComponentModel.EventBasedAsync.dll"
-r:"/Applications/Unity6000.3.7f1/Unity-6000.3.7f1/Unity.app/Contents/Resources/Scripting/NetStandard/compat/2.1.0/shims/netstandard/System.ComponentModel.Primitives.dll"
-r:"/Applications/Unity6000.3.7f1/Unity-6000.3.7f1/Unity.app/Contents/Resources/Scripting/NetStandard/compat/2.1.0/shims/netstandard/System.ComponentModel.TypeConverter.dll"
-r:"/Applications/Unity6000.3.7f1/Unity-6000.3.7f1/Unity.app/Contents/Resources/Scripting/NetStandard/compat/2.1.0/shims/netstandard/System.Console.dll"
-r:"/Applications/Unity6000.3.7f1/Unity-6000.3.7f1/Unity.app/Contents/Resources/Scripting/NetStandard/compat/2.1.0/shims/netstandard/System.Data.Common.dll"
-r:"/Applications/Unity6000.3.7f1/Unity-6000.3.7f1/Unity.app/Contents/Resources/Scripting/NetStandard/compat/2.1.0/shims/netstandard/System.Diagnostics.Contracts.dll"
-r:"/Applications/Unity6000.3.7f1/Unity-6000.3.7f1/Unity.app/Contents/Resources/Scripting/NetStandard/compat/2.1.0/shims/netstandard/System.Diagnostics.Debug.dll"
-r:"/Applications/Unity6000.3.7f1/Unity-6000.3.7f1/Unity.app/Contents/Resources/Scripting/NetStandard/compat/2.1.0/shims/netstandard/System.Diagnostics.FileVersionInfo.dll"
-r:"/Applications/Unity6000.3.7f1/Unity-6000.3.7f1/Unity.app/Contents/Resources/Scripting/NetStandard/compat/2.1.0/shims/netstandard/System.Diagnostics.Process.dll"
-r:"/Applications/Unity6000.3.7f1/Unity-6000.3.7f1/Unity.app/Contents/Resources/Scripting/NetStandard/compat/2.1.0/shims/netstandard/System.Diagnostics.StackTrace.dll"
-r:"/Applications/Unity6000.3.7f1/Unity-6000.3.7f1/Unity.app/Contents/Resources/Scripting/NetStandard/compat/2.1.0/shims/netstandard/System.Diagnostics.TextWriterTraceListener.dll"
-r:"/Applications/Unity6000.3.7f1/Unity-6000.3.7f1/Unity.app/Contents/Resources/Scripting/NetStandard/compat/2.1.0/shims/netstandard/System.Diagnostics.Tools.dll"
-r:"/Applications/Unity6000.3.7f1/Unity-6000.3.7f1/Unity.app/Contents/Resources/Scripting/NetStandard/compat/2.1.0/shims/netstandard/System.Diagnostics.TraceSource.dll"
-r:"/Applications/Unity6000.3.7f1/Unity-6000.3.7f1/Unity.app/Contents/Resources/Scripting/NetStandard/compat/2.1.0/shims/netstandard/System.Diagnostics.Tracing.dll"
-r:"/Applications/Unity6000.3.7f1/Unity-6000.3.7f1/Unity.app/Contents/Resources/Scripting/NetStandard/compat/2.1.0/shims/netstandard/System.Drawing.Primitives.dll"
-r:"/Applications/Unity6000.3.7f1/Unity-6000.3.7f1/Unity.app/Contents/Resources/Scripting/NetStandard/compat/2.1.0/shims/netstandard/System.Dynamic.Runtime.dll"
-r:"/Applications/Unity6000.3.7f1/Unity-6000.3.7f1/Unity.app/Contents/Resources/Scripting/NetStandard/compat/2.1.0/shims/netstandard/System.Globalization.Calendars.dll"
-r:"/Applications/Unity6000.3.7f1/Unity-6000.3.7f1/Unity.app/Contents/Resources/Scripting/NetStandard/compat/2.1.0/shims/netstandard/System.Globalization.dll"
-r:"/Applications/Unity6000.3.7f1/Unity-6000.3.7f1/Unity.app/Contents/Resources/Scripting/NetStandard/compat/2.1.0/shims/netstandard/System.Globalization.Extensions.dll"
-r:"/Applications/Unity6000.3.7f1/Unity-6000.3.7f1/Unity.app/Contents/Resources/Scripting/NetStandard/compat/2.1.0/shims/netstandard/System.IO.Compression.dll"
-r:"/Applications/Unity6000.3.7f1/Unity-6000.3.7f1/Unity.app/Contents/Resources/Scripting/NetStandard/compat/2.1.0/shims/netstandard/System.IO.Compression.ZipFile.dll"
-r:"/Applications/Unity6000.3.7f1/Unity-6000.3.7f1/Unity.app/Contents/Resources/Scripting/NetStandard/compat/2.1.0/shims/netstandard/System.IO.dll"
-r:"/Applications/Unity6000.3.7f1/Unity-6000.3.7f1/Unity.app/Contents/Resources/Scripting/NetStandard/compat/2.1.0/shims/netstandard/System.IO.FileSystem.dll"
-r:"/Applications/Unity6000.3.7f1/Unity-6000.3.7f1/Unity.app/Contents/Resources/Scripting/NetStandard/compat/2.1.0/shims/netstandard/System.IO.FileSystem.DriveInfo.dll"
-r:"/Applications/Unity6000.3.7f1/Unity-6000.3.7f1/Unity.app/Contents/Resources/Scripting/NetStandard/compat/2.1.0/shims/netstandard/System.IO.FileSystem.Primitives.dll"
-r:"/Applications/Unity6000.3.7f1/Unity-6000.3.7f1/Unity.app/Contents/Resources/Scripting/NetStandard/compat/2.1.0/shims/netstandard/System.IO.FileSystem.Watcher.dll"
-r:"/Applications/Unity6000.3.7f1/Unity-6000.3.7f1/Unity.app/Contents/Resources/Scripting/NetStandard/compat/2.1.0/shims/netstandard/System.IO.IsolatedStorage.dll"
-r:"/Applications/Unity6000.3.7f1/Unity-6000.3.7f1/Unity.app/Contents/Resources/Scripting/NetStandard/compat/2.1.0/shims/netstandard/System.IO.MemoryMappedFiles.dll"
-r:"/Applications/Unity6000.3.7f1/Unity-6000.3.7f1/Unity.app/Contents/Resources/Scripting/NetStandard/compat/2.1.0/shims/netstandard/System.IO.Pipes.dll"
-r:"/Applications/Unity6000.3.7f1/Unity-6000.3.7f1/Unity.app/Contents/Resources/Scripting/NetStandard/compat/2.1.0/shims/netstandard/System.IO.UnmanagedMemoryStream.dll"
-r:"/Applications/Unity6000.3.7f1/Unity-6000.3.7f1/Unity.app/Contents/Resources/Scripting/NetStandard/compat/2.1.0/shims/netstandard/System.Linq.dll"
-r:"/Applications/Unity6000.3.7f1/Unity-6000.3.7f1/Unity.app/Contents/Resources/Scripting/NetStandard/compat/2.1.0/shims/netstandard/System.Linq.Expressions.dll"
-r:"/Applications/Unity6000.3.7f1/Unity-6000.3.7f1/Unity.app/Contents/Resources/Scripting/NetStandard/compat/2.1.0/shims/netstandard/System.Linq.Parallel.dll"
-r:"/Applications/Unity6000.3.7f1/Unity-6000.3.7f1/Unity.app/Contents/Resources/Scripting/NetStandard/compat/2.1.0/shims/netstandard/System.Linq.Queryable.dll"
-r:"/Applications/Unity6000.3.7f1/Unity-6000.3.7f1/Unity.app/Contents/Resources/Scripting/NetStandard/compat/2.1.0/shims/netstandard/System.Memory.dll"
-r:"/Applications/Unity6000.3.7f1/Unity-6000.3.7f1/Unity.app/Contents/Resources/Scripting/NetStandard/compat/2.1.0/shims/netstandard/System.Net.Http.dll"
-r:"/Applications/Unity6000.3.7f1/Unity-6000.3.7f1/Unity.app/Contents/Resources/Scripting/NetStandard/compat/2.1.0/shims/netstandard/System.Net.NameResolution.dll"
-r:"/Applications/Unity6000.3.7f1/Unity-6000.3.7f1/Unity.app/Contents/Resources/Scripting/NetStandard/compat/2.1.0/shims/netstandard/System.Net.NetworkInformation.dll"
-r:"/Applications/Unity6000.3.7f1/Unity-6000.3.7f1/Unity.app/Contents/Resources/Scripting/NetStandard/compat/2.1.0/shims/netstandard/System.Net.Ping.dll"
-r:"/Applications/Unity6000.3.7f1/Unity-6000.3.7f1/Unity.app/Contents/Resources/Scripting/NetStandard/compat/2.1.0/shims/netstandard/System.Net.Primitives.dll"
-r:"/Applications/Unity6000.3.7f1/Unity-6000.3.7f1/Unity.app/Contents/Resources/Scripting/NetStandard/compat/2.1.0/shims/netstandard/System.Net.Requests.dll"
-r:"/Applications/Unity6000.3.7f1/Unity-6000.3.7f1/Unity.app/Contents/Resources/Scripting/NetStandard/compat/2.1.0/shims/netstandard/System.Net.Security.dll"
-r:"/Applications/Unity6000.3.7f1/Unity-6000.3.7f1/Unity.app/Contents/Resources/Scripting/NetStandard/compat/2.1.0/shims/netstandard/System.Net.Sockets.dll"
-r:"/Applications/Unity6000.3.7f1/Unity-6000.3.7f1/Unity.app/Contents/Resources/Scripting/NetStandard/compat/2.1.0/shims/netstandard/System.Net.WebHeaderCollection.dll"
-r:"/Applications/Unity6000.3.7f1/Unity-6000.3.7f1/Unity.app/Contents/Resources/Scripting/NetStandard/compat/2.1.0/shims/netstandard/System.Net.WebSockets.Client.dll"
-r:"/Applications/Unity6000.3.7f1/Unity-6000.3.7f1/Unity.app/Contents/Resources/Scripting/NetStandard/compat/2.1.0/shims/netstandard/System.Net.WebSockets.dll"
-r:"/Applications/Unity6000.3.7f1/Unity-6000.3.7f1/Unity.app/Contents/Resources/Scripting/NetStandard/compat/2.1.0/shims/netstandard/System.Numerics.Vectors.dll"
-r:"/Applications/Unity6000.3.7f1/Unity-6000.3.7f1/Unity.app/Contents/Resources/Scripting/NetStandard/compat/2.1.0/shims/netstandard/System.ObjectModel.dll"
-r:"/Applications/Unity6000.3.7f1/Unity-6000.3.7f1/Unity.app/Contents/Resources/Scripting/NetStandard/compat/2.1.0/shims/netstandard/System.Reflection.DispatchProxy.dll"
-r:"/Applications/Unity6000.3.7f1/Unity-6000.3.7f1/Unity.app/Contents/Resources/Scripting/NetStandard/compat/2.1.0/shims/netstandard/System.Reflection.dll"
-r:"/Applications/Unity6000.3.7f1/Unity-6000.3.7f1/Unity.app/Contents/Resources/Scripting/NetStandard/compat/2.1.0/shims/netstandard/System.Reflection.Emit.dll"
-r:"/Applications/Unity6000.3.7f1/Unity-6000.3.7f1/Unity.app/Contents/Resources/Scripting/NetStandard/compat/2.1.0/shims/netstandard/System.Reflection.Emit.ILGeneration.dll"
-r:"/Applications/Unity6000.3.7f1/Unity-6000.3.7f1/Unity.app/Contents/Resources/Scripting/NetStandard/compat/2.1.0/shims/netstandard/System.Reflection.Emit.Lightweight.dll"
-r:"/Applications/Unity6000.3.7f1/Unity-6000.3.7f1/Unity.app/Contents/Resources/Scripting/NetStandard/compat/2.1.0/shims/netstandard/System.Reflection.Extensions.dll"
-r:"/Applications/Unity6000.3.7f1/Unity-6000.3.7f1/Unity.app/Contents/Resources/Scripting/NetStandard/compat/2.1.0/shims/netstandard/System.Reflection.Primitives.dll"
-r:"/Applications/Unity6000.3.7f1/Unity-6000.3.7f1/Unity.app/Contents/Resources/Scripting/NetStandard/compat/2.1.0/shims/netstandard/System.Resources.Reader.dll"
-r:"/Applications/Unity6000.3.7f1/Unity-6000.3.7f1/Unity.app/Contents/Resources/Scripting/NetStandard/compat/2.1.0/shims/netstandard/System.Resources.ResourceManager.dll"
-r:"/Applications/Unity6000.3.7f1/Unity-6000.3.7f1/Unity.app/Contents/Resources/Scripting/NetStandard/compat/2.1.0/shims/netstandard/System.Resources.Writer.dll"
-r:"/Applications/Unity6000.3.7f1/Unity-6000.3.7f1/Unity.app/Contents/Resources/Scripting/NetStandard/compat/2.1.0/shims/netstandard/System.Runtime.CompilerServices.VisualC.dll"
-r:"/Applications/Unity6000.3.7f1/Unity-6000.3.7f1/Unity.app/Contents/Resources/Scripting/NetStandard/compat/2.1.0/shims/netstandard/System.Runtime.dll"
-r:"/Applications/Unity6000.3.7f1/Unity-6000.3.7f1/Unity.app/Contents/Resources/Scripting/NetStandard/compat/2.1.0/shims/netstandard/System.Runtime.Extensions.dll"
-r:"/Applications/Unity6000.3.7f1/Unity-6000.3.7f1/Unity.app/Contents/Resources/Scripting/NetStandard/compat/2.1.0/shims/netstandard/System.Runtime.Handles.dll"
-r:"/Applications/Unity6000.3.7f1/Unity-6000.3.7f1/Unity.app/Contents/Resources/Scripting/NetStandard/compat/2.1.0/shims/netstandard/System.Runtime.InteropServices.dll"
-r:"/Applications/Unity6000.3.7f1/Unity-6000.3.7f1/Unity.app/Contents/Resources/Scripting/NetStandard/compat/2.1.0/shims/netstandard/System.Runtime.InteropServices.RuntimeInformation.dll"
-r:"/Applications/Unity6000.3.7f1/Unity-6000.3.7f1/Unity.app/Contents/Resources/Scripting/NetStandard/compat/2.1.0/shims/netstandard/System.Runtime.Numerics.dll"
-r:"/Applications/Unity6000.3.7f1/Unity-6000.3.7f1/Unity.app/Contents/Resources/Scripting/NetStandard/compat/2.1.0/shims/netstandard/System.Runtime.Serialization.Formatters.dll"
-r:"/Applications/Unity6000.3.7f1/Unity-6000.3.7f1/Unity.app/Contents/Resources/Scripting/NetStandard/compat/2.1.0/shims/netstandard/System.Runtime.Serialization.Json.dll"
-r:"/Applications/Unity6000.3.7f1/Unity-6000.3.7f1/Unity.app/Contents/Resources/Scripting/NetStandard/compat/2.1.0/shims/netstandard/System.Runtime.Serialization.Primitives.dll"
-r:"/Applications/Unity6000.3.7f1/Unity-6000.3.7f1/Unity.app/Contents/Resources/Scripting/NetStandard/compat/2.1.0/shims/netstandard/System.Runtime.Serialization.Xml.dll"
-r:"/Applications/Unity6000.3.7f1/Unity-6000.3.7f1/Unity.app/Contents/Resources/Scripting/NetStandard/compat/2.1.0/shims/netstandard/System.Security.Claims.dll"
-r:"/Applications/Unity6000.3.7f1/Unity-6000.3.7f1/Unity.app/Contents/Resources/Scripting/NetStandard/compat/2.1.0/shims/netstandard/System.Security.Cryptography.Algorithms.dll"
-r:"/Applications/Unity6000.3.7f1/Unity-6000.3.7f1/Unity.app/Contents/Resources/Scripting/NetStandard/compat/2.1.0/shims/netstandard/System.Security.Cryptography.Csp.dll"
-r:"/Applications/Unity6000.3.7f1/Unity-6000.3.7f1/Unity.app/Contents/Resources/Scripting/NetStandard/compat/2.1.0/shims/netstandard/System.Security.Cryptography.Encoding.dll"
-r:"/Applications/Unity6000.3.7f1/Unity-6000.3.7f1/Unity.app/Contents/Resources/Scripting/NetStandard/compat/2.1.0/shims/netstandard/System.Security.Cryptography.Primitives.dll"
-r:"/Applications/Unity6000.3.7f1/Unity-6000.3.7f1/Unity.app/Contents/Resources/Scripting/NetStandard/compat/2.1.0/shims/netstandard/System.Security.Cryptography.X509Certificates.dll"
-r:"/Applications/Unity6000.3.7f1/Unity-6000.3.7f1/Unity.app/Contents/Resources/Scripting/NetStandard/compat/2.1.0/shims/netstandard/System.Security.Principal.dll"
-r:"/Applications/Unity6000.3.7f1/Unity-6000.3.7f1/Unity.app/Contents/Resources/Scripting/NetStandard/compat/2.1.0/shims/netstandard/System.Security.SecureString.dll"
-r:"/Applications/Unity6000.3.7f1/Unity-6000.3.7f1/Unity.app/Contents/Resources/Scripting/NetStandard/compat/2.1.0/shims/netstandard/System.Text.Encoding.dll"
-r:"/Applications/Unity6000.3.7f1/Unity-6000.3.7f1/Unity.app/Contents/Resources/Scripting/NetStandard/compat/2.1.0/shims/netstandard/System.Text.Encoding.Extensions.dll"
-r:"/Applications/Unity6000.3.7f1/Unity-6000.3.7f1/Unity.app/Contents/Resources/Scripting/NetStandard/compat/2.1.0/shims/netstandard/System.Text.RegularExpressions.dll"
-r:"/Applications/Unity6000.3.7f1/Unity-6000.3.7f1/Unity.app/Contents/Resources/Scripting/NetStandard/compat/2.1.0/shims/netstandard/System.Threading.dll"
-r:"/Applications/Unity6000.3.7f1/Unity-6000.3.7f1/Unity.app/Contents/Resources/Scripting/NetStandard/compat/2.1.0/shims/netstandard/System.Threading.Overlapped.dll"
-r:"/Applications/Unity6000.3.7f1/Unity-6000.3.7f1/Unity.app/Contents/Resources/Scripting/NetStandard/compat/2.1.0/shims/netstandard/System.Threading.Tasks.dll"
-r:"/Applications/Unity6000.3.7f1/Unity-6000.3.7f1/Unity.app/Contents/Resources/Scripting/NetStandard/compat/2.1.0/shims/netstandard/System.Threading.Tasks.Extensions.dll"
-r:"/Applications/Unity6000.3.7f1/Unity-6000.3.7f1/Unity.app/Contents/Resources/Scripting/NetStandard/compat/2.1.0/shims/netstandard/System.Threading.Tasks.Parallel.dll"
-r:"/Applications/Unity6000.3.7f1/Unity-6000.3.7f1/Unity.app/Contents/Resources/Scripting/NetStandard/compat/2.1.0/shims/netstandard/System.Threading.Thread.dll"
-r:"/Applications/Unity6000.3.7f1/Unity-6000.3.7f1/Unity.app/Contents/Resources/Scripting/NetStandard/compat/2.1.0/shims/netstandard/System.Threading.ThreadPool.dll"
-r:"/Applications/Unity6000.3.7f1/Unity-6000.3.7f1/Unity.app/Contents/Resources/Scripting/NetStandard/compat/2.1.0/shims/netstandard/System.Threading.Timer.dll"
-r:"/Applications/Unity6000.3.7f1/Unity-6000.3.7f1/Unity.app/Contents/Resources/Scripting/NetStandard/compat/2.1.0/shims/netstandard/System.ValueTuple.dll"
-r:"/Applications/Unity6000.3.7f1/Unity-6000.3.7f1/Unity.app/Contents/Resources/Scripting/NetStandard/compat/2.1.0/shims/netstandard/System.Xml.ReaderWriter.dll"
-r:"/Applications/Unity6000.3.7f1/Unity-6000.3.7f1/Unity.app/Contents/Resources/Scripting/NetStandard/compat/2.1.0/shims/netstandard/System.Xml.XDocument.dll"
-r:"/Applications/Unity6000.3.7f1/Unity-6000.3.7f1/Unity.app/Contents/Resources/Scripting/NetStandard/compat/2.1.0/shims/netstandard/System.Xml.XmlDocument.dll"
-r:"/Applications/Unity6000.3.7f1/Unity-6000.3.7f1/Unity.app/Contents/Resources/Scripting/NetStandard/compat/2.1.0/shims/netstandard/System.Xml.XmlSerializer.dll"
-r:"/Applications/Unity6000.3.7f1/Unity-6000.3.7f1/Unity.app/Contents/Resources/Scripting/NetStandard/compat/2.1.0/shims/netstandard/System.Xml.XPath.dll"
-r:"/Applications/Unity6000.3.7f1/Unity-6000.3.7f1/Unity.app/Contents/Resources/Scripting/NetStandard/compat/2.1.0/shims/netstandard/System.Xml.XPath.XDocument.dll"
-r:"/Applications/Unity6000.3.7f1/Unity-6000.3.7f1/Unity.app/Contents/Resources/Scripting/NetStandard/Extensions/2.0.0/System.Runtime.InteropServices.WindowsRuntime.dll"
-r:"/Applications/Unity6000.3.7f1/Unity-6000.3.7f1/Unity.app/Contents/Resources/Scripting/NetStandard/ref/2.1.0/netstandard.dll"
-r:"Library/Bee/artifacts/200b0aE.dag/spine-csharp.ref.dll"
-r:"Library/Bee/artifacts/200b0aE.dag/Unity.InternalAPIEngineBridge.004.ref.dll"
-r:"Library/Bee/artifacts/200b0aE.dag/Unity.Multiplayer.Center.Common.ref.dll"
-r:"Library/Bee/artifacts/200b0aE.dag/Unity.Multiplayer.Center.Editor.ref.dll"
-r:"Library/Bee/artifacts/200b0aE.dag/Unity.TextMeshPro.Editor.ref.dll"
-r:"Library/Bee/artifacts/200b0aE.dag/Unity.TextMeshPro.ref.dll"
-r:"Library/Bee/artifacts/200b0aE.dag/UnityEditor.UI.Analytics.ref.dll"
-r:"Library/Bee/artifacts/200b0aE.dag/UnityEditor.UI.ref.dll"
-r:"Library/Bee/artifacts/200b0aE.dag/UnityEngine.UI.ref.dll"
-analyzer:"/Applications/Unity6000.3.7f1/Unity-6000.3.7f1/Unity.app/Contents/Resources/BuildPipeline/Unity.SourceGenerators/Unity.Properties.SourceGenerator.dll"
-analyzer:"/Applications/Unity6000.3.7f1/Unity-6000.3.7f1/Unity.app/Contents/Resources/BuildPipeline/Unity.SourceGenerators/Unity.SourceGenerators.dll"
-analyzer:"/Applications/Unity6000.3.7f1/Unity-6000.3.7f1/Unity.app/Contents/Resources/BuildPipeline/Unity.SourceGenerators/Unity.UIToolkit.SourceGenerator.dll"
"Assets/AreaBattle/Scripts/BattleArrow.cs"
"Assets/AreaBattle/Scripts/BattleAudio.cs"
"Assets/AreaBattle/Scripts/BattleGuide.cs"
"Assets/AreaBattle/Scripts/BattleHud.cs"
"Assets/AreaBattle/Scripts/BattleLevelCatalog.cs"
"Assets/AreaBattle/Scripts/BattleLoadout.cs"
"Assets/AreaBattle/Scripts/BattleObstacles.cs"
"Assets/AreaBattle/Scripts/BattlePlayerSmoke.cs"
"Assets/AreaBattle/Scripts/BattleProgress.cs"
"Assets/AreaBattle/Scripts/BattlePvP.cs"
"Assets/AreaBattle/Scripts/BattleSimulation.cs"
"Assets/AreaBattle/Scripts/BattleSkillInput.cs"
"Assets/AreaBattle/Scripts/BattleSkillPresentation.cs"
"Assets/AreaBattle/Scripts/BattleSkills.cs"
"Assets/AreaBattle/Scripts/BattleSkillTargetVisuals.cs"
"Assets/AreaBattle/Scripts/BattleView.cs"
"Assets/AreaBattle/Scripts/GameRandomSource.cs"
"Assets/AreaBattle/Scripts/OutgameAccountItemRuntime.cs"
"Assets/AreaBattle/Scripts/OutgameAchievementFactory.cs"
"Assets/AreaBattle/Scripts/OutgameAchievementModels.cs"
"Assets/AreaBattle/Scripts/OutgameAchievementRuntime.cs"
"Assets/AreaBattle/Scripts/OutgameAchievementStrategy.cs"
"Assets/AreaBattle/Scripts/OutgameAchievementTaskView.cs"
"Assets/AreaBattle/Scripts/OutgameActivityBase.cs"
"Assets/AreaBattle/Scripts/OutgameActivityBusinessConfig.cs"
"Assets/AreaBattle/Scripts/OutgameActivityBusinessSchemas.cs"
"Assets/AreaBattle/Scripts/OutgameActivityCodec.cs"
"Assets/AreaBattle/Scripts/OutgameActivityConditions.cs"
"Assets/AreaBattle/Scripts/OutgameActivityConfig.cs"
"Assets/AreaBattle/Scripts/OutgameActivityConfigManager.cs"
"Assets/AreaBattle/Scripts/OutgameActivityConfigReader.cs"
"Assets/AreaBattle/Scripts/OutgameActivityConfigRuntime.cs"
"Assets/AreaBattle/Scripts/OutgameActivityControl.cs"
"Assets/AreaBattle/Scripts/OutgameActivityCountdown.cs"
"Assets/AreaBattle/Scripts/OutgameActivityCustomConfigs.cs"
"Assets/AreaBattle/Scripts/OutgameActivityData.cs"
"Assets/AreaBattle/Scripts/OutgameActivityFactory.cs"
"Assets/AreaBattle/Scripts/OutgameActivityFamily.cs"
"Assets/AreaBattle/Scripts/OutgameActivityManager.cs"
"Assets/AreaBattle/Scripts/OutgameActivityRewardBinding.cs"
"Assets/AreaBattle/Scripts/OutgameActivityRuntime.cs"
"Assets/AreaBattle/Scripts/OutgameActivityStateBase.cs"
"Assets/AreaBattle/Scripts/OutgameActivityStates.cs"
"Assets/AreaBattle/Scripts/OutgameActivityStrategy.cs"
"Assets/AreaBattle/Scripts/OutgameAdAdapterFactory.cs"
"Assets/AreaBattle/Scripts/OutgameAdaptiveBangs.cs"
"Assets/AreaBattle/Scripts/OutgameAdCacheSelection.cs"
"Assets/AreaBattle/Scripts/OutgameAdConfiguration.cs"
"Assets/AreaBattle/Scripts/OutgameAdModuleEntry.cs"
"Assets/AreaBattle/Scripts/OutgameAdNotifications.cs"
"Assets/AreaBattle/Scripts/OutgameAdPlatformList.cs"
"Assets/AreaBattle/Scripts/OutgameAdPriceCache.cs"
"Assets/AreaBattle/Scripts/OutgameAdReadiness.cs"
"Assets/AreaBattle/Scripts/OutgameAdRequestCompletion.cs"
"Assets/AreaBattle/Scripts/OutgameAdRequestQueue.cs"
"Assets/AreaBattle/Scripts/OutgameAdRequestRouter.cs"
"Assets/AreaBattle/Scripts/OutgameAdShowFlow.cs"
"Assets/AreaBattle/Scripts/OutgameAdsVideoFlow.cs"
"Assets/AreaBattle/Scripts/OutgameAdTimeouts.cs"
"Assets/AreaBattle/Scripts/OutgameAiNames.cs"
"Assets/AreaBattle/Scripts/OutgameAssetbundleAsyncLoader.cs"
"Assets/AreaBattle/Scripts/OutgameAssetHandle.cs"
"Assets/AreaBattle/Scripts/OutgameAssetProvider.cs"
"Assets/AreaBattle/Scripts/OutgameAtlasCache.cs"
"Assets/AreaBattle/Scripts/OutgameAtlasLoader.cs"
"Assets/AreaBattle/Scripts/OutgameAudioAction.cs"
"Assets/AreaBattle/Scripts/OutgameAudioControl.cs"
"Assets/AreaBattle/Scripts/OutgameAudioFadeActions.cs"
"Assets/AreaBattle/Scripts/OutgameAudioManager.cs"
"Assets/AreaBattle/Scripts/OutgameAudioNodes.cs"
"Assets/AreaBattle/Scripts/OutgameAudioPlaybackActions.cs"
"Assets/AreaBattle/Scripts/OutgameAudioResources.cs"
"Assets/AreaBattle/Scripts/OutgameAutoCanvasLayer.cs"
"Assets/AreaBattle/Scripts/OutgameBakedAnimator.cs"
"Assets/AreaBattle/Scripts/OutgameBangsAdaptation.cs"
"Assets/AreaBattle/Scripts/OutgameBaseEffect.cs"
"Assets/AreaBattle/Scripts/OutgameBattleControl.cs"
"Assets/AreaBattle/Scripts/OutgameBuffControl.cs"
"Assets/AreaBattle/Scripts/OutgameBundleReferences.cs"
"Assets/AreaBattle/Scripts/OutgameCallbackJson.cs"
"Assets/AreaBattle/Scripts/OutgameCanvasAdaptation.cs"
"Assets/AreaBattle/Scripts/OutgameCanvasAdaptive.cs"
"Assets/AreaBattle/Scripts/OutgameChildTaskOffStrategy.cs"
"Assets/AreaBattle/Scripts/OutgameCleanupLoader.cs"
"Assets/AreaBattle/Scripts/OutgameCommanderActions.cs"
"Assets/AreaBattle/Scripts/OutgameCommanderManager.cs"
"Assets/AreaBattle/Scripts/OutgameCommanderProgression.cs"
"Assets/AreaBattle/Scripts/OutgameCommanderSkillCards.cs"
"Assets/AreaBattle/Scripts/OutgameCommanderView.cs"
"Assets/AreaBattle/Scripts/OutgameCommonMessageDispatcher.cs"
"Assets/AreaBattle/Scripts/OutgameCommonPreLoadHost.cs"
"Assets/AreaBattle/Scripts/OutgameConfigDerivedIndexes.cs"
"Assets/AreaBattle/Scripts/OutgameConfigMaterialCompletion.cs"
"Assets/AreaBattle/Scripts/OutgameConfigOnlineOverrides.cs"
"Assets/AreaBattle/Scripts/OutgameConfigPresentation.cs"
"Assets/AreaBattle/Scripts/OutgameControllerRegistry.cs"
"Assets/AreaBattle/Scripts/OutgameCoreControllerBindings.cs"
"Assets/AreaBattle/Scripts/OutgameCoreModuleStartup.cs"
"Assets/AreaBattle/Scripts/OutgameDailyTaskView.cs"
"Assets/AreaBattle/Scripts/OutgameDataManagerPool.cs"
"Assets/AreaBattle/Scripts/OutgameDataManagerStorage.cs"
"Assets/AreaBattle/Scripts/OutgameDataSaveRegistry.cs"
"Assets/AreaBattle/Scripts/OutgameDataVersionState.cs"
"Assets/AreaBattle/Scripts/OutgameDataVersionStorage.cs"
"Assets/AreaBattle/Scripts/OutgameDynamicList.cs"
"Assets/AreaBattle/Scripts/OutgameDynamicSelection.cs"
"Assets/AreaBattle/Scripts/OutgameEffectCollection.cs"
"Assets/AreaBattle/Scripts/OutgameEffectControl.cs"
"Assets/AreaBattle/Scripts/OutgameEffectModule.cs"
"Assets/AreaBattle/Scripts/OutgameEffectResources.cs"
"Assets/AreaBattle/Scripts/OutgameFestActivityInitialization.cs"
"Assets/AreaBattle/Scripts/OutgameFestActivityState.cs"
"Assets/AreaBattle/Scripts/OutgameFestActManager.cs"
"Assets/AreaBattle/Scripts/OutgameFestCombatBinding.cs"
"Assets/AreaBattle/Scripts/OutgameFestDailyRewardBinding.cs"
"Assets/AreaBattle/Scripts/OutgameFestPageLifecycle.cs"
"Assets/AreaBattle/Scripts/OutgameFestRewardArt.cs"
"Assets/AreaBattle/Scripts/OutgameFestRewardItems.cs"
"Assets/AreaBattle/Scripts/OutgameFestSpecialLevelButtons.cs"
"Assets/AreaBattle/Scripts/OutgameFestSpecialLevelStart.cs"
"Assets/AreaBattle/Scripts/OutgameFileStorageBackend.cs"
"Assets/AreaBattle/Scripts/OutgameFlyCurrencyAssets.cs"
"Assets/AreaBattle/Scripts/OutgameFlyEasing.cs"
"Assets/AreaBattle/Scripts/OutgameFlyEffectIds.cs"
"Assets/AreaBattle/Scripts/OutgameFlyRuntime.cs"
"Assets/AreaBattle/Scripts/OutgameFlyScatter.cs"
"Assets/AreaBattle/Scripts/OutgameFlyToolAnimation.cs"
"Assets/AreaBattle/Scripts/OutgameFlyToolCleanup.cs"
"Assets/AreaBattle/Scripts/OutgameFlyToolCollection.cs"
"Assets/AreaBattle/Scripts/OutgameFlyToolStart.cs"
"Assets/AreaBattle/Scripts/OutgameFlyTweenRunner.cs"
"Assets/AreaBattle/Scripts/OutgameFrameEntry.cs"
"Assets/AreaBattle/Scripts/OutgameFrameLaunch.cs"
"Assets/AreaBattle/Scripts/OutgameFrameWorkMono.cs"
"Assets/AreaBattle/Scripts/OutgameFsm.cs"
"Assets/AreaBattle/Scripts/OutgameFsmState.cs"
"Assets/AreaBattle/Scripts/OutgameGameControl.cs"
"Assets/AreaBattle/Scripts/OutgameGameSceneMono.cs"
"Assets/AreaBattle/Scripts/OutgameGlobalItemIndexes.cs"
"Assets/AreaBattle/Scripts/OutgameGlobalItemLifecycle.cs"
"Assets/AreaBattle/Scripts/OutgameGlobalItemPersistence.cs"
"Assets/AreaBattle/Scripts/OutgameGlobalItemRewards.cs"
"Assets/AreaBattle/Scripts/OutgameGlobalItemSlot.cs"
"Assets/AreaBattle/Scripts/OutgameGuideBookBrowseBinding.cs"
"Assets/AreaBattle/Scripts/OutgameGuideBookControl.cs"
"Assets/AreaBattle/Scripts/OutgameGuideBookItem.cs"
"Assets/AreaBattle/Scripts/OutgameGuideBookListBinding.cs"
"Assets/AreaBattle/Scripts/OutgameGuideBookManager.cs"
"Assets/AreaBattle/Scripts/OutgameGuideBookPage.cs"
"Assets/AreaBattle/Scripts/OutgameGuideBookPopupBinding.cs"
"Assets/AreaBattle/Scripts/OutgameGuideBookRewardBinding.cs"
"Assets/AreaBattle/Scripts/OutgameGuideBookRewards.cs"
"Assets/AreaBattle/Scripts/OutgameGuideBookRuntime.cs"
"Assets/AreaBattle/Scripts/OutgameGuideBookSprites.cs"
"Assets/AreaBattle/Scripts/OutgameHomeScenePresentation.cs"
"Assets/AreaBattle/Scripts/OutgameImportedUiOutlets.cs"
"Assets/AreaBattle/Scripts/OutgameInputManager.cs"
"Assets/AreaBattle/Scripts/OutgameItemBase.cs"
"Assets/AreaBattle/Scripts/OutgameItemConfigManager.cs"
"Assets/AreaBattle/Scripts/OutgameItemFactory.cs"
"Assets/AreaBattle/Scripts/OutgameItemManager.cs"
"Assets/AreaBattle/Scripts/OutgameItemModuleControl.cs"
"Assets/AreaBattle/Scripts/OutgameItemRecords.cs"
"Assets/AreaBattle/Scripts/OutgameItemRuntime.cs"
"Assets/AreaBattle/Scripts/OutgameLegacyAssetLoader.cs"
"Assets/AreaBattle/Scripts/OutgameLegacyAssetOperation.cs"
"Assets/AreaBattle/Scripts/OutgameLegacyBundleAcquisition.cs"
"Assets/AreaBattle/Scripts/OutgameLegacyBundleDependencies.cs"
"Assets/AreaBattle/Scripts/OutgameLegacyBundleManager.cs"
"Assets/AreaBattle/Scripts/OutgameLegacyBundleOperation.cs"
"Assets/AreaBattle/Scripts/OutgameLegacyBundleRegistry.cs"
"Assets/AreaBattle/Scripts/OutgameLegacyBundleResolver.cs"
"Assets/AreaBattle/Scripts/OutgameLegacyBundleReuse.cs"
"Assets/AreaBattle/Scripts/OutgameLegacyBundleRuntime.cs"
"Assets/AreaBattle/Scripts/OutgameLegacyBundleUnload.cs"
"Assets/AreaBattle/Scripts/OutgameLegacyCommanderRepair.cs"
"Assets/AreaBattle/Scripts/OutgameLegacyConfigManager.cs"
"Assets/AreaBattle/Scripts/OutgameLegacyConfigManager.Tables.cs"
"Assets/AreaBattle/Scripts/OutgameLegacyConfigRead.cs"
"Assets/AreaBattle/Scripts/OutgameLegacyDownloadUpdate.cs"
"Assets/AreaBattle/Scripts/OutgameLegacyFirstPack.cs"
"Assets/AreaBattle/Scripts/OutgameLegacyManifestOperation.cs"
"Assets/AreaBattle/Scripts/OutgameLegacyPackageLoad.cs"
"Assets/AreaBattle/Scripts/OutgameLegacyPackListJson.cs"
"Assets/AreaBattle/Scripts/OutgameLegacyPatchManifest.cs"
"Assets/AreaBattle/Scripts/OutgameLegacyPrefabResource.cs"
"Assets/AreaBattle/Scripts/OutgameLegacyResourceInitialization.cs"
"Assets/AreaBattle/Scripts/OutgameLegacyResourceScheduler.cs"
"Assets/AreaBattle/Scripts/OutgameLegacyResourcesMono.cs"
"Assets/AreaBattle/Scripts/OutgameLevelConfigAccess.cs"
"Assets/AreaBattle/Scripts/OutgameLevelConfigAsset.cs"
"Assets/AreaBattle/Scripts/OutgameLevelContinuation.cs"
"Assets/AreaBattle/Scripts/OutgameLevelControl.cs"
"Assets/AreaBattle/Scripts/OutgameLevelEditorConfig.cs"
"Assets/AreaBattle/Scripts/OutgameLevelObjectPools.cs"
"Assets/AreaBattle/Scripts/OutgameLevelPreparedStart.cs"
"Assets/AreaBattle/Scripts/OutgameLevelProgression.cs"
"Assets/AreaBattle/Scripts/OutgameLevelQueries.cs"
"Assets/AreaBattle/Scripts/OutgameLevelResourceState.cs"
"Assets/AreaBattle/Scripts/OutgameLevelStartTransition.cs"
"Assets/AreaBattle/Scripts/OutgameLevelStateBranches.cs"
"Assets/AreaBattle/Scripts/OutgameLimitTaskAccItem.cs"
"Assets/AreaBattle/Scripts/OutgameLimitTaskDayListBinding.cs"
"Assets/AreaBattle/Scripts/OutgameLimitTaskItem.cs"
"Assets/AreaBattle/Scripts/OutgameLimitTaskListBinding.cs"
"Assets/AreaBattle/Scripts/OutgameLimitTaskModels.cs"
"Assets/AreaBattle/Scripts/OutgameLimitTaskPage.cs"
"Assets/AreaBattle/Scripts/OutgameLimitTaskPageItem.cs"
"Assets/AreaBattle/Scripts/OutgameLimitTaskUiItems.cs"
"Assets/AreaBattle/Scripts/OutgameLimitTimeTaskActivity.cs"
"Assets/AreaBattle/Scripts/OutgameLimitTimeTaskFactory.cs"
"Assets/AreaBattle/Scripts/OutgameLimitTimeTaskRuntime.cs"
"Assets/AreaBattle/Scripts/OutgameLivenessPreviewItem.cs"
"Assets/AreaBattle/Scripts/OutgameLoadingPage.cs"
"Assets/AreaBattle/Scripts/OutgameLoadingPageResources.cs"
"Assets/AreaBattle/Scripts/OutgameLoadPrefabControl.cs"
"Assets/AreaBattle/Scripts/OutgameLocalDataControl.cs"
"Assets/AreaBattle/Scripts/OutgameLocalDataManager.cs"
"Assets/AreaBattle/Scripts/OutgameLocalInventory.cs"
"Assets/AreaBattle/Scripts/OutgameLocalization.cs"
"Assets/AreaBattle/Scripts/OutgameLocalRecord.cs"
"Assets/AreaBattle/Scripts/OutgameLogicModule.cs"
"Assets/AreaBattle/Scripts/OutgameLoginDataPlan.cs"
"Assets/AreaBattle/Scripts/OutgameLoginFailure.cs"
"Assets/AreaBattle/Scripts/OutgameLoginSuccess.cs"
"Assets/AreaBattle/Scripts/OutgameLoginSync.cs"
"Assets/AreaBattle/Scripts/OutgameMainConfigStartup.cs"
"Assets/AreaBattle/Scripts/OutgameMainExit.cs"
"Assets/AreaBattle/Scripts/OutgameMainFocus.cs"
"Assets/AreaBattle/Scripts/OutgameMainInfoBinding.cs"
"Assets/AreaBattle/Scripts/OutgameMainLifecycle.cs"
"Assets/AreaBattle/Scripts/OutgameMainPreGameStartup.cs"
"Assets/AreaBattle/Scripts/OutgameMainStartBinding.cs"
"Assets/AreaBattle/Scripts/OutgameManagerRegistrationCatalog.cs"
"Assets/AreaBattle/Scripts/OutgameMenuItems.cs"
"Assets/AreaBattle/Scripts/OutgameMenuNavigation.cs"
"Assets/AreaBattle/Scripts/OutgameMenuPageVisibility.cs"
"Assets/AreaBattle/Scripts/OutgameMenuRedDotBinding.cs"
"Assets/AreaBattle/Scripts/OutgameMenuSceneBinding.cs"
"Assets/AreaBattle/Scripts/OutgameMenuTabPage.cs"
"Assets/AreaBattle/Scripts/OutgameMenuView.cs"
"Assets/AreaBattle/Scripts/OutgameMenuVisibility.cs"
"Assets/AreaBattle/Scripts/OutgameMessageDispatcher.cs"
"Assets/AreaBattle/Scripts/OutgameModelAssets.cs"
"Assets/AreaBattle/Scripts/OutgameModelRoots.cs"
"Assets/AreaBattle/Scripts/OutgameModelRotation.cs"
"Assets/AreaBattle/Scripts/OutgameNormalPool.cs"
"Assets/AreaBattle/Scripts/OutgameNoviceTaskManager.cs"
"Assets/AreaBattle/Scripts/OutgameObjectPool.cs"
"Assets/AreaBattle/Scripts/OutgameObjectPoolManager.cs"
"Assets/AreaBattle/Scripts/OutgameOriginalCommanders.cs"
"Assets/AreaBattle/Scripts/OutgameOriginalConfigSchemas.cs"
"Assets/AreaBattle/Scripts/OutgameOriginalLocalData.cs"
"Assets/AreaBattle/Scripts/OutgamePackageItems.cs"
"Assets/AreaBattle/Scripts/OutgamePiggyBank.cs"
"Assets/AreaBattle/Scripts/OutgamePlayerAnimation.cs"
"Assets/AreaBattle/Scripts/OutgamePlayerControl.cs"
"Assets/AreaBattle/Scripts/OutgamePlayerModels.cs"
"Assets/AreaBattle/Scripts/OutgamePlayerSkinEntities.cs"
"Assets/AreaBattle/Scripts/OutgamePlayStateDispatcher.cs"
"Assets/AreaBattle/Scripts/OutgamePooledPrefab.cs"
"Assets/AreaBattle/Scripts/OutgamePoolEntry.cs"
"Assets/AreaBattle/Scripts/OutgamePrefabCache.cs"
"Assets/AreaBattle/Scripts/OutgamePrefabPoolControl.cs"
"Assets/AreaBattle/Scripts/OutgamePreGameSettings.cs"
"Assets/AreaBattle/Scripts/OutgameProcedureExitGame.cs"
"Assets/AreaBattle/Scripts/OutgameProcedureManager.cs"
"Assets/AreaBattle/Scripts/OutgameProcedurePreLoad.cs"
"Assets/AreaBattle/Scripts/OutgameProcedureStarGame.cs"
"Assets/AreaBattle/Scripts/OutgameProcessControl.cs"
"Assets/AreaBattle/Scripts/OutgameProductConfigProvider.cs"
"Assets/AreaBattle/Scripts/OutgameProductPrices.cs"
"Assets/AreaBattle/Scripts/OutgameProductResets.cs"
"Assets/AreaBattle/Scripts/OutgameProductServices.cs"
"Assets/AreaBattle/Scripts/OutgameProductUpdates.cs"
"Assets/AreaBattle/Scripts/OutgameProfileStore.cs"
"Assets/AreaBattle/Scripts/OutgameProjectShopItem.cs"
"Assets/AreaBattle/Scripts/OutgameProjectShopItemView.cs"
"Assets/AreaBattle/Scripts/OutgameProviderRegistry.cs"
"Assets/AreaBattle/Scripts/OutgameRedDotControl.cs"
"Assets/AreaBattle/Scripts/OutgameRedDotItem.cs"
"Assets/AreaBattle/Scripts/OutgameResourceCleanupPass.cs"
"Assets/AreaBattle/Scripts/OutgameResourcePaths.cs"
"Assets/AreaBattle/Scripts/OutgameResourceUnusedCleanup.cs"
"Assets/AreaBattle/Scripts/OutgameRewardVideo.cs"
"Assets/AreaBattle/Scripts/OutgameRewardVideoControllerHost.cs"
"Assets/AreaBattle/Scripts/OutgameScalarTweenRunner.cs"
"Assets/AreaBattle/Scripts/OutgameSceneEffectAssets.cs"
"Assets/AreaBattle/Scripts/OutgameSceneEffects.cs"
"Assets/AreaBattle/Scripts/OutgameScenePresentation.cs"
"Assets/AreaBattle/Scripts/OutgameSceneSkinActions.cs"
"Assets/AreaBattle/Scripts/OutgameSceneStyle.cs"
"Assets/AreaBattle/Scripts/OutgameSceneTextures.cs"
"Assets/AreaBattle/Scripts/OutgameSdkButtonRegistry.cs"
"Assets/AreaBattle/Scripts/OutgameSdkCapabilityResolver.cs"
"Assets/AreaBattle/Scripts/OutgameSdkFunctionActions.cs"
"Assets/AreaBattle/Scripts/OutgameSdkFunctionInitialization.cs"
"Assets/AreaBattle/Scripts/OutgameSdkFunctionStates.cs"
"Assets/AreaBattle/Scripts/OutgameSdkStringStorage.cs"
"Assets/AreaBattle/Scripts/OutgameSerialAdConfiguration.cs"
"Assets/AreaBattle/Scripts/OutgameSerialAdPreload.cs"
"Assets/AreaBattle/Scripts/OutgameSerialControllerLifecycle.cs"
"Assets/AreaBattle/Scripts/OutgameSerialVideoSession.cs"
"Assets/AreaBattle/Scripts/OutgameServerClock.cs"
"Assets/AreaBattle/Scripts/OutgameServerTimeControl.cs"
"Assets/AreaBattle/Scripts/OutgameSevendayAccPreviewItem.cs"
"Assets/AreaBattle/Scripts/OutgameSevendayActivityControl.cs"
"Assets/AreaBattle/Scripts/OutgameSevendayEntryBinding.cs"
"Assets/AreaBattle/Scripts/OutgameSharedItemSchemas.cs"
"Assets/AreaBattle/Scripts/OutgameShopEquipment.cs"
"Assets/AreaBattle/Scripts/OutgameShopFeedback.cs"
"Assets/AreaBattle/Scripts/OutgameShopLifecycle.cs"
"Assets/AreaBattle/Scripts/OutgameShopMenuBinding.cs"
"Assets/AreaBattle/Scripts/OutgameShopProductList.cs"
"Assets/AreaBattle/Scripts/OutgameShopSkinLists.cs"
"Assets/AreaBattle/Scripts/OutgameShopTabs.cs"
"Assets/AreaBattle/Scripts/OutgameShopVideoBindings.cs"
"Assets/AreaBattle/Scripts/OutgameSkillDescription.cs"
"Assets/AreaBattle/Scripts/OutgameSkinActions.cs"
"Assets/AreaBattle/Scripts/OutgameSkinCatalog.cs"
"Assets/AreaBattle/Scripts/OutgameSkinItemActions.cs"
"Assets/AreaBattle/Scripts/OutgameSkinItemView.cs"
"Assets/AreaBattle/Scripts/OutgameSkinManager.cs"
"Assets/AreaBattle/Scripts/OutgameSkinSprites.cs"
"Assets/AreaBattle/Scripts/OutgameSoldierColor.cs"
"Assets/AreaBattle/Scripts/OutgameStartupEntry.cs"
"Assets/AreaBattle/Scripts/OutgameStatisticsCodec.cs"
"Assets/AreaBattle/Scripts/OutgameStatisticsControl.cs"
"Assets/AreaBattle/Scripts/OutgameStatisticsManager.cs"
"Assets/AreaBattle/Scripts/OutgameStatisticsOffNetStrategy.cs"
"Assets/AreaBattle/Scripts/OutgameStatisticsRecords.cs"
"Assets/AreaBattle/Scripts/OutgameStatisticsRuntime.cs"
"Assets/AreaBattle/Scripts/OutgameStatisticsStrategy.cs"
"Assets/AreaBattle/Scripts/OutgameStoreDataManager.cs"
"Assets/AreaBattle/Scripts/OutgameTabButton.cs"
"Assets/AreaBattle/Scripts/OutgameTabButtonGroup.cs"
"Assets/AreaBattle/Scripts/OutgameTaskActivity.cs"
"Assets/AreaBattle/Scripts/OutgameTaskControl.cs"
"Assets/AreaBattle/Scripts/OutgameTaskEntryBinding.cs"
"Assets/AreaBattle/Scripts/OutgameTaskFactory.cs"
"Assets/AreaBattle/Scripts/OutgameTaskItemFactory.cs"
"Assets/AreaBattle/Scripts/OutgameTaskLivenessBinding.cs"
"Assets/AreaBattle/Scripts/OutgameTaskManager.cs"
"Assets/AreaBattle/Scripts/OutgameTaskModels.cs"
"Assets/AreaBattle/Scripts/OutgameTaskNetStrategy.cs"
"Assets/AreaBattle/Scripts/OutgameTaskPage.cs"
"Assets/AreaBattle/Scripts/OutgameTaskRow.cs"
"Assets/AreaBattle/Scripts/OutgameTaskRuntime.cs"
"Assets/AreaBattle/Scripts/OutgameTaskSubviews.cs"
"Assets/AreaBattle/Scripts/OutgameTimeCountdowns.cs"
"Assets/AreaBattle/Scripts/OutgameTimeModule.cs"
"Assets/AreaBattle/Scripts/OutgameTimeToRefreshControl.cs"
"Assets/AreaBattle/Scripts/OutgameTipBookItem.cs"
"Assets/AreaBattle/Scripts/OutgameToolControl.cs"
"Assets/AreaBattle/Scripts/OutgameToolDispatcher.cs"
"Assets/AreaBattle/Scripts/OutgameTopInfoPage.cs"
"Assets/AreaBattle/Scripts/OutgameUiAnimation.cs"
"Assets/AreaBattle/Scripts/OutgameUiAsyncClose.cs"
"Assets/AreaBattle/Scripts/OutgameUiCanvas.cs"
"Assets/AreaBattle/Scripts/OutgameUiCloseHost.cs"
"Assets/AreaBattle/Scripts/OutgameUiCloseRegistry.cs"
"Assets/AreaBattle/Scripts/OutgameUiControl.cs"
"Assets/AreaBattle/Scripts/OutgameUiLegacyLoader.cs"
"Assets/AreaBattle/Scripts/OutgameUiLifetime.cs"
"Assets/AreaBattle/Scripts/OutgameUiLoadRequest.cs"
"Assets/AreaBattle/Scripts/OutgameUiModernLoader.cs"
"Assets/AreaBattle/Scripts/OutgameUiModuleInitialization.cs"
"Assets/AreaBattle/Scripts/OutgameUiNodes.cs"
"Assets/AreaBattle/Scripts/OutgameUiObjectInitialization.cs"
"Assets/AreaBattle/Scripts/OutgameUiOpenHost.cs"
"Assets/AreaBattle/Scripts/OutgameUiOpenLifecycle.cs"
"Assets/AreaBattle/Scripts/OutgameUiOpenRegistry.cs"
"Assets/AreaBattle/Scripts/OutgameUiPage.cs"
"Assets/AreaBattle/Scripts/OutgameUiPointerClick.cs"
"Assets/AreaBattle/Scripts/OutgameUiResourceLists.cs"
"Assets/AreaBattle/Scripts/OutgameUiRootInitialization.cs"
"Assets/AreaBattle/Scripts/OutgameUnityAwait.cs"
"Assets/AreaBattle/Scripts/OutgameUnityAwaitRunner.cs"
"Assets/AreaBattle/Scripts/OutgameUpdateManager.cs"
"Assets/AreaBattle/Scripts/OutgameUserInfoControl.cs"
"Assets/AreaBattle/Scripts/OutgameUserInfoManager.cs"
"Assets/AreaBattle/Scripts/OutgameUserInfoRuntime.cs"
"Assets/AreaBattle/Scripts/OutgameUserPreferences.cs"
"Assets/AreaBattle/Scripts/OutgameVideoButton.cs"
"Assets/AreaBattle/Scripts/OutgameVideoButtonCompletion.cs"
"Assets/AreaBattle/Scripts/OutgameVideoButtonManager.cs"
"Assets/AreaBattle/Scripts/OutgameVideoClick.cs"
"Assets/AreaBattle/Scripts/OutgameVideoController.cs"
"Assets/AreaBattle/Scripts/OutgameVideoMapping.cs"
"Assets/AreaBattle/Scripts/OutgameVirtualItems.cs"
"Assets/AreaBattle/Scripts/OutgameWebGlFileStorage.cs"
"Assets/AreaBattle/Scripts/OutgameWxPreferenceSession.cs"
"Assets/AreaBattle/Scripts/OutgameWxVideoAdapter.cs"
"Assets/AreaBattle/Scripts/OutgameWxVideoLoading.cs"
"Assets/AreaBattle/Scripts/OutgameWxVideoPresentation.cs"
"Assets/AreaBattle/Scripts/OutgameXyxVideoBridge.cs"
"Assets/AreaBattle/Scripts/RecoveredBossProjectilePool.cs"
"Assets/AreaBattle/Scripts/RecoveredBossVisual.cs"
"Assets/AreaBattle/Scripts/RecoveredEffectVisual.cs"
"Assets/AreaBattle/Scripts/RecoveredGestureVisuals.cs"
"Assets/AreaBattle/Scripts/RecoveredGuidePresentation.cs"
"Assets/AreaBattle/Scripts/RecoveredObstacleVisual.cs"
"Assets/AreaBattle/Scripts/RecoveredSoldierVisual.cs"
"Assets/AreaBattle/Scripts/RecoveredSpriteEffect.cs"
"Assets/AreaBattle/Scripts/RecoveredUiAnimation.cs"
"Assets/AreaBattle/Scripts/RecoveredWayLineVisual.cs"
"Assets/AreaBattle/ThirdParty/Spine41/spine-unity/Asset Types/AnimationReferenceAsset.cs"
"Assets/AreaBattle/ThirdParty/Spine41/spine-unity/Asset Types/AtlasAssetBase.cs"
"Assets/AreaBattle/ThirdParty/Spine41/spine-unity/Asset Types/BlendModeMaterials.cs"
"Assets/AreaBattle/ThirdParty/Spine41/spine-unity/Asset Types/EventDataReferenceAsset.cs"
"Assets/AreaBattle/ThirdParty/Spine41/spine-unity/Asset Types/OnDemandTextureLoader.cs"
"Assets/AreaBattle/ThirdParty/Spine41/spine-unity/Asset Types/RegionlessAttachmentLoader.cs"
"Assets/AreaBattle/ThirdParty/Spine41/spine-unity/Asset Types/SkeletonDataAsset.cs"
"Assets/AreaBattle/ThirdParty/Spine41/spine-unity/Asset Types/SkeletonDataCompatibility.cs"
"Assets/AreaBattle/ThirdParty/Spine41/spine-unity/Asset Types/SkeletonDataModifierAsset.cs"
"Assets/AreaBattle/ThirdParty/Spine41/spine-unity/Asset Types/SpineAtlasAsset.cs"
"Assets/AreaBattle/ThirdParty/Spine41/spine-unity/Asset Types/SpineSpriteAtlasAsset.cs"
"Assets/AreaBattle/ThirdParty/Spine41/spine-unity/Components/EditorSkeletonPlayer.cs"
"Assets/AreaBattle/ThirdParty/Spine41/spine-unity/Components/Following/BoneFollower.cs"
"Assets/AreaBattle/ThirdParty/Spine41/spine-unity/Components/Following/BoneFollowerGraphic.cs"
"Assets/AreaBattle/ThirdParty/Spine41/spine-unity/Components/Following/BoundingBoxFollower.cs"
"Assets/AreaBattle/ThirdParty/Spine41/spine-unity/Components/Following/BoundingBoxFollowerGraphic.cs"
"Assets/AreaBattle/ThirdParty/Spine41/spine-unity/Components/Following/PointFollower.cs"
"Assets/AreaBattle/ThirdParty/Spine41/spine-unity/Components/Internal/SkeletonSubmeshGraphic.cs"
"Assets/AreaBattle/ThirdParty/Spine41/spine-unity/Components/RootMotion/SkeletonMecanimRootMotion.cs"
"Assets/AreaBattle/ThirdParty/Spine41/spine-unity/Components/RootMotion/SkeletonRootMotion.cs"
"Assets/AreaBattle/ThirdParty/Spine41/spine-unity/Components/RootMotion/SkeletonRootMotionBase.cs"
"Assets/AreaBattle/ThirdParty/Spine41/spine-unity/Components/SkeletonAnimation.cs"
"Assets/AreaBattle/ThirdParty/Spine41/spine-unity/Components/SkeletonGraphic.cs"
"Assets/AreaBattle/ThirdParty/Spine41/spine-unity/Components/SkeletonMecanim.cs"
"Assets/AreaBattle/ThirdParty/Spine41/spine-unity/Components/SkeletonRenderer.cs"
"Assets/AreaBattle/ThirdParty/Spine41/spine-unity/Components/SkeletonRendererCustomMaterials/SkeletonGraphicCustomMaterials.cs"
"Assets/AreaBattle/ThirdParty/Spine41/spine-unity/Components/SkeletonRendererCustomMaterials/SkeletonRendererCustomMaterials.cs"
"Assets/AreaBattle/ThirdParty/Spine41/spine-unity/Components/SkeletonRenderSeparator/SkeletonPartsRenderer.cs"
"Assets/AreaBattle/ThirdParty/Spine41/spine-unity/Components/SkeletonRenderSeparator/SkeletonRenderSeparator.cs"
"Assets/AreaBattle/ThirdParty/Spine41/spine-unity/Components/SkeletonUtility/ActivateBasedOnFlipDirection.cs"
"Assets/AreaBattle/ThirdParty/Spine41/spine-unity/Components/SkeletonUtility/FollowLocationRigidbody.cs"
"Assets/AreaBattle/ThirdParty/Spine41/spine-unity/Components/SkeletonUtility/FollowLocationRigidbody2D.cs"
"Assets/AreaBattle/ThirdParty/Spine41/spine-unity/Components/SkeletonUtility/FollowSkeletonUtilityRootRotation.cs"
"Assets/AreaBattle/ThirdParty/Spine41/spine-unity/Components/SkeletonUtility/SkeletonUtility.cs"
"Assets/AreaBattle/ThirdParty/Spine41/spine-unity/Components/SkeletonUtility/SkeletonUtilityBone.cs"
"Assets/AreaBattle/ThirdParty/Spine41/spine-unity/Components/SkeletonUtility/SkeletonUtilityConstraint.cs"
"Assets/AreaBattle/ThirdParty/Spine41/spine-unity/ISkeletonAnimation.cs"
"Assets/AreaBattle/ThirdParty/Spine41/spine-unity/Mesh Generation/DoubleBuffered.cs"
"Assets/AreaBattle/ThirdParty/Spine41/spine-unity/Mesh Generation/MeshGenerator.cs"
"Assets/AreaBattle/ThirdParty/Spine41/spine-unity/Mesh Generation/MeshRendererBuffers.cs"
"Assets/AreaBattle/ThirdParty/Spine41/spine-unity/Mesh Generation/SkeletonRendererInstruction.cs"
"Assets/AreaBattle/ThirdParty/Spine41/spine-unity/Mesh Generation/SpineMesh.cs"
"Assets/AreaBattle/ThirdParty/Spine41/spine-unity/Modules/TK2D/SpriteCollectionAttachmentLoader.cs"
"Assets/AreaBattle/ThirdParty/Spine41/spine-unity/SkeletonDataModifierAssets/BlendModeMaterials/BlendModeMaterialsAsset.cs"
"Assets/AreaBattle/ThirdParty/Spine41/spine-unity/SpineAttributes.cs"
"Assets/AreaBattle/ThirdParty/Spine41/spine-unity/Utility/AtlasUtilities.cs"
"Assets/AreaBattle/ThirdParty/Spine41/spine-unity/Utility/AttachmentCloneExtensions.cs"
"Assets/AreaBattle/ThirdParty/Spine41/spine-unity/Utility/AttachmentRegionExtensions.cs"
"Assets/AreaBattle/ThirdParty/Spine41/spine-unity/Utility/BuildUtilities.cs"
"Assets/AreaBattle/ThirdParty/Spine41/spine-unity/Utility/MaterialChecks.cs"
"Assets/AreaBattle/ThirdParty/Spine41/spine-unity/Utility/MathUtilities.cs"
"Assets/AreaBattle/ThirdParty/Spine41/spine-unity/Utility/SettingsTriState.cs"
"Assets/AreaBattle/ThirdParty/Spine41/spine-unity/Utility/SkeletonExtensions.cs"
"Assets/AreaBattle/ThirdParty/Spine41/spine-unity/Utility/TimelineExtensions.cs"
"Assets/AreaBattle/ThirdParty/Spine41/spine-unity/Utility/YieldInstructions/WaitForSpineAnimation.cs"
"Assets/AreaBattle/ThirdParty/Spine41/spine-unity/Utility/YieldInstructions/WaitForSpineAnimationComplete.cs"
"Assets/AreaBattle/ThirdParty/Spine41/spine-unity/Utility/YieldInstructions/WaitForSpineAnimationEnd.cs"
"Assets/AreaBattle/ThirdParty/Spine41/spine-unity/Utility/YieldInstructions/WaitForSpineEvent.cs"
"Assets/AreaBattle/ThirdParty/Spine41/spine-unity/Utility/YieldInstructions/WaitForSpineTrackEntryEnd.cs"
-langversion:9.0
/deterministic
/optimize+
/debug:portable
/nologo
/RuntimeMetadataVersion:v4.0.30319
/nowarn:0169
/nowarn:0649
/nowarn:0282
/nowarn:1701
/nowarn:1702
/utf8output
/preferreduilang:en-US
/additionalfile:"Library/Bee/artifacts/200b0aE.dag/Assembly-CSharp.UnityAdditionalFile.txt"
##### Custom Environment Variables
DOTNET_MULTILEVEL_LOOKUP=0
##### ExitCode
1
##### Output
Assets/AreaBattle/Scripts/OutgameObjectPoolManager.cs(12,25): error CS0101: The namespace 'AreaBattle' already contains a definition for 'OutgameFrameworkException'
Assets/AreaBattle/Scripts/OutgameFlyRuntime.cs(10,59): warning CS0108: 'OutgameFlyRuntime.animation' hides inherited member 'Component.animation'. Use the new keyword if hiding was intended.
Assets/AreaBattle/Scripts/OutgameObjectPoolManager.cs(13,13): error CS0111: Type 'OutgameFrameworkException' already defines a member called 'OutgameFrameworkException' with the same parameter types
*** Tundra build failed (0.48 seconds), 3 items updated, 244 evaluated
## Script Compilation Error for: Csc Library/Bee/artifacts/200b0aE.dag/Assembly-CSharp.dll (+2 others)
## CmdLine: "/Applications/Unity6000.3.7f1/Unity-6000.3.7f1/Unity.app/Contents/Resources/Scripting/NetCoreRuntime/dotnet" exec "/Applications/Unity6000.3.7f1/Unity-6000.3.7f1/Unity.app/Contents/Resources/Scripting/DotNetSdkRoslyn/csc.dll" /nostdlib /noconfig /shared "@Library/Bee/artifacts/200b0aE.dag/Assembly-CSharp.rsp" "@Library/Bee/artifacts/200b0aE.dag/Assembly-CSharp.rsp2"
## Output:
Assets/AreaBattle/Scripts/OutgameObjectPoolManager.cs(12,25): error CS0101: The namespace 'AreaBattle' already contains a definition for 'OutgameFrameworkException'
Assets/AreaBattle/Scripts/OutgameFlyRuntime.cs(10,59): warning CS0108: 'OutgameFlyRuntime.animation' hides inherited member 'Component.animation'. Use the new keyword if hiding was intended.
Assets/AreaBattle/Scripts/OutgameObjectPoolManager.cs(13,13): error CS0111: Type 'OutgameFrameworkException' already defines a member called 'OutgameFrameworkException' with the same parameter types

Assets/AreaBattle/Scripts/OutgameObjectPoolManager.cs(12,25): error CS0101: The namespace 'AreaBattle' already contains a definition for 'OutgameFrameworkException'
Assets/AreaBattle/Scripts/OutgameFlyRuntime.cs(10,59): warning CS0108: 'OutgameFlyRuntime.animation' hides inherited member 'Component.animation'. Use the new keyword if hiding was intended.
Assets/AreaBattle/Scripts/OutgameObjectPoolManager.cs(13,13): error CS0111: Type 'OutgameFrameworkException' already defines a member called 'OutgameFrameworkException' with the same parameter types
AssetDatabase: script compilation time: 3.566986s
Scripts have compiler errors.
[Package Manager] Server process was shutdown
[40m[32minfo[39m[22m[49m: Microsoft.Hosting.Lifetime[0]
      Application is shutting down...
