{
  "rootCount": 21,
  "closureCount": 166,
  "newBytes": 2162637,
  "items": [
    {
      "name": "animation/effect/hdzd_eff_bianfu.anim.unity3d",
      "status": "verified",
      "acquisition": "new-snapshot",
      "error": null
    },
    {
      "name": "effect/scene/hdzd_eff_wyys01.prefab.unity3d",
      "status": "verified",
      "acquisition": "new-snapshot",
      "error": null
    },
    {
      "name": "effect/scene/hdzd_eff_wyys02.prefab.unity3d",
      "status": "verified",
      "acquisition": "new-snapshot",
      "error": null
    },
    {
      "name": "effect/scene/hdzd_eff_wyys03.prefab.unity3d",
      "status": "verified",
      "acquisition": "new-snapshot",
      "error": null
    },
    {
      "name": "effect/scene/hdzd_eff_wyys04.prefab.unity3d",
      "status": "verified",
      "acquisition": "new-snapshot",
      "error": null
    },
    {
      "name": "effect/scene/hdzd_eff_wyys05.prefab.unity3d",
      "status": "verified",
      "acquisition": "new-snapshot",
      "error": null
    },
    {
      "name": "effect/scene/hdzd_eff_zhg03_01.prefab.unity3d",
      "status": "verified",
      "acquisition": "new-snapshot",
      "error": null
    },
    {
      "name": "effect/scene/hdzd_eff_zhg03_02.prefab.unity3d",
      "status": "verified",
      "acquisition": "new-snapshot",
      "error": null
    },
    {
      "name": "effect/scene/hdzd_eff_zhg03_03_1.prefab.unity3d",
      "status": "verified",
      "acquisition": "new-snapshot",
      "error": null
    },
    {
      "name": "effect/scene/hdzd_eff_zhg03_03_2.prefab.unity3d",
      "status": "verified",
      "acquisition": "new-snapshot",
      "error": null
    },
    {
      "name": "effect/scene/hdzd_eff_zhg04_01.prefab.unity3d",
      "status": "verified",
      "acquisition": "new-snapshot",
      "error": null
    },
    {
      "name": "effect/scene/hdzd_eff_zhg04_02.prefab.unity3d",
      "status": "verified",
      "acquisition": "new-snapshot",
      "error": null
    },
    {
      "name": "effect/scene/hdzd_eff_zhg04_03.prefab.unity3d",
      "status": "verified",
      "acquisition": "new-snapshot",
      "error": null
    },
    {
      "name": "effect/scene/hdzd_eff_zhg04_03_2.prefab.unity3d",
      "status": "verified",
      "acquisition": "new-snapshot",
      "error": null
    },
    {
      "name": "effect/scene/hdzd_eff_zzdd01.prefab.unity3d",
      "status": "verified",
      "acquisition": "new-snapshot",
      "error": null
    },
    {
      "name": "effect/scene/hdzd_eff_zzdd02.prefab.unity3d",
      "status": "verified",
      "acquisition": "new-snapshot",
      "error": null
    },
    {
      "name": "effect/scene/hdzd_eff_zzdd03a.prefab.unity3d",
      "status": "verified",
      "acquisition": "new-snapshot",
      "error": null
    },
    {
      "name": "effect/scene/hdzd_eff_zzdd03b.prefab.unity3d",
      "status": "verified",
      "acquisition": "new-snapshot",
      "error": null
    },
    {
      "name": "effect/scene/hdzd_effect_wy_blast.prefab.unity3d",
      "status": "verified",
      "acquisition": "new-snapshot",
      "error": null
    },
    {
      "name": "effect/scene/hdzd_effect_wy_fire.prefab.unity3d",
      "status": "verified",
      "acquisition": "new-snapshot",
      "error": null
    },
    {
      "name": "effect/scene/hdzd_effect_wy_lightning.prefab.unity3d",
      "status": "verified",
      "acquisition": "new-snapshot",
      "error": null
    },
    {
      "name": "effect/scene/hdzd_effect_wy_restore.prefab.unity3d",
      "status": "verified",
      "acquisition": "new-snapshot",
      "error": null
    },
    {
      "name": "firstpack.unity3d",
      "status": "verified",
      "acquisition": "existing-local",
      "error": null
    },
    {
      "name": "materials/effect/circle_additive.mat.unity3d",
      "status": "verified",
      "acquisition": "new-snapshot",
      "error": null
    },
    {
      "name": "materials/effect/evil_spirit2.mat.unity3d",
      "status": "verified",
      "acquisition": "new-snapshot",
      "error": null
    },
    {
      "name": "materials/effect/hczd_eff_diamodglow03.mat.unity3d",
      "status": "verified",
      "acquisition": "existing-local",
      "error": null
    },
    {
      "name": "materials/effect/hczzq_eff_fzjl014.mat.unity3d",
      "status": "verified",
      "acquisition": "new-snapshot",
      "error": null
    },
    {
      "name": "materials/effect/hczzq_eff_zznh014.mat.unity3d",
      "status": "verified",
      "acquisition": "new-snapshot",
      "error": null
    },
    {
      "name": "materials/effect/hdzd_arrow 1.mat.unity3d",
      "status": "verified",
      "acquisition": "new-snapshot",
      "error": null
    },
    {
      "name": "materials/effect/hdzd_arrow.mat.unity3d",
      "status": "verified",
      "acquisition": "new-snapshot",
      "error": null
    },
    {
      "name": "materials/effect/hdzd_eff_lizi_05.mat.unity3d",
      "status": "verified",
      "acquisition": "existing-local",
      "error": null
    },
    {
      "name": "materials/effect/hdzd_effect_06.mat.unity3d",
      "status": "verified",
      "acquisition": "new-snapshot",
      "error": null
    },
    {
      "name": "materials/effect/hdzd_effect_07.mat.unity3d",
      "status": "verified",
      "acquisition": "new-snapshot",
      "error": null
    },
    {
      "name": "materials/effect/hdzd_effect_08.mat.unity3d",
      "status": "verified",
      "acquisition": "new-snapshot",
      "error": null
    },
    {
      "name": "materials/effect/hdzd_effect_09.mat.unity3d",
      "status": "verified",
      "acquisition": "new-snapshot",
      "error": null
    },
    {
      "name": "materials/effect/hdzd_effect_16.mat.unity3d",
      "status": "verified",
      "acquisition": "new-snapshot",
      "error": null
    },
    {
      "name": "materials/effect/hdzd_effect_17.mat.unity3d",
      "status": "verified",
      "acquisition": "new-snapshot",
      "error": null
    },
    {
      "name": "materials/effect/hdzd_effect_18.mat.unity3d",
      "status": "verified",
      "acquisition": "new-snapshot",
      "error": null
    },
    {
      "name": "materials/effect/hdzd_effect_19.mat.unity3d",
      "status": "verified",
      "acquisition": "new-snapshot",
      "error": null
    },
    {
      "name": "materials/effect/hdzd_effect_21.mat.unity3d",
      "status": "verified",
      "acquisition": "new-snapshot",
      "error": null
    },
    {
      "name": "materials/effect/hdzd_effect_23.mat.unity3d",
      "status": "verified",
      "acquisition": "new-snapshot",
      "error": null
    },
    {
      "name": "materials/effect/hdzd_effect_24.mat.unity3d",
      "status": "verified",
      "acquisition": "new-snapshot",
      "error": null
    },
    {
      "name": "materials/effect/hdzd_effect_25.mat.unity3d",
      "status": "verified",
      "acquisition": "new-snapshot",
      "error": null
    },
    {
      "name": "materials/effect/hdzd_effect_26.mat.unity3d",
      "status": "verified",
      "acquisition": "new-snapshot",
      "error": null
    },
    {
      "name": "materials/effect/hdzd_effect_33.mat.unity3d",
      "status": "verified",
      "acquisition": "new-snapshot",
      "error": null
    },
    {
      "name": "materials/effect/hdzd_effect_34.mat.unity3d",
      "status": "verified",
      "acquisition": "new-snapshot",
      "error": null
    },
    {
      "name": "materials/effect/hdzd_effect_40.mat.unity3d",
      "status": "verified",
      "acquisition": "new-snapshot",
      "error": null
    },
    {
      "name": "materials/effect/hdzd_effect_41.mat.unity3d",
      "status": "verified",
      "acquisition": "new-snapshot",
      "error": null
    },
    {
      "name": "materials/effect/hdzd_effect_42.mat.unity3d",
      "status": "verified",
      "acquisition": "new-snapshot",
      "error": null
    },
    {
      "name": "materials/effect/hdzd_effect_44.mat.unity3d",
      "status": "verified",
      "acquisition": "new-snapshot",
      "error": null
    },
    {
      "name": "materials/effect/hdzd_effect_45.mat.unity3d",
      "status": "verified",
      "acquisition": "new-snapshot",
      "error": null
    },
    {
      "name": "materials/effect/hdzd_effect_46.mat.unity3d",
      "status": "verified",
      "acquisition": "new-snapshot",
      "error": null
    },
    {
      "name": "materials/effect/hdzd_effect_47.mat.unity3d",
      "status": "verified",
      "acquisition": "new-snapshot",
      "error": null
    },
    {
      "name": "materials/effect/hdzd_effect_49.mat.unity3d",
      "status": "verified",
      "acquisition": "new-snapshot",
      "error": null
    },
    {
      "name": "materials/effect/hdzd_effect_50.mat.unity3d",
      "status": "verified",
      "acquisition": "new-snapshot",
      "error": null
    },
    {
      "name": "materials/effect/hdzd_effect_52.mat.unity3d",
      "status": "verified",
      "acquisition": "new-snapshot",
      "error": null
    },
    {
      "name": "materials/effect/hdzd_effect_53.mat.unity3d",
      "status": "verified",
      "acquisition": "new-snapshot",
      "error": null
    },
    {
      "name": "materials/effect/hdzd_effect_58.mat.unity3d",
      "status": "verified",
      "acquisition": "new-snapshot",
      "error": null
    },
    {
      "name": "materials/effect/hdzd_effect_boss01_10.mat.unity3d",
      "status": "verified",
      "acquisition": "new-snapshot",
      "error": null
    },
    {
      "name": "materials/effect/hdzd_effect_boss01_11.mat.unity3d",
      "status": "verified",
      "acquisition": "new-snapshot",
      "error": null
    },
    {
      "name": "materials/effect/hdzd_effect_boss01_12.mat.unity3d",
      "status": "verified",
      "acquisition": "new-snapshot",
      "error": null
    },
    {
      "name": "materials/effect/hdzd_effect_boss01_14.mat.unity3d",
      "status": "verified",
      "acquisition": "new-snapshot",
      "error": null
    },
    {
      "name": "materials/effect/hdzd_effect_boss01_15.mat.unity3d",
      "status": "verified",
      "acquisition": "new-snapshot",
      "error": null
    },
    {
      "name": "materials/effect/hdzd_effect_boss03_04.mat.unity3d",
      "status": "verified",
      "acquisition": "new-snapshot",
      "error": null
    },
    {
      "name": "materials/effect/hdzd_effect_boss05_12.mat.unity3d",
      "status": "verified",
      "acquisition": "new-snapshot",
      "error": null
    },
    {
      "name": "materials/effect/hdzd_effect_fscc_03.mat.unity3d",
      "status": "verified",
      "acquisition": "new-snapshot",
      "error": null
    },
    {
      "name": "materials/effect/hdzd_effect_hardball.mat.unity3d",
      "status": "verified",
      "acquisition": "new-snapshot",
      "error": null
    },
    {
      "name": "materials/effect/hdzd_effect_hszz001.mat.unity3d",
      "status": "verified",
      "acquisition": "new-snapshot",
      "error": null
    },
    {
      "name": "materials/effect/hdzd_effect_huixue.mat.unity3d",
      "status": "verified",
      "acquisition": "new-snapshot",
      "error": null
    },
    {
      "name": "materials/effect/hdzd_effect_quan.mat.unity3d",
      "status": "verified",
      "acquisition": "new-snapshot",
      "error": null
    },
    {
      "name": "materials/effect/hdzd_effect_wy_008.mat.unity3d",
      "status": "verified",
      "acquisition": "new-snapshot",
      "error": null
    },
    {
      "name": "materials/effect/hdzd_effect_wy_009.mat.unity3d",
      "status": "verified",
      "acquisition": "new-snapshot",
      "error": null
    },
    {
      "name": "materials/effect/hdzd_effect_wy_010.mat.unity3d",
      "status": "verified",
      "acquisition": "new-snapshot",
      "error": null
    },
    {
      "name": "materials/effect/hdzd_effect_wy_011.mat.unity3d",
      "status": "verified",
      "acquisition": "new-snapshot",
      "error": null
    },
    {
      "name": "materials/effect/hdzd_effect_wy_013.mat.unity3d",
      "status": "verified",
      "acquisition": "new-snapshot",
      "error": null
    },
    {
      "name": "materials/effect/hdzd_effect_wy_014.mat.unity3d",
      "status": "verified",
      "acquisition": "new-snapshot",
      "error": null
    },
    {
      "name": "materials/effect/hdzd_effect_wy_015.mat.unity3d",
      "status": "verified",
      "acquisition": "new-snapshot",
      "error": null
    },
    {
      "name": "materials/effect/hdzd_effect_wy_016.mat.unity3d",
      "status": "verified",
      "acquisition": "new-snapshot",
      "error": null
    },
    {
      "name": "materials/effect/hdzd_effect_wy_017.mat.unity3d",
      "status": "verified",
      "acquisition": "new-snapshot",
      "error": null
    },
    {
      "name": "materials/effect/hdzd_effect_wy_022.mat.unity3d",
      "status": "verified",
      "acquisition": "new-snapshot",
      "error": null
    },
    {
      "name": "materials/effect/hdzd_effect_wy_023.mat.unity3d",
      "status": "verified",
      "acquisition": "new-snapshot",
      "error": null
    },
    {
      "name": "materials/effect/hdzd_effect_wy_024.mat.unity3d",
      "status": "verified",
      "acquisition": "new-snapshot",
      "error": null
    },
    {
      "name": "materials/effect/hdzd_effect_xt_021.mat.unity3d",
      "status": "verified",
      "acquisition": "new-snapshot",
      "error": null
    },
    {
      "name": "materials/effect/hdzd_effect_xt_029.mat.unity3d",
      "status": "verified",
      "acquisition": "new-snapshot",
      "error": null
    },
    {
      "name": "materials/effect/hdzd_effect_xt_030.mat.unity3d",
      "status": "verified",
      "acquisition": "new-snapshot",
      "error": null
    },
    {
      "name": "materials/effect/hdzd_effect_yuanzhu.mat.unity3d",
      "status": "verified",
      "acquisition": "new-snapshot",
      "error": null
    },
    {
      "name": "materials/effect/hdzd_effect_zhg_tail 1.mat.unity3d",
      "status": "verified",
      "acquisition": "new-snapshot",
      "error": null
    },
    {
      "name": "materials/effect/hdzd_effect_zhg_tail.mat.unity3d",
      "status": "verified",
      "acquisition": "new-snapshot",
      "error": null
    },
    {
      "name": "materials/effect/lightray2.mat.unity3d",
      "status": "verified",
      "acquisition": "new-snapshot",
      "error": null
    },
    {
      "name": "materials/effect/magic_line.mat.unity3d",
      "status": "verified",
      "acquisition": "new-snapshot",
      "error": null
    },
    {
      "name": "materials/effect/magic_orb.mat.unity3d",
      "status": "verified",
      "acquisition": "new-snapshot",
      "error": null
    },
    {
      "name": "materials/effect/portal_glow_add.mat.unity3d",
      "status": "verified",
      "acquisition": "new-snapshot",
      "error": null
    },
    {
      "name": "materials/effect/ring (additive).mat.unity3d",
      "status": "verified",
      "acquisition": "new-snapshot",
      "error": null
    },
    {
      "name": "materials/effect/sparkle_add.mat.unity3d",
      "status": "verified",
      "acquisition": "new-snapshot",
      "error": null
    },
    {
      "name": "materials/effect/xqzd_effect_weiyan_02.mat.unity3d",
      "status": "verified",
      "acquisition": "new-snapshot",
      "error": null
    },
    {
      "name": "model/effct/effect_cylinder_001.fbx.unity3d",
      "status": "verified",
      "acquisition": "new-snapshot",
      "error": null
    },
    {
      "name": "model/effct/hd_zhg_bianfu.fbx.unity3d",
      "status": "verified",
      "acquisition": "new-snapshot",
      "error": null
    },
    {
      "name": "model/effct/materials/lambert1.mat.unity3d",
      "status": "verified",
      "acquisition": "new-snapshot",
      "error": null
    },
    {
      "name": "model/effect/hczzq_eff_model04.fbx.unity3d",
      "status": "verified",
      "acquisition": "new-snapshot",
      "error": null
    },
    {
      "name": "pack2.unity3d",
      "status": "verified",
      "acquisition": "existing-local",
      "error": null
    },
    {
      "name": "shader/effect/alpha blend uv.shader.unity3d",
      "status": "verified",
      "acquisition": "new-snapshot",
      "error": null
    },
    {
      "name": "shader/effect/alpha blend.shader.unity3d",
      "status": "verified",
      "acquisition": "new-snapshot",
      "error": null
    },
    {
      "name": "textures/effect/evil_spirit2.png.unity3d",
      "status": "verified",
      "acquisition": "new-snapshot",
      "error": null
    },
    {
      "name": "textures/effect/hczzq_eff_fzjl014.png.unity3d",
      "status": "verified",
      "acquisition": "new-snapshot",
      "error": null
    },
    {
      "name": "textures/effect/hczzq_eff_fzjl07.png.unity3d",
      "status": "verified",
      "acquisition": "new-snapshot",
      "error": null
    },
    {
      "name": "textures/effect/hdzd_arrow.png.unity3d",
      "status": "verified",
      "acquisition": "new-snapshot",
      "error": null
    },
    {
      "name": "textures/effect/hdzd_arrow_eff01.png.unity3d",
      "status": "verified",
      "acquisition": "new-snapshot",
      "error": null
    },
    {
      "name": "textures/effect/hdzd_arrow_eff02.png.unity3d",
      "status": "verified",
      "acquisition": "new-snapshot",
      "error": null
    },
    {
      "name": "textures/effect/hdzd_eff_caidai_01.png.unity3d",
      "status": "verified",
      "acquisition": "existing-local",
      "error": null
    },
    {
      "name": "textures/effect/hdzd_eff_diamond03.png.unity3d",
      "status": "verified",
      "acquisition": "existing-local",
      "error": null
    },
    {
      "name": "textures/effect/hdzd_eff_lizi_06.png.unity3d",
      "status": "verified",
      "acquisition": "existing-local",
      "error": null
    },
    {
      "name": "textures/effect/hdzd_effect_07.png.unity3d",
      "status": "verified",
      "acquisition": "new-snapshot",
      "error": null
    },
    {
      "name": "textures/effect/hdzd_effect_08.png.unity3d",
      "status": "verified",
      "acquisition": "new-snapshot",
      "error": null
    },
    {
      "name": "textures/effect/hdzd_effect_09.png.unity3d",
      "status": "verified",
      "acquisition": "new-snapshot",
      "error": null
    },
    {
      "name": "textures/effect/hdzd_effect_16.png.unity3d",
      "status": "verified",
      "acquisition": "new-snapshot",
      "error": null
    },
    {
      "name": "textures/effect/hdzd_effect_21.png.unity3d",
      "status": "verified",
      "acquisition": "new-snapshot",
      "error": null
    },
    {
      "name": "textures/effect/hdzd_effect_23.png.unity3d",
      "status": "verified",
      "acquisition": "new-snapshot",
      "error": null
    },
    {
      "name": "textures/effect/hdzd_effect_25.png.unity3d",
      "status": "verified",
      "acquisition": "new-snapshot",
      "error": null
    },
    {
      "name": "textures/effect/hdzd_effect_26.png.unity3d",
      "status": "verified",
      "acquisition": "new-snapshot",
      "error": null
    },
    {
      "name": "textures/effect/hdzd_effect_26a.png.unity3d",
      "status": "verified",
      "acquisition": "new-snapshot",
      "error": null
    },
    {
      "name": "textures/effect/hdzd_effect_33.png.unity3d",
      "status": "verified",
      "acquisition": "new-snapshot",
      "error": null
    },
    {
      "name": "textures/effect/hdzd_effect_34.png.unity3d",
      "status": "verified",
      "acquisition": "new-snapshot",
      "error": null
    },
    {
      "name": "textures/effect/hdzd_effect_40.png.unity3d",
      "status": "verified",
      "acquisition": "new-snapshot",
      "error": null
    },
    {
      "name": "textures/effect/hdzd_effect_41.png.unity3d",
      "status": "verified",
      "acquisition": "new-snapshot",
      "error": null
    },
    {
      "name": "textures/effect/hdzd_effect_44.png.unity3d",
      "status": "verified",
      "acquisition": "new-snapshot",
      "error": null
    },
    {
      "name": "textures/effect/hdzd_effect_45.png.unity3d",
      "status": "verified",
      "acquisition": "new-snapshot",
      "error": null
    },
    {
      "name": "textures/effect/hdzd_effect_46.png.unity3d",
      "status": "verified",
      "acquisition": "new-snapshot",
      "error": null
    },
    {
      "name": "textures/effect/hdzd_effect_49.png.unity3d",
      "status": "verified",
      "acquisition": "new-snapshot",
      "error": null
    },
    {
      "name": "textures/effect/hdzd_effect_50.png.unity3d",
      "status": "verified",
      "acquisition": "new-snapshot",
      "error": null
    },
    {
      "name": "textures/effect/hdzd_effect_53.png.unity3d",
      "status": "verified",
      "acquisition": "new-snapshot",
      "error": null
    },
    {
      "name": "textures/effect/hdzd_effect_58.png.unity3d",
      "status": "verified",
      "acquisition": "new-snapshot",
      "error": null
    },
    {
      "name": "textures/effect/hdzd_effect_boss01_11.png.unity3d",
      "status": "verified",
      "acquisition": "new-snapshot",
      "error": null
    },
    {
      "name": "textures/effect/hdzd_effect_boss01_14.png.unity3d",
      "status": "verified",
      "acquisition": "new-snapshot",
      "error": null
    },
    {
      "name": "textures/effect/hdzd_effect_boss02_10.png.unity3d",
      "status": "verified",
      "acquisition": "new-snapshot",
      "error": null
    },
    {
      "name": "textures/effect/hdzd_effect_boss05_02.png.unity3d",
      "status": "verified",
      "acquisition": "new-snapshot",
      "error": null
    },
    {
      "name": "textures/effect/hdzd_effect_boss05_03.png.unity3d",
      "status": "verified",
      "acquisition": "new-snapshot",
      "error": null
    },
    {
      "name": "textures/effect/hdzd_effect_boss05_11.png.unity3d",
      "status": "verified",
      "acquisition": "new-snapshot",
      "error": null
    },
    {
      "name": "textures/effect/hdzd_effect_fscc_03.png.unity3d",
      "status": "verified",
      "acquisition": "new-snapshot",
      "error": null
    },
    {
      "name": "textures/effect/hdzd_effect_glow01.png.unity3d",
      "status": "verified",
      "acquisition": "new-snapshot",
      "error": null
    },
    {
      "name": "textures/effect/hdzd_effect_hardball.psd.unity3d",
      "status": "verified",
      "acquisition": "new-snapshot",
      "error": null
    },
    {
      "name": "textures/effect/hdzd_effect_hszz013.png.unity3d",
      "status": "verified",
      "acquisition": "new-snapshot",
      "error": null
    },
    {
      "name": "textures/effect/hdzd_effect_huixue.png.unity3d",
      "status": "verified",
      "acquisition": "new-snapshot",
      "error": null
    },
    {
      "name": "textures/effect/hdzd_effect_lightning01.png.unity3d",
      "status": "verified",
      "acquisition": "new-snapshot",
      "error": null
    },
    {
      "name": "textures/effect/hdzd_effect_lightning04.png.unity3d",
      "status": "verified",
      "acquisition": "new-snapshot",
      "error": null
    },
    {
      "name": "textures/effect/hdzd_effect_lightning07.png.unity3d",
      "status": "verified",
      "acquisition": "new-snapshot",
      "error": null
    },
    {
      "name": "textures/effect/hdzd_effect_quan.png.unity3d",
      "status": "verified",
      "acquisition": "new-snapshot",
      "error": null
    },
    {
      "name": "textures/effect/hdzd_effect_wy_008.png.unity3d",
      "status": "verified",
      "acquisition": "new-snapshot",
      "error": null
    },
    {
      "name": "textures/effect/hdzd_effect_wy_013.png.unity3d",
      "status": "verified",
      "acquisition": "new-snapshot",
      "error": null
    },
    {
      "name": "textures/effect/hdzd_effect_wy_015.png.unity3d",
      "status": "verified",
      "acquisition": "new-snapshot",
      "error": null
    },
    {
      "name": "textures/effect/hdzd_effect_wy_016.png.unity3d",
      "status": "verified",
      "acquisition": "new-snapshot",
      "error": null
    },
    {
      "name": "textures/effect/hdzd_effect_wy_017.png.unity3d",
      "status": "verified",
      "acquisition": "new-snapshot",
      "error": null
    },
    {
      "name": "textures/effect/hdzd_effect_wy_022.png.unity3d",
      "status": "verified",
      "acquisition": "new-snapshot",
      "error": null
    },
    {
      "name": "textures/effect/hdzd_effect_wy_023.png.unity3d",
      "status": "verified",
      "acquisition": "new-snapshot",
      "error": null
    },
    {
      "name": "textures/effect/hdzd_effect_wy_024.png.unity3d",
      "status": "verified",
      "acquisition": "new-snapshot",
      "error": null
    },
    {
      "name": "textures/effect/hdzd_effect_xt_013.png.unity3d",
      "status": "verified",
      "acquisition": "new-snapshot",
      "error": null
    },
    {
      "name": "textures/effect/hdzd_effect_xt_016.png.unity3d",
      "status": "verified",
      "acquisition": "new-snapshot",
      "error": null
    },
    {
      "name": "textures/effect/hdzd_effect_xt_031.png.unity3d",
      "status": "verified",
      "acquisition": "new-snapshot",
      "error": null
    },
    {
      "name": "textures/effect/hdzd_effect_yuanzhu.png.unity3d",
      "status": "verified",
      "acquisition": "new-snapshot",
      "error": null
    },
    {
      "name": "textures/effect/lightray2.png.unity3d",
      "status": "verified",
      "acquisition": "new-snapshot",
      "error": null
    },
    {
      "name": "textures/effect/magic_line.png.unity3d",
      "status": "verified",
      "acquisition": "new-snapshot",
      "error": null
    },
    {
      "name": "textures/effect/magic_orb.png.unity3d",
      "status": "verified",
      "acquisition": "new-snapshot",
      "error": null
    },
    {
      "name": "textures/effect/noise.png.unity3d",
      "status": "verified",
      "acquisition": "new-snapshot",
      "error": null
    },
    {
      "name": "textures/effect/portal_glow.png.unity3d",
      "status": "verified",
      "acquisition": "new-snapshot",
      "error": null
    },
    {
      "name": "textures/effect/sparkle.png.unity3d",
      "status": "verified",
      "acquisition": "new-snapshot",
      "error": null
    },
    {
      "name": "textures/effect/xqzd_effect_huanse.png.unity3d",
      "status": "verified",
      "acquisition": "existing-local",
      "error": null
    },
    {
      "name": "textures/effect/xqzd_effect_weiyan_02.png.unity3d",
      "status": "verified",
      "acquisition": "new-snapshot",
      "error": null
    }
  ]
}
