Unity Editor version:    6000.3.7f1 (696ec25a53d1)
Branch:                  6000.3/staging
Build type:              Release
Batch mode:              YES
macOS version:           Version 26.3.1 (a) (Build 25D771280a)
Darwin version:          25.3.0
Architecture:            arm64
Running under Rosetta:   NO
Available memory:        32768 MB
Date:                    2026-10-03T12:24:18Z
[Licensing::Module] Trying to connect to existing licensing client channel...
[Licensing::IpcConnector] Successfully connected to: "LicenseClient-mt" at "2026-10-03T12:24:18.829456Z"
Launching external process: /Applications/Unity6000.3.7f1/Unity-6000.3.7f1/Unity.app/Contents/Resources/PackageManager/Server/UnityPackageManager

COMMAND LINE ARGUMENTS:
/Applications/Unity6000.3.7f1/Unity-6000.3.7f1/Unity.app/Contents/MacOS/Unity
-batchmode
-quit
-projectPath
/private/tmp/areabattle-validation-20261003/UnityProject
-executeMethod
AreaBattle.EditorTools.RecoveredHudImporter.ImportTaskPanelBatch
-logFile
/private/tmp/areabattle-validation-20261003/analysis/task-panel-import.log
Successfully changed project path to: /private/tmp/areabattle-validation-20261003/UnityProject
/private/tmp/areabattle-validation-20261003/UnityProject
[UnityMemory] Configuration Parameters - Can be set up in boot.config
    "memorysetup-allocator-temp-initial-block-size-main=262144"
    "memorysetup-allocator-temp-initial-block-size-worker=262144"
    "memorysetup-temp-allocator-size-background-worker=32768"
    "memorysetup-temp-allocator-size-job-worker=262144"
    "memorysetup-temp-allocator-size-preload-manager=33554432"
    "memorysetup-temp-allocator-size-nav-mesh-worker=65536"
    "memorysetup-temp-allocator-size-audio-worker=65536"
    "memorysetup-temp-allocator-size-cloud-worker=32768"
    "memorysetup-bucket-allocator-granularity=16"
    "memorysetup-bucket-allocator-bucket-count=8"
    "memorysetup-bucket-allocator-block-size=33554432"
    "memorysetup-bucket-allocator-block-count=8"
    "memorysetup-main-allocator-block-size=16777216"
    "memorysetup-thread-allocator-block-size=16777216"
    "memorysetup-gfx-main-allocator-block-size=16777216"
    "memorysetup-gfx-thread-allocator-block-size=16777216"
    "memorysetup-cache-allocator-block-size=4194304"
    "memorysetup-typetree-allocator-block-size=2097152"
    "memorysetup-profiler-bucket-allocator-granularity=16"
    "memorysetup-profiler-bucket-allocator-bucket-count=8"
    "memorysetup-profiler-bucket-allocator-block-size=33554432"
    "memorysetup-profiler-bucket-allocator-block-count=8"
    "memorysetup-profiler-allocator-block-size=16777216"
    "memorysetup-profiler-editor-allocator-block-size=1048576"
    "memorysetup-temp-allocator-size-main=16777216"
    "memorysetup-job-temp-allocator-block-size=2097152"
    "memorysetup-job-temp-allocator-block-size-background=1048576"
    "memorysetup-job-temp-allocator-reduction-small-platforms=262144"
    "memorysetup-temp-allocator-size-gi-baking-worker=262144"
    "memorysetup-temp-allocator-size-gi-baking-worker=262144"
    "memorysetup-temp-allocator-size-gi-baking-worker=262144"
    "memorysetup-temp-allocator-size-gi-baking-worker=262144"
    "memorysetup-temp-allocator-size-gi-baking-worker=262144"
    "memorysetup-temp-allocator-size-gfx=262144"
Player connection [8506192128]  Target information:

Player connection [8506192128]  * "[IP] 192.168.0.136 [Port] 55506 [Flags] 2 [Guid] 3565147884 [EditorId] 3565147884 [Version] 1048832 [Id] OSXEditor(0,mtdeMacBook-Pro.local) [Debug] 1 [PackageName] OSXEditor [ProjectName] Editor" 

Player connection [8506192128]  * "[IP] 172.16.224.144 [Port] 55506 [Flags] 2 [Guid] 3565147884 [EditorId] 3565147884 [Version] 1048832 [Id] OSXEditor(0,mtdeMacBook-Pro.local) [Debug] 1 [PackageName] OSXEditor [ProjectName] Editor" 

Player connection [8506192128] Host joined multi-casting on [225.0.0.222:54997]...
Player connection [8506192128] Host joined alternative multi-casting on [225.0.0.222:34997]...
Input System module state changed to: Initialized.
[Physics::Module] Initialized fallback backend.
[Physics::Module] Id: 0xdecafbad
[Package Manager] Connected to IPC stream "Upm-9348" after 0.1 seconds.
[Licensing::Module] Licensing is not yet initialized.
[Licensing::Client] Code 0 while verifying Licensing Client signature (process Id: 75619, path: "/Applications/Unity6000.3.7f1/Unity-6000.3.7f1/Unity.app/Contents/Helpers/UnityLicensingClient.app/Contents/MacOS/Unity.Licensing.Client")
[Licensing::Module] LicensingClient has failed validation; ignoring
[Licensing::Client] Handshaking with LicensingClient:
  Version:                 1.17.4+4293ba1
  Session Id:              64264fed09cb413daf9c0ecd0cb544be
  Correlation Id:          5590b3a76bba764bac1a831184dbb7b5
  External correlation Id: 2508654746389919535
  Machine Id:              TkagbQsjfXQmspsXe7+0nD9Nk6Q=
[Licensing::Module] Successfully connected to LicensingClient on channel: "LicenseClient-mt" (connect: 0.00s, validation: 0.00s, handshake: 0.30s)
[Licensing::IpcConnector] Successfully connected to: "LicenseClient-mt-notifications" at "2026-10-03T12:24:19.130843Z"
[Licensing::Module] Error: Access token is unavailable; failed to update
[Licensing::Client] Successfully resolved entitlement details
[Licensing::Module] License group:
  Id: 00-0000-0000-0000-0000-XXXX
  Product: Unity Pro
  Type: ULF
  Expiration: Unlimited
[Licensing::Client] Successfully updated license, isAsync: True, time: 0.00
[Licensing::Client] Successfully resolved entitlement details
[Licensing::Module] Licensing Background thread has ended after 0.31s
[Licensing::Module] Licensing is initialized (took 0.06s).
[Licensing::Client] Successfully resolved entitlement details
Library Redirect Path: Library/
[Physics::Module] Selected backend.
[Physics::Module] Name: PhysX
[Physics::Module] Id: 0xf2b8ea05
[Physics::Module] SDK Version: 4.1.2
[Physics::Module] Integration Version: 1.0.0
[Physics::Module] Threading Mode: Multi-Threaded
Refreshing native plugins compatible for Editor in 0.00 ms, found 0 plugins.
Preloading 0 native plugins for Editor in 0.00 ms.
Initialize engine version: 6000.3.7f1 (696ec25a53d1)
[Subsystems] Discovering subsystems at path /Applications/Unity6000.3.7f1/Unity-6000.3.7f1/Unity.app/Contents/Resources/UnitySubsystems
[Subsystems] Discovering subsystems at path /private/tmp/areabattle-validation-20261003/UnityProject/Assets
GfxDevice: creating device client; kGfxThreadingModeNonThreaded
 preferred device: Apple M2 Pro (high power)
Metal devices available: 1
0: Apple M2 Pro (high power)
Using device Apple M2 Pro (high power)
Initializing Metal device caps: Apple M2 Pro
Mac GPU Family: 2
Apple GPU Family: 8
MSL Version: 3.0
Has Float MSAA: 1
Has Float Filtering: 1
ReadWrite Texture Tier: 2
Initialize mono
Mono path[0] = '/Applications/Unity6000.3.7f1/Unity-6000.3.7f1/Unity.app/Contents/Resources/Scripting/Managed'
Mono path[1] = '/Applications/Unity6000.3.7f1/Unity-6000.3.7f1/Unity.app/Contents/Resources/Scripting/MonoBleedingEdge/lib/mono/unityjit-macos'
Mono config path = '/Applications/Unity6000.3.7f1/Unity-6000.3.7f1/Unity.app/Contents/Resources/Scripting/MonoBleedingEdge/etc'
Using monoOptions --debugger-agent=transport=dt_socket,embedding=1,server=y,suspend=n,address=127.0.0.1:56348
Using cacheserver namespaces - metadata:defaultmetadata, artifacts:defaultartifacts
Using cacheserver namespaces - metadata:defaultmetadata, artifacts:defaultartifacts
ImportWorker Server TCP listen port: 0
AcceleratorClientConnectionCallback - disconnected - :0
Begin MonoManager ReloadAssembly
Registering precompiled unity dll's ...
Register platform support module: /Applications/Unity6000.3.7f1/Unity-6000.3.7f1/Unity.app/Contents/PlaybackEngines/MacStandaloneSupport/UnityEditor.OSXStandalone.Extensions.dll
[Licensing::Client] Successfully resolved entitlement details
Register platform support module: /Applications/Unity6000.3.7f1/Unity-6000.3.7f1/PlaybackEngines/AndroidPlayer/UnityEditor.Android.Extensions.dll
[Licensing::Client] Successfully resolved entitlement details
Register platform support module: /Applications/Unity6000.3.7f1/Unity-6000.3.7f1/PlaybackEngines/iOSSupport/UnityEditor.iOS.Extensions.dll
Registered in 0.006266 seconds.
- Loaded All Assemblies, in  0.314 seconds
[usbmuxd] Start listen thread
[usbmuxd] Listen thread started
[usbmuxd] Send listen message
Native extension for iOS target not found
Native extension for Android target not found
Native extension for OSXStandalone target not found
ScheduleIndexationOnStartup MainProcess:False IndexOnStartup:False
Mono: successfully reloaded assembly
- Finished resetting the current domain, in  0.315 seconds
Domain Reload Profiling: 630ms
	BeginReloadAssembly (125ms)
		ExecutionOrderSort (0ms)
		DisableScriptedObjects (0ms)
		BackupInstance (0ms)
		ReleaseScriptingObjects (0ms)
		CreateAndSetChildDomain (13ms)
	RebuildCommonClasses (24ms)
	RebuildNativeTypeToScriptingClass (9ms)
	initialDomainReloadingComplete (31ms)
	LoadAllAssembliesAndSetupDomain (125ms)
		LoadAssemblies (115ms)
		RebuildTransferFunctionScriptingTraits (0ms)
		AnalyzeDomain (121ms)
			TypeCache.Refresh (120ms)
				TypeCache.ScanAssembly (110ms)
			BuildScriptInfoCaches (0ms)
			ResolveRequiredComponents (0ms)
	FinalizeReload (315ms)
		ReleaseScriptCaches (0ms)
		RebuildScriptCaches (0ms)
		SetupLoadedEditorAssemblies (289ms)
			LogAssemblyErrors (0ms)
			InitializePlatformSupportModulesInManaged (77ms)
			SetLoadedEditorAssemblies (3ms)
			BeforeProcessingInitializeOnLoad (58ms)
			ProcessInitializeOnLoadAttributes (91ms)
			ProcessInitializeOnLoadMethodAttributes (59ms)
			AfterProcessingInitializeOnLoad (0ms)
			EditorAssembliesLoaded (0ms)
		ExecutionOrderSort2 (0ms)
		AwakeInstancesAfterBackupRestoration (0ms)
[Licensing::Client] Successfully resolved entitlement details
Application.AssetDatabase Initial Refresh Start
Package Manager log level set to [2]
[Package Manager] Restoring resolved packages state from cache
[Licensing::Client] Successfully resolved entitlement details
[Package Manager] Registered 38 packages:
  Built-in packages:
    com.unity.multiplayer.center@1.0.1 (location: /private/tmp/areabattle-validation-20261003/UnityProject/Library/PackageCache/com.unity.multiplayer.center@f01f4ba8d00a)
    com.unity.ugui@2.0.0 (location: /private/tmp/areabattle-validation-20261003/UnityProject/Library/PackageCache/com.unity.ugui@11343a6274f3)
    com.unity.modules.accessibility@1.0.0 (location: /private/tmp/areabattle-validation-20261003/UnityProject/Library/PackageCache/com.unity.modules.accessibility)
    com.unity.modules.adaptiveperformance@1.0.0 (location: /private/tmp/areabattle-validation-20261003/UnityProject/Library/PackageCache/com.unity.modules.adaptiveperformance)
    com.unity.modules.ai@1.0.0 (location: /private/tmp/areabattle-validation-20261003/UnityProject/Library/PackageCache/com.unity.modules.ai)
    com.unity.modules.androidjni@1.0.0 (location: /private/tmp/areabattle-validation-20261003/UnityProject/Library/PackageCache/com.unity.modules.androidjni)
    com.unity.modules.animation@1.0.0 (location: /private/tmp/areabattle-validation-20261003/UnityProject/Library/PackageCache/com.unity.modules.animation)
    com.unity.modules.assetbundle@1.0.0 (location: /private/tmp/areabattle-validation-20261003/UnityProject/Library/PackageCache/com.unity.modules.assetbundle)
    com.unity.modules.audio@1.0.0 (location: /private/tmp/areabattle-validation-20261003/UnityProject/Library/PackageCache/com.unity.modules.audio)
    com.unity.modules.cloth@1.0.0 (location: /private/tmp/areabattle-validation-20261003/UnityProject/Library/PackageCache/com.unity.modules.cloth)
    com.unity.modules.director@1.0.0 (location: /private/tmp/areabattle-validation-20261003/UnityProject/Library/PackageCache/com.unity.modules.director)
    com.unity.modules.imageconversion@1.0.0 (location: /private/tmp/areabattle-validation-20261003/UnityProject/Library/PackageCache/com.unity.modules.imageconversion)
    com.unity.modules.imgui@1.0.0 (location: /private/tmp/areabattle-validation-20261003/UnityProject/Library/PackageCache/com.unity.modules.imgui)
    com.unity.modules.jsonserialize@1.0.0 (location: /private/tmp/areabattle-validation-20261003/UnityProject/Library/PackageCache/com.unity.modules.jsonserialize)
    com.unity.modules.particlesystem@1.0.0 (location: /private/tmp/areabattle-validation-20261003/UnityProject/Library/PackageCache/com.unity.modules.particlesystem)
    com.unity.modules.physics@1.0.0 (location: /private/tmp/areabattle-validation-20261003/UnityProject/Library/PackageCache/com.unity.modules.physics)
    com.unity.modules.physics2d@1.0.0 (location: /private/tmp/areabattle-validation-20261003/UnityProject/Library/PackageCache/com.unity.modules.physics2d)
    com.unity.modules.screencapture@1.0.0 (location: /private/tmp/areabattle-validation-20261003/UnityProject/Library/PackageCache/com.unity.modules.screencapture)
    com.unity.modules.terrain@1.0.0 (location: /private/tmp/areabattle-validation-20261003/UnityProject/Library/PackageCache/com.unity.modules.terrain)
    com.unity.modules.terrainphysics@1.0.0 (location: /private/tmp/areabattle-validation-20261003/UnityProject/Library/PackageCache/com.unity.modules.terrainphysics)
    com.unity.modules.tilemap@1.0.0 (location: /private/tmp/areabattle-validation-20261003/UnityProject/Library/PackageCache/com.unity.modules.tilemap)
    com.unity.modules.ui@1.0.0 (location: /private/tmp/areabattle-validation-20261003/UnityProject/Library/PackageCache/com.unity.modules.ui)
    com.unity.modules.uielements@1.0.0 (location: /private/tmp/areabattle-validation-20261003/UnityProject/Library/PackageCache/com.unity.modules.uielements)
    com.unity.modules.umbra@1.0.0 (location: /private/tmp/areabattle-validation-20261003/UnityProject/Library/PackageCache/com.unity.modules.umbra)
    com.unity.modules.unityanalytics@1.0.0 (location: /private/tmp/areabattle-validation-20261003/UnityProject/Library/PackageCache/com.unity.modules.unityanalytics)
    com.unity.modules.unitywebrequest@1.0.0 (location: /private/tmp/areabattle-validation-20261003/UnityProject/Library/PackageCache/com.unity.modules.unitywebrequest)
    com.unity.modules.unitywebrequestassetbundle@1.0.0 (location: /private/tmp/areabattle-validation-20261003/UnityProject/Library/PackageCache/com.unity.modules.unitywebrequestassetbundle)
    com.unity.modules.unitywebrequestaudio@1.0.0 (location: /private/tmp/areabattle-validation-20261003/UnityProject/Library/PackageCache/com.unity.modules.unitywebrequestaudio)
    com.unity.modules.unitywebrequesttexture@1.0.0 (location: /private/tmp/areabattle-validation-20261003/UnityProject/Library/PackageCache/com.unity.modules.unitywebrequesttexture)
    com.unity.modules.unitywebrequestwww@1.0.0 (location: /private/tmp/areabattle-validation-20261003/UnityProject/Library/PackageCache/com.unity.modules.unitywebrequestwww)
    com.unity.modules.vectorgraphics@1.0.0 (location: /private/tmp/areabattle-validation-20261003/UnityProject/Library/PackageCache/com.unity.modules.vectorgraphics)
    com.unity.modules.vehicles@1.0.0 (location: /private/tmp/areabattle-validation-20261003/UnityProject/Library/PackageCache/com.unity.modules.vehicles)
    com.unity.modules.video@1.0.0 (location: /private/tmp/areabattle-validation-20261003/UnityProject/Library/PackageCache/com.unity.modules.video)
    com.unity.modules.vr@1.0.0 (location: /private/tmp/areabattle-validation-20261003/UnityProject/Library/PackageCache/com.unity.modules.vr)
    com.unity.modules.wind@1.0.0 (location: /private/tmp/areabattle-validation-20261003/UnityProject/Library/PackageCache/com.unity.modules.wind)
    com.unity.modules.xr@1.0.0 (location: /private/tmp/areabattle-validation-20261003/UnityProject/Library/PackageCache/com.unity.modules.xr)
    com.unity.modules.subsystems@1.0.0 (location: /private/tmp/areabattle-validation-20261003/UnityProject/Library/PackageCache/com.unity.modules.subsystems)
    com.unity.modules.hierarchycore@1.0.0 (location: /private/tmp/areabattle-validation-20261003/UnityProject/Library/PackageCache/com.unity.modules.hierarchycore)
[Subsystems] No new subsystems found in resolved package list.
[Package Manager] Done registering packages in 0.01 seconds
[ScriptCompilation] Requested script compilation because: Assetdatabase observed changes in script compilation related files
[40m[32minfo[39m[22m[49m: Microsoft.Hosting.Lifetime[14]
      Now listening on: http://unix:/tmp/ilpp.sock-b4295128722492fe3148b2072c065e13
[40m[32minfo[39m[22m[49m: Microsoft.Hosting.Lifetime[0]
      Application started. Press Ctrl+C to shut down.
[40m[32minfo[39m[22m[49m: Microsoft.Hosting.Lifetime[0]
      Hosting environment: Production
[40m[32minfo[39m[22m[49m: Microsoft.Hosting.Lifetime[0]
      Content root path: /private/tmp/areabattle-validation-20261003/UnityProject/
[40m[32minfo[39m[22m[49m: Microsoft.AspNetCore.Hosting.Diagnostics[1]
      Request starting HTTP/2 POST http://ilpp/UnityILPP.PostProcessing/Ping application/grpc -
[40m[32minfo[39m[22m[49m: Microsoft.AspNetCore.Routing.EndpointMiddleware[0]
      Executing endpoint 'gRPC - /UnityILPP.PostProcessing/Ping'
[40m[32minfo[39m[22m[49m: Microsoft.AspNetCore.Routing.EndpointMiddleware[1]
      Executed endpoint 'gRPC - /UnityILPP.PostProcessing/Ping'
[40m[32minfo[39m[22m[49m: Microsoft.AspNetCore.Hosting.Diagnostics[2]
      Request finished HTTP/2 POST http://ilpp/UnityILPP.PostProcessing/Ping application/grpc - - 200 - application/grpc 24.2152ms
Starting: /Applications/Unity6000.3.7f1/Unity-6000.3.7f1/Unity.app/Contents/Resources/BuildPipeline/bee_backend --ipc --defer-dag-verification --dagfile="Library/Bee/200b0aE.dag" --continue-on-failure --profile="Library/Bee/backend1.traceevents" ScriptAssemblies
WorkingDir: /private/tmp/areabattle-validation-20261003/UnityProject
DisplayProgressbar: Compiling Scripts
ExitCode: 4 Duration: 3s417ms
Rebuilding DAG because FileSignature timestamp changed: Library/Bee/200b0aE-inputdata.json
[241/244    3s] Csc Library/Bee/artifacts/200b0aE.dag/Assembly-CSharp-Editor.dll (+2 others)
Assets/AreaBattle/Editor/OutgameAudioNodeValidation.cs(18,34): warning CS0108: 'OutgameAudioNodeValidation.Fixture.GetType' hides inherited member 'object.GetType()'. Use the new keyword if hiding was intended.
Assets/AreaBattle/Editor/OutgameUpdateManagerPlayModeValidation.cs(14,117): warning CS0414: The field 'OutgameUpdateManagerPlayModeValidation.driveActions' is assigned but its value is never used
*** Tundra requires additional run (3.39 seconds), 1 items updated, 240 evaluated
Starting: /Applications/Unity6000.3.7f1/Unity-6000.3.7f1/Unity.app/Contents/Resources/Scripting/netcorerun/netcorerun "/Applications/Unity6000.3.7f1/Unity-6000.3.7f1/Unity.app/Contents/Resources/BuildPipeline/ScriptCompilationBuildProgram.exe" "Library/Bee/200b0aE.dag.json" "Library/Bee/200b0aE-inputdata.json" "Library/Bee/buildprogram0.traceevents"
WorkingDir: /private/tmp/areabattle-validation-20261003/UnityProject
ExitCode: 0 Duration: 0s452ms
Starting: /Applications/Unity6000.3.7f1/Unity-6000.3.7f1/Unity.app/Contents/Resources/BuildPipeline/bee_backend --ipc --defer-dag-verification --dagfile="Library/Bee/200b0aE.dag" --continue-on-failure --dagfilejson="Library/Bee/200b0aE.dag.json" --profile="Library/Bee/backend2.traceevents" ScriptAssemblies
WorkingDir: /private/tmp/areabattle-validation-20261003/UnityProject
ExitCode: 0 Duration: 0s58ms
Finished compiling graph: 247 nodes, 2320 flattened edges (2184 ToBuild, 22 ToUse), maximum node priority 123
[242/244    0s] CopyFiles Library/ScriptAssemblies/Assembly-CSharp-Editor.pdb
[243/244    0s] CopyFiles Library/ScriptAssemblies/Assembly-CSharp-Editor.dll
*** Tundra build success (0.04 seconds), 2 items updated, 244 evaluated
AssetDatabase: script compilation time: 4.322242s
Begin MonoManager ReloadAssembly
- Loaded All Assemblies, in  0.378 seconds
Refreshing native plugins compatible for Editor in 0.01 ms, found 0 plugins.
Native extension for iOS target not found
Native extension for Android target not found
Native extension for OSXStandalone target not found
ScheduleIndexationOnStartup MainProcess:True IndexOnStartup:True
Mono: successfully reloaded assembly
- Finished resetting the current domain, in  0.298 seconds
Domain Reload Profiling: 677ms
	BeginReloadAssembly (281ms)
		ExecutionOrderSort (0ms)
		DisableScriptedObjects (34ms)
		BackupInstance (0ms)
		ReleaseScriptingObjects (0ms)
		CreateAndSetChildDomain (151ms)
	RebuildCommonClasses (24ms)
	RebuildNativeTypeToScriptingClass (9ms)
	initialDomainReloadingComplete (10ms)
	LoadAllAssembliesAndSetupDomain (53ms)
		LoadAssemblies (84ms)
		RebuildTransferFunctionScriptingTraits (0ms)
		AnalyzeDomain (38ms)
			TypeCache.Refresh (30ms)
				TypeCache.ScanAssembly (23ms)
			BuildScriptInfoCaches (4ms)
			ResolveRequiredComponents (2ms)
	FinalizeReload (298ms)
		ReleaseScriptCaches (0ms)
		RebuildScriptCaches (0ms)
		SetupLoadedEditorAssemblies (204ms)
			LogAssemblyErrors (0ms)
			InitializePlatformSupportModulesInManaged (27ms)
			SetLoadedEditorAssemblies (2ms)
			BeforeProcessingInitializeOnLoad (85ms)
			ProcessInitializeOnLoadAttributes (68ms)
			ProcessInitializeOnLoadMethodAttributes (21ms)
			AfterProcessingInitializeOnLoad (1ms)
			EditorAssembliesLoaded (0ms)
		ExecutionOrderSort2 (0ms)
		AwakeInstancesAfterBackupRestoration (3ms)
Refreshing native plugins compatible for Editor in 0.00 ms, found 0 plugins.
Preloading 0 native plugins for Editor in 0.00 ms.
Asset Pipeline Refresh (id=ce5f6eb9fadcd4a1083bede0961db43d): Total: 5.268 seconds - Initiated by InitialRefreshV2(ForceSynchronousImport)
	Summary:
		Imports: total=0 (actual=0, local cache=0, cache server=0)
		Asset DB Process Time: managed=0 ms, native=493 ms
		Asset DB Callback time: managed=54 ms, native=12 ms
		Scripting: domain reloads=1, domain reload time=378 ms, compile time=4324 ms, other=4 ms
		Project Asset Count: scripts=376, non-scripts=2292
		Asset File Changes: new=0, changed=1, moved=0, deleted=0
		Scan Filter Count: 1
	InvokeCustomDependenciesCallbacks: 0.001ms
	InvokePackagesCallback: 11.304ms
	ApplyChangesToAssetFolders: 0.147ms
	Scan: 121.541ms
	OnSourceAssetsModified: 0.486ms
	CategorizeAssetsWithTransientArtifact: 2.627ms
	ProcessAssetsWithTransientArtifactChanges: 8.668ms
	CategorizeAssets: 21.117ms
	ImportOutOfDateAssets: 299.872ms (-4024.485ms without children)
		CompileScripts: 4323.723ms
		ReloadNativeAssets: 0.000ms
		UnloadImportedAssets: 0.186ms
		EnsureUptoDateAssetsAreRegisteredWithGuidPM: 0.240ms
		InitializingProgressBar: 0.000ms
		PostProcessAllAssetNotificationsAddChangedAssets: 0.000ms
		OnDemandSchedulerStart: 0.208ms
	PostProcessAllAssets: 54.971ms
	Hotreload: 1.325ms
	GatherAllCurrentPrimaryArtifactRevisions: 0.000ms
	UnloadStreamsBegin: 0.515ms
	PersistCurrentRevisions: 0.065ms
	UnloadStreamsEnd: 0.000ms
	GenerateScriptTypeHashes: 0.826ms
	Untracked: 4744.877ms

Application.AssetDatabase Initial Refresh End
Launching external process: /Applications/Unity6000.3.7f1/Unity-6000.3.7f1/Unity.app/Contents/Helpers/UnityShaderCompiler
Launched and connected shader compiler UnityShaderCompiler after 0.03 seconds
Scanning for USB devices : 0.039ms
Initializing Unity extensions:
[MODES] ModeService[none].Initialize
[MODES] ModeService[none].LoadModes
[MODES] Loading mode Default (0) for mode-current-id-AreaBattle
2026-10-03 20:24:25.541 Unity[9348:52217406] NSEventModifierFlagFunction specified to -setKeyEquivalentModifierMask: for item <NSMenuItem: 0x8318e92c0 SDF, ke='Command-F12'>, but is only supported for system-provided menu items; will not be used
Unloading 57 Unused Serialized files (Serialized files now loaded: 0)
Unloading 1167 unused Assets / (5.3 MB). Loaded Objects now: 1724.
Memory consumption went from 133.2 MB to 127.9 MB.
Total: 6.621542 ms (FindLiveObjects: 0.114292 ms CreateObjectMapping: 0.038917 ms MarkObjects: 4.616208 ms  DeleteObjects: 1.851667 ms)

2026-10-03 20:24:25.577 Unity[9348:52217406] NSEventModifierFlagFunction specified to -setKeyEquivalentModifierMask: for item <NSMenuItem: 0x8318e8a00 SDF, ke='Command-F12'>, but is only supported for system-provided menu items; will not be used
Asset Pipeline Refresh (id=94cd8bfe84ba8428fac2eb18cd17dd64): Total: 0.053 seconds - Initiated by RefreshV2(NoUpdateAssetOptions)
Start importing Assets/AreaBattle/Resources/Recovered/GuideSpine/Textures/CAB-71a96badbcffab7b7451a783f271bc4b_2026805924299331817/YD.png using Guid(04c8c611faa238c4daf9028c4f06ec0a) (TextureImporter) -> (artifact id: '092a3a56259bef874de00dbb582a941b') in 0.055704875 seconds
Refreshing native plugins compatible for Editor in 0.00 ms, found 0 plugins.
Preloading 0 native plugins for Editor in 0.00 ms.
Asset Pipeline Refresh (id=c1337f0b6e75047d191c002573ffdb1b): Total: 0.067 seconds - Initiated by StopAssetImportingV2(NoUpdateAssetOptions)
Start importing Assets/AreaBattle/Resources/Recovered/GuideSpine/Textures/CAB-71a96badbcffab7b7451a783f271bc4b_2026805924299331817/YD.png using Guid(04c8c611faa238c4daf9028c4f06ec0a) (TextureImporter) -> (artifact id: '092a3a56259bef874de00dbb582a941b') in 0.046181291 seconds
Refreshing native plugins compatible for Editor in 0.00 ms, found 0 plugins.
Preloading 0 native plugins for Editor in 0.00 ms.
Asset Pipeline Refresh (id=1b4f7081e60a749759686d4d13eb5e29): Total: 0.053 seconds - Initiated by StopAssetImportingV2(NoUpdateAssetOptions)
Start importing Assets/AreaBattle/Resources/Recovered/GuideSpine/Spine/CAB-71a96badbcffab7b7451a783f271bc4b_435856469966727484.txt using Guid(416b31bbe4f2653409abae32f1f49b09) (TextScriptImporter) -> (artifact id: '7ae6c84b3c7b665ea6338bb711bc4f75') in 0.001444625 seconds
Refreshing native plugins compatible for Editor in 0.00 ms, found 0 plugins.
Preloading 0 native plugins for Editor in 0.00 ms.
Asset Pipeline Refresh (id=3c70c1eadd6d743d1ba5ef1c44433e5b): Total: 0.009 seconds - Initiated by StopAssetImportingV2(NoUpdateAssetOptions)
Start importing Assets/AreaBattle/Resources/Recovered/GuideSpine/Textures/CAB-71a96badbcffab7b7451a783f271bc4b_-7791903411662756124/YD_2.png using Guid(3479ad8d8553dbf4a9eaabee610f7fc5) (TextureImporter) -> (artifact id: 'ac15fe3047754b2140ffb7e42b33694c') in 0.012861625 seconds
Refreshing native plugins compatible for Editor in 0.00 ms, found 0 plugins.
Preloading 0 native plugins for Editor in 0.00 ms.
Asset Pipeline Refresh (id=904edadae688e4ab39d4eb49670f02b4): Total: 0.019 seconds - Initiated by StopAssetImportingV2(NoUpdateAssetOptions)
Start importing Assets/AreaBattle/Resources/Recovered/GuideSpine/Textures/CAB-71a96badbcffab7b7451a783f271bc4b_-7791903411662756124/YD_2.png using Guid(3479ad8d8553dbf4a9eaabee610f7fc5) (TextureImporter) -> (artifact id: 'ac15fe3047754b2140ffb7e42b33694c') in 0.012308125 seconds
Refreshing native plugins compatible for Editor in 0.00 ms, found 0 plugins.
Preloading 0 native plugins for Editor in 0.00 ms.
Asset Pipeline Refresh (id=c2b03800680514a659a21f24405d0686): Total: 0.018 seconds - Initiated by StopAssetImportingV2(NoUpdateAssetOptions)
Start importing Assets/AreaBattle/Resources/Recovered/GuideSpine/Spine/CAB-71a96badbcffab7b7451a783f271bc4b_5200670246001647623.txt using Guid(fc943b415feb09c43866392db5d9568e) (TextScriptImporter) -> (artifact id: 'a5035b6a37cd47acd2ffa664f485e20a') in 0.0008865 seconds
Refreshing native plugins compatible for Editor in 0.00 ms, found 0 plugins.
Preloading 0 native plugins for Editor in 0.00 ms.
Asset Pipeline Refresh (id=9eb052f4013a645ffb61969dc235160d): Total: 0.006 seconds - Initiated by StopAssetImportingV2(NoUpdateAssetOptions)
Start importing Assets/AreaBattle/Resources/Recovered/GuideSpine/Meshes/CAB-71a96badbcffab7b7451a783f271bc4b_-2780960743001050164.asset using Guid(7414d633902f4754aa651723b4868d95) (NativeFormatImporter) -> (artifact id: 'd7d588f2b8e53e23c03d8dd955ad3b6d') in 0.001048584 seconds
Refreshing native plugins compatible for Editor in 0.00 ms, found 0 plugins.
Preloading 0 native plugins for Editor in 0.00 ms.
Asset Pipeline Refresh (id=7618d0322e17249e7a740939f09f3bdd): Total: 0.007 seconds - Initiated by StopAssetImportingV2(NoUpdateAssetOptions)
Start importing Assets/AreaBattle/Resources/Recovered/GuideSpine/Materials/CAB-71a96badbcffab7b7451a783f271bc4b_-7672899569522605211.mat using Guid(fc641687867d0e545a80a6a58102e6cf) (NativeFormatImporter)Main Object Name 'YD_YD' does not match filename 'CAB-71a96badbcffab7b7451a783f271bc4b_-7672899569522605211'
UnityEngine.Debug:ExtractStackTraceNoAlloc (byte*,int,string)
UnityEngine.StackTraceUtility:ExtractStackTrace () (at /Users/bokken/build/output/unity/unity/Runtime/Export/Scripting/StackTrace.cs:35)
UnityEditor.AssetDatabase:ImportAsset (string,UnityEditor.ImportAssetOptions)
AreaBattle.EditorTools.RecoveredGuideSpineImporter:ImportNativeResource (AreaBattle.EditorTools.RecoveredGuideSpineImporter/Resource,string,System.Type) (at Assets/AreaBattle/Editor/RecoveredGuideSpineImporter.cs:148)
AreaBattle.EditorTools.RecoveredGuideSpineImporter:ImportAt (string,string,string,string) (at Assets/AreaBattle/Editor/RecoveredGuideSpineImporter.cs:85)
AreaBattle.EditorTools.RecoveredGuideSpineImporter:Import () (at Assets/AreaBattle/Editor/RecoveredGuideSpineImporter.cs:46)
AreaBattle.EditorTools.RecoveredHudImporter:ImportManifest (string,string,int,string) (at Assets/AreaBattle/Editor/RecoveredHudImporter.cs:180)
AreaBattle.EditorTools.RecoveredHudImporter:ImportTaskPanelBatch () (at Assets/AreaBattle/Editor/RecoveredHudImporter.cs:94)

[Assets/AreaBattle/Editor/RecoveredGuideSpineImporter.cs line 148]

 -> (artifact id: 'c4cbfcfbd5dd67b5d0eeaca9373377e2') in 0.001398833 seconds
Refreshing native plugins compatible for Editor in 0.00 ms, found 0 plugins.
Preloading 0 native plugins for Editor in 0.00 ms.
Asset Pipeline Refresh (id=06e42d07eff8e4942b956fe18bd09e8f): Total: 0.008 seconds - Initiated by StopAssetImportingV2(NoUpdateAssetOptions)
Start importing Assets/AreaBattle/Resources/Recovered/GuideSpine/Materials/CAB-71a96badbcffab7b7451a783f271bc4b_-7572599234430709561.mat using Guid(fed2e73817d751a47a923e0a757d2d05) (NativeFormatImporter)Main Object Name 'YD_YD_2' does not match filename 'CAB-71a96badbcffab7b7451a783f271bc4b_-7572599234430709561'
UnityEngine.Debug:ExtractStackTraceNoAlloc (byte*,int,string)
UnityEngine.StackTraceUtility:ExtractStackTrace () (at /Users/bokken/build/output/unity/unity/Runtime/Export/Scripting/StackTrace.cs:35)
UnityEditor.AssetDatabase:ImportAsset (string,UnityEditor.ImportAssetOptions)
AreaBattle.EditorTools.RecoveredGuideSpineImporter:ImportNativeResource (AreaBattle.EditorTools.RecoveredGuideSpineImporter/Resource,string,System.Type) (at Assets/AreaBattle/Editor/RecoveredGuideSpineImporter.cs:148)
AreaBattle.EditorTools.RecoveredGuideSpineImporter:ImportAt (string,string,string,string) (at Assets/AreaBattle/Editor/RecoveredGuideSpineImporter.cs:85)
AreaBattle.EditorTools.RecoveredGuideSpineImporter:Import () (at Assets/AreaBattle/Editor/RecoveredGuideSpineImporter.cs:46)
AreaBattle.EditorTools.RecoveredHudImporter:ImportManifest (string,string,int,string) (at Assets/AreaBattle/Editor/RecoveredHudImporter.cs:180)
AreaBattle.EditorTools.RecoveredHudImporter:ImportTaskPanelBatch () (at Assets/AreaBattle/Editor/RecoveredHudImporter.cs:94)

[Assets/AreaBattle/Editor/RecoveredGuideSpineImporter.cs line 148]

 -> (artifact id: '90272fbaa69c274857999d9064fc7947') in 0.000888209 seconds
Refreshing native plugins compatible for Editor in 0.00 ms, found 0 plugins.
Preloading 0 native plugins for Editor in 0.00 ms.
Asset Pipeline Refresh (id=74aa4b7e12ffe4880a1a5d70190a40e0): Total: 0.006 seconds - Initiated by StopAssetImportingV2(NoUpdateAssetOptions)
Start importing Assets/AreaBattle/Resources/Recovered/GuideSpine/Spine/CAB-71a96badbcffab7b7451a783f271bc4b_-1778157884270872766.asset using Guid(e5d72c94728ecf94b8781b24c65bead5) (NativeFormatImporter)Main Object Name 'YD_Atlas' does not match filename 'CAB-71a96badbcffab7b7451a783f271bc4b_-1778157884270872766'
UnityEngine.Debug:ExtractStackTraceNoAlloc (byte*,int,string)
UnityEngine.StackTraceUtility:ExtractStackTrace () (at /Users/bokken/build/output/unity/unity/Runtime/Export/Scripting/StackTrace.cs:35)
UnityEditor.AssetDatabase:ImportAsset (string,UnityEditor.ImportAssetOptions)
AreaBattle.EditorTools.RecoveredGuideSpineImporter:ImportNativeResource (AreaBattle.EditorTools.RecoveredGuideSpineImporter/Resource,string,System.Type) (at Assets/AreaBattle/Editor/RecoveredGuideSpineImporter.cs:148)
AreaBattle.EditorTools.RecoveredGuideSpineImporter:ImportAt (string,string,string,string) (at Assets/AreaBattle/Editor/RecoveredGuideSpineImporter.cs:97)
AreaBattle.EditorTools.RecoveredGuideSpineImporter:Import () (at Assets/AreaBattle/Editor/RecoveredGuideSpineImporter.cs:46)
AreaBattle.EditorTools.RecoveredHudImporter:ImportManifest (string,string,int,string) (at Assets/AreaBattle/Editor/RecoveredHudImporter.cs:180)
AreaBattle.EditorTools.RecoveredHudImporter:ImportTaskPanelBatch () (at Assets/AreaBattle/Editor/RecoveredHudImporter.cs:94)

[Assets/AreaBattle/Editor/RecoveredGuideSpineImporter.cs line 148]

 -> (artifact id: '30554400c018999b1cdc8d6467071fd2') in 0.0012995 seconds
Refreshing native plugins compatible for Editor in 0.00 ms, found 0 plugins.
Preloading 0 native plugins for Editor in 0.00 ms.
Asset Pipeline Refresh (id=e8463248786d1439ba94b482a24c9882): Total: 0.008 seconds - Initiated by StopAssetImportingV2(NoUpdateAssetOptions)
Refreshing native plugins compatible for Editor in 0.00 ms, found 0 plugins.
Preloading 0 native plugins for Editor in 0.00 ms.
Asset Pipeline Refresh (id=b67dbec44fbcd4ddc82ab78416d50cb8): Total: 0.006 seconds - Initiated by StopAssetImportingV2(NoUpdateAssetOptions)
Start importing Assets/AreaBattle/Resources/Recovered/GuideSpine/Spine/CAB-71a96badbcffab7b7451a783f271bc4b_5262709187943515980.asset using Guid(e7401860532b0eb4d935e048f849e34f) (NativeFormatImporter)Main Object Name 'YD_SkeletonData' does not match filename 'CAB-71a96badbcffab7b7451a783f271bc4b_5262709187943515980'
UnityEngine.Debug:ExtractStackTraceNoAlloc (byte*,int,string)
UnityEngine.StackTraceUtility:ExtractStackTrace () (at /Users/bokken/build/output/unity/unity/Runtime/Export/Scripting/StackTrace.cs:35)
UnityEditor.AssetDatabase:ImportAsset (string,UnityEditor.ImportAssetOptions)
AreaBattle.EditorTools.RecoveredGuideSpineImporter:ImportNativeResource (AreaBattle.EditorTools.RecoveredGuideSpineImporter/Resource,string,System.Type) (at Assets/AreaBattle/Editor/RecoveredGuideSpineImporter.cs:148)
AreaBattle.EditorTools.RecoveredGuideSpineImporter:ImportAt (string,string,string,string) (at Assets/AreaBattle/Editor/RecoveredGuideSpineImporter.cs:97)
AreaBattle.EditorTools.RecoveredGuideSpineImporter:Import () (at Assets/AreaBattle/Editor/RecoveredGuideSpineImporter.cs:46)
AreaBattle.EditorTools.RecoveredHudImporter:ImportManifest (string,string,int,string) (at Assets/AreaBattle/Editor/RecoveredHudImporter.cs:180)
AreaBattle.EditorTools.RecoveredHudImporter:ImportTaskPanelBatch () (at Assets/AreaBattle/Editor/RecoveredHudImporter.cs:94)

[Assets/AreaBattle/Editor/RecoveredGuideSpineImporter.cs line 148]

 -> (artifact id: '97f4ed317dd883727cb5f5425e68849c') in 0.001334458 seconds
Refreshing native plugins compatible for Editor in 0.00 ms, found 0 plugins.
Preloading 0 native plugins for Editor in 0.00 ms.
Asset Pipeline Refresh (id=964bdf43931a3450f8dead835e339948): Total: 0.008 seconds - Initiated by StopAssetImportingV2(NoUpdateAssetOptions)
Refreshing native plugins compatible for Editor in 0.00 ms, found 0 plugins.
Preloading 0 native plugins for Editor in 0.00 ms.
Asset Pipeline Refresh (id=581fba63446c24e8d871e24ee46650bf): Total: 0.006 seconds - Initiated by StopAssetImportingV2(NoUpdateAssetOptions)
Start importing Assets/AreaBattle/Resources/Recovered/GuideSpine/YD_0.prefab using Guid(aaea5a43043e33644ad6a203858e23f4) (PrefabImporter) -> (artifact id: '6fe0b3b515492dfbc57e4c0b4d2db05e') in 0.003883292 seconds
Refreshing native plugins compatible for Editor in 0.00 ms, found 0 plugins.
Preloading 0 native plugins for Editor in 0.00 ms.
Asset Pipeline Refresh (id=ec4cd9e2740cb46b392ac0d31d125715): Total: 0.011 seconds - Initiated by StopAssetImportingV2(NoUpdateAssetOptions)
Start importing Assets/AreaBattle/Resources/Recovered/GuideSpine/YD_0.prefab using Guid(aaea5a43043e33644ad6a203858e23f4) (PrefabImporter) -> (artifact id: '6fe0b3b515492dfbc57e4c0b4d2db05e') in 0.001236083 seconds
Refreshing native plugins compatible for Editor in 0.00 ms, found 0 plugins.
Preloading 0 native plugins for Editor in 0.00 ms.
Asset Pipeline Refresh (id=52ef301e161f54e44b2b70b0062d852d): Total: 0.008 seconds - Initiated by StopAssetImportingV2(NoUpdateAssetOptions)
Start importing Assets/AreaBattle/Resources/Recovered/TaskPanel using Guid(5aeef060964474a6db52504972933a4a) (DefaultImporter) -> (artifact id: 'd50f8cc79bff4e0436eb787a8c059190') in 0.000989458 seconds
Start importing Assets/AreaBattle/Resources/Recovered/TaskPanel/Sprites using Guid(537a147269e6d4d48b12c785d647db54) (DefaultImporter) -> (artifact id: '91dcb281446e20c8f606a23a50afee57') in 0.000487875 seconds
Start importing Assets/AreaBattle/Resources/Recovered/TaskPanel/Fonts using Guid(087d9b564322747928adbcc25eed48cc) (DefaultImporter) -> (artifact id: '2d62f175a7000bcb21b7cba8ba14d72a') in 0.000495 seconds
Refreshing native plugins compatible for Editor in 0.00 ms, found 0 plugins.
Preloading 0 native plugins for Editor in 0.00 ms.
Asset Pipeline Refresh (id=43810d007c2aa4cdf8b7264a119e24c4): Total: 0.026 seconds - Initiated by RefreshV2(NoUpdateAssetOptions)
Start importing Assets/AreaBattle/Resources/Recovered/TaskPanel/Sprites/CAB-f28f056045412bbaaaf208ce516068e1_2849312902814893322.png using Guid(98f082d6ff0b84f81bdf12bc3bf3eff9) (TextureImporter) -> (artifact id: 'bf61a5baf93f11600239f75fd9e09669') in 0.002619917 seconds
Refreshing native plugins compatible for Editor in 0.00 ms, found 0 plugins.
Preloading 0 native plugins for Editor in 0.00 ms.
Asset Pipeline Refresh (id=f0e198aabfe434f9692e181d832ebb0f): Total: 0.010 seconds - Initiated by StopAssetImportingV2(NoUpdateAssetOptions)
Start importing Assets/AreaBattle/Resources/Recovered/TaskPanel/Sprites/CAB-f28f056045412bbaaaf208ce516068e1_2849312902814893322.png using Guid(98f082d6ff0b84f81bdf12bc3bf3eff9) (TextureImporter) -> (artifact id: 'f052c9809054b3b5d39e046a9cc893d1') in 0.002832708 seconds
Refreshing native plugins compatible for Editor in 0.00 ms, found 0 plugins.
Preloading 0 native plugins for Editor in 0.00 ms.
Asset Pipeline Refresh (id=db3740932ddc04105bcb2dea6d452c86): Total: 0.012 seconds - Initiated by StopAssetImportingV2(NoUpdateAssetOptions)
Start importing Assets/AreaBattle/Resources/Recovered/TaskPanel/Sprites/CAB-f28f056045412bbaaaf208ce516068e1_1029092383181525038.png using Guid(af78b7ac6f404499e950f3548701e65d) (TextureImporter) -> (artifact id: '9b74b20afcedf09e487405345cba662c') in 0.001603625 seconds
Refreshing native plugins compatible for Editor in 0.00 ms, found 0 plugins.
Preloading 0 native plugins for Editor in 0.00 ms.
Asset Pipeline Refresh (id=cba56dc001ee74d998b409ca82846270): Total: 0.008 seconds - Initiated by StopAssetImportingV2(NoUpdateAssetOptions)
Start importing Assets/AreaBattle/Resources/Recovered/TaskPanel/Sprites/CAB-f28f056045412bbaaaf208ce516068e1_1029092383181525038.png using Guid(af78b7ac6f404499e950f3548701e65d) (TextureImporter) -> (artifact id: '1a689a1e1299b22b2fa14233afb74167') in 0.002099291 seconds
Refreshing native plugins compatible for Editor in 0.00 ms, found 0 plugins.
Preloading 0 native plugins for Editor in 0.00 ms.
Asset Pipeline Refresh (id=39f8ac4716a8242e98bbef7102d2754c): Total: 0.011 seconds - Initiated by StopAssetImportingV2(NoUpdateAssetOptions)
Start importing Assets/AreaBattle/Resources/Recovered/TaskPanel/Sprites/CAB-f28f056045412bbaaaf208ce516068e1_-6036163438100560364.png using Guid(919e57ef9da5a4cdba50732e29e45230) (TextureImporter) -> (artifact id: '98ed5472ecc70ee6e5b3fa297832267d') in 0.001276542 seconds
Refreshing native plugins compatible for Editor in 0.00 ms, found 0 plugins.
Preloading 0 native plugins for Editor in 0.00 ms.
Asset Pipeline Refresh (id=c76b53b9364a64798b7aa94a78b4aa15): Total: 0.007 seconds - Initiated by StopAssetImportingV2(NoUpdateAssetOptions)
Start importing Assets/AreaBattle/Resources/Recovered/TaskPanel/Sprites/CAB-f28f056045412bbaaaf208ce516068e1_-6036163438100560364.png using Guid(919e57ef9da5a4cdba50732e29e45230) (TextureImporter) -> (artifact id: '7e6dab00e8c79d7757a33d253cb85cc3') in 0.001306292 seconds
Refreshing native plugins compatible for Editor in 0.00 ms, found 0 plugins.
Preloading 0 native plugins for Editor in 0.00 ms.
Asset Pipeline Refresh (id=527e1f3e7ec4644e4b5f0792066ba916): Total: 0.010 seconds - Initiated by StopAssetImportingV2(NoUpdateAssetOptions)
Start importing Assets/AreaBattle/Resources/Recovered/TaskPanel/Sprites/CAB-f28f056045412bbaaaf208ce516068e1_8669368746150556898.png using Guid(2df1e1af14fa347c4ba0d59a9dfb5dea) (TextureImporter) -> (artifact id: 'f672ee5c39be986b23875d69e0d26fe6') in 0.001404375 seconds
Refreshing native plugins compatible for Editor in 0.00 ms, found 0 plugins.
Preloading 0 native plugins for Editor in 0.00 ms.
Asset Pipeline Refresh (id=a3d0082fb259344e381dec68d0d6185d): Total: 0.008 seconds - Initiated by StopAssetImportingV2(NoUpdateAssetOptions)
Start importing Assets/AreaBattle/Resources/Recovered/TaskPanel/Sprites/CAB-f28f056045412bbaaaf208ce516068e1_8669368746150556898.png using Guid(2df1e1af14fa347c4ba0d59a9dfb5dea) (TextureImporter) -> (artifact id: '9e5b305bc55c9f61d1820a5eb85e547e') in 0.001214958 seconds
Refreshing native plugins compatible for Editor in 0.00 ms, found 0 plugins.
Preloading 0 native plugins for Editor in 0.00 ms.
Asset Pipeline Refresh (id=106ad74349cfb45d6815b56fad7b9a52): Total: 0.010 seconds - Initiated by StopAssetImportingV2(NoUpdateAssetOptions)
Start importing Assets/AreaBattle/Resources/Recovered/TaskPanel/Sprites/CAB-f28f056045412bbaaaf208ce516068e1_6193263972851738262.png using Guid(3596ec031b3ee423cb6d25c8e7cd1d17) (TextureImporter) -> (artifact id: '87e31a355201d7096ff0c24ed872bad3') in 0.001820167 seconds
Refreshing native plugins compatible for Editor in 0.00 ms, found 0 plugins.
Preloading 0 native plugins for Editor in 0.00 ms.
Asset Pipeline Refresh (id=80b2dd05fc70f458d88bb2bc8e3608d9): Total: 0.008 seconds - Initiated by StopAssetImportingV2(NoUpdateAssetOptions)
Start importing Assets/AreaBattle/Resources/Recovered/TaskPanel/Sprites/CAB-f28f056045412bbaaaf208ce516068e1_6193263972851738262.png using Guid(3596ec031b3ee423cb6d25c8e7cd1d17) (TextureImporter) -> (artifact id: '0d9eda56fb18f49335cb40ef5adf1b3e') in 0.00131725 seconds
Refreshing native plugins compatible for Editor in 0.00 ms, found 0 plugins.
Preloading 0 native plugins for Editor in 0.00 ms.
Asset Pipeline Refresh (id=a70f258cf67df430db5453ab2f676033): Total: 0.010 seconds - Initiated by StopAssetImportingV2(NoUpdateAssetOptions)
Start importing Assets/AreaBattle/Resources/Recovered/TaskPanel/Sprites/CAB-f28f056045412bbaaaf208ce516068e1_-1198554936303928975.png using Guid(d6a17894f4a15407ab765065515df8a7) (TextureImporter) -> (artifact id: '1498dd2ed55d151c94cddba8602aebf5') in 0.0015015 seconds
Refreshing native plugins compatible for Editor in 0.00 ms, found 0 plugins.
Preloading 0 native plugins for Editor in 0.00 ms.
Asset Pipeline Refresh (id=9deb8a247e449443a95f2af1b795e166): Total: 0.008 seconds - Initiated by StopAssetImportingV2(NoUpdateAssetOptions)
Start importing Assets/AreaBattle/Resources/Recovered/TaskPanel/Sprites/CAB-f28f056045412bbaaaf208ce516068e1_-1198554936303928975.png using Guid(d6a17894f4a15407ab765065515df8a7) (TextureImporter) -> (artifact id: '6bcda5a3a6009059bfd77296c3bf6831') in 0.001582791 seconds
Refreshing native plugins compatible for Editor in 0.00 ms, found 0 plugins.
Preloading 0 native plugins for Editor in 0.00 ms.
Asset Pipeline Refresh (id=77fa2697900294d1680e3b7aaa61762b): Total: 0.011 seconds - Initiated by StopAssetImportingV2(NoUpdateAssetOptions)
Start importing Assets/AreaBattle/Resources/Recovered/TaskPanel/Sprites/CAB-f28f056045412bbaaaf208ce516068e1_-881933816702774214.png using Guid(a11ab5e3168b74b889f5e11fc5bdeecd) (TextureImporter) -> (artifact id: '80f50b385af31aaab557f68b7c6a3faf') in 0.001315584 seconds
Refreshing native plugins compatible for Editor in 0.00 ms, found 0 plugins.
Preloading 0 native plugins for Editor in 0.00 ms.
Asset Pipeline Refresh (id=858e9f5fd126c4f84aeaf52837992a96): Total: 0.008 seconds - Initiated by StopAssetImportingV2(NoUpdateAssetOptions)
Start importing Assets/AreaBattle/Resources/Recovered/TaskPanel/Sprites/CAB-f28f056045412bbaaaf208ce516068e1_-881933816702774214.png using Guid(a11ab5e3168b74b889f5e11fc5bdeecd) (TextureImporter) -> (artifact id: 'eddbda6e873f7a3102b96d667cafbb70') in 0.001772458 seconds
Refreshing native plugins compatible for Editor in 0.00 ms, found 0 plugins.
Preloading 0 native plugins for Editor in 0.00 ms.
Asset Pipeline Refresh (id=9abf88709a6704c199cb8ebc08ccdbfd): Total: 0.010 seconds - Initiated by StopAssetImportingV2(NoUpdateAssetOptions)
Start importing Assets/AreaBattle/Resources/Recovered/TaskPanel/Sprites/CAB-266ed0cae8f04fd3e6acbe0ec7d26e5f_-1797332260960300854.png using Guid(a2478efe26a7b43609785f7de25f415d) (TextureImporter) -> (artifact id: '6bcba2575972d9499def425d8e471847') in 0.001929041 seconds
Refreshing native plugins compatible for Editor in 0.00 ms, found 0 plugins.
Preloading 0 native plugins for Editor in 0.00 ms.
Asset Pipeline Refresh (id=1077a28a042974513affa87ba2ad3cd8): Total: 0.008 seconds - Initiated by StopAssetImportingV2(NoUpdateAssetOptions)
Start importing Assets/AreaBattle/Resources/Recovered/TaskPanel/Sprites/CAB-266ed0cae8f04fd3e6acbe0ec7d26e5f_-1797332260960300854.png using Guid(a2478efe26a7b43609785f7de25f415d) (TextureImporter) -> (artifact id: 'dce980ae6cc9b1febd189f9a2e4f7f6a') in 0.002948791 seconds
Refreshing native plugins compatible for Editor in 0.00 ms, found 0 plugins.
Preloading 0 native plugins for Editor in 0.00 ms.
Asset Pipeline Refresh (id=d0d6db1a3478440f2976fad1a4a7de30): Total: 0.013 seconds - Initiated by StopAssetImportingV2(NoUpdateAssetOptions)
Start importing Assets/AreaBattle/Resources/Recovered/TaskPanel/Sprites/CAB-266ed0cae8f04fd3e6acbe0ec7d26e5f_4415441428988527685.png using Guid(2930388a38e6849cd8bcecf59cf6bd16) (TextureImporter) -> (artifact id: '821ba352373444befd96c9b04547a8d7') in 0.001594667 seconds
Refreshing native plugins compatible for Editor in 0.00 ms, found 0 plugins.
Preloading 0 native plugins for Editor in 0.00 ms.
Asset Pipeline Refresh (id=662b4b60a2ac34f68825a3edf0b8366b): Total: 0.007 seconds - Initiated by StopAssetImportingV2(NoUpdateAssetOptions)
Start importing Assets/AreaBattle/Resources/Recovered/TaskPanel/Sprites/CAB-266ed0cae8f04fd3e6acbe0ec7d26e5f_4415441428988527685.png using Guid(2930388a38e6849cd8bcecf59cf6bd16) (TextureImporter) -> (artifact id: '7b016e2dc0a458c2da22b409c270a46a') in 0.002183959 seconds
Refreshing native plugins compatible for Editor in 0.00 ms, found 0 plugins.
Preloading 0 native plugins for Editor in 0.00 ms.
Asset Pipeline Refresh (id=9faec8851759949128b728077b04d71a): Total: 0.011 seconds - Initiated by StopAssetImportingV2(NoUpdateAssetOptions)
Start importing Assets/AreaBattle/Resources/Recovered/TaskPanel/Sprites/CAB-266ed0cae8f04fd3e6acbe0ec7d26e5f_7380877616393810225.png using Guid(323b9feef7fbc4be188f5ee833a796f8) (TextureImporter) -> (artifact id: '4bc061d575b51497e7da29a41660740b') in 0.001689708 seconds
Refreshing native plugins compatible for Editor in 0.00 ms, found 0 plugins.
Preloading 0 native plugins for Editor in 0.00 ms.
Asset Pipeline Refresh (id=bffd02d9716de41cba23209ce005a5b2): Total: 0.009 seconds - Initiated by StopAssetImportingV2(NoUpdateAssetOptions)
Start importing Assets/AreaBattle/Resources/Recovered/TaskPanel/Sprites/CAB-266ed0cae8f04fd3e6acbe0ec7d26e5f_7380877616393810225.png using Guid(323b9feef7fbc4be188f5ee833a796f8) (TextureImporter) -> (artifact id: '8c701636444fdcf698b6710f4864701b') in 0.001762333 seconds
Refreshing native plugins compatible for Editor in 0.00 ms, found 0 plugins.
Preloading 0 native plugins for Editor in 0.00 ms.
Asset Pipeline Refresh (id=da246ad988de048f8b875d3f96bcca8c): Total: 0.010 seconds - Initiated by StopAssetImportingV2(NoUpdateAssetOptions)
Start importing Assets/AreaBattle/Resources/Recovered/TaskPanel/Sprites/CAB-266ed0cae8f04fd3e6acbe0ec7d26e5f_3375502498545042667.png using Guid(7881d002da02c43c28f76979d9f600a5) (TextureImporter) -> (artifact id: '0839d9369e40d95c8e64488beda0c910') in 0.001604667 seconds
Refreshing native plugins compatible for Editor in 0.00 ms, found 0 plugins.
Preloading 0 native plugins for Editor in 0.00 ms.
Asset Pipeline Refresh (id=de62d9cf78ce4415a9564d9e1dba30a4): Total: 0.008 seconds - Initiated by StopAssetImportingV2(NoUpdateAssetOptions)
Start importing Assets/AreaBattle/Resources/Recovered/TaskPanel/Sprites/CAB-266ed0cae8f04fd3e6acbe0ec7d26e5f_3375502498545042667.png using Guid(7881d002da02c43c28f76979d9f600a5) (TextureImporter) -> (artifact id: '030274cda88a22b304f96b1cda6aa3fd') in 0.00247825 seconds
Refreshing native plugins compatible for Editor in 0.00 ms, found 0 plugins.
Preloading 0 native plugins for Editor in 0.00 ms.
Asset Pipeline Refresh (id=e89d66efaa183444a87ead62297e6713): Total: 0.011 seconds - Initiated by StopAssetImportingV2(NoUpdateAssetOptions)
Start importing Assets/AreaBattle/Resources/Recovered/TaskPanel/Sprites/CAB-266ed0cae8f04fd3e6acbe0ec7d26e5f_4756019567719792022.png using Guid(e643b4c8e763e47db9a60e8fcdc90399) (TextureImporter) -> (artifact id: '5b561d0ef5d589af9d22095b6e5507b6') in 0.001564416 seconds
Refreshing native plugins compatible for Editor in 0.00 ms, found 0 plugins.
Preloading 0 native plugins for Editor in 0.00 ms.
Asset Pipeline Refresh (id=7845696441338429a8b3573e4f445a54): Total: 0.008 seconds - Initiated by StopAssetImportingV2(NoUpdateAssetOptions)
Start importing Assets/AreaBattle/Resources/Recovered/TaskPanel/Sprites/CAB-266ed0cae8f04fd3e6acbe0ec7d26e5f_4756019567719792022.png using Guid(e643b4c8e763e47db9a60e8fcdc90399) (TextureImporter) -> (artifact id: '56122102ffc893468fe904fcf58d3474') in 0.002194084 seconds
Refreshing native plugins compatible for Editor in 0.00 ms, found 0 plugins.
Preloading 0 native plugins for Editor in 0.00 ms.
Asset Pipeline Refresh (id=0edf19ed1fda64f54afa89ad76af362a): Total: 0.011 seconds - Initiated by StopAssetImportingV2(NoUpdateAssetOptions)
Start importing Assets/AreaBattle/Resources/Recovered/TaskPanel/Sprites/CAB-266ed0cae8f04fd3e6acbe0ec7d26e5f_-2067149362258942805.png using Guid(a28abae44150b4564bf1b8f32e31b57d) (TextureImporter) -> (artifact id: '047f0eb661abf487fc34915060e97266') in 0.001320041 seconds
Refreshing native plugins compatible for Editor in 0.00 ms, found 0 plugins.
Preloading 0 native plugins for Editor in 0.00 ms.
Asset Pipeline Refresh (id=048ea060ae2da4c0f9298c22bf08f099): Total: 0.008 seconds - Initiated by StopAssetImportingV2(NoUpdateAssetOptions)
Start importing Assets/AreaBattle/Resources/Recovered/TaskPanel/Sprites/CAB-266ed0cae8f04fd3e6acbe0ec7d26e5f_-2067149362258942805.png using Guid(a28abae44150b4564bf1b8f32e31b57d) (TextureImporter) -> (artifact id: '2039a85f5eb90226faff338f566e6de4') in 0.002273375 seconds
Refreshing native plugins compatible for Editor in 0.00 ms, found 0 plugins.
Preloading 0 native plugins for Editor in 0.00 ms.
Asset Pipeline Refresh (id=1c9826e89e0ca46de98b8fc7dfbd537b): Total: 0.011 seconds - Initiated by StopAssetImportingV2(NoUpdateAssetOptions)
Start importing Assets/AreaBattle/Resources/Recovered/TaskPanel/Sprites/CAB-266ed0cae8f04fd3e6acbe0ec7d26e5f_-1489498901108667408.png using Guid(72984edcd1fc94e59a30c377bc576598) (TextureImporter) -> (artifact id: 'deda8d58220b6bef72df96fb239e8b48') in 0.00242525 seconds
Refreshing native plugins compatible for Editor in 0.00 ms, found 0 plugins.
Preloading 0 native plugins for Editor in 0.00 ms.
Asset Pipeline Refresh (id=5258c5f2a0ec44db2887c4bb4e3e4ea2): Total: 0.009 seconds - Initiated by StopAssetImportingV2(NoUpdateAssetOptions)
Start importing Assets/AreaBattle/Resources/Recovered/TaskPanel/Sprites/CAB-266ed0cae8f04fd3e6acbe0ec7d26e5f_-1489498901108667408.png using Guid(72984edcd1fc94e59a30c377bc576598) (TextureImporter) -> (artifact id: 'd935f27875042db96a9ab620f0713478') in 0.0012605 seconds
Refreshing native plugins compatible for Editor in 0.00 ms, found 0 plugins.
Preloading 0 native plugins for Editor in 0.00 ms.
Asset Pipeline Refresh (id=29ed66aceab2647ec97cb66cd2889a66): Total: 0.010 seconds - Initiated by StopAssetImportingV2(NoUpdateAssetOptions)
Start importing Assets/AreaBattle/Resources/Recovered/TaskPanel/Sprites/CAB-266ed0cae8f04fd3e6acbe0ec7d26e5f_2849312902814893322.png using Guid(b51475b3d2f22440c9d8b06697c49728) (TextureImporter) -> (artifact id: 'bee9953bca64f77271707999677f0c0a') in 0.00176525 seconds
Refreshing native plugins compatible for Editor in 0.00 ms, found 0 plugins.
Preloading 0 native plugins for Editor in 0.00 ms.
Asset Pipeline Refresh (id=bf3d4b55596274265976b1baa332fd5b): Total: 0.009 seconds - Initiated by StopAssetImportingV2(NoUpdateAssetOptions)
Start importing Assets/AreaBattle/Resources/Recovered/TaskPanel/Sprites/CAB-266ed0cae8f04fd3e6acbe0ec7d26e5f_2849312902814893322.png using Guid(b51475b3d2f22440c9d8b06697c49728) (TextureImporter) -> (artifact id: '07da8e913ff704c9d5cd28582ecdab62') in 0.001946542 seconds
Refreshing native plugins compatible for Editor in 0.00 ms, found 0 plugins.
Preloading 0 native plugins for Editor in 0.00 ms.
Asset Pipeline Refresh (id=2cf2cc67f52484168b64827b1ff15609): Total: 0.010 seconds - Initiated by StopAssetImportingV2(NoUpdateAssetOptions)
Start importing Assets/AreaBattle/Resources/Recovered/TaskPanel/Sprites/CAB-266ed0cae8f04fd3e6acbe0ec7d26e5f_1029092383181525038.png using Guid(3934134443ac843c6b3bf221824957b9) (TextureImporter) -> (artifact id: '73aabd3a635f6e524b77a0b2bde235c7') in 0.001732083 seconds
Refreshing native plugins compatible for Editor in 0.00 ms, found 0 plugins.
Preloading 0 native plugins for Editor in 0.00 ms.
Asset Pipeline Refresh (id=082510b922e764551834ec9b17aebf78): Total: 0.008 seconds - Initiated by StopAssetImportingV2(NoUpdateAssetOptions)
Start importing Assets/AreaBattle/Resources/Recovered/TaskPanel/Sprites/CAB-266ed0cae8f04fd3e6acbe0ec7d26e5f_1029092383181525038.png using Guid(3934134443ac843c6b3bf221824957b9) (TextureImporter) -> (artifact id: '268a6562598f0ffc502c9e929775620f') in 0.002473292 seconds
Refreshing native plugins compatible for Editor in 0.00 ms, found 0 plugins.
Preloading 0 native plugins for Editor in 0.00 ms.
Asset Pipeline Refresh (id=0710be93a911a4e1f87ca1b6a9ea07be): Total: 0.011 seconds - Initiated by StopAssetImportingV2(NoUpdateAssetOptions)
Start importing Assets/AreaBattle/Resources/Recovered/TaskPanel/Sprites/CAB-266ed0cae8f04fd3e6acbe0ec7d26e5f_-6036163438100560364.png using Guid(60305c0d094de4d02ba1b089b4faa813) (TextureImporter) -> (artifact id: '8daca2bc85a0f87ca090dba4b58a593e') in 0.00128175 seconds
Refreshing native plugins compatible for Editor in 0.00 ms, found 0 plugins.
Preloading 0 native plugins for Editor in 0.00 ms.
Asset Pipeline Refresh (id=b6501438351e54efcbf9873da2dd6c52): Total: 0.007 seconds - Initiated by StopAssetImportingV2(NoUpdateAssetOptions)
Start importing Assets/AreaBattle/Resources/Recovered/TaskPanel/Sprites/CAB-266ed0cae8f04fd3e6acbe0ec7d26e5f_-6036163438100560364.png using Guid(60305c0d094de4d02ba1b089b4faa813) (TextureImporter) -> (artifact id: '778b196fcb992ddde6515b995fbe105d') in 0.001547917 seconds
Refreshing native plugins compatible for Editor in 0.00 ms, found 0 plugins.
Preloading 0 native plugins for Editor in 0.00 ms.
Asset Pipeline Refresh (id=5f86cafa5c71f4b8f927a83c51e9e1cb): Total: 0.011 seconds - Initiated by StopAssetImportingV2(NoUpdateAssetOptions)
Start importing Assets/AreaBattle/Resources/Recovered/TaskPanel/Sprites/CAB-266ed0cae8f04fd3e6acbe0ec7d26e5f_8669368746150556898.png using Guid(e1d9b989165954dae88d5d26aca86cb3) (TextureImporter) -> (artifact id: 'af488a6b1a55305eff33a1be94c14a13') in 0.001168583 seconds
Refreshing native plugins compatible for Editor in 0.00 ms, found 0 plugins.
Preloading 0 native plugins for Editor in 0.00 ms.
Asset Pipeline Refresh (id=5c988354137164a32bd784258e478fbd): Total: 0.007 seconds - Initiated by StopAssetImportingV2(NoUpdateAssetOptions)
Start importing Assets/AreaBattle/Resources/Recovered/TaskPanel/Sprites/CAB-266ed0cae8f04fd3e6acbe0ec7d26e5f_8669368746150556898.png using Guid(e1d9b989165954dae88d5d26aca86cb3) (TextureImporter) -> (artifact id: '0edf883eace8d5d7eba22acf03e43351') in 0.001272 seconds
Refreshing native plugins compatible for Editor in 0.00 ms, found 0 plugins.
Preloading 0 native plugins for Editor in 0.00 ms.
Asset Pipeline Refresh (id=5ac50befeb705437592e1915226e47d7): Total: 0.010 seconds - Initiated by StopAssetImportingV2(NoUpdateAssetOptions)
Start importing Assets/AreaBattle/Resources/Recovered/TaskPanel/Sprites/CAB-266ed0cae8f04fd3e6acbe0ec7d26e5f_6193263972851738262.png using Guid(f22c395f378094fe893ca2eb26a8be96) (TextureImporter) -> (artifact id: '445178f17050da23d19eb521e374e508') in 0.001416291 seconds
Refreshing native plugins compatible for Editor in 0.00 ms, found 0 plugins.
Preloading 0 native plugins for Editor in 0.00 ms.
Asset Pipeline Refresh (id=b7c46109066e64649bd0ca1bab63f0e8): Total: 0.008 seconds - Initiated by StopAssetImportingV2(NoUpdateAssetOptions)
Start importing Assets/AreaBattle/Resources/Recovered/TaskPanel/Sprites/CAB-266ed0cae8f04fd3e6acbe0ec7d26e5f_6193263972851738262.png using Guid(f22c395f378094fe893ca2eb26a8be96) (TextureImporter) -> (artifact id: 'f8cd3dbd360fe67629747ce4225f0577') in 0.001410375 seconds
Refreshing native plugins compatible for Editor in 0.00 ms, found 0 plugins.
Preloading 0 native plugins for Editor in 0.00 ms.
Asset Pipeline Refresh (id=150bc2160e37d4230ae476f0c253c9cc): Total: 0.011 seconds - Initiated by StopAssetImportingV2(NoUpdateAssetOptions)
Start importing Assets/AreaBattle/Resources/Recovered/TaskPanel/Sprites/CAB-266ed0cae8f04fd3e6acbe0ec7d26e5f_-1198554936303928975.png using Guid(cf2a4e09407b544a3b7007d09a846a74) (TextureImporter) -> (artifact id: '3237cc4618c35401983bcfb72d94d2ae') in 0.001795291 seconds
Refreshing native plugins compatible for Editor in 0.00 ms, found 0 plugins.
Preloading 0 native plugins for Editor in 0.00 ms.
Asset Pipeline Refresh (id=dece397a4babc4963a6d5e2185e92a5a): Total: 0.008 seconds - Initiated by StopAssetImportingV2(NoUpdateAssetOptions)
Start importing Assets/AreaBattle/Resources/Recovered/TaskPanel/Sprites/CAB-266ed0cae8f04fd3e6acbe0ec7d26e5f_-1198554936303928975.png using Guid(cf2a4e09407b544a3b7007d09a846a74) (TextureImporter) -> (artifact id: '24dc25dc9cd305fc4607742d03a7cb70') in 0.001506917 seconds
Refreshing native plugins compatible for Editor in 0.00 ms, found 0 plugins.
Preloading 0 native plugins for Editor in 0.00 ms.
Asset Pipeline Refresh (id=3ee179dad115248988fe020705e05eab): Total: 0.010 seconds - Initiated by StopAssetImportingV2(NoUpdateAssetOptions)
Start importing Assets/AreaBattle/Resources/Recovered/TaskPanel/Sprites/CAB-266ed0cae8f04fd3e6acbe0ec7d26e5f_-881933816702774214.png using Guid(d4ceb5ca8a1d24e23ae11b1122fd9e1f) (TextureImporter) -> (artifact id: 'f04c86ac10274992f4de5c08d155ffa7') in 0.001406 seconds
Refreshing native plugins compatible for Editor in 0.00 ms, found 0 plugins.
Preloading 0 native plugins for Editor in 0.00 ms.
Asset Pipeline Refresh (id=162559ec4b7794c1b9cf2610f1031795): Total: 0.008 seconds - Initiated by StopAssetImportingV2(NoUpdateAssetOptions)
Start importing Assets/AreaBattle/Resources/Recovered/TaskPanel/Sprites/CAB-266ed0cae8f04fd3e6acbe0ec7d26e5f_-881933816702774214.png using Guid(d4ceb5ca8a1d24e23ae11b1122fd9e1f) (TextureImporter) -> (artifact id: '44b1323ac24d223186edee87a5924b0b') in 0.001491917 seconds
Refreshing native plugins compatible for Editor in 0.00 ms, found 0 plugins.
Preloading 0 native plugins for Editor in 0.00 ms.
Asset Pipeline Refresh (id=a45651b9c672e4956916cc8695e31597): Total: 0.010 seconds - Initiated by StopAssetImportingV2(NoUpdateAssetOptions)
Start importing Assets/AreaBattle/Resources/Recovered/TaskPanel/Sprites/CAB-266ed0cae8f04fd3e6acbe0ec7d26e5f_-4394984973089337484.png using Guid(375a2b2fec08047a2ad7d8cc76db0839) (TextureImporter) -> (artifact id: 'ad9b1980043729806356389268592c93') in 0.002979416 seconds
Refreshing native plugins compatible for Editor in 0.00 ms, found 0 plugins.
Preloading 0 native plugins for Editor in 0.00 ms.
Asset Pipeline Refresh (id=e0c489c58bf80427fb5fbd6029ff5d07): Total: 0.010 seconds - Initiated by StopAssetImportingV2(NoUpdateAssetOptions)
Start importing Assets/AreaBattle/Resources/Recovered/TaskPanel/Sprites/CAB-266ed0cae8f04fd3e6acbe0ec7d26e5f_-4394984973089337484.png using Guid(375a2b2fec08047a2ad7d8cc76db0839) (TextureImporter) -> (artifact id: 'eccd5547d6d43b4d0f44b860a0f7f471') in 0.004094459 seconds
Refreshing native plugins compatible for Editor in 0.00 ms, found 0 plugins.
Preloading 0 native plugins for Editor in 0.00 ms.
Asset Pipeline Refresh (id=31f2dde4e4d504278bd654954cf6496c): Total: 0.014 seconds - Initiated by StopAssetImportingV2(NoUpdateAssetOptions)
Start importing Assets/AreaBattle/Resources/Recovered/TaskPanel/Sprites/CAB-266ed0cae8f04fd3e6acbe0ec7d26e5f_-2656189029118541350.png using Guid(badaab007d67a494396c6ef41c2e3c73) (TextureImporter) -> (artifact id: '1a9e76d193fb35ad90e47117a90f6809') in 0.001794917 seconds
Refreshing native plugins compatible for Editor in 0.00 ms, found 0 plugins.
Preloading 0 native plugins for Editor in 0.00 ms.
Asset Pipeline Refresh (id=0d00826ef8f9740d4b0b14e72630d849): Total: 0.008 seconds - Initiated by StopAssetImportingV2(NoUpdateAssetOptions)
Start importing Assets/AreaBattle/Resources/Recovered/TaskPanel/Sprites/CAB-266ed0cae8f04fd3e6acbe0ec7d26e5f_-2656189029118541350.png using Guid(badaab007d67a494396c6ef41c2e3c73) (TextureImporter) -> (artifact id: '520165d4400517fe87be12e78b9689f9') in 0.002189833 seconds
Refreshing native plugins compatible for Editor in 0.00 ms, found 0 plugins.
Preloading 0 native plugins for Editor in 0.00 ms.
Asset Pipeline Refresh (id=a0bcf89c0e56a40a7954cbeed67352eb): Total: 0.011 seconds - Initiated by StopAssetImportingV2(NoUpdateAssetOptions)
Start importing Assets/AreaBattle/Resources/Recovered/TaskPanel/Sprites/CAB-266ed0cae8f04fd3e6acbe0ec7d26e5f_4239482063245011659.png using Guid(7146cfbfe088447f4bd6f91db16f5094) (TextureImporter) -> (artifact id: 'e54b2d2ff0ed8ead47bae669249951ce') in 0.002139875 seconds
Refreshing native plugins compatible for Editor in 0.00 ms, found 0 plugins.
Preloading 0 native plugins for Editor in 0.00 ms.
Asset Pipeline Refresh (id=666f3067d372c42158913b177a1328ce): Total: 0.009 seconds - Initiated by StopAssetImportingV2(NoUpdateAssetOptions)
Start importing Assets/AreaBattle/Resources/Recovered/TaskPanel/Sprites/CAB-266ed0cae8f04fd3e6acbe0ec7d26e5f_4239482063245011659.png using Guid(7146cfbfe088447f4bd6f91db16f5094) (TextureImporter) -> (artifact id: 'b94943221428d0ba01644b7aed6600c2') in 0.002388625 seconds
Refreshing native plugins compatible for Editor in 0.00 ms, found 0 plugins.
Preloading 0 native plugins for Editor in 0.00 ms.
Asset Pipeline Refresh (id=ade56a415e47a4985a9228afb7fc0d9b): Total: 0.012 seconds - Initiated by StopAssetImportingV2(NoUpdateAssetOptions)
Start importing Assets/AreaBattle/Resources/Recovered/TaskPanel/Sprites/CAB-266ed0cae8f04fd3e6acbe0ec7d26e5f_-4789985713362759323.png using Guid(1fec8ed34f02a4bf08a4ff0ca656bf99) (TextureImporter) -> (artifact id: '5d4dba3b5a0505c02086b48962bca1d9') in 0.001731833 seconds
Refreshing native plugins compatible for Editor in 0.00 ms, found 0 plugins.
Preloading 0 native plugins for Editor in 0.00 ms.
Asset Pipeline Refresh (id=82dfa9417c4bd4962996486befb33e71): Total: 0.008 seconds - Initiated by StopAssetImportingV2(NoUpdateAssetOptions)
Start importing Assets/AreaBattle/Resources/Recovered/TaskPanel/Sprites/CAB-266ed0cae8f04fd3e6acbe0ec7d26e5f_-4789985713362759323.png using Guid(1fec8ed34f02a4bf08a4ff0ca656bf99) (TextureImporter) -> (artifact id: 'e0466a4290ae7a29605641c75ae13217') in 0.002476625 seconds
Refreshing native plugins compatible for Editor in 0.00 ms, found 0 plugins.
Preloading 0 native plugins for Editor in 0.00 ms.
Asset Pipeline Refresh (id=1e6f3077eebba4cdfba06cf74a6d58ca): Total: 0.012 seconds - Initiated by StopAssetImportingV2(NoUpdateAssetOptions)
Start importing Assets/AreaBattle/Resources/Recovered/TaskPanel/Sprites/CAB-266ed0cae8f04fd3e6acbe0ec7d26e5f_-4680471801102724218.png using Guid(d0db6e265dbf346659eaa6d6d745127a) (TextureImporter) -> (artifact id: '22667d03fad3b9dc5ba920bc4563dc5c') in 0.002077542 seconds
Refreshing native plugins compatible for Editor in 0.00 ms, found 0 plugins.
Preloading 0 native plugins for Editor in 0.00 ms.
Asset Pipeline Refresh (id=cda71c344e1f34b6f9c1a606bfe1928f): Total: 0.008 seconds - Initiated by StopAssetImportingV2(NoUpdateAssetOptions)
Start importing Assets/AreaBattle/Resources/Recovered/TaskPanel/Sprites/CAB-266ed0cae8f04fd3e6acbe0ec7d26e5f_-4680471801102724218.png using Guid(d0db6e265dbf346659eaa6d6d745127a) (TextureImporter) -> (artifact id: '9d3f6715d1b2d574074f719c4e7baec5') in 0.002162292 seconds
Refreshing native plugins compatible for Editor in 0.00 ms, found 0 plugins.
Preloading 0 native plugins for Editor in 0.00 ms.
Asset Pipeline Refresh (id=87a213e62dda9416e81938b5aa095dc1): Total: 0.011 seconds - Initiated by StopAssetImportingV2(NoUpdateAssetOptions)
Start importing Assets/AreaBattle/Resources/Recovered/TaskPanel/Sprites/CAB-266ed0cae8f04fd3e6acbe0ec7d26e5f_7126071785108389237.png using Guid(856fe048fd15a46bd9ee27939bccb76c) (TextureImporter) -> (artifact id: 'b7e983f0b11c28afb42c07f2b2afbf7b') in 0.001784541 seconds
Refreshing native plugins compatible for Editor in 0.00 ms, found 0 plugins.
Preloading 0 native plugins for Editor in 0.00 ms.
Asset Pipeline Refresh (id=627ed0607c88545bdaf1ce4f736b61e2): Total: 0.009 seconds - Initiated by StopAssetImportingV2(NoUpdateAssetOptions)
Start importing Assets/AreaBattle/Resources/Recovered/TaskPanel/Sprites/CAB-266ed0cae8f04fd3e6acbe0ec7d26e5f_7126071785108389237.png using Guid(856fe048fd15a46bd9ee27939bccb76c) (TextureImporter) -> (artifact id: '58a90041c2dc45647bfc4417ee710923') in 0.002172208 seconds
Refreshing native plugins compatible for Editor in 0.00 ms, found 0 plugins.
Preloading 0 native plugins for Editor in 0.00 ms.
Asset Pipeline Refresh (id=8c263331d0bb64c489581d2025f11470): Total: 0.011 seconds - Initiated by StopAssetImportingV2(NoUpdateAssetOptions)
Start importing Assets/AreaBattle/Resources/Recovered/TaskPanel/Sprites/CAB-266ed0cae8f04fd3e6acbe0ec7d26e5f_4773068775150989582.png using Guid(ba2d84a84ad4e4f649331bf393d7d611) (TextureImporter) -> (artifact id: 'b8fdefa72aae7fa627fe5e9080d30f94') in 0.001814 seconds
Refreshing native plugins compatible for Editor in 0.00 ms, found 0 plugins.
Preloading 0 native plugins for Editor in 0.00 ms.
Asset Pipeline Refresh (id=bfb4d01847ba540719b425ad4fb22829): Total: 0.009 seconds - Initiated by StopAssetImportingV2(NoUpdateAssetOptions)
Start importing Assets/AreaBattle/Resources/Recovered/TaskPanel/Sprites/CAB-266ed0cae8f04fd3e6acbe0ec7d26e5f_4773068775150989582.png using Guid(ba2d84a84ad4e4f649331bf393d7d611) (TextureImporter) -> (artifact id: 'ddf0fedab8a774328993be358df32466') in 0.002387625 seconds
Refreshing native plugins compatible for Editor in 0.00 ms, found 0 plugins.
Preloading 0 native plugins for Editor in 0.00 ms.
Asset Pipeline Refresh (id=4ee982830d58a450ea5d30c7c1cef031): Total: 0.012 seconds - Initiated by StopAssetImportingV2(NoUpdateAssetOptions)
Start importing Assets/AreaBattle/Resources/Recovered/TaskPanel/Sprites/CAB-266ed0cae8f04fd3e6acbe0ec7d26e5f_-5574788738057904681.png using Guid(7ac92fd1ffd134984abb4c77e3dd0954) (TextureImporter) -> (artifact id: '91e1d7a568ac0065ff5b942dc6992fde') in 0.0014785 seconds
Refreshing native plugins compatible for Editor in 0.00 ms, found 0 plugins.
Preloading 0 native plugins for Editor in 0.00 ms.
Asset Pipeline Refresh (id=71d98799b4e21497db0099d586111f75): Total: 0.007 seconds - Initiated by StopAssetImportingV2(NoUpdateAssetOptions)
Start importing Assets/AreaBattle/Resources/Recovered/TaskPanel/Sprites/CAB-266ed0cae8f04fd3e6acbe0ec7d26e5f_-5574788738057904681.png using Guid(7ac92fd1ffd134984abb4c77e3dd0954) (TextureImporter) -> (artifact id: '48f984215bbe6e6293de047500d91f17') in 0.001628541 seconds
Refreshing native plugins compatible for Editor in 0.00 ms, found 0 plugins.
Preloading 0 native plugins for Editor in 0.00 ms.
Asset Pipeline Refresh (id=37d0be77a318e4fb79de372c4fb0089f): Total: 0.011 seconds - Initiated by StopAssetImportingV2(NoUpdateAssetOptions)
Start importing Assets/AreaBattle/Resources/Recovered/TaskPanel/Sprites/CAB-266ed0cae8f04fd3e6acbe0ec7d26e5f_351421032368338370.png using Guid(d7b13efbbc6dc4df1a334fcaa962eb77) (TextureImporter) -> (artifact id: 'a0fe229c10b554082a2b02b2a201bead') in 0.00149475 seconds
Refreshing native plugins compatible for Editor in 0.00 ms, found 0 plugins.
Preloading 0 native plugins for Editor in 0.00 ms.
Asset Pipeline Refresh (id=887a813bfff8a47cba0409782d571ad2): Total: 0.008 seconds - Initiated by StopAssetImportingV2(NoUpdateAssetOptions)
Start importing Assets/AreaBattle/Resources/Recovered/TaskPanel/Sprites/CAB-266ed0cae8f04fd3e6acbe0ec7d26e5f_351421032368338370.png using Guid(d7b13efbbc6dc4df1a334fcaa962eb77) (TextureImporter) -> (artifact id: '5b4dcd5b648954c34dd6390171f85cb8') in 0.001549125 seconds
Refreshing native plugins compatible for Editor in 0.00 ms, found 0 plugins.
Preloading 0 native plugins for Editor in 0.00 ms.
Asset Pipeline Refresh (id=6111dce5f4aae483989dd0d101cbacf4): Total: 0.011 seconds - Initiated by StopAssetImportingV2(NoUpdateAssetOptions)
Start importing Assets/AreaBattle/Resources/Recovered/TaskPanel/Sprites/CAB-266ed0cae8f04fd3e6acbe0ec7d26e5f_8956882279378107137.png using Guid(d6deffc1c01f6476fab01b8d7fef0ee9) (TextureImporter) -> (artifact id: 'e11338b03f5a938b4bb7ef498534c1d6') in 0.001936584 seconds
Refreshing native plugins compatible for Editor in 0.00 ms, found 0 plugins.
Preloading 0 native plugins for Editor in 0.00 ms.
Asset Pipeline Refresh (id=8ed03def2352b465aab4f7a54d622564): Total: 0.009 seconds - Initiated by StopAssetImportingV2(NoUpdateAssetOptions)
Start importing Assets/AreaBattle/Resources/Recovered/TaskPanel/Sprites/CAB-266ed0cae8f04fd3e6acbe0ec7d26e5f_8956882279378107137.png using Guid(d6deffc1c01f6476fab01b8d7fef0ee9) (TextureImporter) -> (artifact id: '753271b06e5b8ab0b2da5cf187dc48b4') in 0.002053542 seconds
Refreshing native plugins compatible for Editor in 0.00 ms, found 0 plugins.
Preloading 0 native plugins for Editor in 0.00 ms.
Asset Pipeline Refresh (id=a654809c90b3d46769c559a1d5dbcc2e): Total: 0.011 seconds - Initiated by StopAssetImportingV2(NoUpdateAssetOptions)
Start importing Assets/AreaBattle/Resources/Recovered/TaskPanel/Sprites/CAB-33e96ec3305dea57620a500388444b31_-4394984973089337484.png using Guid(112abaa82fb424a43b1f41e30ed148a7) (TextureImporter) -> (artifact id: '4cd8fb18e205cd3073cd4c16d6d799c5') in 0.002911208 seconds
Refreshing native plugins compatible for Editor in 0.00 ms, found 0 plugins.
Preloading 0 native plugins for Editor in 0.00 ms.
Asset Pipeline Refresh (id=d7aefed587a4b4a78af60a3d96e74817): Total: 0.009 seconds - Initiated by StopAssetImportingV2(NoUpdateAssetOptions)
Start importing Assets/AreaBattle/Resources/Recovered/TaskPanel/Sprites/CAB-33e96ec3305dea57620a500388444b31_-4394984973089337484.png using Guid(112abaa82fb424a43b1f41e30ed148a7) (TextureImporter) -> (artifact id: '06cd48f7954bb0123b73b0766b312e7d') in 0.004037667 seconds
Refreshing native plugins compatible for Editor in 0.00 ms, found 0 plugins.
Preloading 0 native plugins for Editor in 0.00 ms.
Asset Pipeline Refresh (id=ef975b80fe0154c3a9bd30ef490a2a4c): Total: 0.013 seconds - Initiated by StopAssetImportingV2(NoUpdateAssetOptions)
Start importing Assets/AreaBattle/Resources/Recovered/TaskPanel/Sprites/CAB-33e96ec3305dea57620a500388444b31_-1489498901108667408.png using Guid(1245bbaa5cd754ffeb73d51e2a287917) (TextureImporter) -> (artifact id: '1309c19cb8f4e60b4e0ec87acdcbc295') in 0.001157417 seconds
Refreshing native plugins compatible for Editor in 0.00 ms, found 0 plugins.
Preloading 0 native plugins for Editor in 0.00 ms.
Asset Pipeline Refresh (id=f0639006c4ea74ee0a13f09630181fa0): Total: 0.008 seconds - Initiated by StopAssetImportingV2(NoUpdateAssetOptions)
Start importing Assets/AreaBattle/Resources/Recovered/TaskPanel/Sprites/CAB-33e96ec3305dea57620a500388444b31_-1489498901108667408.png using Guid(1245bbaa5cd754ffeb73d51e2a287917) (TextureImporter) -> (artifact id: 'd10abce71882739197e5ffa408780cfc') in 0.001369375 seconds
Refreshing native plugins compatible for Editor in 0.00 ms, found 0 plugins.
Preloading 0 native plugins for Editor in 0.00 ms.
Asset Pipeline Refresh (id=eb82244880ae74601b1999487ccc50dc): Total: 0.011 seconds - Initiated by StopAssetImportingV2(NoUpdateAssetOptions)
Start importing Assets/AreaBattle/Resources/Recovered/TaskPanel/Sprites/CAB-33e96ec3305dea57620a500388444b31_-1198554936303928975.png using Guid(f883e2015170049bb9eb205a7735b985) (TextureImporter) -> (artifact id: '2327add9e998fb8a62dfd785bf0e23c4') in 0.001745 seconds
Refreshing native plugins compatible for Editor in 0.00 ms, found 0 plugins.
Preloading 0 native plugins for Editor in 0.00 ms.
Asset Pipeline Refresh (id=98cc5b1b1d85f4f17b9b665caf220037): Total: 0.008 seconds - Initiated by StopAssetImportingV2(NoUpdateAssetOptions)
Start importing Assets/AreaBattle/Resources/Recovered/TaskPanel/Sprites/CAB-33e96ec3305dea57620a500388444b31_-1198554936303928975.png using Guid(f883e2015170049bb9eb205a7735b985) (TextureImporter) -> (artifact id: 'b8b6b862fca4b2b3909d2e605d5c1987') in 0.001586916 seconds
Refreshing native plugins compatible for Editor in 0.00 ms, found 0 plugins.
Preloading 0 native plugins for Editor in 0.00 ms.
Asset Pipeline Refresh (id=4af1caadc8d6a4c1a968b0979f0f328f): Total: 0.010 seconds - Initiated by StopAssetImportingV2(NoUpdateAssetOptions)
Start importing Assets/AreaBattle/Resources/Recovered/TaskPanel/Sprites/CAB-33e96ec3305dea57620a500388444b31_-881933816702774214.png using Guid(6d8c0d4fe75ed41adb0f54720f05f300) (TextureImporter) -> (artifact id: '84d3d064f2bfc8c898dd969b858b1546') in 0.001469625 seconds
Refreshing native plugins compatible for Editor in 0.00 ms, found 0 plugins.
Preloading 0 native plugins for Editor in 0.00 ms.
Asset Pipeline Refresh (id=1dec79bbca20b4a4da7d38620462ea96): Total: 0.009 seconds - Initiated by StopAssetImportingV2(NoUpdateAssetOptions)
Start importing Assets/AreaBattle/Resources/Recovered/TaskPanel/Sprites/CAB-33e96ec3305dea57620a500388444b31_-881933816702774214.png using Guid(6d8c0d4fe75ed41adb0f54720f05f300) (TextureImporter) -> (artifact id: '46cdd0b0f2c6f8fb31646b8c1d5d9565') in 0.001671166 seconds
Refreshing native plugins compatible for Editor in 0.00 ms, found 0 plugins.
Preloading 0 native plugins for Editor in 0.00 ms.
Asset Pipeline Refresh (id=5190d7cac26c34358ac6dac4805af728): Total: 0.010 seconds - Initiated by StopAssetImportingV2(NoUpdateAssetOptions)
Start importing Assets/AreaBattle/Resources/Recovered/TaskPanel/Sprites/CAB-33e96ec3305dea57620a500388444b31_1029092383181525038.png using Guid(0c7eaef743b21428783a5d5dd56ab3e4) (TextureImporter) -> (artifact id: 'e5b95340cf79f63349f7cc368e6d0f7b') in 0.001566334 seconds
Refreshing native plugins compatible for Editor in 0.00 ms, found 0 plugins.
Preloading 0 native plugins for Editor in 0.00 ms.
Asset Pipeline Refresh (id=269652a99909d402bb30d91b78030cf1): Total: 0.008 seconds - Initiated by StopAssetImportingV2(NoUpdateAssetOptions)
Start importing Assets/AreaBattle/Resources/Recovered/TaskPanel/Sprites/CAB-33e96ec3305dea57620a500388444b31_1029092383181525038.png using Guid(0c7eaef743b21428783a5d5dd56ab3e4) (TextureImporter) -> (artifact id: '013a81e9cc88c7a5e3bc8da759993cc2') in 0.002219625 seconds
Refreshing native plugins compatible for Editor in 0.00 ms, found 0 plugins.
Preloading 0 native plugins for Editor in 0.00 ms.
Asset Pipeline Refresh (id=e671ce6445b914f8b9dab78a3b5b0204): Total: 0.011 seconds - Initiated by StopAssetImportingV2(NoUpdateAssetOptions)
Start importing Assets/AreaBattle/Resources/Recovered/TaskPanel/Sprites/CAB-33e96ec3305dea57620a500388444b31_2849312902814893322.png using Guid(075f3b0935a3e4452a5b6a8ff716926b) (TextureImporter) -> (artifact id: '80c7f0c721bc3b1470717c315d5a6bcd') in 0.001599666 seconds
Refreshing native plugins compatible for Editor in 0.00 ms, found 0 plugins.
Preloading 0 native plugins for Editor in 0.00 ms.
Asset Pipeline Refresh (id=571cdf63cfbbd40ae83d9c591c606d68): Total: 0.008 seconds - Initiated by StopAssetImportingV2(NoUpdateAssetOptions)
Start importing Assets/AreaBattle/Resources/Recovered/TaskPanel/Sprites/CAB-33e96ec3305dea57620a500388444b31_2849312902814893322.png using Guid(075f3b0935a3e4452a5b6a8ff716926b) (TextureImporter) -> (artifact id: '6ef559373d94af4f4133bd78662f2e90') in 0.002050167 seconds
Refreshing native plugins compatible for Editor in 0.00 ms, found 0 plugins.
Preloading 0 native plugins for Editor in 0.00 ms.
Asset Pipeline Refresh (id=354c5dddc8fbf436498d260fbc31d501): Total: 0.012 seconds - Initiated by StopAssetImportingV2(NoUpdateAssetOptions)
Start importing Assets/AreaBattle/Resources/Recovered/TaskPanel/Sprites/CAB-33e96ec3305dea57620a500388444b31_3375502498545042667.png using Guid(4e816bd47d76646639a8bc83ac35e54d) (TextureImporter) -> (artifact id: 'cf9c5100994d2fd3bb57a8164ed521b0') in 0.001512334 seconds
Refreshing native plugins compatible for Editor in 0.00 ms, found 0 plugins.
Preloading 0 native plugins for Editor in 0.00 ms.
Asset Pipeline Refresh (id=a2767b31fe84c4481bda7672a666cd94): Total: 0.008 seconds - Initiated by StopAssetImportingV2(NoUpdateAssetOptions)
Start importing Assets/AreaBattle/Resources/Recovered/TaskPanel/Sprites/CAB-33e96ec3305dea57620a500388444b31_3375502498545042667.png using Guid(4e816bd47d76646639a8bc83ac35e54d) (TextureImporter) -> (artifact id: 'db62954500bac404e27d4df91f9edcfb') in 0.002134917 seconds
Refreshing native plugins compatible for Editor in 0.00 ms, found 0 plugins.
Preloading 0 native plugins for Editor in 0.00 ms.
Asset Pipeline Refresh (id=518009ee76a864494b116193b6bcae80): Total: 0.013 seconds - Initiated by StopAssetImportingV2(NoUpdateAssetOptions)
Start importing Assets/AreaBattle/Resources/Recovered/TaskPanel/Sprites/CAB-33e96ec3305dea57620a500388444b31_4756019567719792022.png using Guid(75bf5dd166ca4418f9fedf99b87b4854) (TextureImporter) -> (artifact id: '9df264e8358931f9d982b4d04944b79c') in 0.001736042 seconds
Refreshing native plugins compatible for Editor in 0.00 ms, found 0 plugins.
Preloading 0 native plugins for Editor in 0.00 ms.
Asset Pipeline Refresh (id=d58222ba3c9654ec0ad20580d73a6241): Total: 0.010 seconds - Initiated by StopAssetImportingV2(NoUpdateAssetOptions)
Start importing Assets/AreaBattle/Resources/Recovered/TaskPanel/Sprites/CAB-33e96ec3305dea57620a500388444b31_4756019567719792022.png using Guid(75bf5dd166ca4418f9fedf99b87b4854) (TextureImporter) -> (artifact id: 'acf6ffcb56514a0eaf7f2f019d6d2cd6') in 0.002411792 seconds
Refreshing native plugins compatible for Editor in 0.00 ms, found 0 plugins.
Preloading 0 native plugins for Editor in 0.00 ms.
Asset Pipeline Refresh (id=0e0c62b8ec36e4d97a388a43a36ff8a6): Total: 0.012 seconds - Initiated by StopAssetImportingV2(NoUpdateAssetOptions)
Start importing Assets/AreaBattle/Resources/Recovered/TaskPanel/Sprites/CAB-33e96ec3305dea57620a500388444b31_6193263972851738262.png using Guid(f8c0d151e9a384667a3047d1d4fecaf2) (TextureImporter) -> (artifact id: 'c6bd7afe7aab43b85e57332d374257ae') in 0.00140725 seconds
Refreshing native plugins compatible for Editor in 0.00 ms, found 0 plugins.
Preloading 0 native plugins for Editor in 0.00 ms.
Asset Pipeline Refresh (id=777e1c8b6ac114de7b7ddeb63f2e861e): Total: 0.008 seconds - Initiated by StopAssetImportingV2(NoUpdateAssetOptions)
Start importing Assets/AreaBattle/Resources/Recovered/TaskPanel/Sprites/CAB-33e96ec3305dea57620a500388444b31_6193263972851738262.png using Guid(f8c0d151e9a384667a3047d1d4fecaf2) (TextureImporter) -> (artifact id: '5e68d7ee6e45978641f6766230bf1afe') in 0.001553875 seconds
Refreshing native plugins compatible for Editor in 0.00 ms, found 0 plugins.
Preloading 0 native plugins for Editor in 0.00 ms.
Asset Pipeline Refresh (id=339d6580a14a849ea81c60c1a074f18c): Total: 0.011 seconds - Initiated by StopAssetImportingV2(NoUpdateAssetOptions)
Start importing Assets/AreaBattle/Resources/Recovered/TaskPanel/Fonts/CAB-a14f3eb3adf948afc8e578331928efaf_6544835752251692798.ttf using Guid(e4724a2ae413c4c4fa26b03e7684d0e7) (TrueTypeFontImporter) -> (artifact id: '0b2ee8f35cb5fa040718b5a3351ac45c') in 0.003189125 seconds
Refreshing native plugins compatible for Editor in 0.00 ms, found 0 plugins.
Preloading 0 native plugins for Editor in 0.00 ms.
Asset Pipeline Refresh (id=e3638be659cb1415b9e303c8f85c7af4): Total: 0.010 seconds - Initiated by StopAssetImportingV2(NoUpdateAssetOptions)
Start importing Assets/AreaBattle/Resources/Recovered/TaskPanel/Fonts/CAB-a14f3eb3adf948afc8e578331928efaf_-8154394059653640722.ttf using Guid(99dfd951302e24473945a95d546189f5) (TrueTypeFontImporter) -> (artifact id: '4dd60639c4c1d88e5a39dc3b13642503') in 0.0037275 seconds
Refreshing native plugins compatible for Editor in 0.00 ms, found 0 plugins.
Preloading 0 native plugins for Editor in 0.00 ms.
Asset Pipeline Refresh (id=aab8018442536494184d5074f74a9a77): Total: 0.011 seconds - Initiated by StopAssetImportingV2(NoUpdateAssetOptions)
Start importing Assets/AreaBattle/Resources/Recovered/TaskPanel/Fonts/CAB-a14f3eb3adf948afc8e578331928efaf_6544835752251692798.ttf using Guid(e4724a2ae413c4c4fa26b03e7684d0e7) (TrueTypeFontImporter) -> (artifact id: 'de6d35f12cb3a914706e06a0040fe8a9') in 0.001004125 seconds
Refreshing native plugins compatible for Editor in 0.00 ms, found 0 plugins.
Preloading 0 native plugins for Editor in 0.00 ms.
Asset Pipeline Refresh (id=69f0a26408545475c81603ad06d21df7): Total: 0.011 seconds - Initiated by StopAssetImportingV2(NoUpdateAssetOptions)
Asset Pipeline Refresh (id=167476e8af9134f28a9f43906c974315): Total: 0.028 seconds - Initiated by RefreshV2(NoUpdateAssetOptions)
Start importing Assets/AreaBattle/Resources/Recovered/TaskPanel/TaskItemItem.prefab using Guid(1a774eed68afe41049f5784ddb6ffca2) (PrefabImporter) -> (artifact id: '2a955dd29c18f00dd2ee0060f08710b5') in 0.003352708 seconds
Refreshing native plugins compatible for Editor in 0.00 ms, found 0 plugins.
Preloading 0 native plugins for Editor in 0.00 ms.
Asset Pipeline Refresh (id=56117b13ed4d843f18f8930170e2a00f): Total: 0.012 seconds - Initiated by StopAssetImportingV2(NoUpdateAssetOptions)
Start importing Assets/AreaBattle/Resources/Recovered/TaskPanel/TaskItemItem.prefab using Guid(1a774eed68afe41049f5784ddb6ffca2) (PrefabImporter) -> (artifact id: '73d267be8067ed5549fe3152de37030e') in 0.001948417 seconds
Refreshing native plugins compatible for Editor in 0.00 ms, found 0 plugins.
Preloading 0 native plugins for Editor in 0.00 ms.
Asset Pipeline Refresh (id=6a6db48f911634a2f86a5fd539f8ee53): Total: 0.013 seconds - Initiated by StopAssetImportingV2(NoUpdateAssetOptions)
Can't add 'Image' to hdzd_eff_taskGlow because a 'Image' is already added to the game object!
A GameObject can only contain one 'Graphic' component.
UnityEngine.Debug:ExtractStackTraceNoAlloc (byte*,int,string)
UnityEngine.StackTraceUtility:ExtractStackTrace () (at /Users/bokken/build/output/unity/unity/Runtime/Export/Scripting/StackTrace.cs:35)
UnityEngine.GameObject:Internal_AddComponentWithType (System.Type)
UnityEngine.GameObject:AddComponent (System.Type) (at /Users/bokken/build/output/unity/unity/Runtime/Export/Scripting/GameObject.bindings.cs:246)
UnityEngine.GameObject:AddComponent<UnityEngine.UI.Image> () (at /Users/bokken/build/output/unity/unity/Runtime/Export/Scripting/GameObject.bindings.cs:251)
AreaBattle.EditorTools.RecoveredHudImporter:AddComponent (UnityEngine.GameObject,AreaBattle.EditorTools.RecoveredHudImporter/ComponentSource) (at Assets/AreaBattle/Editor/RecoveredHudImporter.cs:352)
AreaBattle.EditorTools.RecoveredHudImporter:Build (AreaBattle.EditorTools.RecoveredHudImporter/Prefab) (at Assets/AreaBattle/Editor/RecoveredHudImporter.cs:238)
AreaBattle.EditorTools.RecoveredHudImporter:ImportManifest (string,string,int,string) (at Assets/AreaBattle/Editor/RecoveredHudImporter.cs:220)
AreaBattle.EditorTools.RecoveredHudImporter:ImportTaskPanelBatch () (at Assets/AreaBattle/Editor/RecoveredHudImporter.cs:94)

[Assets/AreaBattle/Editor/RecoveredHudImporter.cs line 238]

NullReferenceException: Object reference not set to an instance of an object
  at AreaBattle.EditorTools.RecoveredHudImporter.AddComponent (UnityEngine.GameObject go, AreaBattle.EditorTools.RecoveredHudImporter+ComponentSource c) [0x006c2] in /private/tmp/areabattle-validation-20261003/UnityProject/Assets/AreaBattle/Editor/RecoveredHudImporter.cs:352 
  at AreaBattle.EditorTools.RecoveredHudImporter.Build (AreaBattle.EditorTools.RecoveredHudImporter+Prefab source) [0x00172] in /private/tmp/areabattle-validation-20261003/UnityProject/Assets/AreaBattle/Editor/RecoveredHudImporter.cs:238 
  at AreaBattle.EditorTools.RecoveredHudImporter.ImportManifest (System.String sourceRelative, System.String destination, System.Int32 expectedCount, System.String reportRelative) [0x003e6] in /private/tmp/areabattle-validation-20261003/UnityProject/Assets/AreaBattle/Editor/RecoveredHudImporter.cs:220 
  at AreaBattle.EditorTools.RecoveredHudImporter.ImportTaskPanelBatch () [0x00000] in /private/tmp/areabattle-validation-20261003/UnityProject/Assets/AreaBattle/Editor/RecoveredHudImporter.cs:94 
UnityEngine.DebugLogHandler:Internal_LogException_Injected(Exception, IntPtr)
UnityEngine.DebugLogHandler:Internal_LogException(Exception, Object)
UnityEngine.DebugLogHandler:LogException(Exception, Object)
UnityEngine.Logger:LogException(Exception, Object)
UnityEngine.Debug:LogException(Exception)
AreaBattle.EditorTools.RecoveredHudImporter:ImportTaskPanelBatch() (at Assets/AreaBattle/Editor/RecoveredHudImporter.cs:98)

(Filename: Assets/AreaBattle/Editor/RecoveredHudImporter.cs Line: 98)

Curl error 42: Callback aborted
Request timed out while processing request "https://public-cdn.cloud.unity3d.com/config/production", HTTP error code 0
.[UnityConnect] Request timed out.
Thread 0x17011b000 may have been prematurely finalized
Input System module state changed to: ShutdownInProgress.
Input System polling thread exited.
Input System module state changed to: Shutdown.
[Physics::Module] Cleanup current backend.
[Physics::Module] Id: 0xf2b8ea05
[Licensing::IpcConnector] LicenseClient-mt-notifications channel disconnected successfully.
[Licensing::IpcConnector] LicenseClient-mt channel disconnected successfully.
Thread 0x1709db000 may have been prematurely finalized
Thread 0x170a67000 may have been prematurely finalized
AcceleratorClientConnectionCallback - disconnected - :0
[40m[32minfo[39m[22m[49m: Microsoft.Hosting.Lifetime[0]
      Application is shutting down...
Cleanup mono
debugger-agent: Unable to listen on 43
[usbmuxd] Stop listen thread
[usbmuxd] Error: 
[usbmuxd] Listen thread exiting
