Unity Editor version:    6000.3.7f1 (696ec25a53d1)
Branch:                  6000.3/staging
Build type:              Release
Batch mode:              YES
macOS version:           Version 26.3.1 (a) (Build 25D771280a)
Darwin version:          25.3.0
Architecture:            arm64
Running under Rosetta:   NO
Available memory:        32768 MB
Date:                    2026-10-03T12:25:03Z
[Licensing::Module] Trying to connect to existing licensing client channel...
[Licensing::IpcConnector] Successfully connected to: "LicenseClient-mt" at "2026-10-03T12:25:03.13607Z"
Launching external process: /Applications/Unity6000.3.7f1/Unity-6000.3.7f1/Unity.app/Contents/Resources/PackageManager/Server/UnityPackageManager

COMMAND LINE ARGUMENTS:
/Applications/Unity6000.3.7f1/Unity-6000.3.7f1/Unity.app/Contents/MacOS/Unity
-batchmode
-quit
-projectPath
/private/tmp/areabattle-validation-20261003/UnityProject
-executeMethod
AreaBattle.EditorTools.RecoveredHudImporter.ImportTaskPanelBatch
-logFile
/private/tmp/areabattle-validation-20261003/analysis/task-panel-import-final.log
Successfully changed project path to: /private/tmp/areabattle-validation-20261003/UnityProject
/private/tmp/areabattle-validation-20261003/UnityProject
[UnityMemory] Configuration Parameters - Can be set up in boot.config
    "memorysetup-allocator-temp-initial-block-size-main=262144"
    "memorysetup-allocator-temp-initial-block-size-worker=262144"
    "memorysetup-temp-allocator-size-background-worker=32768"
    "memorysetup-temp-allocator-size-job-worker=262144"
    "memorysetup-temp-allocator-size-preload-manager=33554432"
    "memorysetup-temp-allocator-size-nav-mesh-worker=65536"
    "memorysetup-temp-allocator-size-audio-worker=65536"
    "memorysetup-temp-allocator-size-cloud-worker=32768"
    "memorysetup-bucket-allocator-granularity=16"
    "memorysetup-bucket-allocator-bucket-count=8"
    "memorysetup-bucket-allocator-block-size=33554432"
    "memorysetup-bucket-allocator-block-count=8"
    "memorysetup-main-allocator-block-size=16777216"
    "memorysetup-thread-allocator-block-size=16777216"
    "memorysetup-gfx-main-allocator-block-size=16777216"
    "memorysetup-gfx-thread-allocator-block-size=16777216"
    "memorysetup-cache-allocator-block-size=4194304"
    "memorysetup-typetree-allocator-block-size=2097152"
    "memorysetup-profiler-bucket-allocator-granularity=16"
    "memorysetup-profiler-bucket-allocator-bucket-count=8"
    "memorysetup-profiler-bucket-allocator-block-size=33554432"
    "memorysetup-profiler-bucket-allocator-block-count=8"
    "memorysetup-profiler-allocator-block-size=16777216"
    "memorysetup-profiler-editor-allocator-block-size=1048576"
    "memorysetup-temp-allocator-size-main=16777216"
    "memorysetup-job-temp-allocator-block-size=2097152"
    "memorysetup-job-temp-allocator-block-size-background=1048576"
    "memorysetup-job-temp-allocator-reduction-small-platforms=262144"
    "memorysetup-temp-allocator-size-gi-baking-worker=262144"
    "memorysetup-temp-allocator-size-gi-baking-worker=262144"
    "memorysetup-temp-allocator-size-gi-baking-worker=262144"
    "memorysetup-temp-allocator-size-gi-baking-worker=262144"
    "memorysetup-temp-allocator-size-gi-baking-worker=262144"
    "memorysetup-temp-allocator-size-gfx=262144"
Player connection [8506192128]  Target information:

Player connection [8506192128]  * "[IP] 192.168.0.136 [Port] 55506 [Flags] 2 [Guid] 1588771623 [EditorId] 1588771623 [Version] 1048832 [Id] OSXEditor(0,mtdeMacBook-Pro.local) [Debug] 1 [PackageName] OSXEditor [ProjectName] Editor" 

Player connection [8506192128]  * "[IP] 172.16.224.144 [Port] 55506 [Flags] 2 [Guid] 1588771623 [EditorId] 1588771623 [Version] 1048832 [Id] OSXEditor(0,mtdeMacBook-Pro.local) [Debug] 1 [PackageName] OSXEditor [ProjectName] Editor" 

Player connection [8506192128] Host joined multi-casting on [225.0.0.222:54997]...
Player connection [8506192128] Host joined alternative multi-casting on [225.0.0.222:34997]...
Input System module state changed to: Initialized.
[Physics::Module] Initialized fallback backend.
[Physics::Module] Id: 0xdecafbad
[Package Manager] Connected to IPC stream "Upm-9565" after 0.1 seconds.
[Licensing::Module] Licensing is not yet initialized.
[Licensing::Client] Code 0 while verifying Licensing Client signature (process Id: 75619, path: "/Applications/Unity6000.3.7f1/Unity-6000.3.7f1/Unity.app/Contents/Helpers/UnityLicensingClient.app/Contents/MacOS/Unity.Licensing.Client")
[Licensing::Module] LicensingClient has failed validation; ignoring
[Licensing::Client] Handshaking with LicensingClient:
  Version:                 1.17.4+4293ba1
  Session Id:              06b54c1a147a434b9958d0d9e80bf91a
  Correlation Id:          5590b3a76bba764bac1a831184dbb7b5
  External correlation Id: 7254938670039933557
  Machine Id:              TkagbQsjfXQmspsXe7+0nD9Nk6Q=
[Licensing::Module] Successfully connected to LicensingClient on channel: "LicenseClient-mt" (connect: 0.00s, validation: 0.00s, handshake: 0.30s)
[Licensing::IpcConnector] Successfully connected to: "LicenseClient-mt-notifications" at "2026-10-03T12:25:03.441565Z"
[Licensing::Module] Error: Access token is unavailable; failed to update
[Licensing::Client] Successfully resolved entitlement details
[Licensing::Module] License group:
  Id: 00-0000-0000-0000-0000-XXXX
  Product: Unity Pro
  Type: ULF
  Expiration: Unlimited
[Licensing::Client] Successfully updated license, isAsync: True, time: 0.00
[Licensing::Client] Successfully resolved entitlement details
[Licensing::Module] Licensing Background thread has ended after 0.32s
[Licensing::Module] Licensing is initialized (took 0.09s).
[Licensing::Client] Successfully resolved entitlement details
Library Redirect Path: Library/
[Physics::Module] Selected backend.
[Physics::Module] Name: PhysX
[Physics::Module] Id: 0xf2b8ea05
[Physics::Module] SDK Version: 4.1.2
[Physics::Module] Integration Version: 1.0.0
[Physics::Module] Threading Mode: Multi-Threaded
Artifact Garbage Collection - Removed 44 unused hashed content files
Refreshing native plugins compatible for Editor in 0.00 ms, found 0 plugins.
Preloading 0 native plugins for Editor in 0.00 ms.
Initialize engine version: 6000.3.7f1 (696ec25a53d1)
[Subsystems] Discovering subsystems at path /Applications/Unity6000.3.7f1/Unity-6000.3.7f1/Unity.app/Contents/Resources/UnitySubsystems
[Subsystems] Discovering subsystems at path /private/tmp/areabattle-validation-20261003/UnityProject/Assets
GfxDevice: creating device client; kGfxThreadingModeNonThreaded
 preferred device: Apple M2 Pro (high power)
Metal devices available: 1
0: Apple M2 Pro (high power)
Using device Apple M2 Pro (high power)
Initializing Metal device caps: Apple M2 Pro
Mac GPU Family: 2
Apple GPU Family: 8
MSL Version: 3.0
Has Float MSAA: 1
Has Float Filtering: 1
ReadWrite Texture Tier: 2
Initialize mono
Mono path[0] = '/Applications/Unity6000.3.7f1/Unity-6000.3.7f1/Unity.app/Contents/Resources/Scripting/Managed'
Mono path[1] = '/Applications/Unity6000.3.7f1/Unity-6000.3.7f1/Unity.app/Contents/Resources/Scripting/MonoBleedingEdge/lib/mono/unityjit-macos'
Mono config path = '/Applications/Unity6000.3.7f1/Unity-6000.3.7f1/Unity.app/Contents/Resources/Scripting/MonoBleedingEdge/etc'
Using monoOptions --debugger-agent=transport=dt_socket,embedding=1,server=y,suspend=n,address=127.0.0.1:56565
Using cacheserver namespaces - metadata:defaultmetadata, artifacts:defaultartifacts
Using cacheserver namespaces - metadata:defaultmetadata, artifacts:defaultartifacts
ImportWorker Server TCP listen port: 0
AcceleratorClientConnectionCallback - disconnected - :0
Begin MonoManager ReloadAssembly
Registering precompiled unity dll's ...
Register platform support module: /Applications/Unity6000.3.7f1/Unity-6000.3.7f1/Unity.app/Contents/PlaybackEngines/MacStandaloneSupport/UnityEditor.OSXStandalone.Extensions.dll
[Licensing::Client] Successfully resolved entitlement details
Register platform support module: /Applications/Unity6000.3.7f1/Unity-6000.3.7f1/PlaybackEngines/AndroidPlayer/UnityEditor.Android.Extensions.dll
[Licensing::Client] Successfully resolved entitlement details
Register platform support module: /Applications/Unity6000.3.7f1/Unity-6000.3.7f1/PlaybackEngines/iOSSupport/UnityEditor.iOS.Extensions.dll
Registered in 0.004381 seconds.
- Loaded All Assemblies, in  0.266 seconds
[usbmuxd] Start listen thread
[usbmuxd] Listen thread started
[usbmuxd] Send listen message
Native extension for iOS target not found
Native extension for Android target not found
Native extension for OSXStandalone target not found
ScheduleIndexationOnStartup MainProcess:False IndexOnStartup:False
Mono: successfully reloaded assembly
- Finished resetting the current domain, in  0.309 seconds
Domain Reload Profiling: 575ms
	BeginReloadAssembly (83ms)
		ExecutionOrderSort (0ms)
		DisableScriptedObjects (0ms)
		BackupInstance (0ms)
		ReleaseScriptingObjects (0ms)
		CreateAndSetChildDomain (13ms)
	RebuildCommonClasses (25ms)
	RebuildNativeTypeToScriptingClass (10ms)
	initialDomainReloadingComplete (29ms)
	LoadAllAssembliesAndSetupDomain (119ms)
		LoadAssemblies (71ms)
		RebuildTransferFunctionScriptingTraits (0ms)
		AnalyzeDomain (116ms)
			TypeCache.Refresh (115ms)
				TypeCache.ScanAssembly (104ms)
			BuildScriptInfoCaches (0ms)
			ResolveRequiredComponents (0ms)
	FinalizeReload (309ms)
		ReleaseScriptCaches (0ms)
		RebuildScriptCaches (0ms)
		SetupLoadedEditorAssemblies (283ms)
			LogAssemblyErrors (0ms)
			InitializePlatformSupportModulesInManaged (74ms)
			SetLoadedEditorAssemblies (3ms)
			BeforeProcessingInitializeOnLoad (61ms)
			ProcessInitializeOnLoadAttributes (89ms)
			ProcessInitializeOnLoadMethodAttributes (56ms)
			AfterProcessingInitializeOnLoad (0ms)
			EditorAssembliesLoaded (0ms)
		ExecutionOrderSort2 (0ms)
		AwakeInstancesAfterBackupRestoration (0ms)
[Licensing::Client] Successfully resolved entitlement details
Application.AssetDatabase Initial Refresh Start
Package Manager log level set to [2]
[Package Manager] Restoring resolved packages state from cache
[Licensing::Client] Successfully resolved entitlement details
[Package Manager] Registered 38 packages:
  Built-in packages:
    com.unity.multiplayer.center@1.0.1 (location: /private/tmp/areabattle-validation-20261003/UnityProject/Library/PackageCache/com.unity.multiplayer.center@f01f4ba8d00a)
    com.unity.ugui@2.0.0 (location: /private/tmp/areabattle-validation-20261003/UnityProject/Library/PackageCache/com.unity.ugui@11343a6274f3)
    com.unity.modules.accessibility@1.0.0 (location: /private/tmp/areabattle-validation-20261003/UnityProject/Library/PackageCache/com.unity.modules.accessibility)
    com.unity.modules.adaptiveperformance@1.0.0 (location: /private/tmp/areabattle-validation-20261003/UnityProject/Library/PackageCache/com.unity.modules.adaptiveperformance)
    com.unity.modules.ai@1.0.0 (location: /private/tmp/areabattle-validation-20261003/UnityProject/Library/PackageCache/com.unity.modules.ai)
    com.unity.modules.androidjni@1.0.0 (location: /private/tmp/areabattle-validation-20261003/UnityProject/Library/PackageCache/com.unity.modules.androidjni)
    com.unity.modules.animation@1.0.0 (location: /private/tmp/areabattle-validation-20261003/UnityProject/Library/PackageCache/com.unity.modules.animation)
    com.unity.modules.assetbundle@1.0.0 (location: /private/tmp/areabattle-validation-20261003/UnityProject/Library/PackageCache/com.unity.modules.assetbundle)
    com.unity.modules.audio@1.0.0 (location: /private/tmp/areabattle-validation-20261003/UnityProject/Library/PackageCache/com.unity.modules.audio)
    com.unity.modules.cloth@1.0.0 (location: /private/tmp/areabattle-validation-20261003/UnityProject/Library/PackageCache/com.unity.modules.cloth)
    com.unity.modules.director@1.0.0 (location: /private/tmp/areabattle-validation-20261003/UnityProject/Library/PackageCache/com.unity.modules.director)
    com.unity.modules.imageconversion@1.0.0 (location: /private/tmp/areabattle-validation-20261003/UnityProject/Library/PackageCache/com.unity.modules.imageconversion)
    com.unity.modules.imgui@1.0.0 (location: /private/tmp/areabattle-validation-20261003/UnityProject/Library/PackageCache/com.unity.modules.imgui)
    com.unity.modules.jsonserialize@1.0.0 (location: /private/tmp/areabattle-validation-20261003/UnityProject/Library/PackageCache/com.unity.modules.jsonserialize)
    com.unity.modules.particlesystem@1.0.0 (location: /private/tmp/areabattle-validation-20261003/UnityProject/Library/PackageCache/com.unity.modules.particlesystem)
    com.unity.modules.physics@1.0.0 (location: /private/tmp/areabattle-validation-20261003/UnityProject/Library/PackageCache/com.unity.modules.physics)
    com.unity.modules.physics2d@1.0.0 (location: /private/tmp/areabattle-validation-20261003/UnityProject/Library/PackageCache/com.unity.modules.physics2d)
    com.unity.modules.screencapture@1.0.0 (location: /private/tmp/areabattle-validation-20261003/UnityProject/Library/PackageCache/com.unity.modules.screencapture)
    com.unity.modules.terrain@1.0.0 (location: /private/tmp/areabattle-validation-20261003/UnityProject/Library/PackageCache/com.unity.modules.terrain)
    com.unity.modules.terrainphysics@1.0.0 (location: /private/tmp/areabattle-validation-20261003/UnityProject/Library/PackageCache/com.unity.modules.terrainphysics)
    com.unity.modules.tilemap@1.0.0 (location: /private/tmp/areabattle-validation-20261003/UnityProject/Library/PackageCache/com.unity.modules.tilemap)
    com.unity.modules.ui@1.0.0 (location: /private/tmp/areabattle-validation-20261003/UnityProject/Library/PackageCache/com.unity.modules.ui)
    com.unity.modules.uielements@1.0.0 (location: /private/tmp/areabattle-validation-20261003/UnityProject/Library/PackageCache/com.unity.modules.uielements)
    com.unity.modules.umbra@1.0.0 (location: /private/tmp/areabattle-validation-20261003/UnityProject/Library/PackageCache/com.unity.modules.umbra)
    com.unity.modules.unityanalytics@1.0.0 (location: /private/tmp/areabattle-validation-20261003/UnityProject/Library/PackageCache/com.unity.modules.unityanalytics)
    com.unity.modules.unitywebrequest@1.0.0 (location: /private/tmp/areabattle-validation-20261003/UnityProject/Library/PackageCache/com.unity.modules.unitywebrequest)
    com.unity.modules.unitywebrequestassetbundle@1.0.0 (location: /private/tmp/areabattle-validation-20261003/UnityProject/Library/PackageCache/com.unity.modules.unitywebrequestassetbundle)
    com.unity.modules.unitywebrequestaudio@1.0.0 (location: /private/tmp/areabattle-validation-20261003/UnityProject/Library/PackageCache/com.unity.modules.unitywebrequestaudio)
    com.unity.modules.unitywebrequesttexture@1.0.0 (location: /private/tmp/areabattle-validation-20261003/UnityProject/Library/PackageCache/com.unity.modules.unitywebrequesttexture)
    com.unity.modules.unitywebrequestwww@1.0.0 (location: /private/tmp/areabattle-validation-20261003/UnityProject/Library/PackageCache/com.unity.modules.unitywebrequestwww)
    com.unity.modules.vectorgraphics@1.0.0 (location: /private/tmp/areabattle-validation-20261003/UnityProject/Library/PackageCache/com.unity.modules.vectorgraphics)
    com.unity.modules.vehicles@1.0.0 (location: /private/tmp/areabattle-validation-20261003/UnityProject/Library/PackageCache/com.unity.modules.vehicles)
    com.unity.modules.video@1.0.0 (location: /private/tmp/areabattle-validation-20261003/UnityProject/Library/PackageCache/com.unity.modules.video)
    com.unity.modules.vr@1.0.0 (location: /private/tmp/areabattle-validation-20261003/UnityProject/Library/PackageCache/com.unity.modules.vr)
    com.unity.modules.wind@1.0.0 (location: /private/tmp/areabattle-validation-20261003/UnityProject/Library/PackageCache/com.unity.modules.wind)
    com.unity.modules.xr@1.0.0 (location: /private/tmp/areabattle-validation-20261003/UnityProject/Library/PackageCache/com.unity.modules.xr)
    com.unity.modules.subsystems@1.0.0 (location: /private/tmp/areabattle-validation-20261003/UnityProject/Library/PackageCache/com.unity.modules.subsystems)
    com.unity.modules.hierarchycore@1.0.0 (location: /private/tmp/areabattle-validation-20261003/UnityProject/Library/PackageCache/com.unity.modules.hierarchycore)
[Subsystems] No new subsystems found in resolved package list.
[Package Manager] Done registering packages in 0.01 seconds
[ScriptCompilation] Requested script compilation because: Assetdatabase observed changes in script compilation related files
[40m[32minfo[39m[22m[49m: Microsoft.Hosting.Lifetime[14]
      Now listening on: http://unix:/tmp/ilpp.sock-b4295128722492fe3148b2072c065e13
[40m[32minfo[39m[22m[49m: Microsoft.Hosting.Lifetime[0]
      Application started. Press Ctrl+C to shut down.
[40m[32minfo[39m[22m[49m: Microsoft.Hosting.Lifetime[0]
      Hosting environment: Production
[40m[32minfo[39m[22m[49m: Microsoft.Hosting.Lifetime[0]
      Content root path: /private/tmp/areabattle-validation-20261003/UnityProject/
[40m[32minfo[39m[22m[49m: Microsoft.AspNetCore.Hosting.Diagnostics[1]
      Request starting HTTP/2 POST http://ilpp/UnityILPP.PostProcessing/Ping application/grpc -
[40m[32minfo[39m[22m[49m: Microsoft.AspNetCore.Routing.EndpointMiddleware[0]
      Executing endpoint 'gRPC - /UnityILPP.PostProcessing/Ping'
[40m[32minfo[39m[22m[49m: Microsoft.AspNetCore.Routing.EndpointMiddleware[1]
      Executed endpoint 'gRPC - /UnityILPP.PostProcessing/Ping'
[40m[32minfo[39m[22m[49m: Microsoft.AspNetCore.Hosting.Diagnostics[2]
      Request finished HTTP/2 POST http://ilpp/UnityILPP.PostProcessing/Ping application/grpc - - 200 - application/grpc 24.4697ms
Starting: /Applications/Unity6000.3.7f1/Unity-6000.3.7f1/Unity.app/Contents/Resources/BuildPipeline/bee_backend --ipc --defer-dag-verification --dagfile="Library/Bee/200b0aE.dag" --continue-on-failure --profile="Library/Bee/backend1.traceevents" ScriptAssemblies
WorkingDir: /private/tmp/areabattle-validation-20261003/UnityProject
DisplayProgressbar: Compiling Scripts
ExitCode: 0 Duration: 3s202ms
[241/244    3s] Csc Library/Bee/artifacts/200b0aE.dag/Assembly-CSharp-Editor.dll (+2 others)
Assets/AreaBattle/Editor/OutgameAudioNodeValidation.cs(18,34): warning CS0108: 'OutgameAudioNodeValidation.Fixture.GetType' hides inherited member 'object.GetType()'. Use the new keyword if hiding was intended.
Assets/AreaBattle/Editor/OutgameUpdateManagerPlayModeValidation.cs(14,117): warning CS0414: The field 'OutgameUpdateManagerPlayModeValidation.driveActions' is assigned but its value is never used
[242/244    0s] CopyFiles Library/ScriptAssemblies/Assembly-CSharp-Editor.pdb
[243/244    0s] CopyFiles Library/ScriptAssemblies/Assembly-CSharp-Editor.dll
*** Tundra build success (3.18 seconds), 3 items updated, 244 evaluated
Assets/AreaBattle/Editor/OutgameAudioNodeValidation.cs(18,34): warning CS0108: 'OutgameAudioNodeValidation.Fixture.GetType' hides inherited member 'object.GetType()'. Use the new keyword if hiding was intended.
Assets/AreaBattle/Editor/OutgameUpdateManagerPlayModeValidation.cs(14,117): warning CS0414: The field 'OutgameUpdateManagerPlayModeValidation.driveActions' is assigned but its value is never used
AssetDatabase: script compilation time: 3.589398s
Begin MonoManager ReloadAssembly
- Loaded All Assemblies, in  0.361 seconds
Refreshing native plugins compatible for Editor in 0.00 ms, found 0 plugins.
Native extension for iOS target not found
Native extension for Android target not found
Native extension for OSXStandalone target not found
ScheduleIndexationOnStartup MainProcess:True IndexOnStartup:True
Mono: successfully reloaded assembly
- Finished resetting the current domain, in  0.298 seconds
Domain Reload Profiling: 659ms
	BeginReloadAssembly (269ms)
		ExecutionOrderSort (0ms)
		DisableScriptedObjects (40ms)
		BackupInstance (0ms)
		ReleaseScriptingObjects (0ms)
		CreateAndSetChildDomain (137ms)
	RebuildCommonClasses (24ms)
	RebuildNativeTypeToScriptingClass (9ms)
	initialDomainReloadingComplete (10ms)
	LoadAllAssembliesAndSetupDomain (48ms)
		LoadAssemblies (75ms)
		RebuildTransferFunctionScriptingTraits (0ms)
		AnalyzeDomain (37ms)
			TypeCache.Refresh (29ms)
				TypeCache.ScanAssembly (23ms)
			BuildScriptInfoCaches (4ms)
			ResolveRequiredComponents (2ms)
	FinalizeReload (298ms)
		ReleaseScriptCaches (0ms)
		RebuildScriptCaches (0ms)
		SetupLoadedEditorAssemblies (204ms)
			LogAssemblyErrors (0ms)
			InitializePlatformSupportModulesInManaged (27ms)
			SetLoadedEditorAssemblies (2ms)
			BeforeProcessingInitializeOnLoad (85ms)
			ProcessInitializeOnLoadAttributes (69ms)
			ProcessInitializeOnLoadMethodAttributes (21ms)
			AfterProcessingInitializeOnLoad (1ms)
			EditorAssembliesLoaded (0ms)
		ExecutionOrderSort2 (0ms)
		AwakeInstancesAfterBackupRestoration (3ms)
Refreshing native plugins compatible for Editor in 0.00 ms, found 0 plugins.
Preloading 0 native plugins for Editor in 0.00 ms.
Asset Pipeline Refresh (id=3fd7a0bb1530a4c41b796dba55962bfd): Total: 4.506 seconds - Initiated by InitialRefreshV2(ForceSynchronousImport)
	Summary:
		Imports: total=0 (actual=0, local cache=0, cache server=0)
		Asset DB Process Time: managed=0 ms, native=485 ms
		Asset DB Callback time: managed=51 ms, native=12 ms
		Scripting: domain reloads=1, domain reload time=361 ms, compile time=3591 ms, other=4 ms
		Project Asset Count: scripts=379, non-scripts=2335
		Asset File Changes: new=0, changed=1, moved=0, deleted=0
		Scan Filter Count: 1
	InvokeCustomDependenciesCallbacks: 0.000ms
	InvokePackagesCallback: 10.922ms
	ApplyChangesToAssetFolders: 0.132ms
	Scan: 124.469ms
	OnSourceAssetsModified: 0.426ms
	CategorizeAssetsWithTransientArtifact: 2.393ms
	ProcessAssetsWithTransientArtifactChanges: 7.927ms
	CategorizeAssets: 13.274ms
	ImportOutOfDateAssets: 299.522ms (-3291.752ms without children)
		CompileScripts: 3590.558ms
		ReloadNativeAssets: 0.000ms
		UnloadImportedAssets: 0.233ms
		EnsureUptoDateAssetsAreRegisteredWithGuidPM: 0.265ms
		InitializingProgressBar: 0.000ms
		PostProcessAllAssetNotificationsAddChangedAssets: 0.000ms
		OnDemandSchedulerStart: 0.218ms
	PostProcessAllAssets: 52.648ms
	Hotreload: 1.401ms
	GatherAllCurrentPrimaryArtifactRevisions: 0.000ms
	UnloadStreamsBegin: 0.564ms
	PersistCurrentRevisions: 0.064ms
	UnloadStreamsEnd: 0.000ms
	GenerateScriptTypeHashes: 0.885ms
	Untracked: 3992.305ms

Application.AssetDatabase Initial Refresh End
Launching external process: /Applications/Unity6000.3.7f1/Unity-6000.3.7f1/Unity.app/Contents/Helpers/UnityShaderCompiler
Launched and connected shader compiler UnityShaderCompiler after 0.03 seconds
Scanning for USB devices : 0.038ms
Initializing Unity extensions:
[MODES] ModeService[none].Initialize
[MODES] ModeService[none].LoadModes
[MODES] Loading mode Default (0) for mode-current-id-AreaBattle
2026-10-03 20:25:08.990 Unity[9565:52218678] NSEventModifierFlagFunction specified to -setKeyEquivalentModifierMask: for item <NSMenuItem: 0xb9a99d2c0 SDF, ke='Command-F12'>, but is only supported for system-provided menu items; will not be used
Unloading 57 Unused Serialized files (Serialized files now loaded: 0)
Unloading 1167 unused Assets / (5.3 MB). Loaded Objects now: 1724.
Memory consumption went from 133.6 MB to 128.3 MB.
Total: 6.615291 ms (FindLiveObjects: 0.094709 ms CreateObjectMapping: 0.038041 ms MarkObjects: 4.675625 ms  DeleteObjects: 1.806625 ms)

2026-10-03 20:25:09.025 Unity[9565:52218678] NSEventModifierFlagFunction specified to -setKeyEquivalentModifierMask: for item <NSMenuItem: 0xb9a99ca00 SDF, ke='Command-F12'>, but is only supported for system-provided menu items; will not be used
Asset Pipeline Refresh (id=fcfc35a7517ec45bd811895f39cc9ac6): Total: 0.055 seconds - Initiated by RefreshV2(NoUpdateAssetOptions)
Start importing Assets/AreaBattle/Resources/Recovered/GuideSpine/Textures/CAB-71a96badbcffab7b7451a783f271bc4b_2026805924299331817/YD.png using Guid(04c8c611faa238c4daf9028c4f06ec0a) (TextureImporter) -> (artifact id: '092a3a56259bef874de00dbb582a941b') in 0.051138333 seconds
Refreshing native plugins compatible for Editor in 0.00 ms, found 0 plugins.
Preloading 0 native plugins for Editor in 0.00 ms.
Asset Pipeline Refresh (id=61dae27649243417c84bdd4e1b31fb73): Total: 0.061 seconds - Initiated by StopAssetImportingV2(NoUpdateAssetOptions)
Start importing Assets/AreaBattle/Resources/Recovered/GuideSpine/Textures/CAB-71a96badbcffab7b7451a783f271bc4b_2026805924299331817/YD.png using Guid(04c8c611faa238c4daf9028c4f06ec0a) (TextureImporter) -> (artifact id: '092a3a56259bef874de00dbb582a941b') in 0.044571833 seconds
Refreshing native plugins compatible for Editor in 0.00 ms, found 0 plugins.
Preloading 0 native plugins for Editor in 0.00 ms.
Asset Pipeline Refresh (id=f3cd80df266a642069fc2607ce77f852): Total: 0.051 seconds - Initiated by StopAssetImportingV2(NoUpdateAssetOptions)
Start importing Assets/AreaBattle/Resources/Recovered/GuideSpine/Spine/CAB-71a96badbcffab7b7451a783f271bc4b_435856469966727484.txt using Guid(416b31bbe4f2653409abae32f1f49b09) (TextScriptImporter) -> (artifact id: '7ae6c84b3c7b665ea6338bb711bc4f75') in 0.001262333 seconds
Refreshing native plugins compatible for Editor in 0.00 ms, found 0 plugins.
Preloading 0 native plugins for Editor in 0.00 ms.
Asset Pipeline Refresh (id=46ca9bdb5b1fc45319ecffa90e885ea4): Total: 0.008 seconds - Initiated by StopAssetImportingV2(NoUpdateAssetOptions)
Start importing Assets/AreaBattle/Resources/Recovered/GuideSpine/Textures/CAB-71a96badbcffab7b7451a783f271bc4b_-7791903411662756124/YD_2.png using Guid(3479ad8d8553dbf4a9eaabee610f7fc5) (TextureImporter) -> (artifact id: 'ac15fe3047754b2140ffb7e42b33694c') in 0.01302075 seconds
Refreshing native plugins compatible for Editor in 0.00 ms, found 0 plugins.
Preloading 0 native plugins for Editor in 0.00 ms.
Asset Pipeline Refresh (id=5e2208ab4373e422db65d10ad9a310c1): Total: 0.019 seconds - Initiated by StopAssetImportingV2(NoUpdateAssetOptions)
Start importing Assets/AreaBattle/Resources/Recovered/GuideSpine/Textures/CAB-71a96badbcffab7b7451a783f271bc4b_-7791903411662756124/YD_2.png using Guid(3479ad8d8553dbf4a9eaabee610f7fc5) (TextureImporter) -> (artifact id: 'ac15fe3047754b2140ffb7e42b33694c') in 0.011963625 seconds
Refreshing native plugins compatible for Editor in 0.00 ms, found 0 plugins.
Preloading 0 native plugins for Editor in 0.00 ms.
Asset Pipeline Refresh (id=c7363e78d30af4cc89b520c85e68d957): Total: 0.018 seconds - Initiated by StopAssetImportingV2(NoUpdateAssetOptions)
Start importing Assets/AreaBattle/Resources/Recovered/GuideSpine/Spine/CAB-71a96badbcffab7b7451a783f271bc4b_5200670246001647623.txt using Guid(fc943b415feb09c43866392db5d9568e) (TextScriptImporter) -> (artifact id: 'a5035b6a37cd47acd2ffa664f485e20a') in 0.001173292 seconds
Refreshing native plugins compatible for Editor in 0.00 ms, found 0 plugins.
Preloading 0 native plugins for Editor in 0.00 ms.
Asset Pipeline Refresh (id=7a00d1f54acc0494089708265216753e): Total: 0.007 seconds - Initiated by StopAssetImportingV2(NoUpdateAssetOptions)
Start importing Assets/AreaBattle/Resources/Recovered/GuideSpine/Meshes/CAB-71a96badbcffab7b7451a783f271bc4b_-2780960743001050164.asset using Guid(7414d633902f4754aa651723b4868d95) (NativeFormatImporter) -> (artifact id: 'd7d588f2b8e53e23c03d8dd955ad3b6d') in 0.000980042 seconds
Refreshing native plugins compatible for Editor in 0.00 ms, found 0 plugins.
Preloading 0 native plugins for Editor in 0.00 ms.
Asset Pipeline Refresh (id=99061697c7e124f68ace67d6c18bc7d4): Total: 0.007 seconds - Initiated by StopAssetImportingV2(NoUpdateAssetOptions)
Start importing Assets/AreaBattle/Resources/Recovered/GuideSpine/Materials/CAB-71a96badbcffab7b7451a783f271bc4b_-7672899569522605211.mat using Guid(fc641687867d0e545a80a6a58102e6cf) (NativeFormatImporter)Main Object Name 'YD_YD' does not match filename 'CAB-71a96badbcffab7b7451a783f271bc4b_-7672899569522605211'
UnityEngine.Debug:ExtractStackTraceNoAlloc (byte*,int,string)
UnityEngine.StackTraceUtility:ExtractStackTrace () (at /Users/bokken/build/output/unity/unity/Runtime/Export/Scripting/StackTrace.cs:35)
UnityEditor.AssetDatabase:ImportAsset (string,UnityEditor.ImportAssetOptions)
AreaBattle.EditorTools.RecoveredGuideSpineImporter:ImportNativeResource (AreaBattle.EditorTools.RecoveredGuideSpineImporter/Resource,string,System.Type) (at Assets/AreaBattle/Editor/RecoveredGuideSpineImporter.cs:148)
AreaBattle.EditorTools.RecoveredGuideSpineImporter:ImportAt (string,string,string,string) (at Assets/AreaBattle/Editor/RecoveredGuideSpineImporter.cs:85)
AreaBattle.EditorTools.RecoveredGuideSpineImporter:Import () (at Assets/AreaBattle/Editor/RecoveredGuideSpineImporter.cs:46)
AreaBattle.EditorTools.RecoveredHudImporter:ImportManifest (string,string,int,string) (at Assets/AreaBattle/Editor/RecoveredHudImporter.cs:180)
AreaBattle.EditorTools.RecoveredHudImporter:ImportTaskPanelBatch () (at Assets/AreaBattle/Editor/RecoveredHudImporter.cs:94)

[Assets/AreaBattle/Editor/RecoveredGuideSpineImporter.cs line 148]

 -> (artifact id: 'c4cbfcfbd5dd67b5d0eeaca9373377e2') in 0.001284083 seconds
Refreshing native plugins compatible for Editor in 0.00 ms, found 0 plugins.
Preloading 0 native plugins for Editor in 0.00 ms.
Asset Pipeline Refresh (id=63e53d86aa52f4c65bdcadea78c533b1): Total: 0.007 seconds - Initiated by StopAssetImportingV2(NoUpdateAssetOptions)
Start importing Assets/AreaBattle/Resources/Recovered/GuideSpine/Materials/CAB-71a96badbcffab7b7451a783f271bc4b_-7572599234430709561.mat using Guid(fed2e73817d751a47a923e0a757d2d05) (NativeFormatImporter)Main Object Name 'YD_YD_2' does not match filename 'CAB-71a96badbcffab7b7451a783f271bc4b_-7572599234430709561'
UnityEngine.Debug:ExtractStackTraceNoAlloc (byte*,int,string)
UnityEngine.StackTraceUtility:ExtractStackTrace () (at /Users/bokken/build/output/unity/unity/Runtime/Export/Scripting/StackTrace.cs:35)
UnityEditor.AssetDatabase:ImportAsset (string,UnityEditor.ImportAssetOptions)
AreaBattle.EditorTools.RecoveredGuideSpineImporter:ImportNativeResource (AreaBattle.EditorTools.RecoveredGuideSpineImporter/Resource,string,System.Type) (at Assets/AreaBattle/Editor/RecoveredGuideSpineImporter.cs:148)
AreaBattle.EditorTools.RecoveredGuideSpineImporter:ImportAt (string,string,string,string) (at Assets/AreaBattle/Editor/RecoveredGuideSpineImporter.cs:85)
AreaBattle.EditorTools.RecoveredGuideSpineImporter:Import () (at Assets/AreaBattle/Editor/RecoveredGuideSpineImporter.cs:46)
AreaBattle.EditorTools.RecoveredHudImporter:ImportManifest (string,string,int,string) (at Assets/AreaBattle/Editor/RecoveredHudImporter.cs:180)
AreaBattle.EditorTools.RecoveredHudImporter:ImportTaskPanelBatch () (at Assets/AreaBattle/Editor/RecoveredHudImporter.cs:94)

[Assets/AreaBattle/Editor/RecoveredGuideSpineImporter.cs line 148]

 -> (artifact id: '90272fbaa69c274857999d9064fc7947') in 0.00108525 seconds
Refreshing native plugins compatible for Editor in 0.00 ms, found 0 plugins.
Preloading 0 native plugins for Editor in 0.00 ms.
Asset Pipeline Refresh (id=e54b29802721e4b349993a6a5b418eaa): Total: 0.007 seconds - Initiated by StopAssetImportingV2(NoUpdateAssetOptions)
Start importing Assets/AreaBattle/Resources/Recovered/GuideSpine/Spine/CAB-71a96badbcffab7b7451a783f271bc4b_-1778157884270872766.asset using Guid(e5d72c94728ecf94b8781b24c65bead5) (NativeFormatImporter)Main Object Name 'YD_Atlas' does not match filename 'CAB-71a96badbcffab7b7451a783f271bc4b_-1778157884270872766'
UnityEngine.Debug:ExtractStackTraceNoAlloc (byte*,int,string)
UnityEngine.StackTraceUtility:ExtractStackTrace () (at /Users/bokken/build/output/unity/unity/Runtime/Export/Scripting/StackTrace.cs:35)
UnityEditor.AssetDatabase:ImportAsset (string,UnityEditor.ImportAssetOptions)
AreaBattle.EditorTools.RecoveredGuideSpineImporter:ImportNativeResource (AreaBattle.EditorTools.RecoveredGuideSpineImporter/Resource,string,System.Type) (at Assets/AreaBattle/Editor/RecoveredGuideSpineImporter.cs:148)
AreaBattle.EditorTools.RecoveredGuideSpineImporter:ImportAt (string,string,string,string) (at Assets/AreaBattle/Editor/RecoveredGuideSpineImporter.cs:97)
AreaBattle.EditorTools.RecoveredGuideSpineImporter:Import () (at Assets/AreaBattle/Editor/RecoveredGuideSpineImporter.cs:46)
AreaBattle.EditorTools.RecoveredHudImporter:ImportManifest (string,string,int,string) (at Assets/AreaBattle/Editor/RecoveredHudImporter.cs:180)
AreaBattle.EditorTools.RecoveredHudImporter:ImportTaskPanelBatch () (at Assets/AreaBattle/Editor/RecoveredHudImporter.cs:94)

[Assets/AreaBattle/Editor/RecoveredGuideSpineImporter.cs line 148]

 -> (artifact id: '30554400c018999b1cdc8d6467071fd2') in 0.001264625 seconds
Refreshing native plugins compatible for Editor in 0.00 ms, found 0 plugins.
Preloading 0 native plugins for Editor in 0.00 ms.
Asset Pipeline Refresh (id=45291d65b49bb42e8a245e3501026e24): Total: 0.008 seconds - Initiated by StopAssetImportingV2(NoUpdateAssetOptions)
Refreshing native plugins compatible for Editor in 0.00 ms, found 0 plugins.
Preloading 0 native plugins for Editor in 0.00 ms.
Asset Pipeline Refresh (id=b3b533baffa2944edaa875ad72d38f93): Total: 0.006 seconds - Initiated by StopAssetImportingV2(NoUpdateAssetOptions)
Start importing Assets/AreaBattle/Resources/Recovered/GuideSpine/Spine/CAB-71a96badbcffab7b7451a783f271bc4b_5262709187943515980.asset using Guid(e7401860532b0eb4d935e048f849e34f) (NativeFormatImporter)Main Object Name 'YD_SkeletonData' does not match filename 'CAB-71a96badbcffab7b7451a783f271bc4b_5262709187943515980'
UnityEngine.Debug:ExtractStackTraceNoAlloc (byte*,int,string)
UnityEngine.StackTraceUtility:ExtractStackTrace () (at /Users/bokken/build/output/unity/unity/Runtime/Export/Scripting/StackTrace.cs:35)
UnityEditor.AssetDatabase:ImportAsset (string,UnityEditor.ImportAssetOptions)
AreaBattle.EditorTools.RecoveredGuideSpineImporter:ImportNativeResource (AreaBattle.EditorTools.RecoveredGuideSpineImporter/Resource,string,System.Type) (at Assets/AreaBattle/Editor/RecoveredGuideSpineImporter.cs:148)
AreaBattle.EditorTools.RecoveredGuideSpineImporter:ImportAt (string,string,string,string) (at Assets/AreaBattle/Editor/RecoveredGuideSpineImporter.cs:97)
AreaBattle.EditorTools.RecoveredGuideSpineImporter:Import () (at Assets/AreaBattle/Editor/RecoveredGuideSpineImporter.cs:46)
AreaBattle.EditorTools.RecoveredHudImporter:ImportManifest (string,string,int,string) (at Assets/AreaBattle/Editor/RecoveredHudImporter.cs:180)
AreaBattle.EditorTools.RecoveredHudImporter:ImportTaskPanelBatch () (at Assets/AreaBattle/Editor/RecoveredHudImporter.cs:94)

[Assets/AreaBattle/Editor/RecoveredGuideSpineImporter.cs line 148]

 -> (artifact id: '97f4ed317dd883727cb5f5425e68849c') in 0.001695542 seconds
Refreshing native plugins compatible for Editor in 0.00 ms, found 0 plugins.
Preloading 0 native plugins for Editor in 0.00 ms.
Asset Pipeline Refresh (id=f59c97d4e92ae4172b442dc7fae0178c): Total: 0.008 seconds - Initiated by StopAssetImportingV2(NoUpdateAssetOptions)
Refreshing native plugins compatible for Editor in 0.00 ms, found 0 plugins.
Preloading 0 native plugins for Editor in 0.00 ms.
Asset Pipeline Refresh (id=31f3a29bb449a4913b820a9e4bbe070d): Total: 0.005 seconds - Initiated by StopAssetImportingV2(NoUpdateAssetOptions)
Start importing Assets/AreaBattle/Resources/Recovered/GuideSpine/YD_0.prefab using Guid(aaea5a43043e33644ad6a203858e23f4) (PrefabImporter) -> (artifact id: '6fe0b3b515492dfbc57e4c0b4d2db05e') in 0.004949458 seconds
Refreshing native plugins compatible for Editor in 0.00 ms, found 0 plugins.
Preloading 0 native plugins for Editor in 0.00 ms.
Asset Pipeline Refresh (id=51e1fc2ff9b6b492baf4bd863d8c1f78): Total: 0.011 seconds - Initiated by StopAssetImportingV2(NoUpdateAssetOptions)
Start importing Assets/AreaBattle/Resources/Recovered/GuideSpine/YD_0.prefab using Guid(aaea5a43043e33644ad6a203858e23f4) (PrefabImporter) -> (artifact id: '6fe0b3b515492dfbc57e4c0b4d2db05e') in 0.001212042 seconds
Refreshing native plugins compatible for Editor in 0.00 ms, found 0 plugins.
Preloading 0 native plugins for Editor in 0.00 ms.
Asset Pipeline Refresh (id=5fbc540d671d34ec799635dac4c5d4ea): Total: 0.008 seconds - Initiated by StopAssetImportingV2(NoUpdateAssetOptions)
Asset Pipeline Refresh (id=402b29a29f970486cbad83602c7eb30d): Total: 0.020 seconds - Initiated by RefreshV2(NoUpdateAssetOptions)
Start importing Assets/AreaBattle/Resources/Recovered/TaskPanel/Sprites/CAB-f28f056045412bbaaaf208ce516068e1_2849312902814893322.png using Guid(98f082d6ff0b84f81bdf12bc3bf3eff9) (TextureImporter) -> (artifact id: 'f052c9809054b3b5d39e046a9cc893d1') in 0.001929667 seconds
Refreshing native plugins compatible for Editor in 0.00 ms, found 0 plugins.
Preloading 0 native plugins for Editor in 0.00 ms.
Asset Pipeline Refresh (id=e724cbdcf4a1e4be4816d189b367b018): Total: 0.008 seconds - Initiated by StopAssetImportingV2(NoUpdateAssetOptions)
Start importing Assets/AreaBattle/Resources/Recovered/TaskPanel/Sprites/CAB-f28f056045412bbaaaf208ce516068e1_2849312902814893322.png using Guid(98f082d6ff0b84f81bdf12bc3bf3eff9) (TextureImporter) -> (artifact id: 'f052c9809054b3b5d39e046a9cc893d1') in 0.001637083 seconds
Refreshing native plugins compatible for Editor in 0.00 ms, found 0 plugins.
Preloading 0 native plugins for Editor in 0.00 ms.
Asset Pipeline Refresh (id=1a2c02c3ae90640b68ee92e7e01604a3): Total: 0.008 seconds - Initiated by StopAssetImportingV2(NoUpdateAssetOptions)
Start importing Assets/AreaBattle/Resources/Recovered/TaskPanel/Sprites/CAB-f28f056045412bbaaaf208ce516068e1_1029092383181525038.png using Guid(af78b7ac6f404499e950f3548701e65d) (TextureImporter) -> (artifact id: '1a689a1e1299b22b2fa14233afb74167') in 0.001504958 seconds
Refreshing native plugins compatible for Editor in 0.00 ms, found 0 plugins.
Preloading 0 native plugins for Editor in 0.00 ms.
Asset Pipeline Refresh (id=86088df3157884147b8a2ac232a530a3): Total: 0.007 seconds - Initiated by StopAssetImportingV2(NoUpdateAssetOptions)
Start importing Assets/AreaBattle/Resources/Recovered/TaskPanel/Sprites/CAB-f28f056045412bbaaaf208ce516068e1_1029092383181525038.png using Guid(af78b7ac6f404499e950f3548701e65d) (TextureImporter) -> (artifact id: '1a689a1e1299b22b2fa14233afb74167') in 0.001671875 seconds
Refreshing native plugins compatible for Editor in 0.00 ms, found 0 plugins.
Preloading 0 native plugins for Editor in 0.00 ms.
Asset Pipeline Refresh (id=e6dc1933375d742c88882014f462f992): Total: 0.008 seconds - Initiated by StopAssetImportingV2(NoUpdateAssetOptions)
Start importing Assets/AreaBattle/Resources/Recovered/TaskPanel/Sprites/CAB-f28f056045412bbaaaf208ce516068e1_-6036163438100560364.png using Guid(919e57ef9da5a4cdba50732e29e45230) (TextureImporter) -> (artifact id: '7e6dab00e8c79d7757a33d253cb85cc3') in 0.000922625 seconds
Refreshing native plugins compatible for Editor in 0.00 ms, found 0 plugins.
Preloading 0 native plugins for Editor in 0.00 ms.
Asset Pipeline Refresh (id=0f5e3494c2ca1434ca3112d05f2888e9): Total: 0.006 seconds - Initiated by StopAssetImportingV2(NoUpdateAssetOptions)
Start importing Assets/AreaBattle/Resources/Recovered/TaskPanel/Sprites/CAB-f28f056045412bbaaaf208ce516068e1_-6036163438100560364.png using Guid(919e57ef9da5a4cdba50732e29e45230) (TextureImporter) -> (artifact id: '7e6dab00e8c79d7757a33d253cb85cc3') in 0.000908709 seconds
Refreshing native plugins compatible for Editor in 0.00 ms, found 0 plugins.
Preloading 0 native plugins for Editor in 0.00 ms.
Asset Pipeline Refresh (id=7112c2df3eaea4fff84f3d8d1bd2de93): Total: 0.007 seconds - Initiated by StopAssetImportingV2(NoUpdateAssetOptions)
Start importing Assets/AreaBattle/Resources/Recovered/TaskPanel/Sprites/CAB-f28f056045412bbaaaf208ce516068e1_8669368746150556898.png using Guid(2df1e1af14fa347c4ba0d59a9dfb5dea) (TextureImporter) -> (artifact id: '9e5b305bc55c9f61d1820a5eb85e547e') in 0.000807375 seconds
Refreshing native plugins compatible for Editor in 0.00 ms, found 0 plugins.
Preloading 0 native plugins for Editor in 0.00 ms.
Asset Pipeline Refresh (id=068c1babd1284472e810600137389c4b): Total: 0.006 seconds - Initiated by StopAssetImportingV2(NoUpdateAssetOptions)
Start importing Assets/AreaBattle/Resources/Recovered/TaskPanel/Sprites/CAB-f28f056045412bbaaaf208ce516068e1_8669368746150556898.png using Guid(2df1e1af14fa347c4ba0d59a9dfb5dea) (TextureImporter) -> (artifact id: '9e5b305bc55c9f61d1820a5eb85e547e') in 0.000757208 seconds
Refreshing native plugins compatible for Editor in 0.00 ms, found 0 plugins.
Preloading 0 native plugins for Editor in 0.00 ms.
Asset Pipeline Refresh (id=539c42f7eec544326a011c1f66406de7): Total: 0.006 seconds - Initiated by StopAssetImportingV2(NoUpdateAssetOptions)
Start importing Assets/AreaBattle/Resources/Recovered/TaskPanel/Sprites/CAB-f28f056045412bbaaaf208ce516068e1_6193263972851738262.png using Guid(3596ec031b3ee423cb6d25c8e7cd1d17) (TextureImporter) -> (artifact id: '0d9eda56fb18f49335cb40ef5adf1b3e') in 0.000992666 seconds
Refreshing native plugins compatible for Editor in 0.00 ms, found 0 plugins.
Preloading 0 native plugins for Editor in 0.00 ms.
Asset Pipeline Refresh (id=b40f041657ef44a29b59848edf1bd80a): Total: 0.006 seconds - Initiated by StopAssetImportingV2(NoUpdateAssetOptions)
Start importing Assets/AreaBattle/Resources/Recovered/TaskPanel/Sprites/CAB-f28f056045412bbaaaf208ce516068e1_6193263972851738262.png using Guid(3596ec031b3ee423cb6d25c8e7cd1d17) (TextureImporter) -> (artifact id: '0d9eda56fb18f49335cb40ef5adf1b3e') in 0.0008375 seconds
Refreshing native plugins compatible for Editor in 0.00 ms, found 0 plugins.
Preloading 0 native plugins for Editor in 0.00 ms.
Asset Pipeline Refresh (id=48b416c26991e4298a5ad257833a43af): Total: 0.006 seconds - Initiated by StopAssetImportingV2(NoUpdateAssetOptions)
Start importing Assets/AreaBattle/Resources/Recovered/TaskPanel/Sprites/CAB-f28f056045412bbaaaf208ce516068e1_-1198554936303928975.png using Guid(d6a17894f4a15407ab765065515df8a7) (TextureImporter) -> (artifact id: '6bcda5a3a6009059bfd77296c3bf6831') in 0.001402459 seconds
Refreshing native plugins compatible for Editor in 0.00 ms, found 0 plugins.
Preloading 0 native plugins for Editor in 0.00 ms.
Asset Pipeline Refresh (id=e5c598669202e4761b5126b934946319): Total: 0.007 seconds - Initiated by StopAssetImportingV2(NoUpdateAssetOptions)
Start importing Assets/AreaBattle/Resources/Recovered/TaskPanel/Sprites/CAB-f28f056045412bbaaaf208ce516068e1_-1198554936303928975.png using Guid(d6a17894f4a15407ab765065515df8a7) (TextureImporter) -> (artifact id: '6bcda5a3a6009059bfd77296c3bf6831') in 0.00109625 seconds
Refreshing native plugins compatible for Editor in 0.00 ms, found 0 plugins.
Preloading 0 native plugins for Editor in 0.00 ms.
Asset Pipeline Refresh (id=1522c19c8d1ab4caf98ad1042cff57b5): Total: 0.006 seconds - Initiated by StopAssetImportingV2(NoUpdateAssetOptions)
Start importing Assets/AreaBattle/Resources/Recovered/TaskPanel/Sprites/CAB-f28f056045412bbaaaf208ce516068e1_-881933816702774214.png using Guid(a11ab5e3168b74b889f5e11fc5bdeecd) (TextureImporter) -> (artifact id: 'eddbda6e873f7a3102b96d667cafbb70') in 0.001502375 seconds
Refreshing native plugins compatible for Editor in 0.00 ms, found 0 plugins.
Preloading 0 native plugins for Editor in 0.00 ms.
Asset Pipeline Refresh (id=4b307ff38adfb4ca7b956b430422f51c): Total: 0.007 seconds - Initiated by StopAssetImportingV2(NoUpdateAssetOptions)
Start importing Assets/AreaBattle/Resources/Recovered/TaskPanel/Sprites/CAB-f28f056045412bbaaaf208ce516068e1_-881933816702774214.png using Guid(a11ab5e3168b74b889f5e11fc5bdeecd) (TextureImporter) -> (artifact id: 'eddbda6e873f7a3102b96d667cafbb70') in 0.001223875 seconds
Refreshing native plugins compatible for Editor in 0.00 ms, found 0 plugins.
Preloading 0 native plugins for Editor in 0.00 ms.
Asset Pipeline Refresh (id=a2b1d5b95b03d4a089df336dbb312fab): Total: 0.008 seconds - Initiated by StopAssetImportingV2(NoUpdateAssetOptions)
Start importing Assets/AreaBattle/Resources/Recovered/TaskPanel/Sprites/CAB-266ed0cae8f04fd3e6acbe0ec7d26e5f_-1797332260960300854.png using Guid(a2478efe26a7b43609785f7de25f415d) (TextureImporter) -> (artifact id: 'dce980ae6cc9b1febd189f9a2e4f7f6a') in 0.002855709 seconds
Refreshing native plugins compatible for Editor in 0.00 ms, found 0 plugins.
Preloading 0 native plugins for Editor in 0.00 ms.
Asset Pipeline Refresh (id=5c444d08dcf5244d0990132c3fff5896): Total: 0.008 seconds - Initiated by StopAssetImportingV2(NoUpdateAssetOptions)
Start importing Assets/AreaBattle/Resources/Recovered/TaskPanel/Sprites/CAB-266ed0cae8f04fd3e6acbe0ec7d26e5f_-1797332260960300854.png using Guid(a2478efe26a7b43609785f7de25f415d) (TextureImporter) -> (artifact id: 'dce980ae6cc9b1febd189f9a2e4f7f6a') in 0.002361708 seconds
Refreshing native plugins compatible for Editor in 0.00 ms, found 0 plugins.
Preloading 0 native plugins for Editor in 0.00 ms.
Asset Pipeline Refresh (id=bc8499287dc2842d7aca8ba51d92577a): Total: 0.008 seconds - Initiated by StopAssetImportingV2(NoUpdateAssetOptions)
Start importing Assets/AreaBattle/Resources/Recovered/TaskPanel/Sprites/CAB-266ed0cae8f04fd3e6acbe0ec7d26e5f_4415441428988527685.png using Guid(2930388a38e6849cd8bcecf59cf6bd16) (TextureImporter) -> (artifact id: '7b016e2dc0a458c2da22b409c270a46a') in 0.001915416 seconds
Refreshing native plugins compatible for Editor in 0.00 ms, found 0 plugins.
Preloading 0 native plugins for Editor in 0.00 ms.
Asset Pipeline Refresh (id=e86e4e016e85b41f49961f6cf3c249ab): Total: 0.007 seconds - Initiated by StopAssetImportingV2(NoUpdateAssetOptions)
Start importing Assets/AreaBattle/Resources/Recovered/TaskPanel/Sprites/CAB-266ed0cae8f04fd3e6acbe0ec7d26e5f_4415441428988527685.png using Guid(2930388a38e6849cd8bcecf59cf6bd16) (TextureImporter) -> (artifact id: '7b016e2dc0a458c2da22b409c270a46a') in 0.001574375 seconds
Refreshing native plugins compatible for Editor in 0.00 ms, found 0 plugins.
Preloading 0 native plugins for Editor in 0.00 ms.
Asset Pipeline Refresh (id=b8a40a6049135410986f5d5c4b75f134): Total: 0.007 seconds - Initiated by StopAssetImportingV2(NoUpdateAssetOptions)
Start importing Assets/AreaBattle/Resources/Recovered/TaskPanel/Sprites/CAB-266ed0cae8f04fd3e6acbe0ec7d26e5f_7380877616393810225.png using Guid(323b9feef7fbc4be188f5ee833a796f8) (TextureImporter) -> (artifact id: '8c701636444fdcf698b6710f4864701b') in 0.001908875 seconds
Refreshing native plugins compatible for Editor in 0.00 ms, found 0 plugins.
Preloading 0 native plugins for Editor in 0.00 ms.
Asset Pipeline Refresh (id=28ae8a78e237f414d847ecc0055e18b3): Total: 0.007 seconds - Initiated by StopAssetImportingV2(NoUpdateAssetOptions)
Start importing Assets/AreaBattle/Resources/Recovered/TaskPanel/Sprites/CAB-266ed0cae8f04fd3e6acbe0ec7d26e5f_7380877616393810225.png using Guid(323b9feef7fbc4be188f5ee833a796f8) (TextureImporter) -> (artifact id: '8c701636444fdcf698b6710f4864701b') in 0.001253875 seconds
Refreshing native plugins compatible for Editor in 0.00 ms, found 0 plugins.
Preloading 0 native plugins for Editor in 0.00 ms.
Asset Pipeline Refresh (id=4e01fee34a21f47c2bd5b2b77da1bbac): Total: 0.007 seconds - Initiated by StopAssetImportingV2(NoUpdateAssetOptions)
Start importing Assets/AreaBattle/Resources/Recovered/TaskPanel/Sprites/CAB-266ed0cae8f04fd3e6acbe0ec7d26e5f_3375502498545042667.png using Guid(7881d002da02c43c28f76979d9f600a5) (TextureImporter) -> (artifact id: '030274cda88a22b304f96b1cda6aa3fd') in 0.001658083 seconds
Refreshing native plugins compatible for Editor in 0.00 ms, found 0 plugins.
Preloading 0 native plugins for Editor in 0.00 ms.
Asset Pipeline Refresh (id=39a89346b90264d8ba3679ea256dc3b6): Total: 0.007 seconds - Initiated by StopAssetImportingV2(NoUpdateAssetOptions)
Start importing Assets/AreaBattle/Resources/Recovered/TaskPanel/Sprites/CAB-266ed0cae8f04fd3e6acbe0ec7d26e5f_3375502498545042667.png using Guid(7881d002da02c43c28f76979d9f600a5) (TextureImporter) -> (artifact id: '030274cda88a22b304f96b1cda6aa3fd') in 0.001465125 seconds
Refreshing native plugins compatible for Editor in 0.00 ms, found 0 plugins.
Preloading 0 native plugins for Editor in 0.00 ms.
Asset Pipeline Refresh (id=b780b0c3bce694b1f8027bbe2fbfc8c2): Total: 0.007 seconds - Initiated by StopAssetImportingV2(NoUpdateAssetOptions)
Start importing Assets/AreaBattle/Resources/Recovered/TaskPanel/Sprites/CAB-266ed0cae8f04fd3e6acbe0ec7d26e5f_4756019567719792022.png using Guid(e643b4c8e763e47db9a60e8fcdc90399) (TextureImporter) -> (artifact id: '56122102ffc893468fe904fcf58d3474') in 0.001631583 seconds
Refreshing native plugins compatible for Editor in 0.00 ms, found 0 plugins.
Preloading 0 native plugins for Editor in 0.00 ms.
Asset Pipeline Refresh (id=ccee1abe0d52d4157a07195a396cef87): Total: 0.007 seconds - Initiated by StopAssetImportingV2(NoUpdateAssetOptions)
Start importing Assets/AreaBattle/Resources/Recovered/TaskPanel/Sprites/CAB-266ed0cae8f04fd3e6acbe0ec7d26e5f_4756019567719792022.png using Guid(e643b4c8e763e47db9a60e8fcdc90399) (TextureImporter) -> (artifact id: '56122102ffc893468fe904fcf58d3474') in 0.001784958 seconds
Refreshing native plugins compatible for Editor in 0.00 ms, found 0 plugins.
Preloading 0 native plugins for Editor in 0.00 ms.
Asset Pipeline Refresh (id=11fbb640af075483d82f83cf1af6a13c): Total: 0.008 seconds - Initiated by StopAssetImportingV2(NoUpdateAssetOptions)
Start importing Assets/AreaBattle/Resources/Recovered/TaskPanel/Sprites/CAB-266ed0cae8f04fd3e6acbe0ec7d26e5f_-2067149362258942805.png using Guid(a28abae44150b4564bf1b8f32e31b57d) (TextureImporter) -> (artifact id: '2039a85f5eb90226faff338f566e6de4') in 0.001027541 seconds
Refreshing native plugins compatible for Editor in 0.00 ms, found 0 plugins.
Preloading 0 native plugins for Editor in 0.00 ms.
Asset Pipeline Refresh (id=cd5c6394c067d48d3871ae1b836187dd): Total: 0.006 seconds - Initiated by StopAssetImportingV2(NoUpdateAssetOptions)
Start importing Assets/AreaBattle/Resources/Recovered/TaskPanel/Sprites/CAB-266ed0cae8f04fd3e6acbe0ec7d26e5f_-2067149362258942805.png using Guid(a28abae44150b4564bf1b8f32e31b57d) (TextureImporter) -> (artifact id: '2039a85f5eb90226faff338f566e6de4') in 0.000885709 seconds
Refreshing native plugins compatible for Editor in 0.00 ms, found 0 plugins.
Preloading 0 native plugins for Editor in 0.00 ms.
Asset Pipeline Refresh (id=eef9dc089450c4bec87876f317be94b0): Total: 0.007 seconds - Initiated by StopAssetImportingV2(NoUpdateAssetOptions)
Start importing Assets/AreaBattle/Resources/Recovered/TaskPanel/Sprites/CAB-266ed0cae8f04fd3e6acbe0ec7d26e5f_-1489498901108667408.png using Guid(72984edcd1fc94e59a30c377bc576598) (TextureImporter) -> (artifact id: 'd935f27875042db96a9ab620f0713478') in 0.000883792 seconds
Refreshing native plugins compatible for Editor in 0.00 ms, found 0 plugins.
Preloading 0 native plugins for Editor in 0.00 ms.
Asset Pipeline Refresh (id=7d2664541220044f0b8001df5207e351): Total: 0.006 seconds - Initiated by StopAssetImportingV2(NoUpdateAssetOptions)
Start importing Assets/AreaBattle/Resources/Recovered/TaskPanel/Sprites/CAB-266ed0cae8f04fd3e6acbe0ec7d26e5f_-1489498901108667408.png using Guid(72984edcd1fc94e59a30c377bc576598) (TextureImporter) -> (artifact id: 'd935f27875042db96a9ab620f0713478') in 0.001080417 seconds
Refreshing native plugins compatible for Editor in 0.00 ms, found 0 plugins.
Preloading 0 native plugins for Editor in 0.00 ms.
Asset Pipeline Refresh (id=e89bfa037eb464c2a8c1771374c3137a): Total: 0.007 seconds - Initiated by StopAssetImportingV2(NoUpdateAssetOptions)
Start importing Assets/AreaBattle/Resources/Recovered/TaskPanel/Sprites/CAB-266ed0cae8f04fd3e6acbe0ec7d26e5f_2849312902814893322.png using Guid(b51475b3d2f22440c9d8b06697c49728) (TextureImporter) -> (artifact id: '07da8e913ff704c9d5cd28582ecdab62') in 0.001540292 seconds
Refreshing native plugins compatible for Editor in 0.00 ms, found 0 plugins.
Preloading 0 native plugins for Editor in 0.00 ms.
Asset Pipeline Refresh (id=6d96ca377bf5b4e29a5efb1293b4614a): Total: 0.007 seconds - Initiated by StopAssetImportingV2(NoUpdateAssetOptions)
Start importing Assets/AreaBattle/Resources/Recovered/TaskPanel/Sprites/CAB-266ed0cae8f04fd3e6acbe0ec7d26e5f_2849312902814893322.png using Guid(b51475b3d2f22440c9d8b06697c49728) (TextureImporter) -> (artifact id: '07da8e913ff704c9d5cd28582ecdab62') in 0.0019615 seconds
Refreshing native plugins compatible for Editor in 0.00 ms, found 0 plugins.
Preloading 0 native plugins for Editor in 0.00 ms.
Asset Pipeline Refresh (id=893d7187eafb442eeacad010057a2881): Total: 0.010 seconds - Initiated by StopAssetImportingV2(NoUpdateAssetOptions)
Start importing Assets/AreaBattle/Resources/Recovered/TaskPanel/Sprites/CAB-266ed0cae8f04fd3e6acbe0ec7d26e5f_1029092383181525038.png using Guid(3934134443ac843c6b3bf221824957b9) (TextureImporter) -> (artifact id: '268a6562598f0ffc502c9e929775620f') in 0.001641708 seconds
Refreshing native plugins compatible for Editor in 0.00 ms, found 0 plugins.
Preloading 0 native plugins for Editor in 0.00 ms.
Asset Pipeline Refresh (id=571829a28c9eb426db0bf56f17ff0638): Total: 0.007 seconds - Initiated by StopAssetImportingV2(NoUpdateAssetOptions)
Start importing Assets/AreaBattle/Resources/Recovered/TaskPanel/Sprites/CAB-266ed0cae8f04fd3e6acbe0ec7d26e5f_1029092383181525038.png using Guid(3934134443ac843c6b3bf221824957b9) (TextureImporter) -> (artifact id: '268a6562598f0ffc502c9e929775620f') in 0.001633375 seconds
Refreshing native plugins compatible for Editor in 0.00 ms, found 0 plugins.
Preloading 0 native plugins for Editor in 0.00 ms.
Asset Pipeline Refresh (id=983a47177b8174876b94cbfe7cc4e305): Total: 0.008 seconds - Initiated by StopAssetImportingV2(NoUpdateAssetOptions)
Start importing Assets/AreaBattle/Resources/Recovered/TaskPanel/Sprites/CAB-266ed0cae8f04fd3e6acbe0ec7d26e5f_-6036163438100560364.png using Guid(60305c0d094de4d02ba1b089b4faa813) (TextureImporter) -> (artifact id: '778b196fcb992ddde6515b995fbe105d') in 0.000985958 seconds
Refreshing native plugins compatible for Editor in 0.00 ms, found 0 plugins.
Preloading 0 native plugins for Editor in 0.00 ms.
Asset Pipeline Refresh (id=ae7b18456a5e64b38afbe4bee661aa04): Total: 0.006 seconds - Initiated by StopAssetImportingV2(NoUpdateAssetOptions)
Start importing Assets/AreaBattle/Resources/Recovered/TaskPanel/Sprites/CAB-266ed0cae8f04fd3e6acbe0ec7d26e5f_-6036163438100560364.png using Guid(60305c0d094de4d02ba1b089b4faa813) (TextureImporter) -> (artifact id: '778b196fcb992ddde6515b995fbe105d') in 0.000943084 seconds
Refreshing native plugins compatible for Editor in 0.00 ms, found 0 plugins.
Preloading 0 native plugins for Editor in 0.00 ms.
Asset Pipeline Refresh (id=cd8339209ec354d6288809b207f0e5ca): Total: 0.007 seconds - Initiated by StopAssetImportingV2(NoUpdateAssetOptions)
Start importing Assets/AreaBattle/Resources/Recovered/TaskPanel/Sprites/CAB-266ed0cae8f04fd3e6acbe0ec7d26e5f_8669368746150556898.png using Guid(e1d9b989165954dae88d5d26aca86cb3) (TextureImporter) -> (artifact id: '0edf883eace8d5d7eba22acf03e43351') in 0.000911209 seconds
Refreshing native plugins compatible for Editor in 0.00 ms, found 0 plugins.
Preloading 0 native plugins for Editor in 0.00 ms.
Asset Pipeline Refresh (id=fd1aaa08714dc412784c9d4e8fc1907a): Total: 0.006 seconds - Initiated by StopAssetImportingV2(NoUpdateAssetOptions)
Start importing Assets/AreaBattle/Resources/Recovered/TaskPanel/Sprites/CAB-266ed0cae8f04fd3e6acbe0ec7d26e5f_8669368746150556898.png using Guid(e1d9b989165954dae88d5d26aca86cb3) (TextureImporter) -> (artifact id: '0edf883eace8d5d7eba22acf03e43351') in 0.000839125 seconds
Refreshing native plugins compatible for Editor in 0.00 ms, found 0 plugins.
Preloading 0 native plugins for Editor in 0.00 ms.
Asset Pipeline Refresh (id=b57a5befd97f64eaeaeccbc1d6e5e661): Total: 0.007 seconds - Initiated by StopAssetImportingV2(NoUpdateAssetOptions)
Start importing Assets/AreaBattle/Resources/Recovered/TaskPanel/Sprites/CAB-266ed0cae8f04fd3e6acbe0ec7d26e5f_6193263972851738262.png using Guid(f22c395f378094fe893ca2eb26a8be96) (TextureImporter) -> (artifact id: 'f8cd3dbd360fe67629747ce4225f0577') in 0.000913084 seconds
Refreshing native plugins compatible for Editor in 0.00 ms, found 0 plugins.
Preloading 0 native plugins for Editor in 0.00 ms.
Asset Pipeline Refresh (id=cd6902a8e8ece45e29380171e92a6da2): Total: 0.006 seconds - Initiated by StopAssetImportingV2(NoUpdateAssetOptions)
Start importing Assets/AreaBattle/Resources/Recovered/TaskPanel/Sprites/CAB-266ed0cae8f04fd3e6acbe0ec7d26e5f_6193263972851738262.png using Guid(f22c395f378094fe893ca2eb26a8be96) (TextureImporter) -> (artifact id: 'f8cd3dbd360fe67629747ce4225f0577') in 0.000805333 seconds
Refreshing native plugins compatible for Editor in 0.00 ms, found 0 plugins.
Preloading 0 native plugins for Editor in 0.00 ms.
Asset Pipeline Refresh (id=3470aae9ef132496ea07ee96ef6ed95e): Total: 0.006 seconds - Initiated by StopAssetImportingV2(NoUpdateAssetOptions)
Start importing Assets/AreaBattle/Resources/Recovered/TaskPanel/Sprites/CAB-266ed0cae8f04fd3e6acbe0ec7d26e5f_-1198554936303928975.png using Guid(cf2a4e09407b544a3b7007d09a846a74) (TextureImporter) -> (artifact id: '24dc25dc9cd305fc4607742d03a7cb70') in 0.001301042 seconds
Refreshing native plugins compatible for Editor in 0.00 ms, found 0 plugins.
Preloading 0 native plugins for Editor in 0.00 ms.
Asset Pipeline Refresh (id=86bdaafe8b7764acca94b39eac68fb79): Total: 0.007 seconds - Initiated by StopAssetImportingV2(NoUpdateAssetOptions)
Start importing Assets/AreaBattle/Resources/Recovered/TaskPanel/Sprites/CAB-266ed0cae8f04fd3e6acbe0ec7d26e5f_-1198554936303928975.png using Guid(cf2a4e09407b544a3b7007d09a846a74) (TextureImporter) -> (artifact id: '24dc25dc9cd305fc4607742d03a7cb70') in 0.001040875 seconds
Refreshing native plugins compatible for Editor in 0.00 ms, found 0 plugins.
Preloading 0 native plugins for Editor in 0.00 ms.
Asset Pipeline Refresh (id=fbcd85606dca64014bbe08862f581134): Total: 0.006 seconds - Initiated by StopAssetImportingV2(NoUpdateAssetOptions)
Start importing Assets/AreaBattle/Resources/Recovered/TaskPanel/Sprites/CAB-266ed0cae8f04fd3e6acbe0ec7d26e5f_-881933816702774214.png using Guid(d4ceb5ca8a1d24e23ae11b1122fd9e1f) (TextureImporter) -> (artifact id: '44b1323ac24d223186edee87a5924b0b') in 0.00137625 seconds
Refreshing native plugins compatible for Editor in 0.00 ms, found 0 plugins.
Preloading 0 native plugins for Editor in 0.00 ms.
Asset Pipeline Refresh (id=f477bb955f76645028a735b19f39e02c): Total: 0.007 seconds - Initiated by StopAssetImportingV2(NoUpdateAssetOptions)
Start importing Assets/AreaBattle/Resources/Recovered/TaskPanel/Sprites/CAB-266ed0cae8f04fd3e6acbe0ec7d26e5f_-881933816702774214.png using Guid(d4ceb5ca8a1d24e23ae11b1122fd9e1f) (TextureImporter) -> (artifact id: '44b1323ac24d223186edee87a5924b0b') in 0.0013295 seconds
Refreshing native plugins compatible for Editor in 0.00 ms, found 0 plugins.
Preloading 0 native plugins for Editor in 0.00 ms.
Asset Pipeline Refresh (id=c50781c70204947e28e67a25d5f96c04): Total: 0.007 seconds - Initiated by StopAssetImportingV2(NoUpdateAssetOptions)
Start importing Assets/AreaBattle/Resources/Recovered/TaskPanel/Sprites/CAB-266ed0cae8f04fd3e6acbe0ec7d26e5f_-4394984973089337484.png using Guid(375a2b2fec08047a2ad7d8cc76db0839) (TextureImporter) -> (artifact id: 'eccd5547d6d43b4d0f44b860a0f7f471') in 0.003845 seconds
Refreshing native plugins compatible for Editor in 0.00 ms, found 0 plugins.
Preloading 0 native plugins for Editor in 0.00 ms.
Asset Pipeline Refresh (id=754f89eefa0ab48f0b9c6d9e7ff24ec7): Total: 0.009 seconds - Initiated by StopAssetImportingV2(NoUpdateAssetOptions)
Start importing Assets/AreaBattle/Resources/Recovered/TaskPanel/Sprites/CAB-266ed0cae8f04fd3e6acbe0ec7d26e5f_-4394984973089337484.png using Guid(375a2b2fec08047a2ad7d8cc76db0839) (TextureImporter) -> (artifact id: 'eccd5547d6d43b4d0f44b860a0f7f471') in 0.003399208 seconds
Refreshing native plugins compatible for Editor in 0.00 ms, found 0 plugins.
Preloading 0 native plugins for Editor in 0.00 ms.
Asset Pipeline Refresh (id=6eb0d49c179fc4120afa190a9ca7d9ee): Total: 0.009 seconds - Initiated by StopAssetImportingV2(NoUpdateAssetOptions)
Start importing Assets/AreaBattle/Resources/Recovered/TaskPanel/Sprites/CAB-266ed0cae8f04fd3e6acbe0ec7d26e5f_-2656189029118541350.png using Guid(badaab007d67a494396c6ef41c2e3c73) (TextureImporter) -> (artifact id: '520165d4400517fe87be12e78b9689f9') in 0.001989208 seconds
Refreshing native plugins compatible for Editor in 0.00 ms, found 0 plugins.
Preloading 0 native plugins for Editor in 0.00 ms.
Asset Pipeline Refresh (id=a0af06ca5e5cb45e297923200049d93b): Total: 0.008 seconds - Initiated by StopAssetImportingV2(NoUpdateAssetOptions)
Start importing Assets/AreaBattle/Resources/Recovered/TaskPanel/Sprites/CAB-266ed0cae8f04fd3e6acbe0ec7d26e5f_-2656189029118541350.png using Guid(badaab007d67a494396c6ef41c2e3c73) (TextureImporter) -> (artifact id: '520165d4400517fe87be12e78b9689f9') in 0.001708875 seconds
Refreshing native plugins compatible for Editor in 0.00 ms, found 0 plugins.
Preloading 0 native plugins for Editor in 0.00 ms.
Asset Pipeline Refresh (id=715f06cfc657a43fd8b77918705f2859): Total: 0.007 seconds - Initiated by StopAssetImportingV2(NoUpdateAssetOptions)
Start importing Assets/AreaBattle/Resources/Recovered/TaskPanel/Sprites/CAB-266ed0cae8f04fd3e6acbe0ec7d26e5f_4239482063245011659.png using Guid(7146cfbfe088447f4bd6f91db16f5094) (TextureImporter) -> (artifact id: 'b94943221428d0ba01644b7aed6600c2') in 0.001927 seconds
Refreshing native plugins compatible for Editor in 0.00 ms, found 0 plugins.
Preloading 0 native plugins for Editor in 0.00 ms.
Asset Pipeline Refresh (id=a203bd8dc8ba3479da6878ba693065fd): Total: 0.007 seconds - Initiated by StopAssetImportingV2(NoUpdateAssetOptions)
Start importing Assets/AreaBattle/Resources/Recovered/TaskPanel/Sprites/CAB-266ed0cae8f04fd3e6acbe0ec7d26e5f_4239482063245011659.png using Guid(7146cfbfe088447f4bd6f91db16f5094) (TextureImporter) -> (artifact id: 'b94943221428d0ba01644b7aed6600c2') in 0.001677584 seconds
Refreshing native plugins compatible for Editor in 0.00 ms, found 0 plugins.
Preloading 0 native plugins for Editor in 0.00 ms.
Asset Pipeline Refresh (id=87f12f12ba80a4976a5f33bbc6552266): Total: 0.007 seconds - Initiated by StopAssetImportingV2(NoUpdateAssetOptions)
Start importing Assets/AreaBattle/Resources/Recovered/TaskPanel/Sprites/CAB-266ed0cae8f04fd3e6acbe0ec7d26e5f_-4789985713362759323.png using Guid(1fec8ed34f02a4bf08a4ff0ca656bf99) (TextureImporter) -> (artifact id: 'e0466a4290ae7a29605641c75ae13217') in 0.002028 seconds
Refreshing native plugins compatible for Editor in 0.00 ms, found 0 plugins.
Preloading 0 native plugins for Editor in 0.00 ms.
Asset Pipeline Refresh (id=dd2e4284126a848fa8fe7dae886b15b8): Total: 0.008 seconds - Initiated by StopAssetImportingV2(NoUpdateAssetOptions)
Start importing Assets/AreaBattle/Resources/Recovered/TaskPanel/Sprites/CAB-266ed0cae8f04fd3e6acbe0ec7d26e5f_-4789985713362759323.png using Guid(1fec8ed34f02a4bf08a4ff0ca656bf99) (TextureImporter) -> (artifact id: 'e0466a4290ae7a29605641c75ae13217') in 0.001824042 seconds
Refreshing native plugins compatible for Editor in 0.00 ms, found 0 plugins.
Preloading 0 native plugins for Editor in 0.00 ms.
Asset Pipeline Refresh (id=25ed5afce8efc4258b4478f26a3d30bd): Total: 0.007 seconds - Initiated by StopAssetImportingV2(NoUpdateAssetOptions)
Start importing Assets/AreaBattle/Resources/Recovered/TaskPanel/Sprites/CAB-266ed0cae8f04fd3e6acbe0ec7d26e5f_-4680471801102724218.png using Guid(d0db6e265dbf346659eaa6d6d745127a) (TextureImporter) -> (artifact id: '9d3f6715d1b2d574074f719c4e7baec5') in 0.001942291 seconds
Refreshing native plugins compatible for Editor in 0.00 ms, found 0 plugins.
Preloading 0 native plugins for Editor in 0.00 ms.
Asset Pipeline Refresh (id=e47f9127a0d4042e383e49ae76ac7bd0): Total: 0.008 seconds - Initiated by StopAssetImportingV2(NoUpdateAssetOptions)
Start importing Assets/AreaBattle/Resources/Recovered/TaskPanel/Sprites/CAB-266ed0cae8f04fd3e6acbe0ec7d26e5f_-4680471801102724218.png using Guid(d0db6e265dbf346659eaa6d6d745127a) (TextureImporter) -> (artifact id: '9d3f6715d1b2d574074f719c4e7baec5') in 0.001671292 seconds
Refreshing native plugins compatible for Editor in 0.00 ms, found 0 plugins.
Preloading 0 native plugins for Editor in 0.00 ms.
Asset Pipeline Refresh (id=e1896f79738be44059e91a8cf6acb12a): Total: 0.007 seconds - Initiated by StopAssetImportingV2(NoUpdateAssetOptions)
Start importing Assets/AreaBattle/Resources/Recovered/TaskPanel/Sprites/CAB-266ed0cae8f04fd3e6acbe0ec7d26e5f_7126071785108389237.png using Guid(856fe048fd15a46bd9ee27939bccb76c) (TextureImporter) -> (artifact id: '58a90041c2dc45647bfc4417ee710923') in 0.001905083 seconds
Refreshing native plugins compatible for Editor in 0.00 ms, found 0 plugins.
Preloading 0 native plugins for Editor in 0.00 ms.
Asset Pipeline Refresh (id=23eb5625e286142e79092f2e7440859c): Total: 0.007 seconds - Initiated by StopAssetImportingV2(NoUpdateAssetOptions)
Start importing Assets/AreaBattle/Resources/Recovered/TaskPanel/Sprites/CAB-266ed0cae8f04fd3e6acbe0ec7d26e5f_7126071785108389237.png using Guid(856fe048fd15a46bd9ee27939bccb76c) (TextureImporter) -> (artifact id: '58a90041c2dc45647bfc4417ee710923') in 0.001671167 seconds
Refreshing native plugins compatible for Editor in 0.00 ms, found 0 plugins.
Preloading 0 native plugins for Editor in 0.00 ms.
Asset Pipeline Refresh (id=97c7af13cedfd4e7389d06b56a406643): Total: 0.007 seconds - Initiated by StopAssetImportingV2(NoUpdateAssetOptions)
Start importing Assets/AreaBattle/Resources/Recovered/TaskPanel/Sprites/CAB-266ed0cae8f04fd3e6acbe0ec7d26e5f_4773068775150989582.png using Guid(ba2d84a84ad4e4f649331bf393d7d611) (TextureImporter) -> (artifact id: 'ddf0fedab8a774328993be358df32466') in 0.002102625 seconds
Refreshing native plugins compatible for Editor in 0.00 ms, found 0 plugins.
Preloading 0 native plugins for Editor in 0.00 ms.
Asset Pipeline Refresh (id=b735192a56d0142458310c6166cb5578): Total: 0.008 seconds - Initiated by StopAssetImportingV2(NoUpdateAssetOptions)
Start importing Assets/AreaBattle/Resources/Recovered/TaskPanel/Sprites/CAB-266ed0cae8f04fd3e6acbe0ec7d26e5f_4773068775150989582.png using Guid(ba2d84a84ad4e4f649331bf393d7d611) (TextureImporter) -> (artifact id: 'ddf0fedab8a774328993be358df32466') in 0.001770959 seconds
Refreshing native plugins compatible for Editor in 0.00 ms, found 0 plugins.
Preloading 0 native plugins for Editor in 0.00 ms.
Asset Pipeline Refresh (id=854df2d8aeafa45f38fdb825da256f87): Total: 0.007 seconds - Initiated by StopAssetImportingV2(NoUpdateAssetOptions)
Start importing Assets/AreaBattle/Resources/Recovered/TaskPanel/Sprites/CAB-266ed0cae8f04fd3e6acbe0ec7d26e5f_-5574788738057904681.png using Guid(7ac92fd1ffd134984abb4c77e3dd0954) (TextureImporter) -> (artifact id: '48f984215bbe6e6293de047500d91f17') in 0.001676083 seconds
Refreshing native plugins compatible for Editor in 0.00 ms, found 0 plugins.
Preloading 0 native plugins for Editor in 0.00 ms.
Asset Pipeline Refresh (id=e4ec26e852142467cb460e1a23b92688): Total: 0.008 seconds - Initiated by StopAssetImportingV2(NoUpdateAssetOptions)
Start importing Assets/AreaBattle/Resources/Recovered/TaskPanel/Sprites/CAB-266ed0cae8f04fd3e6acbe0ec7d26e5f_-5574788738057904681.png using Guid(7ac92fd1ffd134984abb4c77e3dd0954) (TextureImporter) -> (artifact id: '48f984215bbe6e6293de047500d91f17') in 0.00115125 seconds
Refreshing native plugins compatible for Editor in 0.00 ms, found 0 plugins.
Preloading 0 native plugins for Editor in 0.00 ms.
Asset Pipeline Refresh (id=e06be5d6782a0487bada5ae933523d53): Total: 0.007 seconds - Initiated by StopAssetImportingV2(NoUpdateAssetOptions)
Start importing Assets/AreaBattle/Resources/Recovered/TaskPanel/Sprites/CAB-266ed0cae8f04fd3e6acbe0ec7d26e5f_351421032368338370.png using Guid(d7b13efbbc6dc4df1a334fcaa962eb77) (TextureImporter) -> (artifact id: '5b4dcd5b648954c34dd6390171f85cb8') in 0.001566917 seconds
Refreshing native plugins compatible for Editor in 0.00 ms, found 0 plugins.
Preloading 0 native plugins for Editor in 0.00 ms.
Asset Pipeline Refresh (id=4d70ac57e524242d8970a9bec3f51991): Total: 0.007 seconds - Initiated by StopAssetImportingV2(NoUpdateAssetOptions)
Start importing Assets/AreaBattle/Resources/Recovered/TaskPanel/Sprites/CAB-266ed0cae8f04fd3e6acbe0ec7d26e5f_351421032368338370.png using Guid(d7b13efbbc6dc4df1a334fcaa962eb77) (TextureImporter) -> (artifact id: '5b4dcd5b648954c34dd6390171f85cb8') in 0.001241458 seconds
Refreshing native plugins compatible for Editor in 0.00 ms, found 0 plugins.
Preloading 0 native plugins for Editor in 0.00 ms.
Asset Pipeline Refresh (id=f64997aff36854570b69f60250e80100): Total: 0.007 seconds - Initiated by StopAssetImportingV2(NoUpdateAssetOptions)
Start importing Assets/AreaBattle/Resources/Recovered/TaskPanel/Sprites/CAB-266ed0cae8f04fd3e6acbe0ec7d26e5f_8956882279378107137.png using Guid(d6deffc1c01f6476fab01b8d7fef0ee9) (TextureImporter) -> (artifact id: '753271b06e5b8ab0b2da5cf187dc48b4') in 0.001901958 seconds
Refreshing native plugins compatible for Editor in 0.00 ms, found 0 plugins.
Preloading 0 native plugins for Editor in 0.00 ms.
Asset Pipeline Refresh (id=9dc13fd6efa874301b27c992508dd48c): Total: 0.007 seconds - Initiated by StopAssetImportingV2(NoUpdateAssetOptions)
Start importing Assets/AreaBattle/Resources/Recovered/TaskPanel/Sprites/CAB-266ed0cae8f04fd3e6acbe0ec7d26e5f_8956882279378107137.png using Guid(d6deffc1c01f6476fab01b8d7fef0ee9) (TextureImporter) -> (artifact id: '753271b06e5b8ab0b2da5cf187dc48b4') in 0.001488708 seconds
Refreshing native plugins compatible for Editor in 0.00 ms, found 0 plugins.
Preloading 0 native plugins for Editor in 0.00 ms.
Asset Pipeline Refresh (id=3bfb6d9da3c8b48e0b382849aa80880f): Total: 0.007 seconds - Initiated by StopAssetImportingV2(NoUpdateAssetOptions)
Start importing Assets/AreaBattle/Resources/Recovered/TaskPanel/Sprites/CAB-33e96ec3305dea57620a500388444b31_-4394984973089337484.png using Guid(112abaa82fb424a43b1f41e30ed148a7) (TextureImporter) -> (artifact id: '06cd48f7954bb0123b73b0766b312e7d') in 0.003930375 seconds
Refreshing native plugins compatible for Editor in 0.00 ms, found 0 plugins.
Preloading 0 native plugins for Editor in 0.00 ms.
Asset Pipeline Refresh (id=58c4f975e938b4bd5982151f69a24d41): Total: 0.009 seconds - Initiated by StopAssetImportingV2(NoUpdateAssetOptions)
Start importing Assets/AreaBattle/Resources/Recovered/TaskPanel/Sprites/CAB-33e96ec3305dea57620a500388444b31_-4394984973089337484.png using Guid(112abaa82fb424a43b1f41e30ed148a7) (TextureImporter) -> (artifact id: '06cd48f7954bb0123b73b0766b312e7d') in 0.003458125 seconds
Refreshing native plugins compatible for Editor in 0.00 ms, found 0 plugins.
Preloading 0 native plugins for Editor in 0.00 ms.
Asset Pipeline Refresh (id=2c4f5d39aa2af4ec3ba6dee1ea6d94cf): Total: 0.009 seconds - Initiated by StopAssetImportingV2(NoUpdateAssetOptions)
Start importing Assets/AreaBattle/Resources/Recovered/TaskPanel/Sprites/CAB-33e96ec3305dea57620a500388444b31_-1489498901108667408.png using Guid(1245bbaa5cd754ffeb73d51e2a287917) (TextureImporter) -> (artifact id: 'd10abce71882739197e5ffa408780cfc') in 0.001003583 seconds
Refreshing native plugins compatible for Editor in 0.00 ms, found 0 plugins.
Preloading 0 native plugins for Editor in 0.00 ms.
Asset Pipeline Refresh (id=39f42df425a114915a669daab13f92f9): Total: 0.006 seconds - Initiated by StopAssetImportingV2(NoUpdateAssetOptions)
Start importing Assets/AreaBattle/Resources/Recovered/TaskPanel/Sprites/CAB-33e96ec3305dea57620a500388444b31_-1489498901108667408.png using Guid(1245bbaa5cd754ffeb73d51e2a287917) (TextureImporter) -> (artifact id: 'd10abce71882739197e5ffa408780cfc') in 0.000687208 seconds
Refreshing native plugins compatible for Editor in 0.00 ms, found 0 plugins.
Preloading 0 native plugins for Editor in 0.00 ms.
Asset Pipeline Refresh (id=50e4f934e12444f05b80f0f4989f760b): Total: 0.006 seconds - Initiated by StopAssetImportingV2(NoUpdateAssetOptions)
Start importing Assets/AreaBattle/Resources/Recovered/TaskPanel/Sprites/CAB-33e96ec3305dea57620a500388444b31_-1198554936303928975.png using Guid(f883e2015170049bb9eb205a7735b985) (TextureImporter) -> (artifact id: 'b8b6b862fca4b2b3909d2e605d5c1987') in 0.001431208 seconds
Refreshing native plugins compatible for Editor in 0.00 ms, found 0 plugins.
Preloading 0 native plugins for Editor in 0.00 ms.
Asset Pipeline Refresh (id=167c5200d70264829b29d0fff59ce4f5): Total: 0.007 seconds - Initiated by StopAssetImportingV2(NoUpdateAssetOptions)
Start importing Assets/AreaBattle/Resources/Recovered/TaskPanel/Sprites/CAB-33e96ec3305dea57620a500388444b31_-1198554936303928975.png using Guid(f883e2015170049bb9eb205a7735b985) (TextureImporter) -> (artifact id: 'b8b6b862fca4b2b3909d2e605d5c1987') in 0.001130917 seconds
Refreshing native plugins compatible for Editor in 0.00 ms, found 0 plugins.
Preloading 0 native plugins for Editor in 0.00 ms.
Asset Pipeline Refresh (id=b73f8eeefbe5f4beda7f9d32ec123351): Total: 0.007 seconds - Initiated by StopAssetImportingV2(NoUpdateAssetOptions)
Start importing Assets/AreaBattle/Resources/Recovered/TaskPanel/Sprites/CAB-33e96ec3305dea57620a500388444b31_-881933816702774214.png using Guid(6d8c0d4fe75ed41adb0f54720f05f300) (TextureImporter) -> (artifact id: '46cdd0b0f2c6f8fb31646b8c1d5d9565') in 0.001751459 seconds
Refreshing native plugins compatible for Editor in 0.00 ms, found 0 plugins.
Preloading 0 native plugins for Editor in 0.00 ms.
Asset Pipeline Refresh (id=9e83d08ad69314df9903ad4524ae666b): Total: 0.007 seconds - Initiated by StopAssetImportingV2(NoUpdateAssetOptions)
Start importing Assets/AreaBattle/Resources/Recovered/TaskPanel/Sprites/CAB-33e96ec3305dea57620a500388444b31_-881933816702774214.png using Guid(6d8c0d4fe75ed41adb0f54720f05f300) (TextureImporter) -> (artifact id: '46cdd0b0f2c6f8fb31646b8c1d5d9565') in 0.0011595 seconds
Refreshing native plugins compatible for Editor in 0.00 ms, found 0 plugins.
Preloading 0 native plugins for Editor in 0.00 ms.
Asset Pipeline Refresh (id=cf282439d4e254c7caa2e5929b77dd28): Total: 0.007 seconds - Initiated by StopAssetImportingV2(NoUpdateAssetOptions)
Start importing Assets/AreaBattle/Resources/Recovered/TaskPanel/Sprites/CAB-33e96ec3305dea57620a500388444b31_1029092383181525038.png using Guid(0c7eaef743b21428783a5d5dd56ab3e4) (TextureImporter) -> (artifact id: '013a81e9cc88c7a5e3bc8da759993cc2') in 0.001575958 seconds
Refreshing native plugins compatible for Editor in 0.00 ms, found 0 plugins.
Preloading 0 native plugins for Editor in 0.00 ms.
Asset Pipeline Refresh (id=e735ea5c00ec64c8f99dd69c504c4508): Total: 0.006 seconds - Initiated by StopAssetImportingV2(NoUpdateAssetOptions)
Start importing Assets/AreaBattle/Resources/Recovered/TaskPanel/Sprites/CAB-33e96ec3305dea57620a500388444b31_1029092383181525038.png using Guid(0c7eaef743b21428783a5d5dd56ab3e4) (TextureImporter) -> (artifact id: '013a81e9cc88c7a5e3bc8da759993cc2') in 0.0016665 seconds
Refreshing native plugins compatible for Editor in 0.00 ms, found 0 plugins.
Preloading 0 native plugins for Editor in 0.00 ms.
Asset Pipeline Refresh (id=e48ce4742dbcd4fe9a759190a9da7290): Total: 0.007 seconds - Initiated by StopAssetImportingV2(NoUpdateAssetOptions)
Start importing Assets/AreaBattle/Resources/Recovered/TaskPanel/Sprites/CAB-33e96ec3305dea57620a500388444b31_2849312902814893322.png using Guid(075f3b0935a3e4452a5b6a8ff716926b) (TextureImporter) -> (artifact id: '6ef559373d94af4f4133bd78662f2e90') in 0.001571708 seconds
Refreshing native plugins compatible for Editor in 0.00 ms, found 0 plugins.
Preloading 0 native plugins for Editor in 0.00 ms.
Asset Pipeline Refresh (id=fc53a0c5943e347ee899351b0b36ec33): Total: 0.007 seconds - Initiated by StopAssetImportingV2(NoUpdateAssetOptions)
Start importing Assets/AreaBattle/Resources/Recovered/TaskPanel/Sprites/CAB-33e96ec3305dea57620a500388444b31_2849312902814893322.png using Guid(075f3b0935a3e4452a5b6a8ff716926b) (TextureImporter) -> (artifact id: '6ef559373d94af4f4133bd78662f2e90') in 0.001714834 seconds
Refreshing native plugins compatible for Editor in 0.00 ms, found 0 plugins.
Preloading 0 native plugins for Editor in 0.00 ms.
Asset Pipeline Refresh (id=a21e0cbbdd559431c86794b6f2b37c0f): Total: 0.008 seconds - Initiated by StopAssetImportingV2(NoUpdateAssetOptions)
Start importing Assets/AreaBattle/Resources/Recovered/TaskPanel/Sprites/CAB-33e96ec3305dea57620a500388444b31_3375502498545042667.png using Guid(4e816bd47d76646639a8bc83ac35e54d) (TextureImporter) -> (artifact id: 'db62954500bac404e27d4df91f9edcfb') in 0.001571041 seconds
Refreshing native plugins compatible for Editor in 0.00 ms, found 0 plugins.
Preloading 0 native plugins for Editor in 0.00 ms.
Asset Pipeline Refresh (id=a1197c19deeba4dafa23d3ca6b7eb79a): Total: 0.007 seconds - Initiated by StopAssetImportingV2(NoUpdateAssetOptions)
Start importing Assets/AreaBattle/Resources/Recovered/TaskPanel/Sprites/CAB-33e96ec3305dea57620a500388444b31_3375502498545042667.png using Guid(4e816bd47d76646639a8bc83ac35e54d) (TextureImporter) -> (artifact id: 'db62954500bac404e27d4df91f9edcfb') in 0.001744166 seconds
Refreshing native plugins compatible for Editor in 0.00 ms, found 0 plugins.
Preloading 0 native plugins for Editor in 0.00 ms.
Asset Pipeline Refresh (id=a903a0dafa46d4ccca0450eab7e6ea2c): Total: 0.007 seconds - Initiated by StopAssetImportingV2(NoUpdateAssetOptions)
Start importing Assets/AreaBattle/Resources/Recovered/TaskPanel/Sprites/CAB-33e96ec3305dea57620a500388444b31_4756019567719792022.png using Guid(75bf5dd166ca4418f9fedf99b87b4854) (TextureImporter) -> (artifact id: 'acf6ffcb56514a0eaf7f2f019d6d2cd6') in 0.00152775 seconds
Refreshing native plugins compatible for Editor in 0.00 ms, found 0 plugins.
Preloading 0 native plugins for Editor in 0.00 ms.
Asset Pipeline Refresh (id=3afe077846b6f4902be07c05a6b86dbe): Total: 0.007 seconds - Initiated by StopAssetImportingV2(NoUpdateAssetOptions)
Start importing Assets/AreaBattle/Resources/Recovered/TaskPanel/Sprites/CAB-33e96ec3305dea57620a500388444b31_4756019567719792022.png using Guid(75bf5dd166ca4418f9fedf99b87b4854) (TextureImporter) -> (artifact id: 'acf6ffcb56514a0eaf7f2f019d6d2cd6') in 0.001733167 seconds
Refreshing native plugins compatible for Editor in 0.00 ms, found 0 plugins.
Preloading 0 native plugins for Editor in 0.00 ms.
Asset Pipeline Refresh (id=5748488a428c1488f88364b8e88dbe65): Total: 0.008 seconds - Initiated by StopAssetImportingV2(NoUpdateAssetOptions)
Start importing Assets/AreaBattle/Resources/Recovered/TaskPanel/Sprites/CAB-33e96ec3305dea57620a500388444b31_6193263972851738262.png using Guid(f8c0d151e9a384667a3047d1d4fecaf2) (TextureImporter) -> (artifact id: '5e68d7ee6e45978641f6766230bf1afe') in 0.000954458 seconds
Refreshing native plugins compatible for Editor in 0.00 ms, found 0 plugins.
Preloading 0 native plugins for Editor in 0.00 ms.
Asset Pipeline Refresh (id=5f2e04948a87f4e2e86ed24fd7c94b0e): Total: 0.006 seconds - Initiated by StopAssetImportingV2(NoUpdateAssetOptions)
Start importing Assets/AreaBattle/Resources/Recovered/TaskPanel/Sprites/CAB-33e96ec3305dea57620a500388444b31_6193263972851738262.png using Guid(f8c0d151e9a384667a3047d1d4fecaf2) (TextureImporter) -> (artifact id: '5e68d7ee6e45978641f6766230bf1afe') in 0.000838625 seconds
Refreshing native plugins compatible for Editor in 0.00 ms, found 0 plugins.
Preloading 0 native plugins for Editor in 0.00 ms.
Asset Pipeline Refresh (id=f70b2c1e201a34792ad96683bf8732cc): Total: 0.006 seconds - Initiated by StopAssetImportingV2(NoUpdateAssetOptions)
Start importing Assets/AreaBattle/Resources/Recovered/TaskPanel/Fonts/CAB-a14f3eb3adf948afc8e578331928efaf_6544835752251692798.ttf using Guid(e4724a2ae413c4c4fa26b03e7684d0e7) (TrueTypeFontImporter) -> (artifact id: 'de6d35f12cb3a914706e06a0040fe8a9') in 0.002817875 seconds
Refreshing native plugins compatible for Editor in 0.00 ms, found 0 plugins.
Preloading 0 native plugins for Editor in 0.00 ms.
Asset Pipeline Refresh (id=4bb6eee5043bb46fe88d2a8f38b34c83): Total: 0.008 seconds - Initiated by StopAssetImportingV2(NoUpdateAssetOptions)
Start importing Assets/AreaBattle/Resources/Recovered/TaskPanel/Fonts/CAB-a14f3eb3adf948afc8e578331928efaf_-8154394059653640722.ttf using Guid(99dfd951302e24473945a95d546189f5) (TrueTypeFontImporter) -> (artifact id: '4dd60639c4c1d88e5a39dc3b13642503') in 0.003195042 seconds
Refreshing native plugins compatible for Editor in 0.00 ms, found 0 plugins.
Preloading 0 native plugins for Editor in 0.00 ms.
Asset Pipeline Refresh (id=0a7aeaf12e35e4b4ca2fe80416734810): Total: 0.009 seconds - Initiated by StopAssetImportingV2(NoUpdateAssetOptions)
Start importing Assets/AreaBattle/Resources/Recovered/TaskPanel/Fonts/CAB-a14f3eb3adf948afc8e578331928efaf_6544835752251692798.ttf using Guid(e4724a2ae413c4c4fa26b03e7684d0e7) (TrueTypeFontImporter) -> (artifact id: 'de6d35f12cb3a914706e06a0040fe8a9') in 0.000770041 seconds
Refreshing native plugins compatible for Editor in 0.00 ms, found 0 plugins.
Preloading 0 native plugins for Editor in 0.00 ms.
Asset Pipeline Refresh (id=542ce14654ff54756af025d4797c7eac): Total: 0.006 seconds - Initiated by StopAssetImportingV2(NoUpdateAssetOptions)
Asset Pipeline Refresh (id=33269f6f3cb7e4557b574f41425b12b3): Total: 0.027 seconds - Initiated by RefreshV2(NoUpdateAssetOptions)
Asset Pipeline Refresh (id=63c9023738e524d558f61d7b1afc8dc9): Total: 0.004 seconds - Initiated by StopAssetImportingV2(NoUpdateAssetOptions)
Start importing Assets/AreaBattle/Resources/Recovered/TaskPanel/TaskItemItem.prefab using Guid(1a774eed68afe41049f5784ddb6ffca2) (PrefabImporter) -> (artifact id: '73d267be8067ed5549fe3152de37030e') in 0.002534833 seconds
Refreshing native plugins compatible for Editor in 0.00 ms, found 0 plugins.
Preloading 0 native plugins for Editor in 0.00 ms.
Asset Pipeline Refresh (id=0712cfbcedec44be3b476bfbd0f724c9): Total: 0.010 seconds - Initiated by StopAssetImportingV2(NoUpdateAssetOptions)
Start importing Assets/AreaBattle/Resources/Recovered/TaskPanel/TaskPanelUI.prefab using Guid(2cbe07b657b45484f8ce156b1ef6571f) (PrefabImporter) -> (artifact id: '86abecf5dbeb972a1e108bf6acce813d') in 0.009080958 seconds
Refreshing native plugins compatible for Editor in 0.00 ms, found 0 plugins.
Preloading 0 native plugins for Editor in 0.00 ms.
Asset Pipeline Refresh (id=0e913dfd7e98d47dc8633fbee4bc44d4): Total: 0.018 seconds - Initiated by StopAssetImportingV2(NoUpdateAssetOptions)
Start importing Assets/AreaBattle/Resources/Recovered/TaskPanel/TaskPanelUI.prefab using Guid(2cbe07b657b45484f8ce156b1ef6571f) (PrefabImporter) -> (artifact id: '03a32fd92e3c45c4e6457fb309a8b72e') in 0.005865625 seconds
Refreshing native plugins compatible for Editor in 0.00 ms, found 0 plugins.
Preloading 0 native plugins for Editor in 0.00 ms.
Asset Pipeline Refresh (id=491c94a03060a45b4b63565009a9ba6f): Total: 0.018 seconds - Initiated by StopAssetImportingV2(NoUpdateAssetOptions)
Start importing Assets/AreaBattle/Resources/Recovered/TaskPanel/hud-import.json using Guid(3fe1dc7b921e04f79a1923a0a8bbe6d2) (TextScriptImporter) -> (artifact id: '6c80b080ad4d4e0a2147a23a5eb1ed93') in 0.00144575 seconds
Refreshing native plugins compatible for Editor in 0.00 ms, found 0 plugins.
Preloading 0 native plugins for Editor in 0.00 ms.
Asset Pipeline Refresh (id=db01d9d85873a48719e13708eb5cf9ad): Total: 0.009 seconds - Initiated by StopAssetImportingV2(NoUpdateAssetOptions)
Curl error 42: Callback aborted
Request timed out while processing request "https://public-cdn.cloud.unity3d.com/config/production", HTTP error code 0
.[UnityConnect] Request timed out.
Thread 0x16e543000 may have been prematurely finalized
Input System module state changed to: ShutdownInProgress.
Input System polling thread exited.
Input System module state changed to: Shutdown.
[Physics::Module] Cleanup current backend.
[Physics::Module] Id: 0xf2b8ea05
[Licensing::IpcConnector] LicenseClient-mt-notifications channel disconnected successfully.
[Licensing::IpcConnector] LicenseClient-mt channel disconnected successfully.
Thread 0x16ebd3000 may have been prematurely finalized
Thread 0x16ec5f000 may have been prematurely finalized
AcceleratorClientConnectionCallback - disconnected - :0
[40m[32minfo[39m[22m[49m: Microsoft.Hosting.Lifetime[0]
      Application is shutting down...
Cleanup mono
[usbmuxd] Stop listen thread
[usbmuxd] Error: 
[usbmuxd] Listen thread exiting
