[Licensing::Module] Trying to connect to existing licensing client channel...
Built from '6000.0/staging' branch; Version is '6000.0.68f1 (e1e9baaf294b) revision 14805434'; Using compiler version '193933523'; Build Type 'Release'
OS: 'Windows 10  (10.0.19045) 64bit Professional' Language: 'zh' Physical Memory: 65325 MB
[Licensing::IpcConnector] Channel LicenseClient-jiachengwei doesn't exist
BatchMode: 1, IsHumanControllingUs: 0, StartBugReporterOnCrash: 0, Is64bit: 1
System  architecture: x64
Process architecture: x64
Date: 2026-09-28T06:06:53Z
[Licensing::Module] Successfully launched the LicensingClient (PId: 52868)

COMMAND LINE ARGUMENTS:
C:\Program Files\Unity\Hub\Editor\6000.0.68f1\Editor\Unity.exe
-batchmode
-nographics
-projectPath
E:/Projects/AreaBattle/UnityProject
-executeMethod
AreaBattle.EditorTools.RecoveredBossEmbeddedImporter.Import
-quit
-logFile
E:/Projects/AreaBattle/analysis/unity-boss-embedded-import.log
Successfully changed project path to: E:/Projects/AreaBattle/UnityProject
E:/Projects/AreaBattle/UnityProject
[UnityMemory] Configuration Parameters - Can be set up in boot.config
    "memorysetup-bucket-allocator-granularity=16"
    "memorysetup-bucket-allocator-bucket-count=8"
    "memorysetup-bucket-allocator-block-size=33554432"
    "memorysetup-bucket-allocator-block-count=8"
    "memorysetup-main-allocator-block-size=16777216"
    "memorysetup-thread-allocator-block-size=16777216"
    "memorysetup-gfx-main-allocator-block-size=16777216"
    "memorysetup-gfx-thread-allocator-block-size=16777216"
    "memorysetup-cache-allocator-block-size=4194304"
    "memorysetup-typetree-allocator-block-size=2097152"
    "memorysetup-profiler-bucket-allocator-granularity=16"
    "memorysetup-profiler-bucket-allocator-bucket-count=8"
    "memorysetup-profiler-bucket-allocator-block-size=33554432"
    "memorysetup-profiler-bucket-allocator-block-count=8"
    "memorysetup-profiler-allocator-block-size=16777216"
    "memorysetup-profiler-editor-allocator-block-size=1048576"
    "memorysetup-temp-allocator-size-main=16777216"
    "memorysetup-job-temp-allocator-block-size=2097152"
    "memorysetup-job-temp-allocator-block-size-background=1048576"
    "memorysetup-job-temp-allocator-reduction-small-platforms=262144"
    "memorysetup-allocator-temp-initial-block-size-main=262144"
    "memorysetup-allocator-temp-initial-block-size-worker=262144"
    "memorysetup-temp-allocator-size-background-worker=32768"
    "memorysetup-temp-allocator-size-job-worker=262144"
    "memorysetup-temp-allocator-size-preload-manager=33554432"
    "memorysetup-temp-allocator-size-nav-mesh-worker=65536"
    "memorysetup-temp-allocator-size-audio-worker=65536"
    "memorysetup-temp-allocator-size-cloud-worker=32768"
    "memorysetup-temp-allocator-size-gi-baking-worker=262144"
    "memorysetup-temp-allocator-size-gi-baking-worker=262144"
    "memorysetup-temp-allocator-size-gi-baking-worker=262144"
    "memorysetup-temp-allocator-size-gi-baking-worker=262144"
    "memorysetup-temp-allocator-size-gi-baking-worker=262144"
    "memorysetup-temp-allocator-size-gfx=262144"
Player connection [54308]  Target information:

Player connection [54308]  * "[IP] 192.168.12.13 [Port] 55506 [Flags] 2 [Guid] 2896789922 [EditorId] 2896789922 [Version] 1048832 [Id] WindowsEditor(7,DESKTOP-H2NB5JD) [Debug] 1 [PackageName] WindowsEditor [ProjectName] Editor" 

Player connection [54308] Host joined multi-casting on [225.0.0.222:54997]...
Player connection [54308] Host joined alternative multi-casting on [225.0.0.222:34997]...
Input System module state changed to: Initialized.
[Physics::Module] Initialized fallback backend.
[Physics::Module] Id: 0xdecafbad
[Licensing::IpcConnector] Successfully connected to: "LicenseClient-jiachengwei" at "2026-09-28T06:06:54.0210015Z"
[Package Manager] Connected to IPC stream "Upm-39696" after 0.2 seconds.
Library Redirect Path: Library/
[Physics::Module] Selected backend.
[Physics::Module] Name: PhysX
[Physics::Module] Id: 0xf2b8ea05
[Physics::Module] SDK Version: 4.1.2
[Physics::Module] Integration Version: 1.0.0
[Physics::Module] Threading Mode: Multi-Threaded
Refreshing native plugins compatible for Editor in 0.00 ms, found 0 plugins.
Preloading 0 native plugins for Editor in 0.00 ms.
Initialize engine version: 6000.0.68f1 (e1e9baaf294b)
[Subsystems] Discovering subsystems at path C:/Program Files/Unity/Hub/Editor/6000.0.68f1/Editor/Data/Resources/UnitySubsystems
[Subsystems] Discovering subsystems at path E:/Projects/AreaBattle/UnityProject/Assets
Forcing GfxDevice: Null
GfxDevice: creating device client; kGfxThreadingModeNonThreaded
NullGfxDevice:
    Version:  NULL 1.0 [1.0]
    Renderer: Null Device
    Vendor:   Unity Technologies
Initialize mono
Mono path[0] = 'C:/Program Files/Unity/Hub/Editor/6000.0.68f1/Editor/Data/Managed'
Mono path[1] = 'C:/Program Files/Unity/Hub/Editor/6000.0.68f1/Editor/Data/MonoBleedingEdge/lib/mono/unityjit-win32'
Mono config path = 'C:/Program Files/Unity/Hub/Editor/6000.0.68f1/Editor/Data/MonoBleedingEdge/etc'
Using monoOptions --debugger-agent=transport=dt_socket,embedding=1,server=y,suspend=n,address=127.0.0.1:56696
Using cacheserver namespaces - metadata:defaultmetadata, artifacts:defaultartifacts
Using cacheserver namespaces - metadata:defaultmetadata, artifacts:defaultartifacts
ImportWorker Server TCP listen port: 0
AcceleratorClientConnectionCallback - disconnected - :0
Begin MonoManager ReloadAssembly
Registering precompiled unity dll's ...
Register platform support module: C:/Program Files/Unity/Hub/Editor/6000.0.68f1/Editor/Data/PlaybackEngines/WindowsStandaloneSupport/UnityEditor.WindowsStandalone.Extensions.dll
[Licensing::Module] Licensing is not yet initialized.
[Licensing::Client] Code 3 while verifying Licensing Client signature (process Id: 52868, path: "C:/Program Files/Unity/Hub/Editor/6000.0.68f1/Editor/Data/Resources/Licensing/Client/Unity.Licensing.Client.exe")
[Licensing::Module] LicensingClient has failed validation; ignoring
[Licensing::Client] Handshaking with LicensingClient:
  Version:                 1.17.4+4293ba1
  Session Id:              0d11e88bc7c842b89262f32cf68a74fd
  Correlation Id:          0232af264c569318d541a5752cbe1f94
  External correlation Id: 8510791687217924037
  Machine Id:              9cQkwGhPtCyHx8hTJUSXA0S3txg=
[Licensing::Module] Successfully connected to LicensingClient on channel: "LicenseClient-jiachengwei" (connect: 0.25s, validation: 0.04s, handshake: 2.54s)
[Licensing::IpcConnector] Successfully connected to: "LicenseClient-jiachengwei-notifications" at "2026-09-28T06:06:56.6038719Z"
[Licensing::Module] Connected to LicensingClient (PId: 52868, launch time: 0.00, total connection time: 2.83s)
[Licensing::Module] Error: Access token is unavailable; failed to update
[Licensing::Client] Successfully resolved entitlement details
[Licensing::Module] License group:
  Id: 00-0000-0000-0000-0000-XXXX
  Product: Unity Pro
  Type: ULF
  Expiration: Unlimited
[Licensing::Client] Successfully updated license, isAsync: True, time: 0.00
[Licensing::Client] Successfully resolved entitlement details
[Licensing::Module] Licensing Background thread has ended after 2.84s
[Licensing::Module] Licensing is initialized (took 2.36s).
[Licensing::Client] Successfully resolved entitlement details
Register platform support module: C:/Program Files/Unity/Hub/Editor/6000.0.68f1/Editor/Data/PlaybackEngines/AndroidPlayer/UnityEditor.Android.Extensions.dll
Registered in 2.367185 seconds.
- Loaded All Assemblies, in  2.577 seconds
Native extension for Android target not found
Unauthorized device detected, Id: 7afd45a, please add debug authorization and reconnect.
UnityEngine.Debug:ExtractStackTraceNoAlloc (byte*,int,string)
UnityEngine.StackTraceUtility:ExtractStackTrace ()
UnityEngine.DebugLogHandler:Internal_Log (UnityEngine.LogType,UnityEngine.LogOption,string,UnityEngine.Object)
UnityEngine.DebugLogHandler:LogFormat (UnityEngine.LogType,UnityEngine.Object,string,object[])
UnityEngine.Logger:LogFormat (UnityEngine.LogType,string,object[])
UnityEngine.Debug:LogFormat (string,object[])
UnityEditor.Android.AndroidDeploymentTargetsExtension:GetKnownTargets (UnityEditor.DeploymentTargets.IDeploymentTargetsMainThreadContext,UnityEditor.ProgressHandler) (at /home/bokken/build/output/unity/unity/PlatformDependent/AndroidPlayer/Editor/Managed/DeploymentTargets/AndroidDeploymentTargetsExtension.cs:397)
UnityEditor.Android.TargetScanWorker:ScanSync () (at /home/bokken/build/output/unity/unity/PlatformDependent/AndroidPlayer/Editor/Managed/TargetScanWorker.cs:164)
UnityEditor.Android.TargetExtension:OnUsbDevicesChanged (UnityEditor.Hardware.UsbDevice[]) (at /home/bokken/build/output/unity/unity/PlatformDependent/AndroidPlayer/Editor/Managed/ExtensionModule.cs:106)
UnityEditor.Android.TargetExtension:OnLoad () (at /home/bokken/build/output/unity/unity/PlatformDependent/AndroidPlayer/Editor/Managed/ExtensionModule.cs:67)
UnityEditor.Modules.ModuleManager:InitializePlatformSupportModules ()

(Filename: /home/bokken/build/output/unity/unity/PlatformDependent/AndroidPlayer/Editor/Managed/DeploymentTargets/AndroidDeploymentTargetsExtension.cs Line: 397)

Android Extension - Scanning For ADB Devices 71 ms
Native extension for WindowsStandalone target not found
Mono: successfully reloaded assembly
- Finished resetting the current domain, in  0.252 seconds
Domain Reload Profiling: 2828ms
	BeginReloadAssembly (70ms)
		ExecutionOrderSort (0ms)
		DisableScriptedObjects (0ms)
		BackupInstance (0ms)
		ReleaseScriptingObjects (0ms)
		CreateAndSetChildDomain (0ms)
	RebuildCommonClasses (20ms)
	RebuildNativeTypeToScriptingClass (7ms)
	initialDomainReloadingComplete (2392ms)
	LoadAllAssembliesAndSetupDomain (86ms)
		LoadAssemblies (69ms)
		RebuildTransferFunctionScriptingTraits (0ms)
		AnalyzeDomain (84ms)
			TypeCache.Refresh (83ms)
				TypeCache.ScanAssembly (76ms)
			BuildScriptInfoCaches (0ms)
			ResolveRequiredComponents (0ms)
	FinalizeReload (252ms)
		ReleaseScriptCaches (0ms)
		RebuildScriptCaches (0ms)
		SetupLoadedEditorAssemblies (234ms)
			LogAssemblyErrors (0ms)
			InitializePlatformSupportModulesInManaged (116ms)
			SetLoadedEditorAssemblies (2ms)
			BeforeProcessingInitializeOnLoad (28ms)
			ProcessInitializeOnLoadAttributes (58ms)
			ProcessInitializeOnLoadMethodAttributes (29ms)
			AfterProcessingInitializeOnLoad (0ms)
			EditorAssembliesLoaded (0ms)
		ExecutionOrderSort2 (0ms)
		AwakeInstancesAfterBackupRestoration (0ms)
[Licensing::Client] Successfully resolved entitlement details
Application.AssetDatabase Initial Refresh Start
Package Manager log level set to [2]
[Package Manager] Restoring resolved packages state from cache
[Licensing::Client] Successfully resolved entitlement details
[Package Manager] Registered 36 packages:
  Built-in packages:
    com.unity.ugui@2.0.0 (location: E:\Projects\AreaBattle\UnityProject\Library\PackageCache\com.unity.ugui@cec3688a7c38)
    com.unity.multiplayer.center@1.0.0 (location: E:\Projects\AreaBattle\UnityProject\Library\PackageCache\com.unity.multiplayer.center@f3fb577b3546)
    com.unity.modules.accessibility@1.0.0 (location: E:\Projects\AreaBattle\UnityProject\Library\PackageCache\com.unity.modules.accessibility)
    com.unity.modules.ai@1.0.0 (location: E:\Projects\AreaBattle\UnityProject\Library\PackageCache\com.unity.modules.ai)
    com.unity.modules.androidjni@1.0.0 (location: E:\Projects\AreaBattle\UnityProject\Library\PackageCache\com.unity.modules.androidjni)
    com.unity.modules.animation@1.0.0 (location: E:\Projects\AreaBattle\UnityProject\Library\PackageCache\com.unity.modules.animation)
    com.unity.modules.assetbundle@1.0.0 (location: E:\Projects\AreaBattle\UnityProject\Library\PackageCache\com.unity.modules.assetbundle)
    com.unity.modules.audio@1.0.0 (location: E:\Projects\AreaBattle\UnityProject\Library\PackageCache\com.unity.modules.audio)
    com.unity.modules.cloth@1.0.0 (location: E:\Projects\AreaBattle\UnityProject\Library\PackageCache\com.unity.modules.cloth)
    com.unity.modules.director@1.0.0 (location: E:\Projects\AreaBattle\UnityProject\Library\PackageCache\com.unity.modules.director)
    com.unity.modules.imageconversion@1.0.0 (location: E:\Projects\AreaBattle\UnityProject\Library\PackageCache\com.unity.modules.imageconversion)
    com.unity.modules.imgui@1.0.0 (location: E:\Projects\AreaBattle\UnityProject\Library\PackageCache\com.unity.modules.imgui)
    com.unity.modules.jsonserialize@1.0.0 (location: E:\Projects\AreaBattle\UnityProject\Library\PackageCache\com.unity.modules.jsonserialize)
    com.unity.modules.particlesystem@1.0.0 (location: E:\Projects\AreaBattle\UnityProject\Library\PackageCache\com.unity.modules.particlesystem)
    com.unity.modules.physics@1.0.0 (location: E:\Projects\AreaBattle\UnityProject\Library\PackageCache\com.unity.modules.physics)
    com.unity.modules.physics2d@1.0.0 (location: E:\Projects\AreaBattle\UnityProject\Library\PackageCache\com.unity.modules.physics2d)
    com.unity.modules.screencapture@1.0.0 (location: E:\Projects\AreaBattle\UnityProject\Library\PackageCache\com.unity.modules.screencapture)
    com.unity.modules.terrain@1.0.0 (location: E:\Projects\AreaBattle\UnityProject\Library\PackageCache\com.unity.modules.terrain)
    com.unity.modules.terrainphysics@1.0.0 (location: E:\Projects\AreaBattle\UnityProject\Library\PackageCache\com.unity.modules.terrainphysics)
    com.unity.modules.tilemap@1.0.0 (location: E:\Projects\AreaBattle\UnityProject\Library\PackageCache\com.unity.modules.tilemap)
    com.unity.modules.ui@1.0.0 (location: E:\Projects\AreaBattle\UnityProject\Library\PackageCache\com.unity.modules.ui)
    com.unity.modules.uielements@1.0.0 (location: E:\Projects\AreaBattle\UnityProject\Library\PackageCache\com.unity.modules.uielements)
    com.unity.modules.umbra@1.0.0 (location: E:\Projects\AreaBattle\UnityProject\Library\PackageCache\com.unity.modules.umbra)
    com.unity.modules.unityanalytics@1.0.0 (location: E:\Projects\AreaBattle\UnityProject\Library\PackageCache\com.unity.modules.unityanalytics)
    com.unity.modules.unitywebrequest@1.0.0 (location: E:\Projects\AreaBattle\UnityProject\Library\PackageCache\com.unity.modules.unitywebrequest)
    com.unity.modules.unitywebrequestassetbundle@1.0.0 (location: E:\Projects\AreaBattle\UnityProject\Library\PackageCache\com.unity.modules.unitywebrequestassetbundle)
    com.unity.modules.unitywebrequestaudio@1.0.0 (location: E:\Projects\AreaBattle\UnityProject\Library\PackageCache\com.unity.modules.unitywebrequestaudio)
    com.unity.modules.unitywebrequesttexture@1.0.0 (location: E:\Projects\AreaBattle\UnityProject\Library\PackageCache\com.unity.modules.unitywebrequesttexture)
    com.unity.modules.unitywebrequestwww@1.0.0 (location: E:\Projects\AreaBattle\UnityProject\Library\PackageCache\com.unity.modules.unitywebrequestwww)
    com.unity.modules.vehicles@1.0.0 (location: E:\Projects\AreaBattle\UnityProject\Library\PackageCache\com.unity.modules.vehicles)
    com.unity.modules.video@1.0.0 (location: E:\Projects\AreaBattle\UnityProject\Library\PackageCache\com.unity.modules.video)
    com.unity.modules.vr@1.0.0 (location: E:\Projects\AreaBattle\UnityProject\Library\PackageCache\com.unity.modules.vr)
    com.unity.modules.wind@1.0.0 (location: E:\Projects\AreaBattle\UnityProject\Library\PackageCache\com.unity.modules.wind)
    com.unity.modules.xr@1.0.0 (location: E:\Projects\AreaBattle\UnityProject\Library\PackageCache\com.unity.modules.xr)
    com.unity.modules.subsystems@1.0.0 (location: E:\Projects\AreaBattle\UnityProject\Library\PackageCache\com.unity.modules.subsystems)
    com.unity.modules.hierarchycore@1.0.0 (location: E:\Projects\AreaBattle\UnityProject\Library\PackageCache\com.unity.modules.hierarchycore)
[Subsystems] No new subsystems found in resolved package list.
[Package Manager] Done registering packages in 0.00 seconds
[ScriptCompilation] Requested script compilation because: Assetdatabase observed changes in script compilation related files
Starting: C:\Program Files\Unity\Hub\Editor\6000.0.68f1\Editor\Data\bee_backend.exe --ipc --defer-dag-verification --dagfile="Library/Bee/1900b0aE.dag" --continue-on-failure --profile="Library/Bee/backend1.traceevents" ScriptAssemblies
WorkingDir: E:/Projects/AreaBattle/UnityProject
DisplayProgressbar: Compiling Scripts
ExitCode: 4 Duration: 0s210ms
Rebuilding DAG because FileSignature timestamp changed: Library/Bee/1900b0aE-inputdata.json
[207/213    0s] Csc Library/Bee/artifacts/1900b0aE.dag/Assembly-CSharp.dll (+2 others)
Assets\AreaBattle\ThirdParty\Spine41\spine-unity\Components\EditorSkeletonPlayer.cs(57,51): warning CS0618: 'Object.FindObjectsOfType<T>()' is obsolete: 'Object.FindObjectsOfType has been deprecated. Use Object.FindObjectsByType instead which lets you decide whether you need the results sorted or not.  FindObjectsOfType sorts the results by InstanceID but if you do not need this using FindObjectSortMode.None is considerably faster.'

Assets\AreaBattle\ThirdParty\Spine41\spine-unity\Components\Following\BoundingBoxFollower.cs(167,7): warning CS0618: 'Collider2D.usedByComposite' is obsolete: 'usedByComposite has been deprecated. Use Collider2D.compositeOperation instead'

Assets\AreaBattle\ThirdParty\Spine41\spine-unity\Components\Following\BoundingBoxFollowerGraphic.cs(168,7): warning CS0618: 'Collider2D.usedByComposite' is obsolete: 'usedByComposite has been deprecated. Use Collider2D.compositeOperation instead'

Assets\AreaBattle\ThirdParty\Spine41\spine-unity\Components\RootMotion\SkeletonRootMotionBase.cs(195,7): warning CS0618: 'Rigidbody2D.velocity' is obsolete: 'Please use Rigidbody2D.linearVelocity instead. (UnityUpgradable) -> linearVelocity'

Assets\AreaBattle\ThirdParty\Spine41\spine-unity\Components\RootMotion\SkeletonRootMotionBase.cs(197,8): warning CS0618: 'Rigidbody2D.velocity' is obsolete: 'Please use Rigidbody2D.linearVelocity instead. (UnityUpgradable) -> linearVelocity'

Assets\AreaBattle\ThirdParty\Spine41\spine-unity\Components\SkeletonUtility\SkeletonUtility.cs(126,5): warning CS0618: 'Rigidbody2D.isKinematic' is obsolete: 'Please use Rigidbody2D.bodyType instead.'
*** Tundra requires additional run (0.19 seconds), 1 items updated, 206 evaluated
[ApiUpdater] Total time: 685ms, Parse response file: 30ms, Collect updater configs: 43ms, Update: 611ms, Save: 1ms Files: 1 modified / 1 visited / 82 total (Library/Bee/artifacts/1900b0aE.dag/Assembly-CSharp.dll).
Starting: C:\Program Files\Unity\Hub\Editor\6000.0.68f1\Editor\Data\Tools\netcorerun\netcorerun.exe "C:\Program Files\Unity\Hub\Editor\6000.0.68f1\Editor\Data\Tools\BuildPipeline\ScriptCompilationBuildProgram.exe" "Library/Bee/1900b0aE.dag.json" "Library/Bee/1900b0aE-inputdata.json" "Library\Bee\buildprogram0.traceevents"
WorkingDir: E:/Projects/AreaBattle/UnityProject
ExitCode: 0 Duration: 0s137ms
Starting: C:\Program Files\Unity\Hub\Editor\6000.0.68f1\Editor\Data\bee_backend.exe --ipc --defer-dag-verification --dagfile="Library/Bee/1900b0aE.dag" --continue-on-failure --dagfilejson="Library\Bee\1900b0aE.dag.json" --profile="Library/Bee/backend2.traceevents" ScriptAssemblies
WorkingDir: E:/Projects/AreaBattle/UnityProject
ExitCode: 0 Duration: 0s145ms
Finished compiling graph: 216 nodes, 1871 flattened edges (1751 ToBuild, 20 ToUse), maximum node priority 104
[166/213    0s] WriteText Library/Bee/artifacts/1900b0aE.dag/Assembly-CSharp-Editor.rsp
[208/213    0s] CopyFiles Library/ScriptAssemblies/Assembly-CSharp.pdb
[209/213    0s] CopyFiles Library/ScriptAssemblies/Assembly-CSharp.dll
[210/213    0s] Csc Library/Bee/artifacts/1900b0aE.dag/Assembly-CSharp-Editor.dll (+2 others)
[211/213    0s] CopyFiles Library/ScriptAssemblies/Assembly-CSharp-Editor.dll
[212/213    0s] CopyFiles Library/ScriptAssemblies/Assembly-CSharp-Editor.pdb
*** Tundra build success (0.13 seconds), 6 items updated, 213 evaluated
AssetDatabase: script compilation time: 1.488238s
Begin MonoManager ReloadAssembly
- Loaded All Assemblies, in  0.167 seconds
Refreshing native plugins compatible for Editor in 0.00 ms, found 0 plugins.
Native extension for Android target not found
Native extension for WindowsStandalone target not found
Mono: successfully reloaded assembly
- Finished resetting the current domain, in  0.208 seconds
Domain Reload Profiling: 374ms
	BeginReloadAssembly (107ms)
		ExecutionOrderSort (0ms)
		DisableScriptedObjects (13ms)
		BackupInstance (0ms)
		ReleaseScriptingObjects (0ms)
		CreateAndSetChildDomain (17ms)
	RebuildCommonClasses (20ms)
	RebuildNativeTypeToScriptingClass (7ms)
	initialDomainReloadingComplete (12ms)
	LoadAllAssembliesAndSetupDomain (20ms)
		LoadAssemblies (56ms)
		RebuildTransferFunctionScriptingTraits (0ms)
		AnalyzeDomain (17ms)
			TypeCache.Refresh (12ms)
				TypeCache.ScanAssembly (8ms)
			BuildScriptInfoCaches (3ms)
			ResolveRequiredComponents (1ms)
	FinalizeReload (208ms)
		ReleaseScriptCaches (0ms)
		RebuildScriptCaches (0ms)
		SetupLoadedEditorAssemblies (142ms)
			LogAssemblyErrors (0ms)
			InitializePlatformSupportModulesInManaged (13ms)
			SetLoadedEditorAssemblies (2ms)
			BeforeProcessingInitializeOnLoad (55ms)
			ProcessInitializeOnLoadAttributes (57ms)
			ProcessInitializeOnLoadMethodAttributes (11ms)
			AfterProcessingInitializeOnLoad (3ms)
			EditorAssembliesLoaded (0ms)
		ExecutionOrderSort2 (0ms)
		AwakeInstancesAfterBackupRestoration (5ms)
Refreshing native plugins compatible for Editor in 0.00 ms, found 0 plugins.
Preloading 0 native plugins for Editor in 0.00 ms.
Asset Pipeline Refresh (id=58549486fc8524040a3d78eef358471d): Total: 2.023 seconds - Initiated by InitialRefreshV2(ForceSynchronousImport)
	Summary:
		Imports: total=0 (actual=0, local cache=0, cache server=0)
		Asset DB Process Time: managed=0 ms, native=312 ms
		Asset DB Callback time: managed=40 ms, native=7 ms
		Scripting: domain reloads=1, domain reload time=167 ms, compile time=1489 ms, other=5 ms
		Project Asset Count: scripts=275, non-scripts=1467
		Asset File Changes: new=1, changed=4, moved=0, deleted=0
		Scan Filter Count: 0
	InvokeCustomDependenciesCallbacks: 0.000ms
	InvokePackagesCallback: 6.259ms
	ApplyChangesToAssetFolders: 0.218ms
	Scan: 55.163ms
	OnSourceAssetsModified: 0.433ms
	CategorizeAssetsWithTransientArtifact: 1.216ms
	ProcessAssetsWithTransientArtifactChanges: 4.914ms
	CategorizeAssets: 6.145ms
	ImportOutOfDateAssets: 208.821ms (-1280.828ms without children)
		CompileScripts: 1489.290ms
		ReloadNativeAssets: 0.000ms
		UnloadImportedAssets: 0.061ms
		EnsureUptoDateAssetsAreRegisteredWithGuidPM: 0.111ms
		InitializingProgressBar: 0.000ms
		PostProcessAllAssetNotificationsAddChangedAssets: 0.000ms
		OnDemandSchedulerStart: 0.186ms
	PostProcessAllAssets: 40.782ms
	Hotreload: 0.695ms
	GatherAllCurrentPrimaryArtifactRevisions: 0.002ms
	UnloadStreamsBegin: 0.260ms
	PersistCurrentRevisions: 0.038ms
	UnloadStreamsEnd: 0.001ms
	GenerateScriptTypeHashes: 0.606ms
	Untracked: 1697.619ms

Application.AssetDatabase Initial Refresh End
Scanning for USB devices : 5.489ms
Initializing Unity extensions:
Assertion failed on expression: 'SUCCEEDED(hr)'
Assertion failed on expression: 'SUCCEEDED(hr)'
Assertion failed on expression: 'ERROR_SUCCESS == status'
[MODES] ModeService[none].Initialize
[MODES] ModeService[none].LoadModes
[MODES] Loading mode Default (0) for mode-current-id-AreaBattle
Curl error 7: Failed to connect to config.uca.cloud.unity3d.com port 443 after 1 ms: Could not connect to server
Unloading 21 Unused Serialized files (Serialized files now loaded: 0)
Unloading 597 unused Assets / (2.3 MB). Loaded Objects now: 1124.
Memory consumption went from 101.2 MB to 98.9 MB.
Total: 3.150100 ms (FindLiveObjects: 0.044400 ms CreateObjectMapping: 0.012500 ms MarkObjects: 2.351200 ms  DeleteObjects: 0.741600 ms)

Start importing Assets/AreaBattle/Resources/Recovered/BossEmbedded using Guid(44e3aeb85bb53d446b401ee60a8ada70) (DefaultImporter) -> (artifact id: '24c429aeb19ae21cc421048c2d5a606b') in 0.0044456 seconds
Start importing Assets/AreaBattle/Resources/Recovered/BossEmbedded/Shaders using Guid(e03a89040cea16143af430cfceed92bb) (DefaultImporter) -> (artifact id: '98c7ac07948d7d1297bdb7535ef726b8') in 0.000837 seconds
Start importing Assets/AreaBattle/Resources/Recovered/BossEmbedded/Meshes using Guid(d1ebe0d9ddbf48d4ba64ef7b0cb5b08b) (DefaultImporter) -> (artifact id: 'f6d9f20d317c8fdcebfe70475eb507ce') in 0.0006169 seconds
Start importing Assets/AreaBattle/Resources/Recovered/BossEmbedded/Textures using Guid(d2d71158b18610a4d9b60936e6ed3d3d) (DefaultImporter) -> (artifact id: '9ff7e32279a8b7ba45867c6c3f0ff19f') in 0.0006383 seconds
Start importing Assets/AreaBattle/Resources/Recovered/BossEmbedded/Materials using Guid(a6e044f061c9dde46bbde4e3f8e503c0) (DefaultImporter) -> (artifact id: '813bc761b9c046667bb8490d3a539d66') in 0.0007257 seconds
Start importing Assets/AreaBattle/Resources/Recovered/BossEmbedded/Animations using Guid(77dc2566f3556f4428699c9a7d182b70) (DefaultImporter) -> (artifact id: 'd1eaaac1b837c0e2a4c7c9ac03bbad74') in 0.0007761 seconds
Refreshing native plugins compatible for Editor in 0.00 ms, found 0 plugins.
Preloading 0 native plugins for Editor in 0.00 ms.
Asset Pipeline Refresh (id=f3e21338d9c4720479d2a30cdfaae3a2): Total: 0.063 seconds - Initiated by RefreshV2(NoUpdateAssetOptions)
Start importing Assets/AreaBattle/Resources/Recovered/BossEmbedded/Textures/CAB-68a3634b9a99c5a2a10a36b772e4e945_-2680748875375820050.png using Guid(5934e96abc29494458d952709e0c74e4) (TextureImporter) -> (artifact id: '243385df7519c6cecb0b89052cabb3f1') in 0.0066351 seconds
Refreshing native plugins compatible for Editor in 0.00 ms, found 0 plugins.
Preloading 0 native plugins for Editor in 0.00 ms.
Asset Pipeline Refresh (id=10385bb5fe726f74080fed92fdbad23c): Total: 0.013 seconds - Initiated by StopAssetImportingV2(NoUpdateAssetOptions)
Start importing Assets/AreaBattle/Resources/Recovered/BossEmbedded/Textures/CAB-68a3634b9a99c5a2a10a36b772e4e945_-2680748875375820050.png using Guid(5934e96abc29494458d952709e0c74e4) (TextureImporter) -> (artifact id: '06e6c4b6af2a151884bff2d93a7a31d6') in 0.0024175 seconds
Refreshing native plugins compatible for Editor in 0.00 ms, found 0 plugins.
Preloading 0 native plugins for Editor in 0.00 ms.
Asset Pipeline Refresh (id=45c17037c58a82b42b404de238ca8816): Total: 0.008 seconds - Initiated by StopAssetImportingV2(NoUpdateAssetOptions)
Start importing Assets/AreaBattle/Resources/Recovered/BossEmbedded/Textures/CAB-68a3634b9a99c5a2a10a36b772e4e945_309443658955174944.png using Guid(c92301cbe759daa43a0e6a343c8f74d2) (TextureImporter) -> (artifact id: 'af51fdf1aa03d6368594ebadb8944ee9') in 0.0015385 seconds
Refreshing native plugins compatible for Editor in 0.00 ms, found 0 plugins.
Preloading 0 native plugins for Editor in 0.00 ms.
Asset Pipeline Refresh (id=7a6fbaf2f52cfa84da3984e8705c8438): Total: 0.006 seconds - Initiated by StopAssetImportingV2(NoUpdateAssetOptions)
Start importing Assets/AreaBattle/Resources/Recovered/BossEmbedded/Textures/CAB-68a3634b9a99c5a2a10a36b772e4e945_309443658955174944.png using Guid(c92301cbe759daa43a0e6a343c8f74d2) (TextureImporter) -> (artifact id: 'b2a819cb8e8db381c5c68d330baacefe') in 0.0018142 seconds
Refreshing native plugins compatible for Editor in 0.00 ms, found 0 plugins.
Preloading 0 native plugins for Editor in 0.00 ms.
Asset Pipeline Refresh (id=53ee6d70e1f7f1f4d99f4b28a740a811): Total: 0.007 seconds - Initiated by StopAssetImportingV2(NoUpdateAssetOptions)
Start importing Assets/AreaBattle/Resources/Recovered/BossEmbedded/Textures/CAB-68a3634b9a99c5a2a10a36b772e4e945_-7624616539782359890.png using Guid(c385194ea9322c04ba3b66e5e49b7401) (TextureImporter) -> (artifact id: '95aec4711ebf6bbbb6cb1ee6856d6513') in 0.0015494 seconds
Refreshing native plugins compatible for Editor in 0.00 ms, found 0 plugins.
Preloading 0 native plugins for Editor in 0.00 ms.
Asset Pipeline Refresh (id=4daa4908f4a58dd49a4abf9935ed58b2): Total: 0.006 seconds - Initiated by StopAssetImportingV2(NoUpdateAssetOptions)
Start importing Assets/AreaBattle/Resources/Recovered/BossEmbedded/Textures/CAB-68a3634b9a99c5a2a10a36b772e4e945_-7624616539782359890.png using Guid(c385194ea9322c04ba3b66e5e49b7401) (TextureImporter) -> (artifact id: '003e5005b0cdb40c606145f2d43c587a') in 0.001729 seconds
Refreshing native plugins compatible for Editor in 0.00 ms, found 0 plugins.
Preloading 0 native plugins for Editor in 0.00 ms.
Asset Pipeline Refresh (id=7ea76bb6cfbf083438225d9825f0017a): Total: 0.007 seconds - Initiated by StopAssetImportingV2(NoUpdateAssetOptions)
Start importing Assets/AreaBattle/Resources/Recovered/BossEmbedded/Textures/CAB-68a3634b9a99c5a2a10a36b772e4e945_4033490875710497430.png using Guid(6c27cb1341ed15c4cab8ef5fdbbcf701) (TextureImporter) -> (artifact id: 'd4efc7c5657ff1bfeee76f4e4e9b3c23') in 0.0014579 seconds
Refreshing native plugins compatible for Editor in 0.00 ms, found 0 plugins.
Preloading 0 native plugins for Editor in 0.00 ms.
Asset Pipeline Refresh (id=a5d5ed12116c4364aa27d919c8ba1912): Total: 0.005 seconds - Initiated by StopAssetImportingV2(NoUpdateAssetOptions)
Start importing Assets/AreaBattle/Resources/Recovered/BossEmbedded/Textures/CAB-68a3634b9a99c5a2a10a36b772e4e945_4033490875710497430.png using Guid(6c27cb1341ed15c4cab8ef5fdbbcf701) (TextureImporter) -> (artifact id: 'a1735c64610e55fb6f8066e09626451c') in 0.0023199 seconds
Refreshing native plugins compatible for Editor in 0.00 ms, found 0 plugins.
Preloading 0 native plugins for Editor in 0.00 ms.
Asset Pipeline Refresh (id=5110795020b3d67439baad7867f06a23): Total: 0.008 seconds - Initiated by StopAssetImportingV2(NoUpdateAssetOptions)
Start importing Assets/AreaBattle/Resources/Recovered/BossEmbedded/Textures/CAB-68a3634b9a99c5a2a10a36b772e4e945_-5015715698059409047.png using Guid(f3230db004f78534d9917a7b4e2b210b) (TextureImporter) -> (artifact id: '2db6fd942fb53e80ace4b7fe2dbd40e3') in 0.0016277 seconds
Refreshing native plugins compatible for Editor in 0.00 ms, found 0 plugins.
Preloading 0 native plugins for Editor in 0.00 ms.
Asset Pipeline Refresh (id=12de4d97fa9293345a842df0719691aa): Total: 0.006 seconds - Initiated by StopAssetImportingV2(NoUpdateAssetOptions)
Start importing Assets/AreaBattle/Resources/Recovered/BossEmbedded/Textures/CAB-68a3634b9a99c5a2a10a36b772e4e945_-5015715698059409047.png using Guid(f3230db004f78534d9917a7b4e2b210b) (TextureImporter) -> (artifact id: '6ff3f3e23e5bd9211787c988c87abb5f') in 0.0010448 seconds
Refreshing native plugins compatible for Editor in 0.00 ms, found 0 plugins.
Preloading 0 native plugins for Editor in 0.00 ms.
Asset Pipeline Refresh (id=e3e93aca5ebbc454b8e7ad179ad131d8): Total: 0.007 seconds - Initiated by StopAssetImportingV2(NoUpdateAssetOptions)
Start importing Assets/AreaBattle/Resources/Recovered/BossEmbedded/Textures/CAB-68a3634b9a99c5a2a10a36b772e4e945_-9003520039267073596.png using Guid(2453bf4064f20154c942a134dc5ebcff) (TextureImporter) -> (artifact id: 'fb9c8c57876624594739536566b5b18a') in 0.0023748 seconds
Refreshing native plugins compatible for Editor in 0.00 ms, found 0 plugins.
Preloading 0 native plugins for Editor in 0.00 ms.
Asset Pipeline Refresh (id=d7f2f7c3135b91a46b0b9655fe90a4c6): Total: 0.006 seconds - Initiated by StopAssetImportingV2(NoUpdateAssetOptions)
Start importing Assets/AreaBattle/Resources/Recovered/BossEmbedded/Textures/CAB-68a3634b9a99c5a2a10a36b772e4e945_-9003520039267073596.png using Guid(2453bf4064f20154c942a134dc5ebcff) (TextureImporter) -> (artifact id: '9ebdf99e0176c1eeff2ce96edba8b3b0') in 0.0014897 seconds
Refreshing native plugins compatible for Editor in 0.00 ms, found 0 plugins.
Preloading 0 native plugins for Editor in 0.00 ms.
Asset Pipeline Refresh (id=7d52abd2225c50846be3204ccb0bf4e7): Total: 0.007 seconds - Initiated by StopAssetImportingV2(NoUpdateAssetOptions)
Start importing Assets/AreaBattle/Resources/Recovered/BossEmbedded/Textures/CAB-68a3634b9a99c5a2a10a36b772e4e945_-2188609701755986993.png using Guid(ebb415f37be75f44689e54d46eeb869d) (TextureImporter) -> (artifact id: '071ae7bafcc934602b6c8a64bd7e01ee') in 0.0014738 seconds
Refreshing native plugins compatible for Editor in 0.00 ms, found 0 plugins.
Preloading 0 native plugins for Editor in 0.00 ms.
Asset Pipeline Refresh (id=70bd3fd549646c847b39cc40002261fa): Total: 0.006 seconds - Initiated by StopAssetImportingV2(NoUpdateAssetOptions)
Start importing Assets/AreaBattle/Resources/Recovered/BossEmbedded/Textures/CAB-68a3634b9a99c5a2a10a36b772e4e945_-2188609701755986993.png using Guid(ebb415f37be75f44689e54d46eeb869d) (TextureImporter) -> (artifact id: '8c1ca13707ef8c1aa2b2233e19651a70') in 0.00221 seconds
Refreshing native plugins compatible for Editor in 0.00 ms, found 0 plugins.
Preloading 0 native plugins for Editor in 0.00 ms.
Asset Pipeline Refresh (id=975d1af9a3c137140b7b956d2706f7c1): Total: 0.008 seconds - Initiated by StopAssetImportingV2(NoUpdateAssetOptions)
Start importing Assets/AreaBattle/Resources/Recovered/BossEmbedded/Textures/CAB-68a3634b9a99c5a2a10a36b772e4e945_7599727172152753840.png using Guid(9e80496d44c516a4c9fb78896253bf6a) (TextureImporter) -> (artifact id: 'b91c4ce832ad3e51396c321281bdfea0') in 0.0015105 seconds
Refreshing native plugins compatible for Editor in 0.00 ms, found 0 plugins.
Preloading 0 native plugins for Editor in 0.00 ms.
Asset Pipeline Refresh (id=6f88f4bb06709314a855f24162c60ace): Total: 0.006 seconds - Initiated by StopAssetImportingV2(NoUpdateAssetOptions)
Start importing Assets/AreaBattle/Resources/Recovered/BossEmbedded/Textures/CAB-68a3634b9a99c5a2a10a36b772e4e945_7599727172152753840.png using Guid(9e80496d44c516a4c9fb78896253bf6a) (TextureImporter) -> (artifact id: '95f7e1ac3c3021458a9efed5a8e20ac3') in 0.0017502 seconds
Refreshing native plugins compatible for Editor in 0.00 ms, found 0 plugins.
Preloading 0 native plugins for Editor in 0.00 ms.
Asset Pipeline Refresh (id=727f672671fe33c4f8b6ed3f6e1dcdc8): Total: 0.007 seconds - Initiated by StopAssetImportingV2(NoUpdateAssetOptions)
Start importing Assets/AreaBattle/Resources/Recovered/BossEmbedded/Textures/CAB-68a3634b9a99c5a2a10a36b772e4e945_-4201970203309046523.png using Guid(75388303edbc68042b90d33f4a3d4109) (TextureImporter) -> (artifact id: '504421eaeb31d7ec847c0e0735ddd689') in 0.0013599 seconds
Refreshing native plugins compatible for Editor in 0.00 ms, found 0 plugins.
Preloading 0 native plugins for Editor in 0.00 ms.
Asset Pipeline Refresh (id=d376e870586a46c4d9adb445ec5a4147): Total: 0.005 seconds - Initiated by StopAssetImportingV2(NoUpdateAssetOptions)
Start importing Assets/AreaBattle/Resources/Recovered/BossEmbedded/Textures/CAB-68a3634b9a99c5a2a10a36b772e4e945_-4201970203309046523.png using Guid(75388303edbc68042b90d33f4a3d4109) (TextureImporter) -> (artifact id: '9108947957bb1f92de1d60522c5ea749') in 0.001709 seconds
Refreshing native plugins compatible for Editor in 0.00 ms, found 0 plugins.
Preloading 0 native plugins for Editor in 0.00 ms.
Asset Pipeline Refresh (id=585fe1fee522a1a4286808011af7252a): Total: 0.007 seconds - Initiated by StopAssetImportingV2(NoUpdateAssetOptions)
Start importing Assets/AreaBattle/Resources/Recovered/BossEmbedded/Textures/CAB-68a3634b9a99c5a2a10a36b772e4e945_-983999439058167749.png using Guid(2eddbea4250da164c82486becbae5aa2) (TextureImporter) -> (artifact id: '61cfdb730c5301274f0c127d20f55c7d') in 0.0017052 seconds
Refreshing native plugins compatible for Editor in 0.00 ms, found 0 plugins.
Preloading 0 native plugins for Editor in 0.00 ms.
Asset Pipeline Refresh (id=9d7afa7982e0d9441879040d5539206c): Total: 0.006 seconds - Initiated by StopAssetImportingV2(NoUpdateAssetOptions)
Start importing Assets/AreaBattle/Resources/Recovered/BossEmbedded/Textures/CAB-68a3634b9a99c5a2a10a36b772e4e945_-983999439058167749.png using Guid(2eddbea4250da164c82486becbae5aa2) (TextureImporter) -> (artifact id: 'eb3c6615958fc2da42124ddfa3d10e2f') in 0.0017063 seconds
Refreshing native plugins compatible for Editor in 0.00 ms, found 0 plugins.
Preloading 0 native plugins for Editor in 0.00 ms.
Asset Pipeline Refresh (id=77cd917b1f3be1d4d8029302c1d35a9c): Total: 0.007 seconds - Initiated by StopAssetImportingV2(NoUpdateAssetOptions)
Start importing Assets/AreaBattle/Resources/Recovered/BossEmbedded/Textures/CAB-68a3634b9a99c5a2a10a36b772e4e945_-320434452009981011.png using Guid(edd870c45ba12db40a4c4e1b7a29f805) (TextureImporter) -> (artifact id: '7a8a1a857cc6c3b0bd3ad2ed34f6e6e5') in 0.0027774 seconds
Refreshing native plugins compatible for Editor in 0.00 ms, found 0 plugins.
Preloading 0 native plugins for Editor in 0.00 ms.
Asset Pipeline Refresh (id=0c92f6ee06c394f4280f1f9f5991d37d): Total: 0.007 seconds - Initiated by StopAssetImportingV2(NoUpdateAssetOptions)
Start importing Assets/AreaBattle/Resources/Recovered/BossEmbedded/Textures/CAB-68a3634b9a99c5a2a10a36b772e4e945_-320434452009981011.png using Guid(edd870c45ba12db40a4c4e1b7a29f805) (TextureImporter) -> (artifact id: 'd4d5f06e77323dff5ed12bb14e65028c') in 0.0016894 seconds
Refreshing native plugins compatible for Editor in 0.00 ms, found 0 plugins.
Preloading 0 native plugins for Editor in 0.00 ms.
Asset Pipeline Refresh (id=a696ee20a150e2342a3707e5525bc0af): Total: 0.007 seconds - Initiated by StopAssetImportingV2(NoUpdateAssetOptions)
Start importing Assets/AreaBattle/Resources/Recovered/BossEmbedded/Textures/CAB-68a3634b9a99c5a2a10a36b772e4e945_8855433009241173135.png using Guid(d62c7aba600c5a145b36fdc4c78088ec) (TextureImporter) -> (artifact id: 'ceef0499849d1055c890bd1003d9acc6') in 0.002446 seconds
Refreshing native plugins compatible for Editor in 0.00 ms, found 0 plugins.
Preloading 0 native plugins for Editor in 0.00 ms.
Asset Pipeline Refresh (id=9a5877554b3af794db2ca2087167760a): Total: 0.006 seconds - Initiated by StopAssetImportingV2(NoUpdateAssetOptions)
Start importing Assets/AreaBattle/Resources/Recovered/BossEmbedded/Textures/CAB-68a3634b9a99c5a2a10a36b772e4e945_8855433009241173135.png using Guid(d62c7aba600c5a145b36fdc4c78088ec) (TextureImporter) -> (artifact id: '6bfb6d5b81a86e68bd6c7aad72e2cf31') in 0.00149 seconds
Refreshing native plugins compatible for Editor in 0.00 ms, found 0 plugins.
Preloading 0 native plugins for Editor in 0.00 ms.
Asset Pipeline Refresh (id=1577cbea550b0d544bbb37bd3d920fe3): Total: 0.007 seconds - Initiated by StopAssetImportingV2(NoUpdateAssetOptions)
Start importing Assets/AreaBattle/Resources/Recovered/BossEmbedded/Textures/CAB-68a3634b9a99c5a2a10a36b772e4e945_-3713419941268851698.png using Guid(c5b424ae2415234499799b8191ef5b6b) (TextureImporter) -> (artifact id: '5171f811421d5f017c643ae1b0cce8d5') in 0.001767 seconds
Refreshing native plugins compatible for Editor in 0.00 ms, found 0 plugins.
Preloading 0 native plugins for Editor in 0.00 ms.
Asset Pipeline Refresh (id=7b71ecaa04c90fe4eb51a0065f41da96): Total: 0.006 seconds - Initiated by StopAssetImportingV2(NoUpdateAssetOptions)
Start importing Assets/AreaBattle/Resources/Recovered/BossEmbedded/Textures/CAB-68a3634b9a99c5a2a10a36b772e4e945_-3713419941268851698.png using Guid(c5b424ae2415234499799b8191ef5b6b) (TextureImporter) -> (artifact id: '1807915563caa291109520d6dfb6cd3b') in 0.0010639 seconds
Refreshing native plugins compatible for Editor in 0.00 ms, found 0 plugins.
Preloading 0 native plugins for Editor in 0.00 ms.
Asset Pipeline Refresh (id=090c12f83b7d79445845a19cfe8393f6): Total: 0.008 seconds - Initiated by StopAssetImportingV2(NoUpdateAssetOptions)
Start importing Assets/AreaBattle/Resources/Recovered/BossEmbedded/Textures/CAB-68a3634b9a99c5a2a10a36b772e4e945_-8224380927111294377.png using Guid(eb4a7dab0f9e68f45875ac10df31bec5) (TextureImporter) -> (artifact id: '5f60d1bfb17189cb79992bd7e615f55d') in 0.0017878 seconds
Refreshing native plugins compatible for Editor in 0.00 ms, found 0 plugins.
Preloading 0 native plugins for Editor in 0.00 ms.
Asset Pipeline Refresh (id=1dcbe177afaf5d542a5d51e8cb02e5ba): Total: 0.006 seconds - Initiated by StopAssetImportingV2(NoUpdateAssetOptions)
Start importing Assets/AreaBattle/Resources/Recovered/BossEmbedded/Textures/CAB-68a3634b9a99c5a2a10a36b772e4e945_-8224380927111294377.png using Guid(eb4a7dab0f9e68f45875ac10df31bec5) (TextureImporter) -> (artifact id: '9a58a08dc00a8267565faea925af7556') in 0.0010859 seconds
Refreshing native plugins compatible for Editor in 0.00 ms, found 0 plugins.
Preloading 0 native plugins for Editor in 0.00 ms.
Asset Pipeline Refresh (id=ce591685274ca4a42b487e2de0b7212b): Total: 0.007 seconds - Initiated by StopAssetImportingV2(NoUpdateAssetOptions)
Start importing Assets/AreaBattle/Resources/Recovered/BossEmbedded/Textures/CAB-68a3634b9a99c5a2a10a36b772e4e945_2416171498413165586.png using Guid(18e74e53e22b719419cdb601f07c9e51) (TextureImporter) -> (artifact id: 'c8b5bc9c3c378de2e24e1eb872ecf703') in 0.0017535 seconds
Refreshing native plugins compatible for Editor in 0.00 ms, found 0 plugins.
Preloading 0 native plugins for Editor in 0.00 ms.
Asset Pipeline Refresh (id=a4eb8e666972b73468155c4176ac41da): Total: 0.006 seconds - Initiated by StopAssetImportingV2(NoUpdateAssetOptions)
Start importing Assets/AreaBattle/Resources/Recovered/BossEmbedded/Textures/CAB-68a3634b9a99c5a2a10a36b772e4e945_2416171498413165586.png using Guid(18e74e53e22b719419cdb601f07c9e51) (TextureImporter) -> (artifact id: '86262e8145430a7d43735e96ab224691') in 0.0010181 seconds
Refreshing native plugins compatible for Editor in 0.00 ms, found 0 plugins.
Preloading 0 native plugins for Editor in 0.00 ms.
Asset Pipeline Refresh (id=f7d15122aa1d943478bb01dd9d639035): Total: 0.007 seconds - Initiated by StopAssetImportingV2(NoUpdateAssetOptions)
Start importing Assets/AreaBattle/Resources/Recovered/BossEmbedded/Textures/CAB-68a3634b9a99c5a2a10a36b772e4e945_-3196955201334034109.png using Guid(ecd2d5ab55b19f841bc690cfb236d5ad) (TextureImporter) -> (artifact id: 'ad9e8f64d95839bc6c4a82eb671286cd') in 0.0027155 seconds
Refreshing native plugins compatible for Editor in 0.00 ms, found 0 plugins.
Preloading 0 native plugins for Editor in 0.00 ms.
Asset Pipeline Refresh (id=e9eaf33d05db0e94abc1f8f022987855): Total: 0.007 seconds - Initiated by StopAssetImportingV2(NoUpdateAssetOptions)
Start importing Assets/AreaBattle/Resources/Recovered/BossEmbedded/Textures/CAB-68a3634b9a99c5a2a10a36b772e4e945_-3196955201334034109.png using Guid(ecd2d5ab55b19f841bc690cfb236d5ad) (TextureImporter) -> (artifact id: 'edee8abe9ff3e4e12f69d37b994a8b7c') in 0.0016939 seconds
Refreshing native plugins compatible for Editor in 0.00 ms, found 0 plugins.
Preloading 0 native plugins for Editor in 0.00 ms.
Asset Pipeline Refresh (id=85f33859de3a3b54fb425cb339f98950): Total: 0.007 seconds - Initiated by StopAssetImportingV2(NoUpdateAssetOptions)
Start importing Assets/AreaBattle/Resources/Recovered/BossEmbedded/Textures/CAB-68a3634b9a99c5a2a10a36b772e4e945_-3304199077592151623.png using Guid(7d2fb047502f22b4a8f9cf973c355db0) (TextureImporter) -> (artifact id: '40a14f7195aa34ce0903375ec4ccf4ec') in 0.0031271 seconds
Refreshing native plugins compatible for Editor in 0.00 ms, found 0 plugins.
Preloading 0 native plugins for Editor in 0.00 ms.
Asset Pipeline Refresh (id=e626c98ce42f5164aaefd114a7b60218): Total: 0.007 seconds - Initiated by StopAssetImportingV2(NoUpdateAssetOptions)
Start importing Assets/AreaBattle/Resources/Recovered/BossEmbedded/Textures/CAB-68a3634b9a99c5a2a10a36b772e4e945_-3304199077592151623.png using Guid(7d2fb047502f22b4a8f9cf973c355db0) (TextureImporter) -> (artifact id: '81a8fe040590c48b7000baecdd964477') in 0.0020589 seconds
Refreshing native plugins compatible for Editor in 0.00 ms, found 0 plugins.
Preloading 0 native plugins for Editor in 0.00 ms.
Asset Pipeline Refresh (id=c091a80b0128a4b4096de5cf29242d47): Total: 0.008 seconds - Initiated by StopAssetImportingV2(NoUpdateAssetOptions)
Start importing Assets/AreaBattle/Resources/Recovered/BossEmbedded/Textures/CAB-68a3634b9a99c5a2a10a36b772e4e945_619291229716843413.png using Guid(9f1954a592323374e8e9669d24ed21b6) (TextureImporter) -> (artifact id: '4e560c8e46c9126e15a8d4df6be8c7a4') in 0.002603 seconds
Refreshing native plugins compatible for Editor in 0.00 ms, found 0 plugins.
Preloading 0 native plugins for Editor in 0.00 ms.
Asset Pipeline Refresh (id=cf139f092c7b91f48a558f6575734a01): Total: 0.007 seconds - Initiated by StopAssetImportingV2(NoUpdateAssetOptions)
Start importing Assets/AreaBattle/Resources/Recovered/BossEmbedded/Textures/CAB-68a3634b9a99c5a2a10a36b772e4e945_619291229716843413.png using Guid(9f1954a592323374e8e9669d24ed21b6) (TextureImporter) -> (artifact id: '08876a6b0b50e684d7d0bb3920b2a645') in 0.0016254 seconds
Refreshing native plugins compatible for Editor in 0.00 ms, found 0 plugins.
Preloading 0 native plugins for Editor in 0.00 ms.
Asset Pipeline Refresh (id=d4be93ca2bce50f4ca33f0e4f89671e5): Total: 0.007 seconds - Initiated by StopAssetImportingV2(NoUpdateAssetOptions)
Start importing Assets/AreaBattle/Resources/Recovered/BossEmbedded/Textures/CAB-68a3634b9a99c5a2a10a36b772e4e945_-6219780120486856518.png using Guid(34a7f8555ed1f2a4ab5db9bc5fa7fe0c) (TextureImporter) -> (artifact id: '86869fba1e86c42e7129b8f018bf46f9') in 0.0016061 seconds
Refreshing native plugins compatible for Editor in 0.00 ms, found 0 plugins.
Preloading 0 native plugins for Editor in 0.00 ms.
Asset Pipeline Refresh (id=3f8149d45b09cc3488737d713cd4db60): Total: 0.006 seconds - Initiated by StopAssetImportingV2(NoUpdateAssetOptions)
Start importing Assets/AreaBattle/Resources/Recovered/BossEmbedded/Textures/CAB-68a3634b9a99c5a2a10a36b772e4e945_-6219780120486856518.png using Guid(34a7f8555ed1f2a4ab5db9bc5fa7fe0c) (TextureImporter) -> (artifact id: '63ed3007c25d1a652185c76a583b39a8') in 0.0010392 seconds
Refreshing native plugins compatible for Editor in 0.00 ms, found 0 plugins.
Preloading 0 native plugins for Editor in 0.00 ms.
Asset Pipeline Refresh (id=1f1335729a934694993cb3122e66a311): Total: 0.007 seconds - Initiated by StopAssetImportingV2(NoUpdateAssetOptions)
Start importing Assets/AreaBattle/Resources/Recovered/BossEmbedded/Meshes/CAB-68a3634b9a99c5a2a10a36b772e4e945_-3032851931745820969.asset using Guid(b3b4bf2b6a0a34e4a93c6d8a62f18edf) (NativeFormatImporter) -> (artifact id: '637efd8ad22a19b025b9aa5de88490d6') in 0.0006943 seconds
Refreshing native plugins compatible for Editor in 0.00 ms, found 0 plugins.
Preloading 0 native plugins for Editor in 0.00 ms.
Asset Pipeline Refresh (id=9f66cac629b36dc4f9d934defecb52e7): Total: 0.005 seconds - Initiated by StopAssetImportingV2(NoUpdateAssetOptions)
Start importing Assets/AreaBattle/Resources/Recovered/BossEmbedded/Textures/CAB-68a3634b9a99c5a2a10a36b772e4e945_-4788872184442548815.png using Guid(91d4974abf07fae47a5470319822304c) (TextureImporter) -> (artifact id: 'a63a0e941f5a890fdc0624f80f4b6a6d') in 0.0018924 seconds
Refreshing native plugins compatible for Editor in 0.00 ms, found 0 plugins.
Preloading 0 native plugins for Editor in 0.00 ms.
Asset Pipeline Refresh (id=bdd5e7ae86d580043909357e9d4f6d19): Total: 0.006 seconds - Initiated by StopAssetImportingV2(NoUpdateAssetOptions)
Start importing Assets/AreaBattle/Resources/Recovered/BossEmbedded/Textures/CAB-68a3634b9a99c5a2a10a36b772e4e945_-4788872184442548815.png using Guid(91d4974abf07fae47a5470319822304c) (TextureImporter) -> (artifact id: '91ee3606096d21dc1cd675b277486d0e') in 0.0010703 seconds
Refreshing native plugins compatible for Editor in 0.00 ms, found 0 plugins.
Preloading 0 native plugins for Editor in 0.00 ms.
Asset Pipeline Refresh (id=5d6dc515177f51b4492e98161b110250): Total: 0.007 seconds - Initiated by StopAssetImportingV2(NoUpdateAssetOptions)
Start importing Assets/AreaBattle/Resources/Recovered/BossEmbedded/Textures/CAB-68a3634b9a99c5a2a10a36b772e4e945_6401400624666351987.png using Guid(8689220b38a4e12478cff41e1d21e757) (TextureImporter) -> (artifact id: 'e1f1fd1823a9e57886d7ca1748ecc360') in 0.0028591 seconds
Refreshing native plugins compatible for Editor in 0.00 ms, found 0 plugins.
Preloading 0 native plugins for Editor in 0.00 ms.
Asset Pipeline Refresh (id=46fba673eb7016748948daa73d1d1634): Total: 0.008 seconds - Initiated by StopAssetImportingV2(NoUpdateAssetOptions)
Start importing Assets/AreaBattle/Resources/Recovered/BossEmbedded/Textures/CAB-68a3634b9a99c5a2a10a36b772e4e945_6401400624666351987.png using Guid(8689220b38a4e12478cff41e1d21e757) (TextureImporter) -> (artifact id: '498d603c32a13fd0b7a300f9c9351add') in 0.0018567 seconds
Refreshing native plugins compatible for Editor in 0.00 ms, found 0 plugins.
Preloading 0 native plugins for Editor in 0.00 ms.
Asset Pipeline Refresh (id=8f8b124bc7f34cc42a5cf1f713d6ac9e): Total: 0.008 seconds - Initiated by StopAssetImportingV2(NoUpdateAssetOptions)
Start importing Assets/AreaBattle/Resources/Recovered/BossEmbedded/Textures/CAB-68a3634b9a99c5a2a10a36b772e4e945_7458881369323444015.png using Guid(6521c1c22d5831a4d8cd2a49fa110d6c) (TextureImporter) -> (artifact id: '933e4a2bcef5d0737ee3fb0135785303') in 0.0018356 seconds
Refreshing native plugins compatible for Editor in 0.00 ms, found 0 plugins.
Preloading 0 native plugins for Editor in 0.00 ms.
Asset Pipeline Refresh (id=83dfed667fd18984dae610e7e67967f8): Total: 0.006 seconds - Initiated by StopAssetImportingV2(NoUpdateAssetOptions)
Start importing Assets/AreaBattle/Resources/Recovered/BossEmbedded/Textures/CAB-68a3634b9a99c5a2a10a36b772e4e945_7458881369323444015.png using Guid(6521c1c22d5831a4d8cd2a49fa110d6c) (TextureImporter) -> (artifact id: '0293e856d14090801e4c24b6741b4ab8') in 0.0010427 seconds
Refreshing native plugins compatible for Editor in 0.00 ms, found 0 plugins.
Preloading 0 native plugins for Editor in 0.00 ms.
Asset Pipeline Refresh (id=3a65e9b80b986f74b81ca8bf7fef94db): Total: 0.008 seconds - Initiated by StopAssetImportingV2(NoUpdateAssetOptions)
Start importing Assets/AreaBattle/Resources/Recovered/BossEmbedded/Meshes/CAB-68a3634b9a99c5a2a10a36b772e4e945_451957386918195099.asset using Guid(c3713536c05b0c44295186c677e2badb) (NativeFormatImporter) -> (artifact id: 'ed82755d14bbef7b5de3336225bbd90c') in 0.0006303 seconds
Refreshing native plugins compatible for Editor in 0.00 ms, found 0 plugins.
Preloading 0 native plugins for Editor in 0.00 ms.
Asset Pipeline Refresh (id=82168d7452ed35b49b7632b371115737): Total: 0.004 seconds - Initiated by StopAssetImportingV2(NoUpdateAssetOptions)
Start importing Assets/AreaBattle/Resources/Recovered/BossEmbedded/Textures/CAB-68a3634b9a99c5a2a10a36b772e4e945_8241663736760299087.png using Guid(7179f0d7def36964b8fdf03dbd3f539b) (TextureImporter) -> (artifact id: 'c4744a72a9b3642e9982bd7c6a77e187') in 0.0024342 seconds
Refreshing native plugins compatible for Editor in 0.00 ms, found 0 plugins.
Preloading 0 native plugins for Editor in 0.00 ms.
Asset Pipeline Refresh (id=faaa0b9e41cdbe342a98846c817e8e81): Total: 0.007 seconds - Initiated by StopAssetImportingV2(NoUpdateAssetOptions)
Start importing Assets/AreaBattle/Resources/Recovered/BossEmbedded/Textures/CAB-68a3634b9a99c5a2a10a36b772e4e945_8241663736760299087.png using Guid(7179f0d7def36964b8fdf03dbd3f539b) (TextureImporter) -> (artifact id: '5dadfc08ddb347906bbb5a352decf856') in 0.0014392 seconds
Refreshing native plugins compatible for Editor in 0.00 ms, found 0 plugins.
Preloading 0 native plugins for Editor in 0.00 ms.
Asset Pipeline Refresh (id=2d6fca305aef11546898371dc2c700b4): Total: 0.008 seconds - Initiated by StopAssetImportingV2(NoUpdateAssetOptions)
Start importing Assets/AreaBattle/Resources/Recovered/BossEmbedded/Meshes/CAB-68a3634b9a99c5a2a10a36b772e4e945_-843743146161768709.asset using Guid(d6f697c4e5b61d04cbd8daf478e22493) (NativeFormatImporter) -> (artifact id: '27f0537c04a9601cd16d06fc93f90c4d') in 0.0007073 seconds
Refreshing native plugins compatible for Editor in 0.00 ms, found 0 plugins.
Preloading 0 native plugins for Editor in 0.00 ms.
Asset Pipeline Refresh (id=a190b36cfaf221646a48aec5b1b68b33): Total: 0.005 seconds - Initiated by StopAssetImportingV2(NoUpdateAssetOptions)
Start importing Assets/AreaBattle/Resources/Recovered/BossEmbedded/Textures/CAB-68a3634b9a99c5a2a10a36b772e4e945_-4828617318903949823.png using Guid(964497505f7c6474798708fb6011bb7e) (TextureImporter) -> (artifact id: 'ab03a94172e2d96d1f73317e30674a19') in 0.0017325 seconds
Refreshing native plugins compatible for Editor in 0.00 ms, found 0 plugins.
Preloading 0 native plugins for Editor in 0.00 ms.
Asset Pipeline Refresh (id=eceec9fda00bbd24ca4497512aaac31b): Total: 0.006 seconds - Initiated by StopAssetImportingV2(NoUpdateAssetOptions)
Start importing Assets/AreaBattle/Resources/Recovered/BossEmbedded/Textures/CAB-68a3634b9a99c5a2a10a36b772e4e945_-4828617318903949823.png using Guid(964497505f7c6474798708fb6011bb7e) (TextureImporter) -> (artifact id: '9eada9608465e593876dee6ac98f24b9') in 0.000989 seconds
Refreshing native plugins compatible for Editor in 0.00 ms, found 0 plugins.
Preloading 0 native plugins for Editor in 0.00 ms.
Asset Pipeline Refresh (id=3472d74d61ae75c4bac17c2e582c7f82): Total: 0.007 seconds - Initiated by StopAssetImportingV2(NoUpdateAssetOptions)
Start importing Assets/AreaBattle/Resources/Recovered/BossEmbedded/Textures/CAB-68a3634b9a99c5a2a10a36b772e4e945_5787782395250194614.png using Guid(a375b6d2a5b1a31488e48f9e4d4053ec) (TextureImporter) -> (artifact id: '6a61a5a9efb922b89a5d50ee10bd8063') in 0.0014321 seconds
Refreshing native plugins compatible for Editor in 0.00 ms, found 0 plugins.
Preloading 0 native plugins for Editor in 0.00 ms.
Asset Pipeline Refresh (id=3168665336888d849a2e6b9d6f24ed71): Total: 0.006 seconds - Initiated by StopAssetImportingV2(NoUpdateAssetOptions)
Start importing Assets/AreaBattle/Resources/Recovered/BossEmbedded/Textures/CAB-68a3634b9a99c5a2a10a36b772e4e945_5787782395250194614.png using Guid(a375b6d2a5b1a31488e48f9e4d4053ec) (TextureImporter) -> (artifact id: '12278ea6b0d84f5794b3143afaeee1ed') in 0.0009053 seconds
Refreshing native plugins compatible for Editor in 0.00 ms, found 0 plugins.
Preloading 0 native plugins for Editor in 0.00 ms.
Asset Pipeline Refresh (id=c8658809057f2a445ba61a4eccf77ab0): Total: 0.007 seconds - Initiated by StopAssetImportingV2(NoUpdateAssetOptions)
Start importing Assets/AreaBattle/Resources/Recovered/BossEmbedded/Textures/CAB-68a3634b9a99c5a2a10a36b772e4e945_4592444282398788978.png using Guid(4f884f2b7f0d6ee44b813e4651032e0f) (TextureImporter) -> (artifact id: '32537b7709885777409ae23b5f543bad') in 0.0022785 seconds
Refreshing native plugins compatible for Editor in 0.00 ms, found 0 plugins.
Preloading 0 native plugins for Editor in 0.00 ms.
Asset Pipeline Refresh (id=1d6b53b097227ca469fcc41895f027f3): Total: 0.007 seconds - Initiated by StopAssetImportingV2(NoUpdateAssetOptions)
Start importing Assets/AreaBattle/Resources/Recovered/BossEmbedded/Textures/CAB-68a3634b9a99c5a2a10a36b772e4e945_4592444282398788978.png using Guid(4f884f2b7f0d6ee44b813e4651032e0f) (TextureImporter) -> (artifact id: '5a9d458620ef2516362d56f1969295cd') in 0.0010786 seconds
Refreshing native plugins compatible for Editor in 0.00 ms, found 0 plugins.
Preloading 0 native plugins for Editor in 0.00 ms.
Asset Pipeline Refresh (id=f3bbd252dd588ea4581b7793ce709fc2): Total: 0.008 seconds - Initiated by StopAssetImportingV2(NoUpdateAssetOptions)
Start importing Assets/AreaBattle/Resources/Recovered/BossEmbedded/Textures/CAB-68a3634b9a99c5a2a10a36b772e4e945_3366574577895424171.png using Guid(862e83ef9a75b154ebb3e37f8e0005dc) (TextureImporter) -> (artifact id: '83ae93f61ae4039302200cf97b5be8d1') in 0.0017156 seconds
Refreshing native plugins compatible for Editor in 0.00 ms, found 0 plugins.
Preloading 0 native plugins for Editor in 0.00 ms.
Asset Pipeline Refresh (id=c8d1af442fc10d749ab0984ba599018f): Total: 0.007 seconds - Initiated by StopAssetImportingV2(NoUpdateAssetOptions)
Start importing Assets/AreaBattle/Resources/Recovered/BossEmbedded/Textures/CAB-68a3634b9a99c5a2a10a36b772e4e945_3366574577895424171.png using Guid(862e83ef9a75b154ebb3e37f8e0005dc) (TextureImporter) -> (artifact id: '6411d22bbd5d059497332e6c316b4d63') in 0.0019253 seconds
Refreshing native plugins compatible for Editor in 0.00 ms, found 0 plugins.
Preloading 0 native plugins for Editor in 0.00 ms.
Asset Pipeline Refresh (id=12d36cdb756749b4a9dfb2efb240ad8d): Total: 0.008 seconds - Initiated by StopAssetImportingV2(NoUpdateAssetOptions)
Start importing Assets/AreaBattle/Resources/Recovered/BossEmbedded/Meshes/CAB-68a3634b9a99c5a2a10a36b772e4e945_-3032851931745820969.asset using Guid(b3b4bf2b6a0a34e4a93c6d8a62f18edf) (NativeFormatImporter) -> (artifact id: '0043cb530a48d7eb4b3ae529578c650d') in 0.0007296 seconds
Start importing Assets/AreaBattle/Resources/Recovered/BossEmbedded/Meshes/CAB-68a3634b9a99c5a2a10a36b772e4e945_451957386918195099.asset using Guid(c3713536c05b0c44295186c677e2badb) (NativeFormatImporter) -> (artifact id: 'ac7151cee6b9cc06380442fc5c05da05') in 0.00062 seconds
Start importing Assets/AreaBattle/Resources/Recovered/BossEmbedded/Meshes/CAB-68a3634b9a99c5a2a10a36b772e4e945_-843743146161768709.asset using Guid(d6f697c4e5b61d04cbd8daf478e22493) (NativeFormatImporter) -> (artifact id: '031e01fc6ec61c5be1ef3aa1bf59f57e') in 0.0006096 seconds
Refreshing native plugins compatible for Editor in 0.00 ms, found 0 plugins.
Preloading 0 native plugins for Editor in 0.00 ms.
Asset Pipeline Refresh (id=b96d5abe41201dc4dac260bfe318d614): Total: 0.006 seconds - Initiated by StopAssetImportingV2(NoUpdateAssetOptions)
Start importing Assets/AreaBattle/Resources/Recovered/BossEmbedded/Materials/CAB-68a3634b9a99c5a2a10a36b772e4e945_-6562632805628259368.mat using Guid(1f5942e65a276a344985b5df73874494) (NativeFormatImporter)Main Object Name 'Sprites-Default' does not match filename 'CAB-68a3634b9a99c5a2a10a36b772e4e945_-6562632805628259368'
UnityEngine.Debug:ExtractStackTraceNoAlloc (byte*,int,string)
UnityEngine.StackTraceUtility:ExtractStackTrace ()
UnityEditor.AssetDatabase:ImportAsset (string,UnityEditor.ImportAssetOptions)
AreaBattle.EditorTools.RecoveredBossEmbeddedImporter:ImportNativeResource (AreaBattle.EditorTools.RecoveredBossEmbeddedImporter/Resource,string,System.Type) (at Assets/AreaBattle/Editor/RecoveredBossEmbeddedImporter.cs:169)
AreaBattle.EditorTools.RecoveredBossEmbeddedImporter:ImportManifest (string,string) (at Assets/AreaBattle/Editor/RecoveredBossEmbeddedImporter.cs:64)
AreaBattle.EditorTools.RecoveredBossEmbeddedImporter:Import () (at Assets/AreaBattle/Editor/RecoveredBossEmbeddedImporter.cs:43)

[Assets/AreaBattle/Editor/RecoveredBossEmbeddedImporter.cs line 169]

 -> (artifact id: '41e9d19a65b36731da1554335b258bb8') in 0.0015633 seconds
Refreshing native plugins compatible for Editor in 0.00 ms, found 0 plugins.
Preloading 0 native plugins for Editor in 0.00 ms.
Asset Pipeline Refresh (id=534418415b7e5754cb0810f0b9d0a4d3): Total: 0.006 seconds - Initiated by StopAssetImportingV2(NoUpdateAssetOptions)
Start importing Assets/AreaBattle/Resources/Recovered/BossEmbedded/Materials/CAB-68a3634b9a99c5a2a10a36b772e4e945_-6993292989516998357.mat using Guid(a0bf5f60ebb6dea4e871f99d210c1b87) (NativeFormatImporter)Main Object Name 'Hdzd_Effect_Wy_025' does not match filename 'CAB-68a3634b9a99c5a2a10a36b772e4e945_-6993292989516998357'
UnityEngine.Debug:ExtractStackTraceNoAlloc (byte*,int,string)
UnityEngine.StackTraceUtility:ExtractStackTrace ()
UnityEditor.AssetDatabase:ImportAsset (string,UnityEditor.ImportAssetOptions)
AreaBattle.EditorTools.RecoveredBossEmbeddedImporter:ImportNativeResource (AreaBattle.EditorTools.RecoveredBossEmbeddedImporter/Resource,string,System.Type) (at Assets/AreaBattle/Editor/RecoveredBossEmbeddedImporter.cs:169)
AreaBattle.EditorTools.RecoveredBossEmbeddedImporter:ImportManifest (string,string) (at Assets/AreaBattle/Editor/RecoveredBossEmbeddedImporter.cs:64)
AreaBattle.EditorTools.RecoveredBossEmbeddedImporter:Import () (at Assets/AreaBattle/Editor/RecoveredBossEmbeddedImporter.cs:43)

[Assets/AreaBattle/Editor/RecoveredBossEmbeddedImporter.cs line 169]

 -> (artifact id: '780256b796f44b43b885ca7000ed410b') in 0.0016362 seconds
Refreshing native plugins compatible for Editor in 0.00 ms, found 0 plugins.
Preloading 0 native plugins for Editor in 0.00 ms.
Asset Pipeline Refresh (id=e4c90fe81961b1343a894920e424724e): Total: 0.006 seconds - Initiated by StopAssetImportingV2(NoUpdateAssetOptions)
Start importing Assets/AreaBattle/Resources/Recovered/BossEmbedded/Materials/CAB-68a3634b9a99c5a2a10a36b772e4e945_1669878906232917002.mat using Guid(1876475ee9521ca4aa60a6c36d6685b0) (NativeFormatImporter)Main Object Name 'Hdzd_Effect_Wy_026' does not match filename 'CAB-68a3634b9a99c5a2a10a36b772e4e945_1669878906232917002'
UnityEngine.Debug:ExtractStackTraceNoAlloc (byte*,int,string)
UnityEngine.StackTraceUtility:ExtractStackTrace ()
UnityEditor.AssetDatabase:ImportAsset (string,UnityEditor.ImportAssetOptions)
AreaBattle.EditorTools.RecoveredBossEmbeddedImporter:ImportNativeResource (AreaBattle.EditorTools.RecoveredBossEmbeddedImporter/Resource,string,System.Type) (at Assets/AreaBattle/Editor/RecoveredBossEmbeddedImporter.cs:169)
AreaBattle.EditorTools.RecoveredBossEmbeddedImporter:ImportManifest (string,string) (at Assets/AreaBattle/Editor/RecoveredBossEmbeddedImporter.cs:64)
AreaBattle.EditorTools.RecoveredBossEmbeddedImporter:Import () (at Assets/AreaBattle/Editor/RecoveredBossEmbeddedImporter.cs:43)

[Assets/AreaBattle/Editor/RecoveredBossEmbeddedImporter.cs line 169]

 -> (artifact id: 'b668d272478ff8f1620f8c3f9cca7e8a') in 0.0011271 seconds
Refreshing native plugins compatible for Editor in 0.00 ms, found 0 plugins.
Preloading 0 native plugins for Editor in 0.00 ms.
Asset Pipeline Refresh (id=d3db991f07dd6ce40863240f3d08d36d): Total: 0.005 seconds - Initiated by StopAssetImportingV2(NoUpdateAssetOptions)
Start importing Assets/AreaBattle/Resources/Recovered/BossEmbedded/Materials/CAB-68a3634b9a99c5a2a10a36b772e4e945_1354024841505045121.mat using Guid(4d5b8dc31509afd4d918ef0afc3bc296) (NativeFormatImporter)Main Object Name 'Hdzd_Effect_Wy_006' does not match filename 'CAB-68a3634b9a99c5a2a10a36b772e4e945_1354024841505045121'
UnityEngine.Debug:ExtractStackTraceNoAlloc (byte*,int,string)
UnityEngine.StackTraceUtility:ExtractStackTrace ()
UnityEditor.AssetDatabase:ImportAsset (string,UnityEditor.ImportAssetOptions)
AreaBattle.EditorTools.RecoveredBossEmbeddedImporter:ImportNativeResource (AreaBattle.EditorTools.RecoveredBossEmbeddedImporter/Resource,string,System.Type) (at Assets/AreaBattle/Editor/RecoveredBossEmbeddedImporter.cs:169)
AreaBattle.EditorTools.RecoveredBossEmbeddedImporter:ImportManifest (string,string) (at Assets/AreaBattle/Editor/RecoveredBossEmbeddedImporter.cs:64)
AreaBattle.EditorTools.RecoveredBossEmbeddedImporter:Import () (at Assets/AreaBattle/Editor/RecoveredBossEmbeddedImporter.cs:43)

[Assets/AreaBattle/Editor/RecoveredBossEmbeddedImporter.cs line 169]

 -> (artifact id: '4f1f79a0099df53f6a83b293690d6387') in 0.0011651 seconds
Refreshing native plugins compatible for Editor in 0.00 ms, found 0 plugins.
Preloading 0 native plugins for Editor in 0.00 ms.
Asset Pipeline Refresh (id=49ec1f57622c365409ca548aec733914): Total: 0.005 seconds - Initiated by StopAssetImportingV2(NoUpdateAssetOptions)
Start importing Assets/AreaBattle/Resources/Recovered/BossEmbedded/Materials/CAB-68a3634b9a99c5a2a10a36b772e4e945_7618441556055358215.mat using Guid(880c30bb235b03749b3245f3c7eb8502) (NativeFormatImporter)Main Object Name 'Hdzd_Effect_Wy_007' does not match filename 'CAB-68a3634b9a99c5a2a10a36b772e4e945_7618441556055358215'
UnityEngine.Debug:ExtractStackTraceNoAlloc (byte*,int,string)
UnityEngine.StackTraceUtility:ExtractStackTrace ()
UnityEditor.AssetDatabase:ImportAsset (string,UnityEditor.ImportAssetOptions)
AreaBattle.EditorTools.RecoveredBossEmbeddedImporter:ImportNativeResource (AreaBattle.EditorTools.RecoveredBossEmbeddedImporter/Resource,string,System.Type) (at Assets/AreaBattle/Editor/RecoveredBossEmbeddedImporter.cs:169)
AreaBattle.EditorTools.RecoveredBossEmbeddedImporter:ImportManifest (string,string) (at Assets/AreaBattle/Editor/RecoveredBossEmbeddedImporter.cs:64)
AreaBattle.EditorTools.RecoveredBossEmbeddedImporter:Import () (at Assets/AreaBattle/Editor/RecoveredBossEmbeddedImporter.cs:43)

[Assets/AreaBattle/Editor/RecoveredBossEmbeddedImporter.cs line 169]

 -> (artifact id: '48aadef0798319ba834bc261b30fb08a') in 0.0011168 seconds
Refreshing native plugins compatible for Editor in 0.00 ms, found 0 plugins.
Preloading 0 native plugins for Editor in 0.00 ms.
Asset Pipeline Refresh (id=a0011ad0ee9fade4b87d2313face2787): Total: 0.005 seconds - Initiated by StopAssetImportingV2(NoUpdateAssetOptions)
Start importing Assets/AreaBattle/Resources/Recovered/BossEmbedded/Materials/CAB-68a3634b9a99c5a2a10a36b772e4e945_8573595700084310905.mat using Guid(2bc6fce668d102340bfa76cf3f5589bb) (NativeFormatImporter)Main Object Name 'Hdzd_Effect_Wy_026_01' does not match filename 'CAB-68a3634b9a99c5a2a10a36b772e4e945_8573595700084310905'
UnityEngine.Debug:ExtractStackTraceNoAlloc (byte*,int,string)
UnityEngine.StackTraceUtility:ExtractStackTrace ()
UnityEditor.AssetDatabase:ImportAsset (string,UnityEditor.ImportAssetOptions)
AreaBattle.EditorTools.RecoveredBossEmbeddedImporter:ImportNativeResource (AreaBattle.EditorTools.RecoveredBossEmbeddedImporter/Resource,string,System.Type) (at Assets/AreaBattle/Editor/RecoveredBossEmbeddedImporter.cs:169)
AreaBattle.EditorTools.RecoveredBossEmbeddedImporter:ImportManifest (string,string) (at Assets/AreaBattle/Editor/RecoveredBossEmbeddedImporter.cs:64)
AreaBattle.EditorTools.RecoveredBossEmbeddedImporter:Import () (at Assets/AreaBattle/Editor/RecoveredBossEmbeddedImporter.cs:43)

[Assets/AreaBattle/Editor/RecoveredBossEmbeddedImporter.cs line 169]

 -> (artifact id: 'ee2d145c3a147aed145bf85427d75d58') in 0.0011663 seconds
Refreshing native plugins compatible for Editor in 0.00 ms, found 0 plugins.
Preloading 0 native plugins for Editor in 0.00 ms.
Asset Pipeline Refresh (id=a79cc6414150c154483bd62f21960693): Total: 0.005 seconds - Initiated by StopAssetImportingV2(NoUpdateAssetOptions)
Start importing Assets/AreaBattle/Resources/Recovered/BossEmbedded/Materials/CAB-68a3634b9a99c5a2a10a36b772e4e945_4320650324127590666.mat using Guid(b84ecce7e030afb40bee9e49e2e5031a) (NativeFormatImporter)Main Object Name 'Hdzd_Effect_Wy_018' does not match filename 'CAB-68a3634b9a99c5a2a10a36b772e4e945_4320650324127590666'
UnityEngine.Debug:ExtractStackTraceNoAlloc (byte*,int,string)
UnityEngine.StackTraceUtility:ExtractStackTrace ()
UnityEditor.AssetDatabase:ImportAsset (string,UnityEditor.ImportAssetOptions)
AreaBattle.EditorTools.RecoveredBossEmbeddedImporter:ImportNativeResource (AreaBattle.EditorTools.RecoveredBossEmbeddedImporter/Resource,string,System.Type) (at Assets/AreaBattle/Editor/RecoveredBossEmbeddedImporter.cs:169)
AreaBattle.EditorTools.RecoveredBossEmbeddedImporter:ImportManifest (string,string) (at Assets/AreaBattle/Editor/RecoveredBossEmbeddedImporter.cs:64)
AreaBattle.EditorTools.RecoveredBossEmbeddedImporter:Import () (at Assets/AreaBattle/Editor/RecoveredBossEmbeddedImporter.cs:43)

[Assets/AreaBattle/Editor/RecoveredBossEmbeddedImporter.cs line 169]

 -> (artifact id: '50ae7db18eb417f91a82c3611aa8c703') in 0.001394 seconds
Refreshing native plugins compatible for Editor in 0.00 ms, found 0 plugins.
Preloading 0 native plugins for Editor in 0.00 ms.
Asset Pipeline Refresh (id=0a31b3ab2f9d8cb4e99bc25d68992fbc): Total: 0.007 seconds - Initiated by StopAssetImportingV2(NoUpdateAssetOptions)
Start importing Assets/AreaBattle/Resources/Recovered/BossEmbedded/Materials/CAB-68a3634b9a99c5a2a10a36b772e4e945_-8398019976818271264.mat using Guid(3cebc5a118073cf44bf030b484b31659) (NativeFormatImporter)Main Object Name 'hdzd_effect_06' does not match filename 'CAB-68a3634b9a99c5a2a10a36b772e4e945_-8398019976818271264'
UnityEngine.Debug:ExtractStackTraceNoAlloc (byte*,int,string)
UnityEngine.StackTraceUtility:ExtractStackTrace ()
UnityEditor.AssetDatabase:ImportAsset (string,UnityEditor.ImportAssetOptions)
AreaBattle.EditorTools.RecoveredBossEmbeddedImporter:ImportNativeResource (AreaBattle.EditorTools.RecoveredBossEmbeddedImporter/Resource,string,System.Type) (at Assets/AreaBattle/Editor/RecoveredBossEmbeddedImporter.cs:169)
AreaBattle.EditorTools.RecoveredBossEmbeddedImporter:ImportManifest (string,string) (at Assets/AreaBattle/Editor/RecoveredBossEmbeddedImporter.cs:64)
AreaBattle.EditorTools.RecoveredBossEmbeddedImporter:Import () (at Assets/AreaBattle/Editor/RecoveredBossEmbeddedImporter.cs:43)

[Assets/AreaBattle/Editor/RecoveredBossEmbeddedImporter.cs line 169]

 -> (artifact id: 'f5eb9c1d91a1650e311263dcab14e514') in 0.0013102 seconds
Refreshing native plugins compatible for Editor in 0.00 ms, found 0 plugins.
Preloading 0 native plugins for Editor in 0.00 ms.
Asset Pipeline Refresh (id=2a5557304be30464c90d421f18920475): Total: 0.006 seconds - Initiated by StopAssetImportingV2(NoUpdateAssetOptions)
Start importing Assets/AreaBattle/Resources/Recovered/BossEmbedded/Materials/CAB-68a3634b9a99c5a2a10a36b772e4e945_-7704349074430765254.mat using Guid(62151e3915064154d96f1c284dfe7b99) (NativeFormatImporter)Main Object Name 'hdzd_effect_01' does not match filename 'CAB-68a3634b9a99c5a2a10a36b772e4e945_-7704349074430765254'
UnityEngine.Debug:ExtractStackTraceNoAlloc (byte*,int,string)
UnityEngine.StackTraceUtility:ExtractStackTrace ()
UnityEditor.AssetDatabase:ImportAsset (string,UnityEditor.ImportAssetOptions)
AreaBattle.EditorTools.RecoveredBossEmbeddedImporter:ImportNativeResource (AreaBattle.EditorTools.RecoveredBossEmbeddedImporter/Resource,string,System.Type) (at Assets/AreaBattle/Editor/RecoveredBossEmbeddedImporter.cs:169)
AreaBattle.EditorTools.RecoveredBossEmbeddedImporter:ImportManifest (string,string) (at Assets/AreaBattle/Editor/RecoveredBossEmbeddedImporter.cs:64)
AreaBattle.EditorTools.RecoveredBossEmbeddedImporter:Import () (at Assets/AreaBattle/Editor/RecoveredBossEmbeddedImporter.cs:43)

[Assets/AreaBattle/Editor/RecoveredBossEmbeddedImporter.cs line 169]

 -> (artifact id: '1c593004f73b884f31f7980c444843cd') in 0.0014193 seconds
Refreshing native plugins compatible for Editor in 0.00 ms, found 0 plugins.
Preloading 0 native plugins for Editor in 0.00 ms.
Asset Pipeline Refresh (id=c39e490d44d4b4345a2ad882ec1dfea9): Total: 0.006 seconds - Initiated by StopAssetImportingV2(NoUpdateAssetOptions)
Start importing Assets/AreaBattle/Resources/Recovered/BossEmbedded/Materials/CAB-68a3634b9a99c5a2a10a36b772e4e945_-2858799385595796597.mat using Guid(c92375c27497f5643a152eda0654f3dc) (NativeFormatImporter)Main Object Name 'hdzd_effect_02' does not match filename 'CAB-68a3634b9a99c5a2a10a36b772e4e945_-2858799385595796597'
UnityEngine.Debug:ExtractStackTraceNoAlloc (byte*,int,string)
UnityEngine.StackTraceUtility:ExtractStackTrace ()
UnityEditor.AssetDatabase:ImportAsset (string,UnityEditor.ImportAssetOptions)
AreaBattle.EditorTools.RecoveredBossEmbeddedImporter:ImportNativeResource (AreaBattle.EditorTools.RecoveredBossEmbeddedImporter/Resource,string,System.Type) (at Assets/AreaBattle/Editor/RecoveredBossEmbeddedImporter.cs:169)
AreaBattle.EditorTools.RecoveredBossEmbeddedImporter:ImportManifest (string,string) (at Assets/AreaBattle/Editor/RecoveredBossEmbeddedImporter.cs:64)
AreaBattle.EditorTools.RecoveredBossEmbeddedImporter:Import () (at Assets/AreaBattle/Editor/RecoveredBossEmbeddedImporter.cs:43)

[Assets/AreaBattle/Editor/RecoveredBossEmbeddedImporter.cs line 169]

 -> (artifact id: '71da4816145b790b0cb6f9c0c5513563') in 0.001338 seconds
Refreshing native plugins compatible for Editor in 0.00 ms, found 0 plugins.
Preloading 0 native plugins for Editor in 0.00 ms.
Asset Pipeline Refresh (id=150a0710150db6c4cb7803f9683226c4): Total: 0.006 seconds - Initiated by StopAssetImportingV2(NoUpdateAssetOptions)
Start importing Assets/AreaBattle/Resources/Recovered/BossEmbedded/Materials/CAB-68a3634b9a99c5a2a10a36b772e4e945_-624611738113260130.mat using Guid(a8248d83f4bb9644b926a611fe91f988) (NativeFormatImporter)Main Object Name 'hdzd_effect_03' does not match filename 'CAB-68a3634b9a99c5a2a10a36b772e4e945_-624611738113260130'
UnityEngine.Debug:ExtractStackTraceNoAlloc (byte*,int,string)
UnityEngine.StackTraceUtility:ExtractStackTrace ()
UnityEditor.AssetDatabase:ImportAsset (string,UnityEditor.ImportAssetOptions)
AreaBattle.EditorTools.RecoveredBossEmbeddedImporter:ImportNativeResource (AreaBattle.EditorTools.RecoveredBossEmbeddedImporter/Resource,string,System.Type) (at Assets/AreaBattle/Editor/RecoveredBossEmbeddedImporter.cs:169)
AreaBattle.EditorTools.RecoveredBossEmbeddedImporter:ImportManifest (string,string) (at Assets/AreaBattle/Editor/RecoveredBossEmbeddedImporter.cs:64)
AreaBattle.EditorTools.RecoveredBossEmbeddedImporter:Import () (at Assets/AreaBattle/Editor/RecoveredBossEmbeddedImporter.cs:43)

[Assets/AreaBattle/Editor/RecoveredBossEmbeddedImporter.cs line 169]

 -> (artifact id: '72cd4bc68b7a1dfe6e8d97cc1a34c981') in 0.0016915 seconds
Refreshing native plugins compatible for Editor in 0.00 ms, found 0 plugins.
Preloading 0 native plugins for Editor in 0.00 ms.
Asset Pipeline Refresh (id=b1726dce45ab4c64fb20cb09efd63cfb): Total: 0.007 seconds - Initiated by StopAssetImportingV2(NoUpdateAssetOptions)
Start importing Assets/AreaBattle/Resources/Recovered/BossEmbedded/Materials/CAB-68a3634b9a99c5a2a10a36b772e4e945_-5168211900205036137.mat using Guid(7f6e67c126dd9434db2cf1008c1c0c7a) (NativeFormatImporter)Main Object Name 'hdzd_effect_boss03_02' does not match filename 'CAB-68a3634b9a99c5a2a10a36b772e4e945_-5168211900205036137'
UnityEngine.Debug:ExtractStackTraceNoAlloc (byte*,int,string)
UnityEngine.StackTraceUtility:ExtractStackTrace ()
UnityEditor.AssetDatabase:ImportAsset (string,UnityEditor.ImportAssetOptions)
AreaBattle.EditorTools.RecoveredBossEmbeddedImporter:ImportNativeResource (AreaBattle.EditorTools.RecoveredBossEmbeddedImporter/Resource,string,System.Type) (at Assets/AreaBattle/Editor/RecoveredBossEmbeddedImporter.cs:169)
AreaBattle.EditorTools.RecoveredBossEmbeddedImporter:ImportManifest (string,string) (at Assets/AreaBattle/Editor/RecoveredBossEmbeddedImporter.cs:64)
AreaBattle.EditorTools.RecoveredBossEmbeddedImporter:Import () (at Assets/AreaBattle/Editor/RecoveredBossEmbeddedImporter.cs:43)

[Assets/AreaBattle/Editor/RecoveredBossEmbeddedImporter.cs line 169]

 -> (artifact id: '6b6c6922c51cd5a26ebdf06b4c1aab2e') in 0.0013295 seconds
Refreshing native plugins compatible for Editor in 0.00 ms, found 0 plugins.
Preloading 0 native plugins for Editor in 0.00 ms.
Asset Pipeline Refresh (id=a1f50d155e89eb644aff00e1a20eeb79): Total: 0.006 seconds - Initiated by StopAssetImportingV2(NoUpdateAssetOptions)
Start importing Assets/AreaBattle/Resources/Recovered/BossEmbedded/Materials/CAB-68a3634b9a99c5a2a10a36b772e4e945_-462757385343890724.mat using Guid(cea9dbcf51092cf47abb911feda5435a) (NativeFormatImporter)Main Object Name 'hdzd_effect_04' does not match filename 'CAB-68a3634b9a99c5a2a10a36b772e4e945_-462757385343890724'
UnityEngine.Debug:ExtractStackTraceNoAlloc (byte*,int,string)
UnityEngine.StackTraceUtility:ExtractStackTrace ()
UnityEditor.AssetDatabase:ImportAsset (string,UnityEditor.ImportAssetOptions)
AreaBattle.EditorTools.RecoveredBossEmbeddedImporter:ImportNativeResource (AreaBattle.EditorTools.RecoveredBossEmbeddedImporter/Resource,string,System.Type) (at Assets/AreaBattle/Editor/RecoveredBossEmbeddedImporter.cs:169)
AreaBattle.EditorTools.RecoveredBossEmbeddedImporter:ImportManifest (string,string) (at Assets/AreaBattle/Editor/RecoveredBossEmbeddedImporter.cs:64)
AreaBattle.EditorTools.RecoveredBossEmbeddedImporter:Import () (at Assets/AreaBattle/Editor/RecoveredBossEmbeddedImporter.cs:43)

[Assets/AreaBattle/Editor/RecoveredBossEmbeddedImporter.cs line 169]

 -> (artifact id: 'd4b2fbd59a5a4d24f7c46d95623420d0') in 0.0012783 seconds
Refreshing native plugins compatible for Editor in 0.00 ms, found 0 plugins.
Preloading 0 native plugins for Editor in 0.00 ms.
Asset Pipeline Refresh (id=7a0bc96767bf86b40b8fa94528efec2d): Total: 0.006 seconds - Initiated by StopAssetImportingV2(NoUpdateAssetOptions)
Start importing Assets/AreaBattle/Resources/Recovered/BossEmbedded/Materials/CAB-68a3634b9a99c5a2a10a36b772e4e945_-4564491188522125972.mat using Guid(97e6fe3a97bb21e4a988fd29c832acdf) (NativeFormatImporter)Main Object Name 'hdzd_effect_05' does not match filename 'CAB-68a3634b9a99c5a2a10a36b772e4e945_-4564491188522125972'
UnityEngine.Debug:ExtractStackTraceNoAlloc (byte*,int,string)
UnityEngine.StackTraceUtility:ExtractStackTrace ()
UnityEditor.AssetDatabase:ImportAsset (string,UnityEditor.ImportAssetOptions)
AreaBattle.EditorTools.RecoveredBossEmbeddedImporter:ImportNativeResource (AreaBattle.EditorTools.RecoveredBossEmbeddedImporter/Resource,string,System.Type) (at Assets/AreaBattle/Editor/RecoveredBossEmbeddedImporter.cs:169)
AreaBattle.EditorTools.RecoveredBossEmbeddedImporter:ImportManifest (string,string) (at Assets/AreaBattle/Editor/RecoveredBossEmbeddedImporter.cs:64)
AreaBattle.EditorTools.RecoveredBossEmbeddedImporter:Import () (at Assets/AreaBattle/Editor/RecoveredBossEmbeddedImporter.cs:43)

[Assets/AreaBattle/Editor/RecoveredBossEmbeddedImporter.cs line 169]

 -> (artifact id: 'afffa5fcb205b0ffce5ced37e4064256') in 0.0016076 seconds
Refreshing native plugins compatible for Editor in 0.00 ms, found 0 plugins.
Preloading 0 native plugins for Editor in 0.00 ms.
Asset Pipeline Refresh (id=8ee37187f01fd514aa9f926905609ca8): Total: 0.006 seconds - Initiated by StopAssetImportingV2(NoUpdateAssetOptions)
Start importing Assets/AreaBattle/Resources/Recovered/BossEmbedded/Animations/CAB-68a3634b9a99c5a2a10a36b772e4e945_331024372899680551.anim using Guid(e08ac735d124ad7469b11b379f61bf96) (NativeFormatImporter) -> (artifact id: '2196aa88086a5fd564d9d3c6e838dc43') in 0.0008064 seconds
Refreshing native plugins compatible for Editor in 0.00 ms, found 0 plugins.
Preloading 0 native plugins for Editor in 0.00 ms.
Asset Pipeline Refresh (id=1179feb4d248d5443b4a6978111df27e): Total: 0.005 seconds - Initiated by StopAssetImportingV2(NoUpdateAssetOptions)
Start importing Assets/AreaBattle/Resources/Recovered/BossEmbedded/Animations/CAB-68a3634b9a99c5a2a10a36b772e4e945_3139159163208534274.anim using Guid(8478d672bd181fd488acf56b91b3a0e6) (NativeFormatImporter) -> (artifact id: '2a8824ca321499eda0f676eaabee91cd') in 0.000703 seconds
Refreshing native plugins compatible for Editor in 0.00 ms, found 0 plugins.
Preloading 0 native plugins for Editor in 0.00 ms.
Asset Pipeline Refresh (id=3df4f4f2f29f5ac4e9b1a286ef029420): Total: 0.005 seconds - Initiated by StopAssetImportingV2(NoUpdateAssetOptions)
Start importing Assets/AreaBattle/Resources/Recovered/BossEmbedded/Animations/CAB-68a3634b9a99c5a2a10a36b772e4e945_7345822389102276908.anim using Guid(0db572063199e6640b5736cd5bee7eff) (NativeFormatImporter) -> (artifact id: '96f4e106686a627284ca9a769c6c9446') in 0.0007071 seconds
Refreshing native plugins compatible for Editor in 0.00 ms, found 0 plugins.
Preloading 0 native plugins for Editor in 0.00 ms.
Asset Pipeline Refresh (id=4a7324c905df3b8409fbfc07727aa8d4): Total: 0.005 seconds - Initiated by StopAssetImportingV2(NoUpdateAssetOptions)
Start importing Assets/AreaBattle/Resources/Recovered/BossEmbedded/Animations/CAB-68a3634b9a99c5a2a10a36b772e4e945_4873379019667338370.anim using Guid(17a86f46e7da83d4380d4de94f08d55b) (NativeFormatImporter) -> (artifact id: 'd6adb9d9625500d9bb6b43fd9e8c848a') in 0.0006495 seconds
Refreshing native plugins compatible for Editor in 0.00 ms, found 0 plugins.
Preloading 0 native plugins for Editor in 0.00 ms.
Asset Pipeline Refresh (id=0ec219237d612a64cbe4bac307d8ad88): Total: 0.005 seconds - Initiated by StopAssetImportingV2(NoUpdateAssetOptions)
Start importing Assets/AreaBattle/Resources/Recovered/BossEmbedded/Animations/CAB-68a3634b9a99c5a2a10a36b772e4e945_-3927298382246622227.anim using Guid(358b93ec7f3e12c4c872a56edf8b9ca9) (NativeFormatImporter) -> (artifact id: '903080d3453cef4ee1528808224172cf') in 0.0006808 seconds
Refreshing native plugins compatible for Editor in 0.00 ms, found 0 plugins.
Preloading 0 native plugins for Editor in 0.00 ms.
Asset Pipeline Refresh (id=ad7a5214e18c99b438ba429dd68c96b9): Total: 0.005 seconds - Initiated by StopAssetImportingV2(NoUpdateAssetOptions)
Start importing Assets/AreaBattle/Resources/Recovered/BossEmbedded/Animations/CAB-68a3634b9a99c5a2a10a36b772e4e945_-5052189595000695605.controller using Guid(6dd63a6f528ddd644bcb446a100ce66a) (NativeFormatImporter) -> (artifact id: '26a921480f164643cb2ff0a647a4aa69') in 0.0010942 seconds
Refreshing native plugins compatible for Editor in 0.00 ms, found 0 plugins.
Preloading 0 native plugins for Editor in 0.00 ms.
Asset Pipeline Refresh (id=c6b8279c7dc18264b8d91dd1b5d2c312): Total: 0.005 seconds - Initiated by StopAssetImportingV2(NoUpdateAssetOptions)
Start importing Assets/AreaBattle/Resources/Recovered/BossEmbedded/Animations/CAB-68a3634b9a99c5a2a10a36b772e4e945_331024372899680551.anim using Guid(e08ac735d124ad7469b11b379f61bf96) (NativeFormatImporter)Main Object Name 'Hdzd_Effect_Wy_speedDown' does not match filename 'CAB-68a3634b9a99c5a2a10a36b772e4e945_331024372899680551'
UnityEngine.Debug:ExtractStackTraceNoAlloc (byte*,int,string)
UnityEngine.StackTraceUtility:ExtractStackTrace ()
AreaBattle.EditorTools.RecoveredBossEmbeddedImporter:ImportController (AreaBattle.EditorTools.RecoveredBossEmbeddedImporter/Resource) (at Assets/AreaBattle/Editor/RecoveredBossEmbeddedImporter.cs:147)
AreaBattle.EditorTools.RecoveredBossEmbeddedImporter:ImportManifest (string,string) (at Assets/AreaBattle/Editor/RecoveredBossEmbeddedImporter.cs:76)
AreaBattle.EditorTools.RecoveredBossEmbeddedImporter:Import () (at Assets/AreaBattle/Editor/RecoveredBossEmbeddedImporter.cs:43)

[Assets/AreaBattle/Editor/RecoveredBossEmbeddedImporter.cs line 147]

 -> (artifact id: 'bef2520cabb1283bf233d994661b406f') in 0.0009953 seconds
Start importing Assets/AreaBattle/Resources/Recovered/BossEmbedded/Animations/CAB-68a3634b9a99c5a2a10a36b772e4e945_3139159163208534274.anim using Guid(8478d672bd181fd488acf56b91b3a0e6) (NativeFormatImporter)Main Object Name 'Hdzd_Effect_Wy_speedUp' does not match filename 'CAB-68a3634b9a99c5a2a10a36b772e4e945_3139159163208534274'
UnityEngine.Debug:ExtractStackTraceNoAlloc (byte*,int,string)
UnityEngine.StackTraceUtility:ExtractStackTrace ()
AreaBattle.EditorTools.RecoveredBossEmbeddedImporter:ImportController (AreaBattle.EditorTools.RecoveredBossEmbeddedImporter/Resource) (at Assets/AreaBattle/Editor/RecoveredBossEmbeddedImporter.cs:147)
AreaBattle.EditorTools.RecoveredBossEmbeddedImporter:ImportManifest (string,string) (at Assets/AreaBattle/Editor/RecoveredBossEmbeddedImporter.cs:76)
AreaBattle.EditorTools.RecoveredBossEmbeddedImporter:Import () (at Assets/AreaBattle/Editor/RecoveredBossEmbeddedImporter.cs:43)

[Assets/AreaBattle/Editor/RecoveredBossEmbeddedImporter.cs line 147]

 -> (artifact id: '3b0a43a0fa7c3ba52d2d2a53a3636aa7') in 0.000843 seconds
Start importing Assets/AreaBattle/Resources/Recovered/BossEmbedded/Animations/CAB-68a3634b9a99c5a2a10a36b772e4e945_-3927298382246622227.anim using Guid(358b93ec7f3e12c4c872a56edf8b9ca9) (NativeFormatImporter)Main Object Name 'QBdynamicShadow' does not match filename 'CAB-68a3634b9a99c5a2a10a36b772e4e945_-3927298382246622227'
UnityEngine.Debug:ExtractStackTraceNoAlloc (byte*,int,string)
UnityEngine.StackTraceUtility:ExtractStackTrace ()
AreaBattle.EditorTools.RecoveredBossEmbeddedImporter:ImportController (AreaBattle.EditorTools.RecoveredBossEmbeddedImporter/Resource) (at Assets/AreaBattle/Editor/RecoveredBossEmbeddedImporter.cs:147)
AreaBattle.EditorTools.RecoveredBossEmbeddedImporter:ImportManifest (string,string) (at Assets/AreaBattle/Editor/RecoveredBossEmbeddedImporter.cs:76)
AreaBattle.EditorTools.RecoveredBossEmbeddedImporter:Import () (at Assets/AreaBattle/Editor/RecoveredBossEmbeddedImporter.cs:43)

[Assets/AreaBattle/Editor/RecoveredBossEmbeddedImporter.cs line 147]

 -> (artifact id: '5e3ef086104260c7752b911819f789a8') in 0.0007663 seconds
Start importing Assets/AreaBattle/Resources/Recovered/BossEmbedded/Animations/CAB-68a3634b9a99c5a2a10a36b772e4e945_4873379019667338370.anim using Guid(17a86f46e7da83d4380d4de94f08d55b) (NativeFormatImporter)Main Object Name 'Hdzd_Effect_disappear' does not match filename 'CAB-68a3634b9a99c5a2a10a36b772e4e945_4873379019667338370'
UnityEngine.Debug:ExtractStackTraceNoAlloc (byte*,int,string)
UnityEngine.StackTraceUtility:ExtractStackTrace ()
AreaBattle.EditorTools.RecoveredBossEmbeddedImporter:ImportController (AreaBattle.EditorTools.RecoveredBossEmbeddedImporter/Resource) (at Assets/AreaBattle/Editor/RecoveredBossEmbeddedImporter.cs:147)
AreaBattle.EditorTools.RecoveredBossEmbeddedImporter:ImportManifest (string,string) (at Assets/AreaBattle/Editor/RecoveredBossEmbeddedImporter.cs:76)
AreaBattle.EditorTools.RecoveredBossEmbeddedImporter:Import () (at Assets/AreaBattle/Editor/RecoveredBossEmbeddedImporter.cs:43)

[Assets/AreaBattle/Editor/RecoveredBossEmbeddedImporter.cs line 147]

 -> (artifact id: '8f6bbbec0f84c13d3817e1bd0d39980c') in 0.0008515 seconds
Start importing Assets/AreaBattle/Resources/Recovered/BossEmbedded/Animations/CAB-68a3634b9a99c5a2a10a36b772e4e945_7345822389102276908.anim using Guid(0db572063199e6640b5736cd5bee7eff) (NativeFormatImporter)Main Object Name 'Hdzd_Effect_grow' does not match filename 'CAB-68a3634b9a99c5a2a10a36b772e4e945_7345822389102276908'
UnityEngine.Debug:ExtractStackTraceNoAlloc (byte*,int,string)
UnityEngine.StackTraceUtility:ExtractStackTrace ()
AreaBattle.EditorTools.RecoveredBossEmbeddedImporter:ImportController (AreaBattle.EditorTools.RecoveredBossEmbeddedImporter/Resource) (at Assets/AreaBattle/Editor/RecoveredBossEmbeddedImporter.cs:147)
AreaBattle.EditorTools.RecoveredBossEmbeddedImporter:ImportManifest (string,string) (at Assets/AreaBattle/Editor/RecoveredBossEmbeddedImporter.cs:76)
AreaBattle.EditorTools.RecoveredBossEmbeddedImporter:Import () (at Assets/AreaBattle/Editor/RecoveredBossEmbeddedImporter.cs:43)

[Assets/AreaBattle/Editor/RecoveredBossEmbeddedImporter.cs line 147]

 -> (artifact id: '7b50145f553612a3289caf969e94572b') in 0.0007403 seconds
Start importing Assets/AreaBattle/Resources/Recovered/BossEmbedded/Animations/CAB-68a3634b9a99c5a2a10a36b772e4e945_-5052189595000695605.controller using Guid(6dd63a6f528ddd644bcb446a100ce66a) (NativeFormatImporter)Main Object Name 'Hdzd_Effect_Wy_speedDown' does not match filename 'CAB-68a3634b9a99c5a2a10a36b772e4e945_-5052189595000695605'
UnityEngine.Debug:ExtractStackTraceNoAlloc (byte*,int,string)
UnityEngine.StackTraceUtility:ExtractStackTrace ()
AreaBattle.EditorTools.RecoveredBossEmbeddedImporter:ImportController (AreaBattle.EditorTools.RecoveredBossEmbeddedImporter/Resource) (at Assets/AreaBattle/Editor/RecoveredBossEmbeddedImporter.cs:147)
AreaBattle.EditorTools.RecoveredBossEmbeddedImporter:ImportManifest (string,string) (at Assets/AreaBattle/Editor/RecoveredBossEmbeddedImporter.cs:76)
AreaBattle.EditorTools.RecoveredBossEmbeddedImporter:Import () (at Assets/AreaBattle/Editor/RecoveredBossEmbeddedImporter.cs:43)

[Assets/AreaBattle/Editor/RecoveredBossEmbeddedImporter.cs line 147]

 -> (artifact id: '571389d5acef0764a42183c8f4241893') in 0.0007024 seconds
Refreshing native plugins compatible for Editor in 0.00 ms, found 0 plugins.
Preloading 0 native plugins for Editor in 0.00 ms.
Asset Pipeline Refresh (id=6686b18924e644640b275247571e4c25): Total: 0.010 seconds - Initiated by StopAssetImportingV2(NoUpdateAssetOptions)
Start importing Assets/AreaBattle/Resources/Recovered/BossEmbedded/Animations/CAB-68a3634b9a99c5a2a10a36b772e4e945_7189113776243809638.controller using Guid(b72382a5cf3860c45a5d011ad9bb20f8) (NativeFormatImporter) -> (artifact id: '743e9d9ea40056972aabef0b1399faf2') in 0.0006766 seconds
Refreshing native plugins compatible for Editor in 0.00 ms, found 0 plugins.
Preloading 0 native plugins for Editor in 0.00 ms.
Asset Pipeline Refresh (id=0d5d5a0c175a7ac45a92f6f4128bc1fe): Total: 0.005 seconds - Initiated by StopAssetImportingV2(NoUpdateAssetOptions)
Start importing Assets/AreaBattle/Resources/Recovered/BossEmbedded/Animations/CAB-68a3634b9a99c5a2a10a36b772e4e945_7189113776243809638.controller using Guid(b72382a5cf3860c45a5d011ad9bb20f8) (NativeFormatImporter)Main Object Name 'Hdzd_Effect_Wy_speedUp' does not match filename 'CAB-68a3634b9a99c5a2a10a36b772e4e945_7189113776243809638'
UnityEngine.Debug:ExtractStackTraceNoAlloc (byte*,int,string)
UnityEngine.StackTraceUtility:ExtractStackTrace ()
AreaBattle.EditorTools.RecoveredBossEmbeddedImporter:ImportController (AreaBattle.EditorTools.RecoveredBossEmbeddedImporter/Resource) (at Assets/AreaBattle/Editor/RecoveredBossEmbeddedImporter.cs:147)
AreaBattle.EditorTools.RecoveredBossEmbeddedImporter:ImportManifest (string,string) (at Assets/AreaBattle/Editor/RecoveredBossEmbeddedImporter.cs:76)
AreaBattle.EditorTools.RecoveredBossEmbeddedImporter:Import () (at Assets/AreaBattle/Editor/RecoveredBossEmbeddedImporter.cs:43)

[Assets/AreaBattle/Editor/RecoveredBossEmbeddedImporter.cs line 147]

 -> (artifact id: 'fd7e36700639794c72d87e7b328dac2d') in 0.0009073 seconds
Refreshing native plugins compatible for Editor in 0.00 ms, found 0 plugins.
Preloading 0 native plugins for Editor in 0.00 ms.
Asset Pipeline Refresh (id=9eabcc70f41418d40adbc279f7f55969): Total: 0.005 seconds - Initiated by StopAssetImportingV2(NoUpdateAssetOptions)
Start importing Assets/AreaBattle/Resources/Recovered/BossEmbedded/Animations/CAB-68a3634b9a99c5a2a10a36b772e4e945_-7203373568001753159.controller using Guid(d34baec272c7c824e8cd137688d0f392) (NativeFormatImporter) -> (artifact id: '5fe665ed6899fdeebf09b82dcb91ac96') in 0.000675 seconds
Refreshing native plugins compatible for Editor in 0.00 ms, found 0 plugins.
Preloading 0 native plugins for Editor in 0.00 ms.
Asset Pipeline Refresh (id=d526054f085b92646a76e3eb01203ae4): Total: 0.005 seconds - Initiated by StopAssetImportingV2(NoUpdateAssetOptions)
Start importing Assets/AreaBattle/Resources/Recovered/BossEmbedded/Animations/CAB-68a3634b9a99c5a2a10a36b772e4e945_-7203373568001753159.controller using Guid(d34baec272c7c824e8cd137688d0f392) (NativeFormatImporter)Main Object Name 'Hdzd_Effect_icicle' does not match filename 'CAB-68a3634b9a99c5a2a10a36b772e4e945_-7203373568001753159'
UnityEngine.Debug:ExtractStackTraceNoAlloc (byte*,int,string)
UnityEngine.StackTraceUtility:ExtractStackTrace ()
AreaBattle.EditorTools.RecoveredBossEmbeddedImporter:ImportController (AreaBattle.EditorTools.RecoveredBossEmbeddedImporter/Resource) (at Assets/AreaBattle/Editor/RecoveredBossEmbeddedImporter.cs:147)
AreaBattle.EditorTools.RecoveredBossEmbeddedImporter:ImportManifest (string,string) (at Assets/AreaBattle/Editor/RecoveredBossEmbeddedImporter.cs:76)
AreaBattle.EditorTools.RecoveredBossEmbeddedImporter:Import () (at Assets/AreaBattle/Editor/RecoveredBossEmbeddedImporter.cs:43)

[Assets/AreaBattle/Editor/RecoveredBossEmbeddedImporter.cs line 147]

 -> (artifact id: '89f2588019450a9edaa47cc3a8e907b6') in 0.0008186 seconds
Refreshing native plugins compatible for Editor in 0.00 ms, found 0 plugins.
Preloading 0 native plugins for Editor in 0.00 ms.
Asset Pipeline Refresh (id=8f9e423050515eb43b06d5db81a4d99a): Total: 0.004 seconds - Initiated by StopAssetImportingV2(NoUpdateAssetOptions)
Start importing Assets/AreaBattle/Resources/Recovered/BossEmbedded/Animations/CAB-68a3634b9a99c5a2a10a36b772e4e945_-4382123882644468661.controller using Guid(b0185b4c8122a024a915f7130c420f51) (NativeFormatImporter) -> (artifact id: '13cd16166fbf646eb19b5b4cb18981b2') in 0.000711 seconds
Refreshing native plugins compatible for Editor in 0.00 ms, found 0 plugins.
Preloading 0 native plugins for Editor in 0.00 ms.
Asset Pipeline Refresh (id=8108b197e28da154bbd09ddf94a4d5e4): Total: 0.005 seconds - Initiated by StopAssetImportingV2(NoUpdateAssetOptions)
Start importing Assets/AreaBattle/Resources/Recovered/BossEmbedded/Animations/CAB-68a3634b9a99c5a2a10a36b772e4e945_-4382123882644468661.controller using Guid(b0185b4c8122a024a915f7130c420f51) (NativeFormatImporter)Main Object Name 'QBDyShadow' does not match filename 'CAB-68a3634b9a99c5a2a10a36b772e4e945_-4382123882644468661'
UnityEngine.Debug:ExtractStackTraceNoAlloc (byte*,int,string)
UnityEngine.StackTraceUtility:ExtractStackTrace ()
AreaBattle.EditorTools.RecoveredBossEmbeddedImporter:ImportController (AreaBattle.EditorTools.RecoveredBossEmbeddedImporter/Resource) (at Assets/AreaBattle/Editor/RecoveredBossEmbeddedImporter.cs:147)
AreaBattle.EditorTools.RecoveredBossEmbeddedImporter:ImportManifest (string,string) (at Assets/AreaBattle/Editor/RecoveredBossEmbeddedImporter.cs:76)
AreaBattle.EditorTools.RecoveredBossEmbeddedImporter:Import () (at Assets/AreaBattle/Editor/RecoveredBossEmbeddedImporter.cs:43)

[Assets/AreaBattle/Editor/RecoveredBossEmbeddedImporter.cs line 147]

 -> (artifact id: '9d482c9b3a43a29d2f0611aacbd54bbc') in 0.0007921 seconds
Refreshing native plugins compatible for Editor in 0.00 ms, found 0 plugins.
Preloading 0 native plugins for Editor in 0.00 ms.
Asset Pipeline Refresh (id=d36117e9d5af52844b78d2ca7cb86290): Total: 0.004 seconds - Initiated by StopAssetImportingV2(NoUpdateAssetOptions)
Start importing Assets/AreaBattle/Resources/Recovered/BossEmbedded/Hdzd_Effect_Wy_speedDown.prefab using Guid(a7156b8b457bbc84d8187a3db802314f) (PrefabImporter) -> (artifact id: 'a7b9bb9f63e18d9add953217c50670ec') in 0.0049279 seconds
Refreshing native plugins compatible for Editor in 0.00 ms, found 0 plugins.
Preloading 0 native plugins for Editor in 0.00 ms.
Asset Pipeline Refresh (id=aa357c4674b9a64458dad358f40b79d5): Total: 0.010 seconds - Initiated by StopAssetImportingV2(NoUpdateAssetOptions)
Start importing Assets/AreaBattle/Resources/Recovered/BossEmbedded/Hdzd_Effect_Wy_speedDown.prefab using Guid(a7156b8b457bbc84d8187a3db802314f) (PrefabImporter) -> (artifact id: '3ba84cefc2832622fdb80c3b57c0a052') in 0.0030464 seconds
Refreshing native plugins compatible for Editor in 0.00 ms, found 0 plugins.
Preloading 0 native plugins for Editor in 0.00 ms.
Asset Pipeline Refresh (id=d26ce1b34adb0ba458edcd35eaeb6f21): Total: 0.010 seconds - Initiated by StopAssetImportingV2(NoUpdateAssetOptions)
Start importing Assets/AreaBattle/Resources/Recovered/BossEmbedded/Hdzd_Effect_Wy_speedUp.prefab using Guid(6ec4063fa188130459299d5d7afd60c4) (PrefabImporter) -> (artifact id: '2b8bef5c22d4b0cc69faa2487abd76d6') in 0.0046508 seconds
Refreshing native plugins compatible for Editor in 0.00 ms, found 0 plugins.
Preloading 0 native plugins for Editor in 0.00 ms.
Asset Pipeline Refresh (id=64e106670f1b31d468688d7447cf88fa): Total: 0.010 seconds - Initiated by StopAssetImportingV2(NoUpdateAssetOptions)
Start importing Assets/AreaBattle/Resources/Recovered/BossEmbedded/Hdzd_Effect_Wy_speedUp.prefab using Guid(6ec4063fa188130459299d5d7afd60c4) (PrefabImporter) -> (artifact id: '53e8ba2782b5de13c58a61752b8a94ca') in 0.0045945 seconds
Refreshing native plugins compatible for Editor in 0.00 ms, found 0 plugins.
Preloading 0 native plugins for Editor in 0.00 ms.
Asset Pipeline Refresh (id=dd1c0887afcea9e4d88da8dc2597a283): Total: 0.012 seconds - Initiated by StopAssetImportingV2(NoUpdateAssetOptions)
Start importing Assets/AreaBattle/Resources/Recovered/BossEmbedded/Hdzd_Effect_icicle.prefab using Guid(9f99ce6ea5d0cc14fa3a190deeab4ae7) (PrefabImporter) -> (artifact id: '042624fba15047b6aa5929b2d93a1da8') in 0.0076118 seconds
Refreshing native plugins compatible for Editor in 0.00 ms, found 0 plugins.
Preloading 0 native plugins for Editor in 0.00 ms.
Asset Pipeline Refresh (id=d05e88a1e40bf694f81da04cd1324339): Total: 0.015 seconds - Initiated by StopAssetImportingV2(NoUpdateAssetOptions)
Start importing Assets/AreaBattle/Resources/Recovered/BossEmbedded/Hdzd_Effect_icicle.prefab using Guid(9f99ce6ea5d0cc14fa3a190deeab4ae7) (PrefabImporter) -> (artifact id: '5ecdee8ec2975d206751944a33563e3b') in 0.0068193 seconds
Refreshing native plugins compatible for Editor in 0.00 ms, found 0 plugins.
Preloading 0 native plugins for Editor in 0.00 ms.
Asset Pipeline Refresh (id=3e0a04f55d9c52a4988250db3e06364a): Total: 0.015 seconds - Initiated by StopAssetImportingV2(NoUpdateAssetOptions)
Start importing Assets/AreaBattle/Resources/Recovered/BossEmbedded/QBDyShadow.prefab using Guid(7323146fd392b4546ad71db718e5dae3) (PrefabImporter) -> (artifact id: '98614be4e52a4f7ff832f3ac864b43a7') in 0.0015261 seconds
Refreshing native plugins compatible for Editor in 0.00 ms, found 0 plugins.
Preloading 0 native plugins for Editor in 0.00 ms.
Asset Pipeline Refresh (id=fd1e78497394f7847a8312ea60d427e3): Total: 0.006 seconds - Initiated by StopAssetImportingV2(NoUpdateAssetOptions)
Start importing Assets/AreaBattle/Resources/Recovered/BossEmbedded/QBDyShadow.prefab using Guid(7323146fd392b4546ad71db718e5dae3) (PrefabImporter) -> (artifact id: '5f75d3edb9d3d525fb03d4f8f58e18da') in 0.0013444 seconds
Refreshing native plugins compatible for Editor in 0.00 ms, found 0 plugins.
Preloading 0 native plugins for Editor in 0.00 ms.
Asset Pipeline Refresh (id=0ad53b7871ce6ae42832a2a4933e25a5): Total: 0.008 seconds - Initiated by StopAssetImportingV2(NoUpdateAssetOptions)
Batchmode quit successfully invoked - shutting down!
[Physics::Module] Cleanup current backned.
[Physics::Module] Id: 0xf2b8ea05
Input System module state changed to: ShutdownInProgress.
Input System polling thread exited.
Input System module state changed to: Shutdown.
[Licensing::IpcConnector] LicenseClient-jiachengwei-notifications channel disconnected successfully.
[Licensing::IpcConnector] LicenseClient-jiachengwei channel disconnected successfully.
AcceleratorClientConnectionCallback - disconnected - :0
Cleanup mono
Exiting batchmode successfully now!
Exiting without the bug reporter. Application will terminate with return code 0