[Licensing::Module] Trying to connect to existing licensing client channel...
Built from '6000.0/staging' branch; Version is '6000.0.68f1 (e1e9baaf294b) revision 14805434'; Using compiler version '193933523'; Build Type 'Release'
OS: 'Windows 10  (10.0.19045) 64bit Professional' Language: 'zh' Physical Memory: 65325 MB
BatchMode: 1, IsHumanControllingUs: 0, StartBugReporterOnCrash: 0, Is64bit: 1
[Licensing::IpcConnector] Channel LicenseClient-jiachengwei doesn't exist
System  architecture: x64
Process architecture: x64
Date: 2026-09-28T06:15:23Z
[Licensing::Module] Successfully launched the LicensingClient (PId: 40016)

COMMAND LINE ARGUMENTS:
C:\Program Files\Unity\Hub\Editor\6000.0.68f1\Editor\Unity.exe
-batchmode
-nographics
-projectPath
E:/Projects/AreaBattle/UnityProject
-executeMethod
AreaBattle.EditorTools.RecoveredBossImporter.Import
-quit
-logFile
E:/Projects/AreaBattle/analysis/unity-boss-import.log
Successfully changed project path to: E:/Projects/AreaBattle/UnityProject
E:/Projects/AreaBattle/UnityProject
[UnityMemory] Configuration Parameters - Can be set up in boot.config
    "memorysetup-bucket-allocator-granularity=16"
    "memorysetup-bucket-allocator-bucket-count=8"
    "memorysetup-bucket-allocator-block-size=33554432"
    "memorysetup-bucket-allocator-block-count=8"
    "memorysetup-main-allocator-block-size=16777216"
    "memorysetup-thread-allocator-block-size=16777216"
    "memorysetup-gfx-main-allocator-block-size=16777216"
    "memorysetup-gfx-thread-allocator-block-size=16777216"
    "memorysetup-cache-allocator-block-size=4194304"
    "memorysetup-typetree-allocator-block-size=2097152"
    "memorysetup-profiler-bucket-allocator-granularity=16"
    "memorysetup-profiler-bucket-allocator-bucket-count=8"
    "memorysetup-profiler-bucket-allocator-block-size=33554432"
    "memorysetup-profiler-bucket-allocator-block-count=8"
    "memorysetup-profiler-allocator-block-size=16777216"
    "memorysetup-profiler-editor-allocator-block-size=1048576"
    "memorysetup-temp-allocator-size-main=16777216"
    "memorysetup-job-temp-allocator-block-size=2097152"
    "memorysetup-job-temp-allocator-block-size-background=1048576"
    "memorysetup-job-temp-allocator-reduction-small-platforms=262144"
    "memorysetup-allocator-temp-initial-block-size-main=262144"
    "memorysetup-allocator-temp-initial-block-size-worker=262144"
    "memorysetup-temp-allocator-size-background-worker=32768"
    "memorysetup-temp-allocator-size-job-worker=262144"
    "memorysetup-temp-allocator-size-preload-manager=33554432"
    "memorysetup-temp-allocator-size-nav-mesh-worker=65536"
    "memorysetup-temp-allocator-size-audio-worker=65536"
    "memorysetup-temp-allocator-size-cloud-worker=32768"
    "memorysetup-temp-allocator-size-gi-baking-worker=262144"
    "memorysetup-temp-allocator-size-gi-baking-worker=262144"
    "memorysetup-temp-allocator-size-gi-baking-worker=262144"
    "memorysetup-temp-allocator-size-gi-baking-worker=262144"
    "memorysetup-temp-allocator-size-gi-baking-worker=262144"
    "memorysetup-temp-allocator-size-gfx=262144"
Player connection [29260]  Target information:

Player connection [29260]  * "[IP] 192.168.12.13 [Port] 55506 [Flags] 2 [Guid] 3159271304 [EditorId] 3159271304 [Version] 1048832 [Id] WindowsEditor(7,DESKTOP-H2NB5JD) [Debug] 1 [PackageName] WindowsEditor [ProjectName] Editor" 

Player connection [29260] Host joined multi-casting on [225.0.0.222:54997]...
Player connection [29260] Host joined alternative multi-casting on [225.0.0.222:34997]...
Input System module state changed to: Initialized.
[Physics::Module] Initialized fallback backend.
[Physics::Module] Id: 0xdecafbad
[Licensing::IpcConnector] Successfully connected to: "LicenseClient-jiachengwei" at "2026-09-28T06:15:23.9584718Z"
[Package Manager] Connected to IPC stream "Upm-26748" after 0.2 seconds.
Library Redirect Path: Library/
[Physics::Module] Selected backend.
[Physics::Module] Name: PhysX
[Physics::Module] Id: 0xf2b8ea05
[Physics::Module] SDK Version: 4.1.2
[Physics::Module] Integration Version: 1.0.0
[Physics::Module] Threading Mode: Multi-Threaded
Refreshing native plugins compatible for Editor in 0.00 ms, found 0 plugins.
Preloading 0 native plugins for Editor in 0.00 ms.
Initialize engine version: 6000.0.68f1 (e1e9baaf294b)
[Subsystems] Discovering subsystems at path C:/Program Files/Unity/Hub/Editor/6000.0.68f1/Editor/Data/Resources/UnitySubsystems
[Subsystems] Discovering subsystems at path E:/Projects/AreaBattle/UnityProject/Assets
Forcing GfxDevice: Null
GfxDevice: creating device client; kGfxThreadingModeNonThreaded
NullGfxDevice:
    Version:  NULL 1.0 [1.0]
    Renderer: Null Device
    Vendor:   Unity Technologies
Initialize mono
Mono path[0] = 'C:/Program Files/Unity/Hub/Editor/6000.0.68f1/Editor/Data/Managed'
Mono path[1] = 'C:/Program Files/Unity/Hub/Editor/6000.0.68f1/Editor/Data/MonoBleedingEdge/lib/mono/unityjit-win32'
Mono config path = 'C:/Program Files/Unity/Hub/Editor/6000.0.68f1/Editor/Data/MonoBleedingEdge/etc'
Using monoOptions --debugger-agent=transport=dt_socket,embedding=1,server=y,suspend=n,address=127.0.0.1:56748
Using cacheserver namespaces - metadata:defaultmetadata, artifacts:defaultartifacts
Using cacheserver namespaces - metadata:defaultmetadata, artifacts:defaultartifacts
ImportWorker Server TCP listen port: 0
AcceleratorClientConnectionCallback - disconnected - :0
Begin MonoManager ReloadAssembly
Registering precompiled unity dll's ...
Register platform support module: C:/Program Files/Unity/Hub/Editor/6000.0.68f1/Editor/Data/PlaybackEngines/WindowsStandaloneSupport/UnityEditor.WindowsStandalone.Extensions.dll
[Licensing::Module] Licensing is not yet initialized.
[Licensing::Client] Code 3 while verifying Licensing Client signature (process Id: 40016, path: "C:/Program Files/Unity/Hub/Editor/6000.0.68f1/Editor/Data/Resources/Licensing/Client/Unity.Licensing.Client.exe")
[Licensing::Module] LicensingClient has failed validation; ignoring
[Licensing::Client] Handshaking with LicensingClient:
  Version:                 1.17.4+4293ba1
  Session Id:              31c6293442a9411db0a5abbd7ac009fb
  Correlation Id:          a03bd43282e88b2c067e34fefd91547b
  External correlation Id: 3664470576328056699
  Machine Id:              9cQkwGhPtCyHx8hTJUSXA0S3txg=
[Licensing::Module] Successfully connected to LicensingClient on channel: "LicenseClient-jiachengwei" (connect: 0.25s, validation: 0.05s, handshake: 2.57s)
[Licensing::IpcConnector] Successfully connected to: "LicenseClient-jiachengwei-notifications" at "2026-09-28T06:15:26.5803493Z"
[Licensing::Module] Connected to LicensingClient (PId: 40016, launch time: 0.00, total connection time: 2.87s)
[Licensing::Module] Error: Access token is unavailable; failed to update
[Licensing::Client] Successfully resolved entitlement details
[Licensing::Module] License group:
  Id: 00-0000-0000-0000-0000-XXXX
  Product: Unity Pro
  Type: ULF
  Expiration: Unlimited
[Licensing::Client] Successfully updated license, isAsync: True, time: 0.00
[Licensing::Client] Successfully resolved entitlement details
[Licensing::Module] Licensing Background thread has ended after 2.88s
[Licensing::Module] Licensing is initialized (took 2.40s).
[Licensing::Client] Successfully resolved entitlement details
Register platform support module: C:/Program Files/Unity/Hub/Editor/6000.0.68f1/Editor/Data/PlaybackEngines/AndroidPlayer/UnityEditor.Android.Extensions.dll
Registered in 2.402779 seconds.
- Loaded All Assemblies, in  2.615 seconds
Native extension for Android target not found
Unauthorized device detected, Id: 7afd45a, please add debug authorization and reconnect.
UnityEngine.Debug:ExtractStackTraceNoAlloc (byte*,int,string)
UnityEngine.StackTraceUtility:ExtractStackTrace ()
UnityEngine.DebugLogHandler:Internal_Log (UnityEngine.LogType,UnityEngine.LogOption,string,UnityEngine.Object)
UnityEngine.DebugLogHandler:LogFormat (UnityEngine.LogType,UnityEngine.Object,string,object[])
UnityEngine.Logger:LogFormat (UnityEngine.LogType,string,object[])
UnityEngine.Debug:LogFormat (string,object[])
UnityEditor.Android.AndroidDeploymentTargetsExtension:GetKnownTargets (UnityEditor.DeploymentTargets.IDeploymentTargetsMainThreadContext,UnityEditor.ProgressHandler) (at /home/bokken/build/output/unity/unity/PlatformDependent/AndroidPlayer/Editor/Managed/DeploymentTargets/AndroidDeploymentTargetsExtension.cs:397)
UnityEditor.Android.TargetScanWorker:ScanSync () (at /home/bokken/build/output/unity/unity/PlatformDependent/AndroidPlayer/Editor/Managed/TargetScanWorker.cs:164)
UnityEditor.Android.TargetExtension:OnUsbDevicesChanged (UnityEditor.Hardware.UsbDevice[]) (at /home/bokken/build/output/unity/unity/PlatformDependent/AndroidPlayer/Editor/Managed/ExtensionModule.cs:106)
UnityEditor.Android.TargetExtension:OnLoad () (at /home/bokken/build/output/unity/unity/PlatformDependent/AndroidPlayer/Editor/Managed/ExtensionModule.cs:67)
UnityEditor.Modules.ModuleManager:InitializePlatformSupportModules ()

(Filename: /home/bokken/build/output/unity/unity/PlatformDependent/AndroidPlayer/Editor/Managed/DeploymentTargets/AndroidDeploymentTargetsExtension.cs Line: 397)

Android Extension - Scanning For ADB Devices 75 ms
Native extension for WindowsStandalone target not found
Mono: successfully reloaded assembly
- Finished resetting the current domain, in  0.264 seconds
Domain Reload Profiling: 2879ms
	BeginReloadAssembly (71ms)
		ExecutionOrderSort (0ms)
		DisableScriptedObjects (0ms)
		BackupInstance (0ms)
		ReleaseScriptingObjects (0ms)
		CreateAndSetChildDomain (0ms)
	RebuildCommonClasses (21ms)
	RebuildNativeTypeToScriptingClass (7ms)
	initialDomainReloadingComplete (2428ms)
	LoadAllAssembliesAndSetupDomain (87ms)
		LoadAssemblies (70ms)
		RebuildTransferFunctionScriptingTraits (0ms)
		AnalyzeDomain (85ms)
			TypeCache.Refresh (84ms)
				TypeCache.ScanAssembly (77ms)
			BuildScriptInfoCaches (0ms)
			ResolveRequiredComponents (0ms)
	FinalizeReload (265ms)
		ReleaseScriptCaches (0ms)
		RebuildScriptCaches (0ms)
		SetupLoadedEditorAssemblies (246ms)
			LogAssemblyErrors (0ms)
			InitializePlatformSupportModulesInManaged (122ms)
			SetLoadedEditorAssemblies (2ms)
			BeforeProcessingInitializeOnLoad (29ms)
			ProcessInitializeOnLoadAttributes (63ms)
			ProcessInitializeOnLoadMethodAttributes (30ms)
			AfterProcessingInitializeOnLoad (0ms)
			EditorAssembliesLoaded (0ms)
		ExecutionOrderSort2 (0ms)
		AwakeInstancesAfterBackupRestoration (0ms)
[Licensing::Client] Successfully resolved entitlement details
Application.AssetDatabase Initial Refresh Start
Package Manager log level set to [2]
[Package Manager] Restoring resolved packages state from cache
[Licensing::Client] Successfully resolved entitlement details
[Package Manager] Registered 36 packages:
  Built-in packages:
    com.unity.ugui@2.0.0 (location: E:\Projects\AreaBattle\UnityProject\Library\PackageCache\com.unity.ugui@cec3688a7c38)
    com.unity.multiplayer.center@1.0.0 (location: E:\Projects\AreaBattle\UnityProject\Library\PackageCache\com.unity.multiplayer.center@f3fb577b3546)
    com.unity.modules.accessibility@1.0.0 (location: E:\Projects\AreaBattle\UnityProject\Library\PackageCache\com.unity.modules.accessibility)
    com.unity.modules.ai@1.0.0 (location: E:\Projects\AreaBattle\UnityProject\Library\PackageCache\com.unity.modules.ai)
    com.unity.modules.androidjni@1.0.0 (location: E:\Projects\AreaBattle\UnityProject\Library\PackageCache\com.unity.modules.androidjni)
    com.unity.modules.animation@1.0.0 (location: E:\Projects\AreaBattle\UnityProject\Library\PackageCache\com.unity.modules.animation)
    com.unity.modules.assetbundle@1.0.0 (location: E:\Projects\AreaBattle\UnityProject\Library\PackageCache\com.unity.modules.assetbundle)
    com.unity.modules.audio@1.0.0 (location: E:\Projects\AreaBattle\UnityProject\Library\PackageCache\com.unity.modules.audio)
    com.unity.modules.cloth@1.0.0 (location: E:\Projects\AreaBattle\UnityProject\Library\PackageCache\com.unity.modules.cloth)
    com.unity.modules.director@1.0.0 (location: E:\Projects\AreaBattle\UnityProject\Library\PackageCache\com.unity.modules.director)
    com.unity.modules.imageconversion@1.0.0 (location: E:\Projects\AreaBattle\UnityProject\Library\PackageCache\com.unity.modules.imageconversion)
    com.unity.modules.imgui@1.0.0 (location: E:\Projects\AreaBattle\UnityProject\Library\PackageCache\com.unity.modules.imgui)
    com.unity.modules.jsonserialize@1.0.0 (location: E:\Projects\AreaBattle\UnityProject\Library\PackageCache\com.unity.modules.jsonserialize)
    com.unity.modules.particlesystem@1.0.0 (location: E:\Projects\AreaBattle\UnityProject\Library\PackageCache\com.unity.modules.particlesystem)
    com.unity.modules.physics@1.0.0 (location: E:\Projects\AreaBattle\UnityProject\Library\PackageCache\com.unity.modules.physics)
    com.unity.modules.physics2d@1.0.0 (location: E:\Projects\AreaBattle\UnityProject\Library\PackageCache\com.unity.modules.physics2d)
    com.unity.modules.screencapture@1.0.0 (location: E:\Projects\AreaBattle\UnityProject\Library\PackageCache\com.unity.modules.screencapture)
    com.unity.modules.terrain@1.0.0 (location: E:\Projects\AreaBattle\UnityProject\Library\PackageCache\com.unity.modules.terrain)
    com.unity.modules.terrainphysics@1.0.0 (location: E:\Projects\AreaBattle\UnityProject\Library\PackageCache\com.unity.modules.terrainphysics)
    com.unity.modules.tilemap@1.0.0 (location: E:\Projects\AreaBattle\UnityProject\Library\PackageCache\com.unity.modules.tilemap)
    com.unity.modules.ui@1.0.0 (location: E:\Projects\AreaBattle\UnityProject\Library\PackageCache\com.unity.modules.ui)
    com.unity.modules.uielements@1.0.0 (location: E:\Projects\AreaBattle\UnityProject\Library\PackageCache\com.unity.modules.uielements)
    com.unity.modules.umbra@1.0.0 (location: E:\Projects\AreaBattle\UnityProject\Library\PackageCache\com.unity.modules.umbra)
    com.unity.modules.unityanalytics@1.0.0 (location: E:\Projects\AreaBattle\UnityProject\Library\PackageCache\com.unity.modules.unityanalytics)
    com.unity.modules.unitywebrequest@1.0.0 (location: E:\Projects\AreaBattle\UnityProject\Library\PackageCache\com.unity.modules.unitywebrequest)
    com.unity.modules.unitywebrequestassetbundle@1.0.0 (location: E:\Projects\AreaBattle\UnityProject\Library\PackageCache\com.unity.modules.unitywebrequestassetbundle)
    com.unity.modules.unitywebrequestaudio@1.0.0 (location: E:\Projects\AreaBattle\UnityProject\Library\PackageCache\com.unity.modules.unitywebrequestaudio)
    com.unity.modules.unitywebrequesttexture@1.0.0 (location: E:\Projects\AreaBattle\UnityProject\Library\PackageCache\com.unity.modules.unitywebrequesttexture)
    com.unity.modules.unitywebrequestwww@1.0.0 (location: E:\Projects\AreaBattle\UnityProject\Library\PackageCache\com.unity.modules.unitywebrequestwww)
    com.unity.modules.vehicles@1.0.0 (location: E:\Projects\AreaBattle\UnityProject\Library\PackageCache\com.unity.modules.vehicles)
    com.unity.modules.video@1.0.0 (location: E:\Projects\AreaBattle\UnityProject\Library\PackageCache\com.unity.modules.video)
    com.unity.modules.vr@1.0.0 (location: E:\Projects\AreaBattle\UnityProject\Library\PackageCache\com.unity.modules.vr)
    com.unity.modules.wind@1.0.0 (location: E:\Projects\AreaBattle\UnityProject\Library\PackageCache\com.unity.modules.wind)
    com.unity.modules.xr@1.0.0 (location: E:\Projects\AreaBattle\UnityProject\Library\PackageCache\com.unity.modules.xr)
    com.unity.modules.subsystems@1.0.0 (location: E:\Projects\AreaBattle\UnityProject\Library\PackageCache\com.unity.modules.subsystems)
    com.unity.modules.hierarchycore@1.0.0 (location: E:\Projects\AreaBattle\UnityProject\Library\PackageCache\com.unity.modules.hierarchycore)
[Subsystems] No new subsystems found in resolved package list.
[Package Manager] Done registering packages in 0.00 seconds
[ScriptCompilation] Requested script compilation because: Assetdatabase observed changes in script compilation related files
Starting: C:\Program Files\Unity\Hub\Editor\6000.0.68f1\Editor\Data\bee_backend.exe --ipc --defer-dag-verification --dagfile="Library/Bee/1900b0aE.dag" --continue-on-failure --profile="Library/Bee/backend1.traceevents" ScriptAssemblies
WorkingDir: E:/Projects/AreaBattle/UnityProject
DisplayProgressbar: Compiling Scripts
ExitCode: 0 Duration: 0s352ms
[207/213    0s] Csc Library/Bee/artifacts/1900b0aE.dag/Assembly-CSharp.dll (+2 others)
Assets\AreaBattle\ThirdParty\Spine41\spine-unity\Components\EditorSkeletonPlayer.cs(57,51): warning CS0618: 'Object.FindObjectsOfType<T>()' is obsolete: 'Object.FindObjectsOfType has been deprecated. Use Object.FindObjectsByType instead which lets you decide whether you need the results sorted or not.  FindObjectsOfType sorts the results by InstanceID but if you do not need this using FindObjectSortMode.None is considerably faster.'

Assets\AreaBattle\ThirdParty\Spine41\spine-unity\Components\Following\BoundingBoxFollowerGraphic.cs(168,7): warning CS0618: 'Collider2D.usedByComposite' is obsolete: 'usedByComposite has been deprecated. Use Collider2D.compositeOperation instead'

Assets\AreaBattle\ThirdParty\Spine41\spine-unity\Components\Following\BoundingBoxFollower.cs(167,7): warning CS0618: 'Collider2D.usedByComposite' is obsolete: 'usedByComposite has been deprecated. Use Collider2D.compositeOperation instead'

Assets\AreaBattle\ThirdParty\Spine41\spine-unity\Components\RootMotion\SkeletonRootMotionBase.cs(195,7): warning CS0618: 'Rigidbody2D.velocity' is obsolete: 'Please use Rigidbody2D.linearVelocity instead. (UnityUpgradable) -> linearVelocity'

Assets\AreaBattle\ThirdParty\Spine41\spine-unity\Components\RootMotion\SkeletonRootMotionBase.cs(197,8): warning CS0618: 'Rigidbody2D.velocity' is obsolete: 'Please use Rigidbody2D.linearVelocity instead. (UnityUpgradable) -> linearVelocity'

Assets\AreaBattle\ThirdParty\Spine41\spine-unity\Components\SkeletonUtility\SkeletonUtility.cs(126,5): warning CS0618: 'Rigidbody2D.isKinematic' is obsolete: 'Please use Rigidbody2D.bodyType instead.'
[208/213    0s] CopyFiles Library/ScriptAssemblies/Assembly-CSharp.dll
[209/213    0s] CopyFiles Library/ScriptAssemblies/Assembly-CSharp.pdb
[210/213    0s] Csc Library/Bee/artifacts/1900b0aE.dag/Assembly-CSharp-Editor.dll (+2 others)
[211/213    0s] CopyFiles Library/ScriptAssemblies/Assembly-CSharp-Editor.pdb
[212/213    0s] CopyFiles Library/ScriptAssemblies/Assembly-CSharp-Editor.dll
*** Tundra build success (0.34 seconds), 6 items updated, 213 evaluated
[ApiUpdater] Total time: 705ms, Parse response file: 31ms, Collect updater configs: 45ms, Update: 628ms, Save: 1ms Files: 1 modified / 1 visited / 83 total (Library/Bee/artifacts/1900b0aE.dag/Assembly-CSharp.dll).
[API Updater] Updated Files:
Skipping ScriptUpdater consent dialog. Consent declined based on command line parameters.
Finished running ScriptUpdaters
Assets\AreaBattle\ThirdParty\Spine41\spine-unity\Components\EditorSkeletonPlayer.cs(57,51): warning CS0618: 'Object.FindObjectsOfType<T>()' is obsolete: 'Object.FindObjectsOfType has been deprecated. Use Object.FindObjectsByType instead which lets you decide whether you need the results sorted or not.  FindObjectsOfType sorts the results by InstanceID but if you do not need this using FindObjectSortMode.None is considerably faster.'
Assets\AreaBattle\ThirdParty\Spine41\spine-unity\Components\Following\BoundingBoxFollowerGraphic.cs(168,7): warning CS0618: 'Collider2D.usedByComposite' is obsolete: 'usedByComposite has been deprecated. Use Collider2D.compositeOperation instead'
Assets\AreaBattle\ThirdParty\Spine41\spine-unity\Components\Following\BoundingBoxFollower.cs(167,7): warning CS0618: 'Collider2D.usedByComposite' is obsolete: 'usedByComposite has been deprecated. Use Collider2D.compositeOperation instead'
Assets\AreaBattle\ThirdParty\Spine41\spine-unity\Components\RootMotion\SkeletonRootMotionBase.cs(195,7): warning CS0618: 'Rigidbody2D.velocity' is obsolete: 'Please use Rigidbody2D.linearVelocity instead. (UnityUpgradable) -> linearVelocity'
Assets\AreaBattle\ThirdParty\Spine41\spine-unity\Components\RootMotion\SkeletonRootMotionBase.cs(197,8): warning CS0618: 'Rigidbody2D.velocity' is obsolete: 'Please use Rigidbody2D.linearVelocity instead. (UnityUpgradable) -> linearVelocity'
Assets\AreaBattle\ThirdParty\Spine41\spine-unity\Components\SkeletonUtility\SkeletonUtility.cs(126,5): warning CS0618: 'Rigidbody2D.isKinematic' is obsolete: 'Please use Rigidbody2D.bodyType instead.'
AssetDatabase: script compilation time: 1.286326s
Begin MonoManager ReloadAssembly
- Loaded All Assemblies, in  0.182 seconds
Refreshing native plugins compatible for Editor in 0.00 ms, found 0 plugins.
Native extension for Android target not found
Native extension for WindowsStandalone target not found
Mono: successfully reloaded assembly
- Finished resetting the current domain, in  0.213 seconds
Domain Reload Profiling: 393ms
	BeginReloadAssembly (119ms)
		ExecutionOrderSort (0ms)
		DisableScriptedObjects (22ms)
		BackupInstance (0ms)
		ReleaseScriptingObjects (0ms)
		CreateAndSetChildDomain (19ms)
	RebuildCommonClasses (21ms)
	RebuildNativeTypeToScriptingClass (7ms)
	initialDomainReloadingComplete (12ms)
	LoadAllAssembliesAndSetupDomain (21ms)
		LoadAssemblies (59ms)
		RebuildTransferFunctionScriptingTraits (0ms)
		AnalyzeDomain (17ms)
			TypeCache.Refresh (12ms)
				TypeCache.ScanAssembly (9ms)
			BuildScriptInfoCaches (3ms)
			ResolveRequiredComponents (1ms)
	FinalizeReload (213ms)
		ReleaseScriptCaches (0ms)
		RebuildScriptCaches (0ms)
		SetupLoadedEditorAssemblies (145ms)
			LogAssemblyErrors (0ms)
			InitializePlatformSupportModulesInManaged (15ms)
			SetLoadedEditorAssemblies (2ms)
			BeforeProcessingInitializeOnLoad (54ms)
			ProcessInitializeOnLoadAttributes (60ms)
			ProcessInitializeOnLoadMethodAttributes (11ms)
			AfterProcessingInitializeOnLoad (3ms)
			EditorAssembliesLoaded (0ms)
		ExecutionOrderSort2 (0ms)
		AwakeInstancesAfterBackupRestoration (5ms)
Refreshing native plugins compatible for Editor in 0.00 ms, found 0 plugins.
Preloading 0 native plugins for Editor in 0.00 ms.
Asset Pipeline Refresh (id=18f6530d1caa3284cbe2abcfe77365a8): Total: 1.830 seconds - Initiated by InitialRefreshV2(ForceSynchronousImport)
	Summary:
		Imports: total=0 (actual=0, local cache=0, cache server=0)
		Asset DB Process Time: managed=0 ms, native=306 ms
		Asset DB Callback time: managed=41 ms, native=7 ms
		Scripting: domain reloads=1, domain reload time=181 ms, compile time=1287 ms, other=5 ms
		Project Asset Count: scripts=281, non-scripts=1524
		Asset File Changes: new=0, changed=3, moved=0, deleted=0
		Scan Filter Count: 0
	InvokeCustomDependenciesCallbacks: 0.001ms
	InvokePackagesCallback: 6.307ms
	ApplyChangesToAssetFolders: 0.223ms
	Scan: 41.504ms
	OnSourceAssetsModified: 0.555ms
	CategorizeAssetsWithTransientArtifact: 1.235ms
	ProcessAssetsWithTransientArtifactChanges: 5.199ms
	CategorizeAssets: 7.534ms
	ImportOutOfDateAssets: 213.599ms (-1074.151ms without children)
		CompileScripts: 1287.370ms
		ReloadNativeAssets: 0.000ms
		UnloadImportedAssets: 0.065ms
		EnsureUptoDateAssetsAreRegisteredWithGuidPM: 0.124ms
		InitializingProgressBar: 0.000ms
		PostProcessAllAssetNotificationsAddChangedAssets: 0.000ms
		OnDemandSchedulerStart: 0.189ms
	PostProcessAllAssets: 42.020ms
	Hotreload: 0.362ms
	GatherAllCurrentPrimaryArtifactRevisions: 0.001ms
	UnloadStreamsBegin: 0.258ms
	PersistCurrentRevisions: 0.040ms
	UnloadStreamsEnd: 0.001ms
	GenerateScriptTypeHashes: 0.638ms
	Untracked: 1511.261ms

Application.AssetDatabase Initial Refresh End
Scanning for USB devices : 5.493ms
Initializing Unity extensions:
Assertion failed on expression: 'SUCCEEDED(hr)'
Assertion failed on expression: 'SUCCEEDED(hr)'
Assertion failed on expression: 'ERROR_SUCCESS == status'
[MODES] ModeService[none].Initialize
[MODES] ModeService[none].LoadModes
[MODES] Loading mode Default (0) for mode-current-id-AreaBattle
Unloading 21 Unused Serialized files (Serialized files now loaded: 0)
Unloading 600 unused Assets / (2.3 MB). Loaded Objects now: 1127.
Memory consumption went from 101.2 MB to 98.9 MB.
Total: 3.138900 ms (FindLiveObjects: 0.049300 ms CreateObjectMapping: 0.012500 ms MarkObjects: 2.379300 ms  DeleteObjects: 0.697400 ms)

Asset Pipeline Refresh (id=54e1dd15f3082ac41b791ee5c0df0c13): Total: 0.010 seconds - Initiated by RefreshV2(NoUpdateAssetOptions)
Start importing Assets/AreaBattle/Resources/Recovered/Bosses/Textures/CAB-a5cbcddbf71a9f47f7352c65479f1e75_-5963863879902103030/npc24.png using Guid(06b2dfa3c78cba344a8df741f731edac) (TextureImporter) -> (artifact id: '1a425ddf3f5e68891940fad23282c6ab') in 0.017013 seconds
Refreshing native plugins compatible for Editor in 0.00 ms, found 0 plugins.
Preloading 0 native plugins for Editor in 0.00 ms.
Asset Pipeline Refresh (id=49c0da0e404ca8a4c8492d13cdb6d69f): Total: 0.030 seconds - Initiated by StopAssetImportingV2(NoUpdateAssetOptions)
Start importing Assets/AreaBattle/Resources/Recovered/Bosses/Textures/CAB-a5cbcddbf71a9f47f7352c65479f1e75_-5963863879902103030/npc24.png using Guid(06b2dfa3c78cba344a8df741f731edac) (TextureImporter) -> (artifact id: '1a425ddf3f5e68891940fad23282c6ab') in 0.0105593 seconds
Refreshing native plugins compatible for Editor in 0.00 ms, found 0 plugins.
Preloading 0 native plugins for Editor in 0.00 ms.
Asset Pipeline Refresh (id=9c87c90c4926cbc4985774dc382fddfd): Total: 0.015 seconds - Initiated by StopAssetImportingV2(NoUpdateAssetOptions)
Start importing Assets/AreaBattle/Resources/Recovered/Bosses/Spine/CAB-a5cbcddbf71a9f47f7352c65479f1e75_-2805175160648972110.txt using Guid(25bc208acfebff84cba65b50f234f41a) (TextScriptImporter) -> (artifact id: 'ac5164b8c06d0402f6fd30fe9e74ea71') in 0.0008869 seconds
Refreshing native plugins compatible for Editor in 0.00 ms, found 0 plugins.
Preloading 0 native plugins for Editor in 0.00 ms.
Asset Pipeline Refresh (id=4254885bff9df5941838c87a3f104e72): Total: 0.005 seconds - Initiated by StopAssetImportingV2(NoUpdateAssetOptions)
Start importing Assets/AreaBattle/Resources/Recovered/Bosses/Spine/CAB-a5cbcddbf71a9f47f7352c65479f1e75_-2613148055829038102.txt using Guid(24fb8a8969dd80b43b3e071675b92e14) (TextScriptImporter) -> (artifact id: '439f2a9d98eccee4e81366de88095e0b') in 0.0008792 seconds
Refreshing native plugins compatible for Editor in 0.00 ms, found 0 plugins.
Preloading 0 native plugins for Editor in 0.00 ms.
Asset Pipeline Refresh (id=93b3f5ffc7e496d4cb90433796c77721): Total: 0.004 seconds - Initiated by StopAssetImportingV2(NoUpdateAssetOptions)
Start importing Assets/AreaBattle/Resources/Recovered/Bosses/Textures/CAB-4d00759d5772dfcc8e3d84f53a1802fb_5842148792199500003/bossshadow.png using Guid(a2c808c42d5e01842af95152835bb229) (TextureImporter) -> (artifact id: '9edf094ad356aa6fe212755352356eff') in 0.0021392 seconds
Refreshing native plugins compatible for Editor in 0.00 ms, found 0 plugins.
Preloading 0 native plugins for Editor in 0.00 ms.
Asset Pipeline Refresh (id=bfeb6e28dc3506f4fa54f38c28b17f61): Total: 0.006 seconds - Initiated by StopAssetImportingV2(NoUpdateAssetOptions)
Start importing Assets/AreaBattle/Resources/Recovered/Bosses/Textures/CAB-4d00759d5772dfcc8e3d84f53a1802fb_5842148792199500003/bossshadow.png using Guid(a2c808c42d5e01842af95152835bb229) (TextureImporter) -> (artifact id: '239f57fc282e2b065d73cf40ac9b17ed') in 0.0015466 seconds
Refreshing native plugins compatible for Editor in 0.00 ms, found 0 plugins.
Preloading 0 native plugins for Editor in 0.00 ms.
Asset Pipeline Refresh (id=1d8ff7d07d85e4246840ef900b61b146): Total: 0.012 seconds - Initiated by StopAssetImportingV2(NoUpdateAssetOptions)
Start importing Assets/AreaBattle/Resources/Recovered/Bosses/Textures/CAB-cf8e3fbf6c19327b512402a4587f76ee_5165969037243374941/Hdzd_Effect_Wy_024.png using Guid(b9de6d4be76fe5f42ab70edf71a70fc5) (TextureImporter) -> (artifact id: '792bf9c9403360d5b760a11d716bf787') in 0.0017223 seconds
Refreshing native plugins compatible for Editor in 0.00 ms, found 0 plugins.
Preloading 0 native plugins for Editor in 0.00 ms.
Asset Pipeline Refresh (id=05f57519564a4c643b19bbd30ed3543a): Total: 0.005 seconds - Initiated by StopAssetImportingV2(NoUpdateAssetOptions)
Start importing Assets/AreaBattle/Resources/Recovered/Bosses/Textures/CAB-cf8e3fbf6c19327b512402a4587f76ee_5165969037243374941/Hdzd_Effect_Wy_024.png using Guid(b9de6d4be76fe5f42ab70edf71a70fc5) (TextureImporter) -> (artifact id: '792bf9c9403360d5b760a11d716bf787') in 0.001475 seconds
Refreshing native plugins compatible for Editor in 0.00 ms, found 0 plugins.
Preloading 0 native plugins for Editor in 0.00 ms.
Asset Pipeline Refresh (id=7a6e268c08fc6204bb512c6a3bab43d6): Total: 0.005 seconds - Initiated by StopAssetImportingV2(NoUpdateAssetOptions)
Start importing Assets/AreaBattle/Resources/Recovered/Bosses/Textures/CAB-93196612f804ab504c38bb0096815b6f_-6005661280426067994/Hdzd_Effect_Wy_017.png using Guid(c18dbcca56e33ed48a9e6bb1b2529480) (TextureImporter) -> (artifact id: '290255ed6d2f1d9f0c0ac068cb5884c3') in 0.0013436 seconds
Refreshing native plugins compatible for Editor in 0.00 ms, found 0 plugins.
Preloading 0 native plugins for Editor in 0.00 ms.
Asset Pipeline Refresh (id=78c08c7edee96694daf28e18630624e3): Total: 0.005 seconds - Initiated by StopAssetImportingV2(NoUpdateAssetOptions)
Start importing Assets/AreaBattle/Resources/Recovered/Bosses/Textures/CAB-93196612f804ab504c38bb0096815b6f_-6005661280426067994/Hdzd_Effect_Wy_017.png using Guid(c18dbcca56e33ed48a9e6bb1b2529480) (TextureImporter) -> (artifact id: '290255ed6d2f1d9f0c0ac068cb5884c3') in 0.0009074 seconds
Refreshing native plugins compatible for Editor in 0.00 ms, found 0 plugins.
Preloading 0 native plugins for Editor in 0.00 ms.
Asset Pipeline Refresh (id=0fe4ff446ffb16b4fb7265f4e1b95eed): Total: 0.004 seconds - Initiated by StopAssetImportingV2(NoUpdateAssetOptions)
Start importing Assets/AreaBattle/Resources/Recovered/Bosses/Textures/CAB-a04b65a577389720809bf7b5356c35ff_6885679224877601033/Hdzd_Effect_Wy_016.png using Guid(d47e2223bcef6994da8c5bea93bb7fb1) (TextureImporter) -> (artifact id: 'd545aacb040cfe2e7eb16240e9bfb24d') in 0.0012263 seconds
Refreshing native plugins compatible for Editor in 0.00 ms, found 0 plugins.
Preloading 0 native plugins for Editor in 0.00 ms.
Asset Pipeline Refresh (id=247d2f07ec4ccef48a0ffae73131ec1e): Total: 0.005 seconds - Initiated by StopAssetImportingV2(NoUpdateAssetOptions)
Start importing Assets/AreaBattle/Resources/Recovered/Bosses/Textures/CAB-a04b65a577389720809bf7b5356c35ff_6885679224877601033/Hdzd_Effect_Wy_016.png using Guid(d47e2223bcef6994da8c5bea93bb7fb1) (TextureImporter) -> (artifact id: 'd545aacb040cfe2e7eb16240e9bfb24d') in 0.00109 seconds
Refreshing native plugins compatible for Editor in 0.00 ms, found 0 plugins.
Preloading 0 native plugins for Editor in 0.00 ms.
Asset Pipeline Refresh (id=0465feb24423d19418e6118ce25e6c78): Total: 0.005 seconds - Initiated by StopAssetImportingV2(NoUpdateAssetOptions)
Start importing Assets/AreaBattle/Resources/Recovered/Bosses/Textures/CAB-f51e4c991feec958d99ec4cbc3aed821_-2300754960120560666/Hdzd_Effect_Wy_015.png using Guid(8ee5d83d3d7c72449b3604ef3bca81d7) (TextureImporter) -> (artifact id: '904d042ba14c5f46d63409dbb319cbcb') in 0.0014575 seconds
Refreshing native plugins compatible for Editor in 0.00 ms, found 0 plugins.
Preloading 0 native plugins for Editor in 0.00 ms.
Asset Pipeline Refresh (id=fcdc24e4e8b2f2242a3a432dd2352202): Total: 0.005 seconds - Initiated by StopAssetImportingV2(NoUpdateAssetOptions)
Start importing Assets/AreaBattle/Resources/Recovered/Bosses/Textures/CAB-f51e4c991feec958d99ec4cbc3aed821_-2300754960120560666/Hdzd_Effect_Wy_015.png using Guid(8ee5d83d3d7c72449b3604ef3bca81d7) (TextureImporter) -> (artifact id: '904d042ba14c5f46d63409dbb319cbcb') in 0.0013913 seconds
Refreshing native plugins compatible for Editor in 0.00 ms, found 0 plugins.
Preloading 0 native plugins for Editor in 0.00 ms.
Asset Pipeline Refresh (id=4a4203497bc46eb41b60e181138287d2): Total: 0.005 seconds - Initiated by StopAssetImportingV2(NoUpdateAssetOptions)
Start importing Assets/AreaBattle/Resources/Recovered/Bosses/Textures/CAB-4cbdf2fb4ff783260c6b88a76e110815_5309498733521422699/npc26.png using Guid(f3f6f10814ed2ef44bf3ea164589eccb) (TextureImporter) -> (artifact id: 'a97ca0ab38b42d232302a5c2353879de') in 0.0063277 seconds
Refreshing native plugins compatible for Editor in 0.00 ms, found 0 plugins.
Preloading 0 native plugins for Editor in 0.00 ms.
Asset Pipeline Refresh (id=e18ead413d471c34d929c7e7d6791f75): Total: 0.010 seconds - Initiated by StopAssetImportingV2(NoUpdateAssetOptions)
Start importing Assets/AreaBattle/Resources/Recovered/Bosses/Textures/CAB-4cbdf2fb4ff783260c6b88a76e110815_5309498733521422699/npc26.png using Guid(f3f6f10814ed2ef44bf3ea164589eccb) (TextureImporter) -> (artifact id: 'a97ca0ab38b42d232302a5c2353879de') in 0.0058102 seconds
Refreshing native plugins compatible for Editor in 0.00 ms, found 0 plugins.
Preloading 0 native plugins for Editor in 0.00 ms.
Asset Pipeline Refresh (id=305d99e2ab05bdd4d9edf804b8827612): Total: 0.010 seconds - Initiated by StopAssetImportingV2(NoUpdateAssetOptions)
Start importing Assets/AreaBattle/Resources/Recovered/Bosses/Spine/CAB-4cbdf2fb4ff783260c6b88a76e110815_3822428077056672803.txt using Guid(578a3add9285e484393f64bbbc0406f5) (TextScriptImporter) -> (artifact id: 'b0fffc2c09df45b4506f9d4ab0bc48dc') in 0.0007925 seconds
Refreshing native plugins compatible for Editor in 0.00 ms, found 0 plugins.
Preloading 0 native plugins for Editor in 0.00 ms.
Asset Pipeline Refresh (id=d98ddbe4fffe06543b1a8d3527ebf8ba): Total: 0.004 seconds - Initiated by StopAssetImportingV2(NoUpdateAssetOptions)
Start importing Assets/AreaBattle/Resources/Recovered/Bosses/Spine/CAB-4cbdf2fb4ff783260c6b88a76e110815_-667853312334905757.txt using Guid(4a344de3d8467a24ca1262d5299515e3) (TextScriptImporter) -> (artifact id: '4d18fa1a7fab459a6b77d139f4f8a44c') in 0.0009081 seconds
Refreshing native plugins compatible for Editor in 0.00 ms, found 0 plugins.
Preloading 0 native plugins for Editor in 0.00 ms.
Asset Pipeline Refresh (id=61d0342c39a7be645b372cf774084971): Total: 0.005 seconds - Initiated by StopAssetImportingV2(NoUpdateAssetOptions)
Start importing Assets/AreaBattle/Resources/Recovered/Bosses/Textures/CAB-4cbdf2fb4ff783260c6b88a76e110815_-5980869217840884250/cloud.png using Guid(e821467e373708447b9d21d1eecfb52f) (TextureImporter) -> (artifact id: 'a1e98700e337d9680a30213de4138976') in 0.0017114 seconds
Refreshing native plugins compatible for Editor in 0.00 ms, found 0 plugins.
Preloading 0 native plugins for Editor in 0.00 ms.
Asset Pipeline Refresh (id=dc1c7f8db1374104f80de3a006c3b53e): Total: 0.005 seconds - Initiated by StopAssetImportingV2(NoUpdateAssetOptions)
Start importing Assets/AreaBattle/Resources/Recovered/Bosses/Textures/CAB-4cbdf2fb4ff783260c6b88a76e110815_-5980869217840884250/cloud.png using Guid(e821467e373708447b9d21d1eecfb52f) (TextureImporter) -> (artifact id: 'a1e98700e337d9680a30213de4138976') in 0.0011864 seconds
Refreshing native plugins compatible for Editor in 0.00 ms, found 0 plugins.
Preloading 0 native plugins for Editor in 0.00 ms.
Asset Pipeline Refresh (id=b692b806cd4629648918efc255a504f6): Total: 0.005 seconds - Initiated by StopAssetImportingV2(NoUpdateAssetOptions)
Curl error 7: Failed to connect to config.uca.cloud.unity3d.com port 443 after 223 ms: Could not connect to server
Start importing Assets/AreaBattle/Resources/Recovered/Bosses/Spine/CAB-4cbdf2fb4ff783260c6b88a76e110815_-69053168959669514.txt using Guid(d29c025b6b5b4764fa76cc852d0e0bfb) (TextScriptImporter) -> (artifact id: '5c4e1b634a48f19120630deb2862ec2e') in 0.0006892 seconds
Refreshing native plugins compatible for Editor in 0.00 ms, found 0 plugins.
Preloading 0 native plugins for Editor in 0.00 ms.
Asset Pipeline Refresh (id=d57b6556cd4b42344892bd9c658fb571): Total: 0.004 seconds - Initiated by StopAssetImportingV2(NoUpdateAssetOptions)
Start importing Assets/AreaBattle/Resources/Recovered/Bosses/Spine/CAB-4cbdf2fb4ff783260c6b88a76e110815_-4925732027355184233.txt using Guid(9702a5883a977c9418a0e147cf8dff9c) (TextScriptImporter) -> (artifact id: 'caa8687e2f7ea4be8c4ccbb63357eb9b') in 0.0006742 seconds
Refreshing native plugins compatible for Editor in 0.00 ms, found 0 plugins.
Preloading 0 native plugins for Editor in 0.00 ms.
Asset Pipeline Refresh (id=9b23cbd12adde68488cd0dd2cf4d5537): Total: 0.004 seconds - Initiated by StopAssetImportingV2(NoUpdateAssetOptions)
Start importing Assets/AreaBattle/Resources/Recovered/Bosses/Textures/CAB-d54385dddab02ca30cf5913a1fa59c2b_-3958406060727655641/HD_effect_boss05_02.png using Guid(458e456c7ba669543a100ce04d033754) (TextureImporter) -> (artifact id: '28708aa455124485ada5b700f5a9e7f4') in 0.0016171 seconds
Refreshing native plugins compatible for Editor in 0.00 ms, found 0 plugins.
Preloading 0 native plugins for Editor in 0.00 ms.
Asset Pipeline Refresh (id=d9a69a3d0821fa44d9f952942973a140): Total: 0.005 seconds - Initiated by StopAssetImportingV2(NoUpdateAssetOptions)
Start importing Assets/AreaBattle/Resources/Recovered/Bosses/Textures/CAB-d54385dddab02ca30cf5913a1fa59c2b_-3958406060727655641/HD_effect_boss05_02.png using Guid(458e456c7ba669543a100ce04d033754) (TextureImporter) -> (artifact id: '28708aa455124485ada5b700f5a9e7f4') in 0.0012433 seconds
Refreshing native plugins compatible for Editor in 0.00 ms, found 0 plugins.
Preloading 0 native plugins for Editor in 0.00 ms.
Asset Pipeline Refresh (id=357052f5d36cf5f4880bdd5ea1c24aec): Total: 0.005 seconds - Initiated by StopAssetImportingV2(NoUpdateAssetOptions)
Start importing Assets/AreaBattle/Resources/Recovered/Bosses/Textures/CAB-ce613d1c3d736ead306d9e6dc7b6058b_2236001822647334300/hdzd_effect_boss05_03.png using Guid(430bbd41e9966b043986aa2487a0dd08) (TextureImporter) -> (artifact id: 'b32592c74d17a795b11e4d1402565762') in 0.0012537 seconds
Refreshing native plugins compatible for Editor in 0.00 ms, found 0 plugins.
Preloading 0 native plugins for Editor in 0.00 ms.
Asset Pipeline Refresh (id=964fe3cb47e6bb841a335f5747b19c3d): Total: 0.005 seconds - Initiated by StopAssetImportingV2(NoUpdateAssetOptions)
Start importing Assets/AreaBattle/Resources/Recovered/Bosses/Textures/CAB-ce613d1c3d736ead306d9e6dc7b6058b_2236001822647334300/hdzd_effect_boss05_03.png using Guid(430bbd41e9966b043986aa2487a0dd08) (TextureImporter) -> (artifact id: 'b32592c74d17a795b11e4d1402565762') in 0.0012755 seconds
Refreshing native plugins compatible for Editor in 0.00 ms, found 0 plugins.
Preloading 0 native plugins for Editor in 0.00 ms.
Asset Pipeline Refresh (id=51bf6921210b0e84897b3174f99ceeac): Total: 0.005 seconds - Initiated by StopAssetImportingV2(NoUpdateAssetOptions)
Start importing Assets/AreaBattle/Resources/Recovered/Bosses/Textures/CAB-79f1f8a5fa95c1e53b703981f18a5ed3_8879120120627136298/hdzd_effect_boss05_11.png using Guid(1ccbc26915d7d464a842ee5386bf2900) (TextureImporter) -> (artifact id: '92d0c4200d01ac6ad14a16027d68a7c3') in 0.0015308 seconds
Refreshing native plugins compatible for Editor in 0.00 ms, found 0 plugins.
Preloading 0 native plugins for Editor in 0.00 ms.
Asset Pipeline Refresh (id=94cdb56d951ca3149b7a8a1573417563): Total: 0.005 seconds - Initiated by StopAssetImportingV2(NoUpdateAssetOptions)
Start importing Assets/AreaBattle/Resources/Recovered/Bosses/Textures/CAB-79f1f8a5fa95c1e53b703981f18a5ed3_8879120120627136298/hdzd_effect_boss05_11.png using Guid(1ccbc26915d7d464a842ee5386bf2900) (TextureImporter) -> (artifact id: '92d0c4200d01ac6ad14a16027d68a7c3') in 0.0014962 seconds
Refreshing native plugins compatible for Editor in 0.00 ms, found 0 plugins.
Preloading 0 native plugins for Editor in 0.00 ms.
Asset Pipeline Refresh (id=0ef1ac8cc70c1694ea56bdabd65a5a82): Total: 0.005 seconds - Initiated by StopAssetImportingV2(NoUpdateAssetOptions)
Start importing Assets/AreaBattle/Resources/Recovered/Bosses/Textures/CAB-00f5755f1c988a9722cbc3238004bfdf_-5963863879902103030/npc24.png using Guid(5fcd80687d7ce0f4ea6e80e93e7cc069) (TextureImporter) -> (artifact id: 'ecc8616686e8096469d0d4c93b9b575d') in 0.0108066 seconds
Refreshing native plugins compatible for Editor in 0.00 ms, found 0 plugins.
Preloading 0 native plugins for Editor in 0.00 ms.
Asset Pipeline Refresh (id=f0fca0b0d6957954791d3094d0c29064): Total: 0.014 seconds - Initiated by StopAssetImportingV2(NoUpdateAssetOptions)
Start importing Assets/AreaBattle/Resources/Recovered/Bosses/Textures/CAB-00f5755f1c988a9722cbc3238004bfdf_-5963863879902103030/npc24.png using Guid(5fcd80687d7ce0f4ea6e80e93e7cc069) (TextureImporter) -> (artifact id: 'ecc8616686e8096469d0d4c93b9b575d') in 0.0102396 seconds
Refreshing native plugins compatible for Editor in 0.00 ms, found 0 plugins.
Preloading 0 native plugins for Editor in 0.00 ms.
Asset Pipeline Refresh (id=b436bca9edc44ce4091cf895ddd840bd): Total: 0.014 seconds - Initiated by StopAssetImportingV2(NoUpdateAssetOptions)
Start importing Assets/AreaBattle/Resources/Recovered/Bosses/Spine/CAB-00f5755f1c988a9722cbc3238004bfdf_-2805175160648972110.txt using Guid(01d24fd80403a8947b37830faef3944d) (TextScriptImporter) -> (artifact id: 'ca575100ec61463beaf7a8d657845841') in 0.0008421 seconds
Refreshing native plugins compatible for Editor in 0.00 ms, found 0 plugins.
Preloading 0 native plugins for Editor in 0.00 ms.
Asset Pipeline Refresh (id=f98168e14813298418657d438e654106): Total: 0.005 seconds - Initiated by StopAssetImportingV2(NoUpdateAssetOptions)
Start importing Assets/AreaBattle/Resources/Recovered/Bosses/Spine/CAB-00f5755f1c988a9722cbc3238004bfdf_-2613148055829038102.txt using Guid(96a5593c26ff2f34abe12abbe2a09fe5) (TextScriptImporter) -> (artifact id: 'b2b856cb8e04deeeeb61b0da80cb12c9') in 0.0009619 seconds
Refreshing native plugins compatible for Editor in 0.00 ms, found 0 plugins.
Preloading 0 native plugins for Editor in 0.00 ms.
Asset Pipeline Refresh (id=8b0ff6c8f05796441aa5fa38bde8ae13): Total: 0.005 seconds - Initiated by StopAssetImportingV2(NoUpdateAssetOptions)
Start importing Assets/AreaBattle/Resources/Recovered/Bosses/Textures/CAB-71eaaec95335b868bad1572e7073e552_5309498733521422699/npc26.png using Guid(8211f5a24e2454145aa405cef07512f3) (TextureImporter) -> (artifact id: 'b0571fdc02fd396150fe7dd8e31df68e') in 0.0064447 seconds
Refreshing native plugins compatible for Editor in 0.00 ms, found 0 plugins.
Preloading 0 native plugins for Editor in 0.00 ms.
Asset Pipeline Refresh (id=ceef47ce8c5b2cc488a1add5786c5b68): Total: 0.010 seconds - Initiated by StopAssetImportingV2(NoUpdateAssetOptions)
Start importing Assets/AreaBattle/Resources/Recovered/Bosses/Textures/CAB-71eaaec95335b868bad1572e7073e552_5309498733521422699/npc26.png using Guid(8211f5a24e2454145aa405cef07512f3) (TextureImporter) -> (artifact id: 'b0571fdc02fd396150fe7dd8e31df68e') in 0.005807 seconds
Refreshing native plugins compatible for Editor in 0.00 ms, found 0 plugins.
Preloading 0 native plugins for Editor in 0.00 ms.
Asset Pipeline Refresh (id=66119bbb8c2cbb14dbd35c75c96b6888): Total: 0.010 seconds - Initiated by StopAssetImportingV2(NoUpdateAssetOptions)
Start importing Assets/AreaBattle/Resources/Recovered/Bosses/Spine/CAB-71eaaec95335b868bad1572e7073e552_3822428077056672803.txt using Guid(034e5869b6bc41148ac458105c4915c1) (TextScriptImporter) -> (artifact id: '82553095ab6a6c73861a99ef7fc4f769') in 0.0008138 seconds
Refreshing native plugins compatible for Editor in 0.00 ms, found 0 plugins.
Preloading 0 native plugins for Editor in 0.00 ms.
Asset Pipeline Refresh (id=24df6bafa3b555d4ba4c7ce276eeecb4): Total: 0.004 seconds - Initiated by StopAssetImportingV2(NoUpdateAssetOptions)
Start importing Assets/AreaBattle/Resources/Recovered/Bosses/Spine/CAB-71eaaec95335b868bad1572e7073e552_-667853312334905757.txt using Guid(6e54c74dff4454e458bf8aa020c139be) (TextScriptImporter) -> (artifact id: '80ffdfbe62594f86267ba4120bfb7bc9') in 0.0007842 seconds
Refreshing native plugins compatible for Editor in 0.00 ms, found 0 plugins.
Preloading 0 native plugins for Editor in 0.00 ms.
Asset Pipeline Refresh (id=e7ef3011a555fb94582b25e6a893f2e6): Total: 0.004 seconds - Initiated by StopAssetImportingV2(NoUpdateAssetOptions)
Start importing Assets/AreaBattle/Resources/Recovered/Bosses/Meshes/CAB-4cbdf2fb4ff783260c6b88a76e110815_8827180936604299418.asset using Guid(a07d088d6eb9d534aaf4bf11340defb7) (NativeFormatImporter) -> (artifact id: '3f2d142f5e59ece8274f0bc8d1d8a484') in 0.0017652 seconds
Start importing Assets/AreaBattle/Resources/Recovered/Bosses/Meshes/CAB-00f5755f1c988a9722cbc3238004bfdf_-2603831564701725293.asset using Guid(3204c417152aeda4897191a06a2c251e) (NativeFormatImporter) -> (artifact id: '609128be88d41ec613c8c380c348c6ae') in 0.000739 seconds
Start importing Assets/AreaBattle/Resources/Recovered/Bosses/Meshes/CAB-4cbdf2fb4ff783260c6b88a76e110815_-219523296002504731.asset using Guid(529148069adf48d45b92ad25079b8efa) (NativeFormatImporter) -> (artifact id: '22fe31a2fe98767494b08243db1dd97d') in 0.00064 seconds
Start importing Assets/AreaBattle/Resources/Recovered/Bosses/Meshes/CAB-a5cbcddbf71a9f47f7352c65479f1e75_5158438402429060213.asset using Guid(d2bad012a38ed8747bf7e006f6d14682) (NativeFormatImporter) -> (artifact id: '7d6186a7b9b8a10e9a4e865170152cdb') in 0.0006704 seconds
Start importing Assets/AreaBattle/Resources/Recovered/Bosses/Meshes/CAB-71eaaec95335b868bad1572e7073e552_-2278264700483194077.asset using Guid(97cdd9e8f76d24c43b9cc6c0efcd0f43) (NativeFormatImporter) -> (artifact id: 'e04062bfa86cb7abf20ac302ea8633f2') in 0.0007006 seconds
Start importing Assets/AreaBattle/Resources/Recovered/Bosses/Meshes/CAB-4cbdf2fb4ff783260c6b88a76e110815_-4079494545068326741.asset using Guid(1d8e32441a0e7ca418e53f73d27073cb) (NativeFormatImporter) -> (artifact id: 'f335c2095ef60196cfa48a3729522fc3') in 0.000652 seconds
Refreshing native plugins compatible for Editor in 0.00 ms, found 0 plugins.
Preloading 0 native plugins for Editor in 0.00 ms.
Asset Pipeline Refresh (id=295f02ec251fcea4a9d1b66642159659): Total: 0.010 seconds - Initiated by StopAssetImportingV2(NoUpdateAssetOptions)
Start importing Assets/AreaBattle/Resources/Recovered/Bosses/Materials/CAB-a5cbcddbf71a9f47f7352c65479f1e75_7647240371114772536.mat using Guid(fc08b25649992874a8da0f114c392ec3) (NativeFormatImporter)Main Object Name 'npc24_Material' does not match filename 'CAB-a5cbcddbf71a9f47f7352c65479f1e75_7647240371114772536'
UnityEngine.Debug:ExtractStackTraceNoAlloc (byte*,int,string)
UnityEngine.StackTraceUtility:ExtractStackTrace ()
UnityEditor.AssetDatabase:ImportAsset (string,UnityEditor.ImportAssetOptions)
AreaBattle.EditorTools.RecoveredBossImporter:ImportNativeResource (AreaBattle.EditorTools.RecoveredBossImporter/Resource,string,System.Type) (at Assets/AreaBattle/Editor/RecoveredBossImporter.cs:116)
AreaBattle.EditorTools.RecoveredBossImporter:Import () (at Assets/AreaBattle/Editor/RecoveredBossImporter.cs:53)

[Assets/AreaBattle/Editor/RecoveredBossImporter.cs line 116]

 -> (artifact id: 'e02ed35a8bd1389209c902c85668d416') in 0.0011251 seconds
Refreshing native plugins compatible for Editor in 0.00 ms, found 0 plugins.
Preloading 0 native plugins for Editor in 0.00 ms.
Asset Pipeline Refresh (id=37c196e4645f6334282bf9d29a69e1d2): Total: 0.005 seconds - Initiated by StopAssetImportingV2(NoUpdateAssetOptions)
Start importing Assets/AreaBattle/Resources/Recovered/Bosses/Materials/CAB-a5cbcddbf71a9f47f7352c65479f1e75_-6562632805628259368.mat using Guid(f2518804503a2b84689984c3f21d2d40) (NativeFormatImporter)Main Object Name 'Sprites-Default' does not match filename 'CAB-a5cbcddbf71a9f47f7352c65479f1e75_-6562632805628259368'
UnityEngine.Debug:ExtractStackTraceNoAlloc (byte*,int,string)
UnityEngine.StackTraceUtility:ExtractStackTrace ()
UnityEditor.AssetDatabase:ImportAsset (string,UnityEditor.ImportAssetOptions)
AreaBattle.EditorTools.RecoveredBossImporter:ImportNativeResource (AreaBattle.EditorTools.RecoveredBossImporter/Resource,string,System.Type) (at Assets/AreaBattle/Editor/RecoveredBossImporter.cs:116)
AreaBattle.EditorTools.RecoveredBossImporter:Import () (at Assets/AreaBattle/Editor/RecoveredBossImporter.cs:53)

[Assets/AreaBattle/Editor/RecoveredBossImporter.cs line 116]

 -> (artifact id: 'a4ea5c601a5cd8cc02f563fe1883c5ae') in 0.0009015 seconds
Refreshing native plugins compatible for Editor in 0.00 ms, found 0 plugins.
Preloading 0 native plugins for Editor in 0.00 ms.
Asset Pipeline Refresh (id=29da2d5b256c01b4a91efa4931fb4c1e): Total: 0.005 seconds - Initiated by StopAssetImportingV2(NoUpdateAssetOptions)
Start importing Assets/AreaBattle/Resources/Recovered/Bosses/Materials/CAB-66bf6a128175277bb7e11f9579bdd020_-4794325471353287459.mat using Guid(98e9133e3cba71a4a945494e0738fd3e) (NativeFormatImporter)Main Object Name 'Hdzd_Effect_Wy_024' does not match filename 'CAB-66bf6a128175277bb7e11f9579bdd020_-4794325471353287459'
UnityEngine.Debug:ExtractStackTraceNoAlloc (byte*,int,string)
UnityEngine.StackTraceUtility:ExtractStackTrace ()
UnityEditor.AssetDatabase:ImportAsset (string,UnityEditor.ImportAssetOptions)
AreaBattle.EditorTools.RecoveredBossImporter:ImportNativeResource (AreaBattle.EditorTools.RecoveredBossImporter/Resource,string,System.Type) (at Assets/AreaBattle/Editor/RecoveredBossImporter.cs:116)
AreaBattle.EditorTools.RecoveredBossImporter:Import () (at Assets/AreaBattle/Editor/RecoveredBossImporter.cs:53)

[Assets/AreaBattle/Editor/RecoveredBossImporter.cs line 116]

 -> (artifact id: '06ad962457fd348b7f62598eb14f8f27') in 0.0013616 seconds
Refreshing native plugins compatible for Editor in 0.00 ms, found 0 plugins.
Preloading 0 native plugins for Editor in 0.00 ms.
Asset Pipeline Refresh (id=474fc2cd3ef56514e9656adfe6520757): Total: 0.005 seconds - Initiated by StopAssetImportingV2(NoUpdateAssetOptions)
Start importing Assets/AreaBattle/Resources/Recovered/Bosses/Materials/CAB-4db238bc9e9987e4ced09a3fec965cb7_6805949067949570932.mat using Guid(04916cd769208f645b88218a4ead2b06) (NativeFormatImporter)Main Object Name 'Hdzd_Effect_Wy_017' does not match filename 'CAB-4db238bc9e9987e4ced09a3fec965cb7_6805949067949570932'
UnityEngine.Debug:ExtractStackTraceNoAlloc (byte*,int,string)
UnityEngine.StackTraceUtility:ExtractStackTrace ()
UnityEditor.AssetDatabase:ImportAsset (string,UnityEditor.ImportAssetOptions)
AreaBattle.EditorTools.RecoveredBossImporter:ImportNativeResource (AreaBattle.EditorTools.RecoveredBossImporter/Resource,string,System.Type) (at Assets/AreaBattle/Editor/RecoveredBossImporter.cs:116)
AreaBattle.EditorTools.RecoveredBossImporter:Import () (at Assets/AreaBattle/Editor/RecoveredBossImporter.cs:53)

[Assets/AreaBattle/Editor/RecoveredBossImporter.cs line 116]

 -> (artifact id: '596c72832bbafcea515811304e13d2b8') in 0.0009213 seconds
Refreshing native plugins compatible for Editor in 0.00 ms, found 0 plugins.
Preloading 0 native plugins for Editor in 0.00 ms.
Asset Pipeline Refresh (id=049a4b3cc3eb96b4c99a4bc3db40d633): Total: 0.004 seconds - Initiated by StopAssetImportingV2(NoUpdateAssetOptions)
Start importing Assets/AreaBattle/Resources/Recovered/Bosses/Materials/CAB-f15c7194971d9bcafb974e9f5ce14748_6287807201682963934.mat using Guid(54e6edd06bd67c64c9efa76d17640acf) (NativeFormatImporter)Main Object Name 'Hdzd_Effect_Wy_016' does not match filename 'CAB-f15c7194971d9bcafb974e9f5ce14748_6287807201682963934'
UnityEngine.Debug:ExtractStackTraceNoAlloc (byte*,int,string)
UnityEngine.StackTraceUtility:ExtractStackTrace ()
UnityEditor.AssetDatabase:ImportAsset (string,UnityEditor.ImportAssetOptions)
AreaBattle.EditorTools.RecoveredBossImporter:ImportNativeResource (AreaBattle.EditorTools.RecoveredBossImporter/Resource,string,System.Type) (at Assets/AreaBattle/Editor/RecoveredBossImporter.cs:116)
AreaBattle.EditorTools.RecoveredBossImporter:Import () (at Assets/AreaBattle/Editor/RecoveredBossImporter.cs:53)

[Assets/AreaBattle/Editor/RecoveredBossImporter.cs line 116]

 -> (artifact id: 'fdcf7e01a22a74e9b3f25a3350f1187f') in 0.0009689 seconds
Refreshing native plugins compatible for Editor in 0.00 ms, found 0 plugins.
Preloading 0 native plugins for Editor in 0.00 ms.
Asset Pipeline Refresh (id=47f5612983ffa334eb641ec50584588b): Total: 0.004 seconds - Initiated by StopAssetImportingV2(NoUpdateAssetOptions)
Start importing Assets/AreaBattle/Resources/Recovered/Bosses/Materials/CAB-b6a8f441387f2e4785ca096a2a5d5f43_846749304657458347.mat using Guid(dadef285abdd3534aaad37b4da8b2672) (NativeFormatImporter)Main Object Name 'Hdzd_Effect_Wy_015' does not match filename 'CAB-b6a8f441387f2e4785ca096a2a5d5f43_846749304657458347'
UnityEngine.Debug:ExtractStackTraceNoAlloc (byte*,int,string)
UnityEngine.StackTraceUtility:ExtractStackTrace ()
UnityEditor.AssetDatabase:ImportAsset (string,UnityEditor.ImportAssetOptions)
AreaBattle.EditorTools.RecoveredBossImporter:ImportNativeResource (AreaBattle.EditorTools.RecoveredBossImporter/Resource,string,System.Type) (at Assets/AreaBattle/Editor/RecoveredBossImporter.cs:116)
AreaBattle.EditorTools.RecoveredBossImporter:Import () (at Assets/AreaBattle/Editor/RecoveredBossImporter.cs:53)

[Assets/AreaBattle/Editor/RecoveredBossImporter.cs line 116]

 -> (artifact id: '0c9c8a2240774605167a65e67e2331d2') in 0.0008006 seconds
Refreshing native plugins compatible for Editor in 0.00 ms, found 0 plugins.
Preloading 0 native plugins for Editor in 0.00 ms.
Asset Pipeline Refresh (id=66a5f4659f32aee46a53ae7db9a63852): Total: 0.004 seconds - Initiated by StopAssetImportingV2(NoUpdateAssetOptions)
Start importing Assets/AreaBattle/Resources/Recovered/Bosses/Materials/CAB-4cbdf2fb4ff783260c6b88a76e110815_-1385716274512422456.mat using Guid(7e7a615793c70ac499d0a77268fb14a3) (NativeFormatImporter)Main Object Name 'npc26_Material' does not match filename 'CAB-4cbdf2fb4ff783260c6b88a76e110815_-1385716274512422456'
UnityEngine.Debug:ExtractStackTraceNoAlloc (byte*,int,string)
UnityEngine.StackTraceUtility:ExtractStackTrace ()
UnityEditor.AssetDatabase:ImportAsset (string,UnityEditor.ImportAssetOptions)
AreaBattle.EditorTools.RecoveredBossImporter:ImportNativeResource (AreaBattle.EditorTools.RecoveredBossImporter/Resource,string,System.Type) (at Assets/AreaBattle/Editor/RecoveredBossImporter.cs:116)
AreaBattle.EditorTools.RecoveredBossImporter:Import () (at Assets/AreaBattle/Editor/RecoveredBossImporter.cs:53)

[Assets/AreaBattle/Editor/RecoveredBossImporter.cs line 116]

 -> (artifact id: '18148c8b689dc000330ac125c9f8a797') in 0.000847 seconds
Refreshing native plugins compatible for Editor in 0.00 ms, found 0 plugins.
Preloading 0 native plugins for Editor in 0.00 ms.
Asset Pipeline Refresh (id=a594a127344da6f44917bb7cc09533cf): Total: 0.004 seconds - Initiated by StopAssetImportingV2(NoUpdateAssetOptions)
Start importing Assets/AreaBattle/Resources/Recovered/Bosses/Materials/CAB-4cbdf2fb4ff783260c6b88a76e110815_8308315085901773528.mat using Guid(2733810c120c96645b68c27c0d78e3ed) (NativeFormatImporter)Main Object Name 'cloud_Material' does not match filename 'CAB-4cbdf2fb4ff783260c6b88a76e110815_8308315085901773528'
UnityEngine.Debug:ExtractStackTraceNoAlloc (byte*,int,string)
UnityEngine.StackTraceUtility:ExtractStackTrace ()
UnityEditor.AssetDatabase:ImportAsset (string,UnityEditor.ImportAssetOptions)
AreaBattle.EditorTools.RecoveredBossImporter:ImportNativeResource (AreaBattle.EditorTools.RecoveredBossImporter/Resource,string,System.Type) (at Assets/AreaBattle/Editor/RecoveredBossImporter.cs:116)
AreaBattle.EditorTools.RecoveredBossImporter:Import () (at Assets/AreaBattle/Editor/RecoveredBossImporter.cs:53)

[Assets/AreaBattle/Editor/RecoveredBossImporter.cs line 116]

 -> (artifact id: '3e14475d94729908938ac5faab16617e') in 0.0011159 seconds
Refreshing native plugins compatible for Editor in 0.00 ms, found 0 plugins.
Preloading 0 native plugins for Editor in 0.00 ms.
Asset Pipeline Refresh (id=8d3a00cd0c00f9b4087c9950f874d049): Total: 0.004 seconds - Initiated by StopAssetImportingV2(NoUpdateAssetOptions)
Start importing Assets/AreaBattle/Resources/Recovered/Bosses/Materials/CAB-7d4479f1bec767008efa46f41d1566b8_4553062147701365356.mat using Guid(c89796a5de030604b87930f922dc7f81) (NativeFormatImporter)Main Object Name 'hdzd_effect_boss05_04' does not match filename 'CAB-7d4479f1bec767008efa46f41d1566b8_4553062147701365356'
UnityEngine.Debug:ExtractStackTraceNoAlloc (byte*,int,string)
UnityEngine.StackTraceUtility:ExtractStackTrace ()
UnityEditor.AssetDatabase:ImportAsset (string,UnityEditor.ImportAssetOptions)
AreaBattle.EditorTools.RecoveredBossImporter:ImportNativeResource (AreaBattle.EditorTools.RecoveredBossImporter/Resource,string,System.Type) (at Assets/AreaBattle/Editor/RecoveredBossImporter.cs:116)
AreaBattle.EditorTools.RecoveredBossImporter:Import () (at Assets/AreaBattle/Editor/RecoveredBossImporter.cs:53)

[Assets/AreaBattle/Editor/RecoveredBossImporter.cs line 116]

 -> (artifact id: '354f8968c317d88181eb64ccde48a84a') in 0.0008147 seconds
Refreshing native plugins compatible for Editor in 0.00 ms, found 0 plugins.
Preloading 0 native plugins for Editor in 0.00 ms.
Asset Pipeline Refresh (id=fb5b157b2a6b50948b139198052ec254): Total: 0.004 seconds - Initiated by StopAssetImportingV2(NoUpdateAssetOptions)
Start importing Assets/AreaBattle/Resources/Recovered/Bosses/Materials/CAB-96ba804c0ac54fb0f8bb9121d4549416_6675367035657028552.mat using Guid(e66d4a66104c48d4d8ce25f7705a61d2) (NativeFormatImporter)Main Object Name 'hdzd_effect_boss05_13' does not match filename 'CAB-96ba804c0ac54fb0f8bb9121d4549416_6675367035657028552'
UnityEngine.Debug:ExtractStackTraceNoAlloc (byte*,int,string)
UnityEngine.StackTraceUtility:ExtractStackTrace ()
UnityEditor.AssetDatabase:ImportAsset (string,UnityEditor.ImportAssetOptions)
AreaBattle.EditorTools.RecoveredBossImporter:ImportNativeResource (AreaBattle.EditorTools.RecoveredBossImporter/Resource,string,System.Type) (at Assets/AreaBattle/Editor/RecoveredBossImporter.cs:116)
AreaBattle.EditorTools.RecoveredBossImporter:Import () (at Assets/AreaBattle/Editor/RecoveredBossImporter.cs:53)

[Assets/AreaBattle/Editor/RecoveredBossImporter.cs line 116]

 -> (artifact id: '66baefa6a1f361cba5e4cbab472402f0') in 0.0008312 seconds
Refreshing native plugins compatible for Editor in 0.00 ms, found 0 plugins.
Preloading 0 native plugins for Editor in 0.00 ms.
Asset Pipeline Refresh (id=7ba85134abd64b04082dcd8874f07cf2): Total: 0.004 seconds - Initiated by StopAssetImportingV2(NoUpdateAssetOptions)
Start importing Assets/AreaBattle/Resources/Recovered/Bosses/Materials/CAB-05c48c94023bdeb89a7e5a1874d6ac7b_521642052905442715.mat using Guid(e51d75982fe729846a1bfee03f480954) (NativeFormatImporter)Main Object Name 'hdzd_effect_boss05_12' does not match filename 'CAB-05c48c94023bdeb89a7e5a1874d6ac7b_521642052905442715'
UnityEngine.Debug:ExtractStackTraceNoAlloc (byte*,int,string)
UnityEngine.StackTraceUtility:ExtractStackTrace ()
UnityEditor.AssetDatabase:ImportAsset (string,UnityEditor.ImportAssetOptions)
AreaBattle.EditorTools.RecoveredBossImporter:ImportNativeResource (AreaBattle.EditorTools.RecoveredBossImporter/Resource,string,System.Type) (at Assets/AreaBattle/Editor/RecoveredBossImporter.cs:116)
AreaBattle.EditorTools.RecoveredBossImporter:Import () (at Assets/AreaBattle/Editor/RecoveredBossImporter.cs:53)

[Assets/AreaBattle/Editor/RecoveredBossImporter.cs line 116]

 -> (artifact id: 'a5adf9c2164d24f54f549b1b213463cd') in 0.0007839 seconds
Refreshing native plugins compatible for Editor in 0.00 ms, found 0 plugins.
Preloading 0 native plugins for Editor in 0.00 ms.
Asset Pipeline Refresh (id=38b51d502e8a70d40ba0ea9dbf8cf31a): Total: 0.004 seconds - Initiated by StopAssetImportingV2(NoUpdateAssetOptions)
Start importing Assets/AreaBattle/Resources/Recovered/Bosses/Materials/CAB-a55aff82698c813f8a9bfd4e1e1c8bba_7534611222308457480.mat using Guid(db7ac5e770a8ef04ba5745775fb169e7) (NativeFormatImporter)Main Object Name 'hdzd_effect_boss05_11' does not match filename 'CAB-a55aff82698c813f8a9bfd4e1e1c8bba_7534611222308457480'
UnityEngine.Debug:ExtractStackTraceNoAlloc (byte*,int,string)
UnityEngine.StackTraceUtility:ExtractStackTrace ()
UnityEditor.AssetDatabase:ImportAsset (string,UnityEditor.ImportAssetOptions)
AreaBattle.EditorTools.RecoveredBossImporter:ImportNativeResource (AreaBattle.EditorTools.RecoveredBossImporter/Resource,string,System.Type) (at Assets/AreaBattle/Editor/RecoveredBossImporter.cs:116)
AreaBattle.EditorTools.RecoveredBossImporter:Import () (at Assets/AreaBattle/Editor/RecoveredBossImporter.cs:53)

[Assets/AreaBattle/Editor/RecoveredBossImporter.cs line 116]

 -> (artifact id: 'dab0daca735e3eb1f55f33f208a7cfcf') in 0.0008968 seconds
Refreshing native plugins compatible for Editor in 0.00 ms, found 0 plugins.
Preloading 0 native plugins for Editor in 0.00 ms.
Asset Pipeline Refresh (id=083323a3a16563343a3ca14c38ca7419): Total: 0.004 seconds - Initiated by StopAssetImportingV2(NoUpdateAssetOptions)
Start importing Assets/AreaBattle/Resources/Recovered/Bosses/Materials/CAB-4cbdf2fb4ff783260c6b88a76e110815_-6562632805628259368.mat using Guid(ffdb0107493b06743913846a9b2d9deb) (NativeFormatImporter)Main Object Name 'Sprites-Default' does not match filename 'CAB-4cbdf2fb4ff783260c6b88a76e110815_-6562632805628259368'
UnityEngine.Debug:ExtractStackTraceNoAlloc (byte*,int,string)
UnityEngine.StackTraceUtility:ExtractStackTrace ()
UnityEditor.AssetDatabase:ImportAsset (string,UnityEditor.ImportAssetOptions)
AreaBattle.EditorTools.RecoveredBossImporter:ImportNativeResource (AreaBattle.EditorTools.RecoveredBossImporter/Resource,string,System.Type) (at Assets/AreaBattle/Editor/RecoveredBossImporter.cs:116)
AreaBattle.EditorTools.RecoveredBossImporter:Import () (at Assets/AreaBattle/Editor/RecoveredBossImporter.cs:53)

[Assets/AreaBattle/Editor/RecoveredBossImporter.cs line 116]

 -> (artifact id: 'a7904be7814e1f0e4216585bb57293fd') in 0.0007652 seconds
Refreshing native plugins compatible for Editor in 0.00 ms, found 0 plugins.
Preloading 0 native plugins for Editor in 0.00 ms.
Asset Pipeline Refresh (id=8ad062efab547d64ca0201955668ed93): Total: 0.004 seconds - Initiated by StopAssetImportingV2(NoUpdateAssetOptions)
Start importing Assets/AreaBattle/Resources/Recovered/Bosses/Materials/CAB-00f5755f1c988a9722cbc3238004bfdf_7647240371114772536.mat using Guid(9acaa3d602d6e0e4da642f431d25ea9e) (NativeFormatImporter)Main Object Name 'npc24_Material' does not match filename 'CAB-00f5755f1c988a9722cbc3238004bfdf_7647240371114772536'
UnityEngine.Debug:ExtractStackTraceNoAlloc (byte*,int,string)
UnityEngine.StackTraceUtility:ExtractStackTrace ()
UnityEditor.AssetDatabase:ImportAsset (string,UnityEditor.ImportAssetOptions)
AreaBattle.EditorTools.RecoveredBossImporter:ImportNativeResource (AreaBattle.EditorTools.RecoveredBossImporter/Resource,string,System.Type) (at Assets/AreaBattle/Editor/RecoveredBossImporter.cs:116)
AreaBattle.EditorTools.RecoveredBossImporter:Import () (at Assets/AreaBattle/Editor/RecoveredBossImporter.cs:53)

[Assets/AreaBattle/Editor/RecoveredBossImporter.cs line 116]

 -> (artifact id: 'c38e6cef519c9b4c04cb5418d3bc9516') in 0.0007794 seconds
Refreshing native plugins compatible for Editor in 0.00 ms, found 0 plugins.
Preloading 0 native plugins for Editor in 0.00 ms.
Asset Pipeline Refresh (id=6176fc97106df7642a75536c7c86b6ac): Total: 0.004 seconds - Initiated by StopAssetImportingV2(NoUpdateAssetOptions)
Start importing Assets/AreaBattle/Resources/Recovered/Bosses/Materials/CAB-71eaaec95335b868bad1572e7073e552_-1385716274512422456.mat using Guid(cb6efcb96b7579f40828bf814e7f506e) (NativeFormatImporter)Main Object Name 'npc26_Material' does not match filename 'CAB-71eaaec95335b868bad1572e7073e552_-1385716274512422456'
UnityEngine.Debug:ExtractStackTraceNoAlloc (byte*,int,string)
UnityEngine.StackTraceUtility:ExtractStackTrace ()
UnityEditor.AssetDatabase:ImportAsset (string,UnityEditor.ImportAssetOptions)
AreaBattle.EditorTools.RecoveredBossImporter:ImportNativeResource (AreaBattle.EditorTools.RecoveredBossImporter/Resource,string,System.Type) (at Assets/AreaBattle/Editor/RecoveredBossImporter.cs:116)
AreaBattle.EditorTools.RecoveredBossImporter:Import () (at Assets/AreaBattle/Editor/RecoveredBossImporter.cs:53)

[Assets/AreaBattle/Editor/RecoveredBossImporter.cs line 116]

 -> (artifact id: '5d7ebaf798c8c19c8b2a67f869563c7f') in 0.000983 seconds
Refreshing native plugins compatible for Editor in 0.00 ms, found 0 plugins.
Preloading 0 native plugins for Editor in 0.00 ms.
Asset Pipeline Refresh (id=40f8bd25f6c12a7448589b0c452626f4): Total: 0.004 seconds - Initiated by StopAssetImportingV2(NoUpdateAssetOptions)
Launched and connected shader compiler UnityShaderCompiler.exe after 0.01 seconds
Start importing Assets/AreaBattle/Resources/Recovered/Bosses/Spine/CAB-a5cbcddbf71a9f47f7352c65479f1e75_-4300929842082301454.asset using Guid(1951a0c6ae6960048be80c7ccfa03267) (NativeFormatImporter)Main Object Name 'npc24_Atlas' does not match filename 'CAB-a5cbcddbf71a9f47f7352c65479f1e75_-4300929842082301454'
UnityEngine.Debug:ExtractStackTraceNoAlloc (byte*,int,string)
UnityEngine.StackTraceUtility:ExtractStackTrace ()
UnityEditor.AssetDatabase:ImportAsset (string,UnityEditor.ImportAssetOptions)
AreaBattle.EditorTools.RecoveredBossImporter:ImportNativeResource (AreaBattle.EditorTools.RecoveredBossImporter/Resource,string,System.Type) (at Assets/AreaBattle/Editor/RecoveredBossImporter.cs:116)
AreaBattle.EditorTools.RecoveredBossImporter:Import () (at Assets/AreaBattle/Editor/RecoveredBossImporter.cs:65)

[Assets/AreaBattle/Editor/RecoveredBossImporter.cs line 116]

 -> (artifact id: '255b29d754eb844c73f68e6a81efa858') in 0.0011822 seconds
Refreshing native plugins compatible for Editor in 0.00 ms, found 0 plugins.
Preloading 0 native plugins for Editor in 0.00 ms.
Asset Pipeline Refresh (id=e811f0b7bb59c7b4db90770bbc9b9498): Total: 0.005 seconds - Initiated by StopAssetImportingV2(NoUpdateAssetOptions)
Start importing Assets/AreaBattle/Resources/Recovered/Bosses/Spine/CAB-a5cbcddbf71a9f47f7352c65479f1e75_-4300929842082301454.asset using Guid(1951a0c6ae6960048be80c7ccfa03267) (NativeFormatImporter) -> (artifact id: '3d594a8e92653083ac928f915b5567f2') in 0.0006699 seconds
Refreshing native plugins compatible for Editor in 0.00 ms, found 0 plugins.
Preloading 0 native plugins for Editor in 0.00 ms.
Asset Pipeline Refresh (id=755ceaddb4c7a7f42801f3fc26fe8766): Total: 0.005 seconds - Initiated by StopAssetImportingV2(NoUpdateAssetOptions)
Start importing Assets/AreaBattle/Resources/Recovered/Bosses/Spine/CAB-4cbdf2fb4ff783260c6b88a76e110815_9091115383639394055.asset using Guid(6e848a74a31dc384d8eda5a0f17e0f0b) (NativeFormatImporter)Main Object Name 'npc26_Atlas' does not match filename 'CAB-4cbdf2fb4ff783260c6b88a76e110815_9091115383639394055'
UnityEngine.Debug:ExtractStackTraceNoAlloc (byte*,int,string)
UnityEngine.StackTraceUtility:ExtractStackTrace ()
UnityEditor.AssetDatabase:ImportAsset (string,UnityEditor.ImportAssetOptions)
AreaBattle.EditorTools.RecoveredBossImporter:ImportNativeResource (AreaBattle.EditorTools.RecoveredBossImporter/Resource,string,System.Type) (at Assets/AreaBattle/Editor/RecoveredBossImporter.cs:116)
AreaBattle.EditorTools.RecoveredBossImporter:Import () (at Assets/AreaBattle/Editor/RecoveredBossImporter.cs:65)

[Assets/AreaBattle/Editor/RecoveredBossImporter.cs line 116]

 -> (artifact id: '2f1f0a9d3d0f3c7c8d161d63807e1ff2') in 0.0007911 seconds
Refreshing native plugins compatible for Editor in 0.00 ms, found 0 plugins.
Preloading 0 native plugins for Editor in 0.00 ms.
Asset Pipeline Refresh (id=40b3ace6f39d1704596f9c7a00509e97): Total: 0.004 seconds - Initiated by StopAssetImportingV2(NoUpdateAssetOptions)
Start importing Assets/AreaBattle/Resources/Recovered/Bosses/Spine/CAB-4cbdf2fb4ff783260c6b88a76e110815_9091115383639394055.asset using Guid(6e848a74a31dc384d8eda5a0f17e0f0b) (NativeFormatImporter) -> (artifact id: '977c3c53ac24e63d8dc255469b2387a6') in 0.0006815 seconds
Refreshing native plugins compatible for Editor in 0.00 ms, found 0 plugins.
Preloading 0 native plugins for Editor in 0.00 ms.
Asset Pipeline Refresh (id=2835c5c7591a95a45869b4a130820c22): Total: 0.004 seconds - Initiated by StopAssetImportingV2(NoUpdateAssetOptions)
Start importing Assets/AreaBattle/Resources/Recovered/Bosses/Spine/CAB-4cbdf2fb4ff783260c6b88a76e110815_2867967493585194224.asset using Guid(f32cc0512ac1ecf4392d41149a666e28) (NativeFormatImporter)Main Object Name 'cloud_Atlas' does not match filename 'CAB-4cbdf2fb4ff783260c6b88a76e110815_2867967493585194224'
UnityEngine.Debug:ExtractStackTraceNoAlloc (byte*,int,string)
UnityEngine.StackTraceUtility:ExtractStackTrace ()
UnityEditor.AssetDatabase:ImportAsset (string,UnityEditor.ImportAssetOptions)
AreaBattle.EditorTools.RecoveredBossImporter:ImportNativeResource (AreaBattle.EditorTools.RecoveredBossImporter/Resource,string,System.Type) (at Assets/AreaBattle/Editor/RecoveredBossImporter.cs:116)
AreaBattle.EditorTools.RecoveredBossImporter:Import () (at Assets/AreaBattle/Editor/RecoveredBossImporter.cs:65)

[Assets/AreaBattle/Editor/RecoveredBossImporter.cs line 116]

 -> (artifact id: '65a6747ef7913281e5cd8226e15ac0c0') in 0.0009212 seconds
Refreshing native plugins compatible for Editor in 0.00 ms, found 0 plugins.
Preloading 0 native plugins for Editor in 0.00 ms.
Asset Pipeline Refresh (id=00995c5385a74c54c9bce0ae5c8362a4): Total: 0.004 seconds - Initiated by StopAssetImportingV2(NoUpdateAssetOptions)
Start importing Assets/AreaBattle/Resources/Recovered/Bosses/Spine/CAB-4cbdf2fb4ff783260c6b88a76e110815_2867967493585194224.asset using Guid(f32cc0512ac1ecf4392d41149a666e28) (NativeFormatImporter) -> (artifact id: '9a56359b4fe7cf7f168c305637f44d53') in 0.0006721 seconds
Refreshing native plugins compatible for Editor in 0.00 ms, found 0 plugins.
Preloading 0 native plugins for Editor in 0.00 ms.
Asset Pipeline Refresh (id=afd5a49a7481df443a18fae94ac9c168): Total: 0.005 seconds - Initiated by StopAssetImportingV2(NoUpdateAssetOptions)
Start importing Assets/AreaBattle/Resources/Recovered/Bosses/Spine/CAB-00f5755f1c988a9722cbc3238004bfdf_-4300929842082301454.asset using Guid(c023ca6bcb30e0c4ba3e6f781c19a6ae) (NativeFormatImporter)Main Object Name 'npc24_Atlas' does not match filename 'CAB-00f5755f1c988a9722cbc3238004bfdf_-4300929842082301454'
UnityEngine.Debug:ExtractStackTraceNoAlloc (byte*,int,string)
UnityEngine.StackTraceUtility:ExtractStackTrace ()
UnityEditor.AssetDatabase:ImportAsset (string,UnityEditor.ImportAssetOptions)
AreaBattle.EditorTools.RecoveredBossImporter:ImportNativeResource (AreaBattle.EditorTools.RecoveredBossImporter/Resource,string,System.Type) (at Assets/AreaBattle/Editor/RecoveredBossImporter.cs:116)
AreaBattle.EditorTools.RecoveredBossImporter:Import () (at Assets/AreaBattle/Editor/RecoveredBossImporter.cs:65)

[Assets/AreaBattle/Editor/RecoveredBossImporter.cs line 116]

 -> (artifact id: '13f06733ab8ee20131bb00eefbb214ed') in 0.000966 seconds
Refreshing native plugins compatible for Editor in 0.00 ms, found 0 plugins.
Preloading 0 native plugins for Editor in 0.00 ms.
Asset Pipeline Refresh (id=61401b936603b0040995c6c5f07f5748): Total: 0.004 seconds - Initiated by StopAssetImportingV2(NoUpdateAssetOptions)
Start importing Assets/AreaBattle/Resources/Recovered/Bosses/Spine/CAB-00f5755f1c988a9722cbc3238004bfdf_-4300929842082301454.asset using Guid(c023ca6bcb30e0c4ba3e6f781c19a6ae) (NativeFormatImporter) -> (artifact id: 'e03718586ba3072f1f080a3b163466a5') in 0.0013873 seconds
Refreshing native plugins compatible for Editor in 0.00 ms, found 0 plugins.
Preloading 0 native plugins for Editor in 0.00 ms.
Asset Pipeline Refresh (id=7952bd22148ab88478525e7482c74d46): Total: 0.005 seconds - Initiated by StopAssetImportingV2(NoUpdateAssetOptions)
Start importing Assets/AreaBattle/Resources/Recovered/Bosses/Spine/CAB-71eaaec95335b868bad1572e7073e552_9091115383639394055.asset using Guid(3ab5158d609c01e4a95d25963170a4dd) (NativeFormatImporter)Main Object Name 'npc26_Atlas' does not match filename 'CAB-71eaaec95335b868bad1572e7073e552_9091115383639394055'
UnityEngine.Debug:ExtractStackTraceNoAlloc (byte*,int,string)
UnityEngine.StackTraceUtility:ExtractStackTrace ()
UnityEditor.AssetDatabase:ImportAsset (string,UnityEditor.ImportAssetOptions)
AreaBattle.EditorTools.RecoveredBossImporter:ImportNativeResource (AreaBattle.EditorTools.RecoveredBossImporter/Resource,string,System.Type) (at Assets/AreaBattle/Editor/RecoveredBossImporter.cs:116)
AreaBattle.EditorTools.RecoveredBossImporter:Import () (at Assets/AreaBattle/Editor/RecoveredBossImporter.cs:65)

[Assets/AreaBattle/Editor/RecoveredBossImporter.cs line 116]

 -> (artifact id: '316aee2d31d3fd98f84183010dff4d76') in 0.0008248 seconds
Refreshing native plugins compatible for Editor in 0.00 ms, found 0 plugins.
Preloading 0 native plugins for Editor in 0.00 ms.
Asset Pipeline Refresh (id=10f8b6cd0be3d1b45b112daed4905b05): Total: 0.004 seconds - Initiated by StopAssetImportingV2(NoUpdateAssetOptions)
Start importing Assets/AreaBattle/Resources/Recovered/Bosses/Spine/CAB-71eaaec95335b868bad1572e7073e552_9091115383639394055.asset using Guid(3ab5158d609c01e4a95d25963170a4dd) (NativeFormatImporter) -> (artifact id: '42faac8ba6f60c991bc88eca7e68dbe6') in 0.000707 seconds
Refreshing native plugins compatible for Editor in 0.00 ms, found 0 plugins.
Preloading 0 native plugins for Editor in 0.00 ms.
Asset Pipeline Refresh (id=3250f403b45c7104bbcb0a018da505fb): Total: 0.004 seconds - Initiated by StopAssetImportingV2(NoUpdateAssetOptions)
Start importing Assets/AreaBattle/Resources/Recovered/Bosses/Spine/CAB-a5cbcddbf71a9f47f7352c65479f1e75_-639426487510878273.asset using Guid(4c543d44bd6b53f4495fa0c14c3e2203) (NativeFormatImporter)Main Object Name 'npc24_SkeletonData' does not match filename 'CAB-a5cbcddbf71a9f47f7352c65479f1e75_-639426487510878273'
UnityEngine.Debug:ExtractStackTraceNoAlloc (byte*,int,string)
UnityEngine.StackTraceUtility:ExtractStackTrace ()
UnityEditor.AssetDatabase:ImportAsset (string,UnityEditor.ImportAssetOptions)
AreaBattle.EditorTools.RecoveredBossImporter:ImportNativeResource (AreaBattle.EditorTools.RecoveredBossImporter/Resource,string,System.Type) (at Assets/AreaBattle/Editor/RecoveredBossImporter.cs:116)
AreaBattle.EditorTools.RecoveredBossImporter:Import () (at Assets/AreaBattle/Editor/RecoveredBossImporter.cs:65)

[Assets/AreaBattle/Editor/RecoveredBossImporter.cs line 116]

 -> (artifact id: '4f847fcdbe097ed1ccb432bafae11003') in 0.0012774 seconds
Refreshing native plugins compatible for Editor in 0.00 ms, found 0 plugins.
Preloading 0 native plugins for Editor in 0.00 ms.
Asset Pipeline Refresh (id=33640998e63bc7148a5aa3c4d396df0a): Total: 0.005 seconds - Initiated by StopAssetImportingV2(NoUpdateAssetOptions)
Start importing Assets/AreaBattle/Resources/Recovered/Bosses/Spine/CAB-a5cbcddbf71a9f47f7352c65479f1e75_-639426487510878273.asset using Guid(4c543d44bd6b53f4495fa0c14c3e2203) (NativeFormatImporter) -> (artifact id: '1430a6d6655de2daf62f1b6864aec3c0') in 0.0005956 seconds
Refreshing native plugins compatible for Editor in 0.00 ms, found 0 plugins.
Preloading 0 native plugins for Editor in 0.00 ms.
Asset Pipeline Refresh (id=f9f85d8ae77e73f49abd94b7c48512c6): Total: 0.004 seconds - Initiated by StopAssetImportingV2(NoUpdateAssetOptions)
Start importing Assets/AreaBattle/Resources/Recovered/Bosses/Spine/CAB-4cbdf2fb4ff783260c6b88a76e110815_-147598198565633896.asset using Guid(896f8a972e98c484fa2ae7803ecbd5e0) (NativeFormatImporter)Main Object Name 'npc26_SkeletonData' does not match filename 'CAB-4cbdf2fb4ff783260c6b88a76e110815_-147598198565633896'
UnityEngine.Debug:ExtractStackTraceNoAlloc (byte*,int,string)
UnityEngine.StackTraceUtility:ExtractStackTrace ()
UnityEditor.AssetDatabase:ImportAsset (string,UnityEditor.ImportAssetOptions)
AreaBattle.EditorTools.RecoveredBossImporter:ImportNativeResource (AreaBattle.EditorTools.RecoveredBossImporter/Resource,string,System.Type) (at Assets/AreaBattle/Editor/RecoveredBossImporter.cs:116)
AreaBattle.EditorTools.RecoveredBossImporter:Import () (at Assets/AreaBattle/Editor/RecoveredBossImporter.cs:65)

[Assets/AreaBattle/Editor/RecoveredBossImporter.cs line 116]

 -> (artifact id: '8c097df2a9899a2f396d11afa677dceb') in 0.0008973 seconds
Refreshing native plugins compatible for Editor in 0.00 ms, found 0 plugins.
Preloading 0 native plugins for Editor in 0.00 ms.
Asset Pipeline Refresh (id=8de590a4f98fa73458768041f1983704): Total: 0.004 seconds - Initiated by StopAssetImportingV2(NoUpdateAssetOptions)
Start importing Assets/AreaBattle/Resources/Recovered/Bosses/Spine/CAB-4cbdf2fb4ff783260c6b88a76e110815_-147598198565633896.asset using Guid(896f8a972e98c484fa2ae7803ecbd5e0) (NativeFormatImporter) -> (artifact id: '52ce6f4c4c47d8b3d55623e3a9639987') in 0.0006577 seconds
Refreshing native plugins compatible for Editor in 0.00 ms, found 0 plugins.
Preloading 0 native plugins for Editor in 0.00 ms.
Asset Pipeline Refresh (id=c22d7ee634b7fe94fa56e7acc0e09e24): Total: 0.004 seconds - Initiated by StopAssetImportingV2(NoUpdateAssetOptions)
Start importing Assets/AreaBattle/Resources/Recovered/Bosses/Spine/CAB-4cbdf2fb4ff783260c6b88a76e110815_1117713899154064079.asset using Guid(9c9e545d47384a345b96dcce75d60b16) (NativeFormatImporter)Main Object Name 'cloud_SkeletonData' does not match filename 'CAB-4cbdf2fb4ff783260c6b88a76e110815_1117713899154064079'
UnityEngine.Debug:ExtractStackTraceNoAlloc (byte*,int,string)
UnityEngine.StackTraceUtility:ExtractStackTrace ()
UnityEditor.AssetDatabase:ImportAsset (string,UnityEditor.ImportAssetOptions)
AreaBattle.EditorTools.RecoveredBossImporter:ImportNativeResource (AreaBattle.EditorTools.RecoveredBossImporter/Resource,string,System.Type) (at Assets/AreaBattle/Editor/RecoveredBossImporter.cs:116)
AreaBattle.EditorTools.RecoveredBossImporter:Import () (at Assets/AreaBattle/Editor/RecoveredBossImporter.cs:65)

[Assets/AreaBattle/Editor/RecoveredBossImporter.cs line 116]

 -> (artifact id: 'd301a06a61e683c3934079937ad6520d') in 0.0008598 seconds
Refreshing native plugins compatible for Editor in 0.00 ms, found 0 plugins.
Preloading 0 native plugins for Editor in 0.00 ms.
Asset Pipeline Refresh (id=950c71fbcb586a94f98b612496d4a93b): Total: 0.004 seconds - Initiated by StopAssetImportingV2(NoUpdateAssetOptions)
Start importing Assets/AreaBattle/Resources/Recovered/Bosses/Spine/CAB-4cbdf2fb4ff783260c6b88a76e110815_1117713899154064079.asset using Guid(9c9e545d47384a345b96dcce75d60b16) (NativeFormatImporter) -> (artifact id: '4bbfeb11ba392c0df0a69abe5436bb27') in 0.0007183 seconds
Refreshing native plugins compatible for Editor in 0.00 ms, found 0 plugins.
Preloading 0 native plugins for Editor in 0.00 ms.
Asset Pipeline Refresh (id=417c734d32bc37843af762fcf19d2d0f): Total: 0.005 seconds - Initiated by StopAssetImportingV2(NoUpdateAssetOptions)
Start importing Assets/AreaBattle/Resources/Recovered/Bosses/Spine/CAB-00f5755f1c988a9722cbc3238004bfdf_-639426487510878273.asset using Guid(ddbcbf1ad780e3941a5ceedbdc22d40a) (NativeFormatImporter)Main Object Name 'npc24_SkeletonData' does not match filename 'CAB-00f5755f1c988a9722cbc3238004bfdf_-639426487510878273'
UnityEngine.Debug:ExtractStackTraceNoAlloc (byte*,int,string)
UnityEngine.StackTraceUtility:ExtractStackTrace ()
UnityEditor.AssetDatabase:ImportAsset (string,UnityEditor.ImportAssetOptions)
AreaBattle.EditorTools.RecoveredBossImporter:ImportNativeResource (AreaBattle.EditorTools.RecoveredBossImporter/Resource,string,System.Type) (at Assets/AreaBattle/Editor/RecoveredBossImporter.cs:116)
AreaBattle.EditorTools.RecoveredBossImporter:Import () (at Assets/AreaBattle/Editor/RecoveredBossImporter.cs:65)

[Assets/AreaBattle/Editor/RecoveredBossImporter.cs line 116]

 -> (artifact id: '0ed63e1eb76e3a423cd890b1a6cdaf6e') in 0.0009348 seconds
Refreshing native plugins compatible for Editor in 0.00 ms, found 0 plugins.
Preloading 0 native plugins for Editor in 0.00 ms.
Asset Pipeline Refresh (id=81db770e1ce9f73418a2e1cc0ae9efa9): Total: 0.004 seconds - Initiated by StopAssetImportingV2(NoUpdateAssetOptions)
Start importing Assets/AreaBattle/Resources/Recovered/Bosses/Spine/CAB-00f5755f1c988a9722cbc3238004bfdf_-639426487510878273.asset using Guid(ddbcbf1ad780e3941a5ceedbdc22d40a) (NativeFormatImporter) -> (artifact id: '8d1bd00512d4602f6e6a4261aca50889') in 0.0006874 seconds
Refreshing native plugins compatible for Editor in 0.00 ms, found 0 plugins.
Preloading 0 native plugins for Editor in 0.00 ms.
Asset Pipeline Refresh (id=302022c9708e0454ba424887a1e154c7): Total: 0.005 seconds - Initiated by StopAssetImportingV2(NoUpdateAssetOptions)
Start importing Assets/AreaBattle/Resources/Recovered/Bosses/Spine/CAB-71eaaec95335b868bad1572e7073e552_-147598198565633896.asset using Guid(e046980b5cd869d46ba7ad9531d0be1e) (NativeFormatImporter)Main Object Name 'npc26_SkeletonData' does not match filename 'CAB-71eaaec95335b868bad1572e7073e552_-147598198565633896'
UnityEngine.Debug:ExtractStackTraceNoAlloc (byte*,int,string)
UnityEngine.StackTraceUtility:ExtractStackTrace ()
UnityEditor.AssetDatabase:ImportAsset (string,UnityEditor.ImportAssetOptions)
AreaBattle.EditorTools.RecoveredBossImporter:ImportNativeResource (AreaBattle.EditorTools.RecoveredBossImporter/Resource,string,System.Type) (at Assets/AreaBattle/Editor/RecoveredBossImporter.cs:116)
AreaBattle.EditorTools.RecoveredBossImporter:Import () (at Assets/AreaBattle/Editor/RecoveredBossImporter.cs:65)

[Assets/AreaBattle/Editor/RecoveredBossImporter.cs line 116]

 -> (artifact id: '57f001a2e3d0606e128e94c4f4ee698d') in 0.0009229 seconds
Refreshing native plugins compatible for Editor in 0.00 ms, found 0 plugins.
Preloading 0 native plugins for Editor in 0.00 ms.
Asset Pipeline Refresh (id=6cedaff3833443b489c36da576d8cc82): Total: 0.004 seconds - Initiated by StopAssetImportingV2(NoUpdateAssetOptions)
Start importing Assets/AreaBattle/Resources/Recovered/Bosses/Spine/CAB-71eaaec95335b868bad1572e7073e552_-147598198565633896.asset using Guid(e046980b5cd869d46ba7ad9531d0be1e) (NativeFormatImporter) -> (artifact id: 'b1d314d725a9bcc2bef4b39a97beb337') in 0.0007313 seconds
Refreshing native plugins compatible for Editor in 0.00 ms, found 0 plugins.
Preloading 0 native plugins for Editor in 0.00 ms.
Asset Pipeline Refresh (id=53e943bb852a33c4984e22d88139cc28): Total: 0.005 seconds - Initiated by StopAssetImportingV2(NoUpdateAssetOptions)
Start importing Assets/AreaBattle/Resources/Recovered/Bosses/boss01.prefab using Guid(bc3e3e111591a3643b9181e0ec8e1a2d) (PrefabImporter) -> (artifact id: '370b203c647992609e45a1cd5421a73a') in 0.0085489 seconds
Refreshing native plugins compatible for Editor in 0.00 ms, found 0 plugins.
Preloading 0 native plugins for Editor in 0.00 ms.
Asset Pipeline Refresh (id=3d20237ea7505704faf4e443f7f732e4): Total: 0.013 seconds - Initiated by StopAssetImportingV2(NoUpdateAssetOptions)
Start importing Assets/AreaBattle/Resources/Recovered/Bosses/boss01.prefab using Guid(bc3e3e111591a3643b9181e0ec8e1a2d) (PrefabImporter) -> (artifact id: '370b203c647992609e45a1cd5421a73a') in 0.0050296 seconds
Refreshing native plugins compatible for Editor in 0.00 ms, found 0 plugins.
Preloading 0 native plugins for Editor in 0.00 ms.
Asset Pipeline Refresh (id=a958e0604ac5b7a4bad3902bf7777a55): Total: 0.011 seconds - Initiated by StopAssetImportingV2(NoUpdateAssetOptions)
Start importing Assets/AreaBattle/Resources/Recovered/Bosses/boss02.prefab using Guid(0a3076a05aa399449a66853b7938f2bc) (PrefabImporter) -> (artifact id: '94b041fa19b0c1ecc2d66dc5effc4601') in 0.0049503 seconds
Refreshing native plugins compatible for Editor in 0.00 ms, found 0 plugins.
Preloading 0 native plugins for Editor in 0.00 ms.
Asset Pipeline Refresh (id=d4ed5f8783c70434aa5bdfb61c9ecd47): Total: 0.010 seconds - Initiated by StopAssetImportingV2(NoUpdateAssetOptions)
Start importing Assets/AreaBattle/Resources/Recovered/Bosses/boss02.prefab using Guid(0a3076a05aa399449a66853b7938f2bc) (PrefabImporter) -> (artifact id: '94b041fa19b0c1ecc2d66dc5effc4601') in 0.0046504 seconds
Refreshing native plugins compatible for Editor in 0.00 ms, found 0 plugins.
Preloading 0 native plugins for Editor in 0.00 ms.
Asset Pipeline Refresh (id=5cdadf91af28bca43887ece22621ddb9): Total: 0.010 seconds - Initiated by StopAssetImportingV2(NoUpdateAssetOptions)
Start importing Assets/AreaBattle/Resources/Recovered/Bosses/bossSoldier1.prefab using Guid(e519b02441c60414f9dd1596cb65cbaa) (PrefabImporter) -> (artifact id: '7388be2d4a2f0de61c5af10a35cf72a8') in 0.0011935 seconds
Refreshing native plugins compatible for Editor in 0.00 ms, found 0 plugins.
Preloading 0 native plugins for Editor in 0.00 ms.
Asset Pipeline Refresh (id=6dc3269ee73aed84fbec0d83e6f0e26a): Total: 0.005 seconds - Initiated by StopAssetImportingV2(NoUpdateAssetOptions)
Start importing Assets/AreaBattle/Resources/Recovered/Bosses/bossSoldier1.prefab using Guid(e519b02441c60414f9dd1596cb65cbaa) (PrefabImporter) -> (artifact id: '7388be2d4a2f0de61c5af10a35cf72a8') in 0.001158 seconds
Refreshing native plugins compatible for Editor in 0.00 ms, found 0 plugins.
Preloading 0 native plugins for Editor in 0.00 ms.
Asset Pipeline Refresh (id=e4a1006bf23dd7649892c93aca6cc2fb): Total: 0.005 seconds - Initiated by StopAssetImportingV2(NoUpdateAssetOptions)
Start importing Assets/AreaBattle/Resources/Recovered/Bosses/bossSoldier2.prefab using Guid(ece48ad3f3d96644f80286dcb9c4e551) (PrefabImporter) -> (artifact id: 'aaa8e56160b755bc00153ca7a1effe4e') in 0.0010559 seconds
Refreshing native plugins compatible for Editor in 0.00 ms, found 0 plugins.
Preloading 0 native plugins for Editor in 0.00 ms.
Asset Pipeline Refresh (id=dc958fafeb741de48b61400b675ae1ad): Total: 0.004 seconds - Initiated by StopAssetImportingV2(NoUpdateAssetOptions)
Start importing Assets/AreaBattle/Resources/Recovered/Bosses/bossSoldier2.prefab using Guid(ece48ad3f3d96644f80286dcb9c4e551) (PrefabImporter) -> (artifact id: 'aaa8e56160b755bc00153ca7a1effe4e') in 0.001096 seconds
Refreshing native plugins compatible for Editor in 0.00 ms, found 0 plugins.
Preloading 0 native plugins for Editor in 0.00 ms.
Asset Pipeline Refresh (id=f068e9de317964b418a7f72a6d6d32bc): Total: 0.005 seconds - Initiated by StopAssetImportingV2(NoUpdateAssetOptions)
Batchmode quit successfully invoked - shutting down!
[Physics::Module] Cleanup current backned.
[Physics::Module] Id: 0xf2b8ea05
Input System module state changed to: ShutdownInProgress.
Input System polling thread exited.
Input System module state changed to: Shutdown.
[Licensing::IpcConnector] LicenseClient-jiachengwei-notifications channel disconnected successfully.
[Licensing::IpcConnector] LicenseClient-jiachengwei channel disconnected successfully.
AcceleratorClientConnectionCallback - disconnected - :0
Cleanup mono
Exiting batchmode successfully now!
Exiting without the bug reporter. Application will terminate with return code 0